 CoreServer

 Timestamp is 65410c2c (Tue Oct 31 21:16:12 2023)

 Preferred load address is 10000000

 Start         Length     Name                   Class
 0001:00000000 000a030aH .text                   CODE
 0001:000a0310 000022eeH .text$x                 CODE
 0002:00000000 0000033cH .idata$5                DATA
 0002:00000340 0000d054H .rdata                  DATA
 0002:0000d398 0000017cH .rdata$r                DATA
 0002:0000d518 00003510H .xdata$x                DATA
 0002:00010a28 00000078H .idata$2                DATA
 0002:00010aa0 00000014H .idata$3                DATA
 0002:00010ab4 0000033cH .idata$4                DATA
 0002:00010df0 00001322H .idata$6                DATA
 0002:00012120 00001a97H .edata                  DATA
 0003:00000000 00000004H .CRT$XCA                DATA
 0003:00000004 00000114H .CRT$XCU                DATA
 0003:00000118 00000004H .CRT$XCZ                DATA
 0003:0000011c 00000004H .CRT$XIA                DATA
 0003:00000120 0000000cH .CRT$XIC                DATA
 0003:0000012c 00000004H .CRT$XIY                DATA
 0003:00000130 00000004H .CRT$XIZ                DATA
 0003:00000134 00000004H .CRT$XPA                DATA
 0003:00000138 00000004H .CRT$XPX                DATA
 0003:0000013c 00000004H .CRT$XPZ                DATA
 0003:00000140 00000004H .CRT$XTA                DATA
 0003:00000144 00000004H .CRT$XTB                DATA
 0003:00000148 00000004H .CRT$XTZ                DATA
 0003:00000150 00009084H .data                   DATA
 0003:000091d8 2aaa518cH .bss                    DATA

  Address         Publics by Value              Rva+Base     Lib:Object

 0001:00000000       ??_H@YGXPAXIHP6EX0@Z@Z     10001000 f i KPartnerSkill.obj
 0001:00000030       ?GetMoney@KInventory@@QAEHXZ 10001030 f i KThiefSkill.obj
 0001:00000050       ?SetMoney@KInventory@@QAEHH@Z 10001050 f i KThiefSkill.obj
 0001:00000080       ??4KInventory@@QAEAAV0@ABV0@@Z 10001080 f i KThiefSkill.obj
 0001:000000b0       ?GetEquipment@KItemList@@QAEHH@Z 100010b0 f i KThiefSkill.obj
 0001:000000d0       ?GetMoney@KItemList@@QAEHH@Z 100010d0 f i KThiefSkill.obj
 0001:00000100       ?Hand@KItemList@@QAEHXZ    10001100 f i KThiefSkill.obj
 0001:00000120       ?GetHorseIdx@KItemList@@QAEHXZ 10001120 f i KThiefSkill.obj
 0001:00000140       ?GetMaskLock@KItemList@@QAEHXZ 10001140 f i KThiefSkill.obj
 0001:00000160       ?GetCompoundItem@KItemList@@QAEHH@Z 10001160 f i KThiefSkill.obj
 0001:00000180       ?ClearRoomItemOnly@KItemList@@QAEXH@Z 10001180 f i KThiefSkill.obj
 0001:000001b0       ??4KItemList@@QAEAAV0@ABV0@@Z 100011b0 f i KThiefSkill.obj
 0001:000001e0       ??0KThiefSkill@@QAE@XZ     100011e0 f   KThiefSkill.obj
 0001:00000227       ??1KThiefSkill@@UAE@XZ     10001227 f   KThiefSkill.obj
 0001:00000243       ?GetSkillId@KThiefSkill@@UAEHXZ 10001243 f   KThiefSkill.obj
 0001:00000253       ?GetSkillName@KThiefSkill@@UAEPBDXZ 10001253 f   KThiefSkill.obj
 0001:00000264       ?GetSkillStyle@KThiefSkill@@UAEHXZ 10001264 f   KThiefSkill.obj
 0001:00000274       ?LoadSkillLevelData@KThiefSkill@@UAEXKH@Z 10001274 f   KThiefSkill.obj
 0001:00000281       ?DoSkill@KThiefSkill@@QAEHPAVKNpc@@HH@Z 10001281 f   KThiefSkill.obj
 0001:000002dc       ?Cast_Redress@KThiefSkill@@AAEHPAVKPlayer@@0@Z 100012dc f   KThiefSkill.obj
 0001:00000501       ?Cast_ShowLife@KThiefSkill@@AAEHPAVKPlayer@@0@Z 10001501 f   KThiefSkill.obj
 0001:000005a2       ?Cast_ShowMana@KThiefSkill@@AAEHPAVKPlayer@@0@Z 100015a2 f   KThiefSkill.obj
 0001:00000643       ?Cast_ShowMoney@KThiefSkill@@AAEHPAVKPlayer@@0@Z 10001643 f   KThiefSkill.obj
 0001:000006c9       ?Cast_RunScript@KThiefSkill@@AAEHPAVKPlayer@@0@Z 100016c9 f   KThiefSkill.obj
 0001:00000701       ?Cast@KThiefSkill@@QAEHPAVKPlayer@@0@Z 10001701 f   KThiefSkill.obj
 0001:000007ac       ?OnSkill@KThiefSkill@@QAEHPAVKNpc@@@Z 100017ac f   KThiefSkill.obj
 0001:000008c3       ?CanCastSkill@KThiefSkill@@UBEHHAAH0@Z 100018c3 f   KThiefSkill.obj
 0001:000009b7       ?LoadSetting@KThiefSkill@@QAEHPAD@Z 100019b7 f   KThiefSkill.obj
 0001:00000c29       ?GetSkillCost@KThiefSkill@@UBEHPAX@Z 10001c29 f   KThiefSkill.obj
 0001:00000d00       ?GetSkillCostType@KThiefSkill@@UBE?AW4NPCATTRIB@@XZ 10001d00 f i KThiefSkill.obj
 0001:00000d20       ?GetAttackRadius@KThiefSkill@@UBEHXZ 10001d20 f i KThiefSkill.obj
 0001:00000d40       ?IsTargetOnly@KThiefSkill@@UBEHXZ 10001d40 f i KThiefSkill.obj
 0001:00000d50       ?IsTargetEnemy@KThiefSkill@@UBEHXZ 10001d50 f i KThiefSkill.obj
 0001:00000d60       ?IsTargetAlly@KThiefSkill@@UBEHXZ 10001d60 f i KThiefSkill.obj
 0001:00000d70       ?IsTargetObj@KThiefSkill@@UBEHXZ 10001d70 f i KThiefSkill.obj
 0001:00000d80       ?IsTargetNoNpc@KThiefSkill@@UBEHXZ 10001d80 f i KThiefSkill.obj
 0001:00000d90       ??_EKThiefSkill@@UAEPAXI@Z 10001d90 f i KThiefSkill.obj
 0001:00000d90       ??_GKThiefSkill@@UAEPAXI@Z 10001d90 f i KThiefSkill.obj
 0001:00000dc0       ??0ISkill@@QAE@XZ          10001dc0 f i KThiefSkill.obj
 0001:00000de0       ??1ISkill@@UAE@XZ          10001de0 f i KThiefSkill.obj
 0001:00000e00       ?IsTargetSelf@ISkill@@UBEHXZ 10001e00 f i KThiefSkill.obj
 0001:00000e10       ?IsAura@ISkill@@UBEHXZ     10001e10 f i KThiefSkill.obj
 0001:00000e20       ?IsPhysical@ISkill@@UBEHXZ 10001e20 f i KThiefSkill.obj
 0001:00000e30       ?IsExp@ISkill@@UAEHXZ      10001e30 f i KThiefSkill.obj
 0001:00000e40       ?IsBase@ISkill@@UAEHXZ     10001e40 f i KThiefSkill.obj
 0001:00000e50       ?GetSkillLevelUpScriptId@ISkill@@UBEKXZ 10001e50 f i KThiefSkill.obj
 0001:00000e60       ?GetDelayPerCast@ISkill@@UBEHH@Z 10001e60 f i KThiefSkill.obj
 0001:00000e70       ?GetSkillSeries@ISkill@@UBEHXZ 10001e70 f i KThiefSkill.obj
 0001:00000e80       ??_EISkill@@UAEPAXI@Z      10001e80 f i KThiefSkill.obj
 0001:00000e80       ??_GISkill@@UAEPAXI@Z      10001e80 f i KThiefSkill.obj
 0001:00000eb0       ?GetRandomNumber@@YAHHH@Z  10001eb0 f i KThiefSkill.obj
 0001:00000ee0       ??0KMissleSet@@QAE@XZ      10001ee0 f i KMissle.obj
 0001:00000f30       ??4KMissleSet@@QAEAAV0@ABV0@@Z 10001f30 f i KMissle.obj
 0001:00000f60       ??1KMissleSet@@QAE@XZ      10001f60 f i KMissle.obj
 0001:00001074       ??0KMissle@@QAE@XZ         10002074 f   KMissle.obj
 0001:00001125       ?Release@KMissle@@AAEXXZ   10002125 f   KMissle.obj
 0001:0000118b       ??1KMissle@@UAE@XZ         1000218b f   KMissle.obj
 0001:000011aa       ?GetInfoFromTabFile@KMissle@@QAEHH@Z 100021aa f   KMissle.obj
 0001:000011da       ?GetInfoFromTabFile@KMissle@@QAEHPAVKITabFile@@H@Z 100021da f   KMissle.obj
 0001:000014ad       ?Init@KMissle@@AAEHHHHHH@Z 100024ad f   KMissle.obj
 0001:000014bf       ?Activate@KMissle@@QAEHXZ  100024bf f   KMissle.obj
 0001:000017e5       ?OnWait@KMissle@@AAEXXZ    100027e5 f   KMissle.obj
 0001:000017f0       ?OnCollision@KMissle@@AAEXXZ 100027f0 f   KMissle.obj
 0001:000017fb       ?CheckCollision@KMissle@@AAEHXZ 100027fb f   KMissle.obj
 0001:00001abe       ?OnFly@KMissle@@AAEXXZ     10002abe f   KMissle.obj
 0001:00002576       ?OnVanish@KMissle@@AAEXXZ  10003576 f   KMissle.obj
 0001:00002581       ?CheckBeyondRegion@KMissle@@AAEHHH@Z 10003581 f   KMissle.obj
 0001:00002974       ??4KMissle@@AAEAAV0@AAV0@@Z 10003974 f   KMissle.obj
 0001:00002bb5       ?ProcessDamage@KMissle@@QAEHH@Z 10003bb5 f   KMissle.obj
 0001:00002f83       ?DoVanish@KMissle@@AAEXXZ  10003f83 f   KMissle.obj
 0001:00003014       ?DoCollision@KMissle@@AAEXXZ 10004014 f   KMissle.obj
 0001:0000308e       ?DoFly@KMissle@@AAEXXZ     1000408e f   KMissle.obj
 0001:000030b4       ?GetOffsetAxis@KMissle@@SAHHHHHHHAAH00@Z 100040b4 f   KMissle.obj
 0001:00003235       ?ProcessCollision@KMissle@@AAEHHHHHHH@Z 10004235 f   KMissle.obj
 0001:000033bb       ?ProcessCollision@KMissle@@AAEHXZ 100043bb f   KMissle.obj
 0001:00003414       ?DoWait@KMissle@@AAEXXZ    10004414 f   KMissle.obj
 0001:0000342c       ?PrePareFly@KMissle@@AAEHXZ 1000442c f   KMissle.obj
 0001:000036f0       ?CheckNearestCollision@KMissle@@AAEHXZ 100046f0 f   KMissle.obj
 0001:0000398c       ?GetMpsPos@KMissle@@QAEXPAH0@Z 1000498c f   KMissle.obj
 0001:000039f0       ??0KIndexNode@@QAE@XZ      100049f0 f i KMissle.obj
 0001:00003a30       ??0KNode@@QAE@XZ           10004a30 f i KMissle.obj
 0001:00003a60       ??_GKNode@@UAEPAXI@Z       10004a60 f i KMissle.obj
 0001:00003a60       ??_EKNode@@UAEPAXI@Z       10004a60 f i KMissle.obj
 0001:00003a90       ??1KNode@@UAE@XZ           10004a90 f i KMissle.obj
 0001:00003ab0       ??_EKIndexNode@@UAEPAXI@Z  10004ab0 f i KMissle.obj
 0001:00003ab0       ??_GKIndexNode@@UAEPAXI@Z  10004ab0 f i KMissle.obj
 0001:00003ae0       ??1KIndexNode@@UAE@XZ      10004ae0 f i KMissle.obj
 0001:00003b00       ??_EKMissle@@UAEPAXI@Z     10004b00 f i KMissle.obj
 0001:00003b00       ??_GKMissle@@UAEPAXI@Z     10004b00 f i KMissle.obj
 0001:00003b30       ??_GKMissleMagicAttribsData@@QAEPAXI@Z 10004b30 f i KMissle.obj
 0001:00003b60       ?IsMatch@KNpc@@QAEHK@Z     10004b60 f i KMissle.obj
 0001:00003b80       ?FindNpc@KRegion@@QAEHHHHH@Z 10004b80 f i KMissle.obj
 0001:00003c40       ?GetNext@KNode@@QAEPAV1@XZ 10004c40 f i KMissle.obj
 0001:00003c70       ?GetHead@KList@@QAEPAVKNode@@XZ 10004c70 f i KMissle.obj
 0001:00003c90       ?g_DirSin@@YAHHH@Z         10004c90 f i KMissle.obj
 0001:00003cb0       ?g_DirCos@@YAHHH@Z         10004cb0 f i KMissle.obj
 0001:00003cd0       ?g_GetDirIndex@@YAHHHHH@Z  10004cd0 f i KMissle.obj
 0001:00003cf0       ?g_GetDirIdxForFindPath@@YAHHHHH@Z 10004cf0 f i KMissle.obj
 0001:00003dd0       ?g_GetDistance@@YAHHHHH@Z  10004dd0 f i KMissle.obj
 0001:00003e30       ?qsqrt@@YAMM@Z             10004e30 f i KMissle.obj
 0001:00003e80       ?g_DirIndex2Dir@@YAHHH@Z   10004e80 f i KMissle.obj
 0001:00003eb0       ?GetMapX@KNpc@@QBEHXZ      10004eb0 f i KMissle.obj
 0001:00003ed0       ?GetMapY@KNpc@@QBEHXZ      10004ed0 f i KMissle.obj
 0001:00003ef0       ?GetOffX@KNpc@@QBEHXZ      10004ef0 f i KMissle.obj
 0001:00003f10       ?GetOffY@KNpc@@QBEHXZ      10004f10 f i KMissle.obj
 0001:00003f30       ?Send@KWorldMsg@@QAEHKHHH@Z 10004f30 f i KMissle.obj
 0001:00003ff0       ?AddTail@KList@@QAEXPAVKNode@@@Z 10004ff0 f i KMissle.obj
 0001:00004010       ?InsertBefore@KNode@@QAEXPAV1@@Z 10005010 f i KMissle.obj
 0001:00004060       ??0KWorldMsgNode@@QAE@XZ   10005060 f i KMissle.obj
 0001:00004080       ??_GKWorldMsgNode@@UAEPAXI@Z 10005080 f i KMissle.obj
 0001:00004080       ??_EKWorldMsgNode@@UAEPAXI@Z 10005080 f i KMissle.obj
 0001:000040b0       ??1KWorldMsgNode@@UAE@XZ   100050b0 f i KMissle.obj
 0001:000040d0       ?g_RandPercent@@YAHH@Z     100050d0 f i KMissle.obj
 0001:00004110       ??0KMagicAttrib@@QAE@XZ    10005110 f i KMissle.obj
 0001:00004150       ?GetGameTime@KSubWorldSet@@QAEHXZ 10005150 f i KMissle.obj
 0001:00004160       ?DelRef@KMissleMagicAttribsData@@QAEHXZ 10005160 f i KMissle.obj
 0001:00004180       ??1KMissleMagicAttribsData@@QAE@XZ 10005180 f i KMissle.obj
 0001:000041a0       ?Remove@KMissleMagicAttribsData@@AAEXXZ 100051a0 f i KMissle.obj
 0001:000041d0       ?ZAxisMove@KMissle@@AAEXXZ 100051d0 f i KMissle.obj
 0001:00004240       ?TestBarrier@KMissle@@AAEHXZ 10005240 f i KMissle.obj
 0001:000042c0       ?IsSkillReduceResist@KSkill@@QBEHXZ 100052c0 f i KMissle.obj
 0001:000042e0       ?GetSkill@KSkillManager@@QAEPAVISkill@@HH@Z 100052e0 f i KMissle.obj
 0001:000043af       ?Init@KMissleSet@@QAEXXZ   100053af f   KMissleSet.obj
 0001:00004414       ?FindFree@KMissleSet@@QAEHXZ 10005414 f   KMissleSet.obj
 0001:0000442a       ?Add@KMissleSet@@QAEHHHHHHH@Z 1000542a f   KMissleSet.obj
 0001:00004511       ?Add@KMissleSet@@QAEHHHH@Z 10005511 f   KMissleSet.obj
 0001:000046dc       ?CreateMissile@KMissleSet@@QAEHHHHHHHHH@Z 100056dc f   KMissleSet.obj
 0001:0000471e       ?Activate@KMissleSet@@QAEHXZ 1000571e f   KMissleSet.obj
 0001:00004761       ?Remove@KMissleSet@@QAEXH@Z 10005761 f   KMissleSet.obj
 0001:000047bb       ?Draw@KMissleSet@@QAEXXZ   100057bb f   KMissleSet.obj
 0001:000047e5       ?GetCount@KMissleSet@@QAEHXZ 100057e5 f   KMissleSet.obj
 0001:00004834       ?ClearMissles@KMissleSet@@QAEXXZ 10005834 f   KMissleSet.obj
 0001:00004880       ??0KSkillList@@QAE@XZ      10005880 f   KSkillList.obj
 0001:000048bb       ??1KSkillList@@QAE@XZ      100058bb f   KSkillList.obj
 0001:000048c6       ?FindSame@KSkillList@@QAEHH@Z 100058c6 f   KSkillList.obj
 0001:0000491e       ?FindFree@KSkillList@@QAEHXZ 1000591e f   KSkillList.obj
 0001:0000495b       ?SetNpcSkill@KSkillList@@QAEXHHH@Z 1000595b f   KSkillList.obj
 0001:00004add       ?RemoveNpcSkill@KSkillList@@QAEXH@Z 10005add f   KSkillList.obj
 0001:00004c36       ?GetCount@KSkillList@@QAEHXZ 10005c36 f   KSkillList.obj
 0001:00004c7f       ?IsBaseSkill@KSkillList@@QAEHH@Z 10005c7f f   KSkillList.obj
 0001:00004cca       ?AllSkillV@KSkillList@@QAEXHH@Z 10005cca f   KSkillList.obj
 0001:000050b3       ?SeriesSkillV@KSkillList@@QAEXHH@Z 100060b3 f   KSkillList.obj
 0001:00005176       ?IncreaseLevel@KSkillList@@QAEHHH@Z 10006176 f   KSkillList.obj
 0001:000052b3       ?IncreaseExp@KSkillList@@QAEHHH@Z 100062b3 f   KSkillList.obj
 0001:0000535c       ?SetNextExp@KSkillList@@QAEHHH@Z 1000635c f   KSkillList.obj
 0001:00005398       ?SetTempSkill@KSkillList@@QAEHHH@Z 10006398 f   KSkillList.obj
 0001:000053ca       ?Add@KSkillList@@QAEHHHHHHH@Z 100063ca f   KSkillList.obj
 0001:0000562d       ?GetLevel@KSkillList@@QAEHH@Z 1000662d f   KSkillList.obj
 0001:0000566c       ?GetExp@KSkillList@@QAEHH@Z 1000666c f   KSkillList.obj
 0001:000056ab       ?GetNextExp@KSkillList@@QAEHH@Z 100066ab f   KSkillList.obj
 0001:000056ea       ?IsTempSkill@KSkillList@@QAEHH@Z 100066ea f   KSkillList.obj
 0001:00005729       ?GetCurrentLevel@KSkillList@@QAEHH@Z 10006729 f   KSkillList.obj
 0001:00005778       ?CanCast@KSkillList@@QAEHHK@Z 10006778 f   KSkillList.obj
 0001:000057d9       ?SetNextCastTime@KSkillList@@QAEXHKK@Z 100067d9 f   KSkillList.obj
 0001:0000582a       ?UpdateDBSkillList@KSkillList@@QAEHPAE@Z 1000682a f   KSkillList.obj
 0001:000058db       ?RollBackSkills@KSkillList@@QAEH_N@Z 100068db f   KSkillList.obj
 0001:000059d6       ?GetAddSkillDamage@KSkillList@@QAEHH@Z 100069d6 f   KSkillList.obj
 0001:00005af0       ?RemoveIdx@KSkillList@@QAEXH@Z 10006af0 f i KSkillList.obj
 0001:00005bd0       ?GetDelayPerCast@KThiefSkill@@QAEKXZ 10006bd0 f i KSkillList.obj
 0001:00005bf0       ?GetAddSkillDamage@KSkill@@QAEPAUKMagicAttrib@@XZ 10006bf0 f i KSkillList.obj
 0001:00005c10       ?id@?$ctype@G@std@@$D      10006c10 f i KSkillList.obj
 0001:00005c40       ?id@?$ctype@G@std@@$E      10006c40 f i KSkillList.obj
 0001:00005c8f       ??0KSkillManager@@QAE@XZ   10006c8f f   KSkillManager.obj
 0001:00005c9d       ??1KSkillManager@@QAE@XZ   10006c9d f   KSkillManager.obj
 0001:00005d69       ?Init@KSkillManager@@QAEHXZ 10006d69 f   KSkillManager.obj
 0001:00005fd7       ?InstanceSkill@KSkillManager@@AAEPAVISkill@@KK@Z 10006fd7 f   KSkillManager.obj
 0001:00006250       ??4KSkill@@QAEAAV0@ABV0@@Z 10007250 f i KSkillManager.obj
 0001:00006960       ??4ISkill@@QAEAAV0@ABV0@@Z 10007960 f i KSkillManager.obj
 0001:00006970       ?SetSkillId@KSkill@@QAEXH@Z 10007970 f i KSkillManager.obj
 0001:00006990       ?SetSkillLevel@KSkill@@QAEXK@Z 10007990 f i KSkillManager.obj
 0001:000069b0       ?GetSkillStyle@KSkillManager@@AAEHK@Z 100079b0 f i KSkillManager.obj
 0001:000069f0       ??0KSkill@@QAE@XZ          100079f0 f   KSkills.obj
 0001:00006ba6       ??1KSkill@@UAE@XZ          10007ba6 f   KSkills.obj
 0001:00006bc2       ?CanCastSkill@KSkill@@UBEHHAAH0@Z 10007bc2 f   KSkills.obj
 0001:00006ef4       ?Cast@KSkill@@QBEHHHHHW4eSkillLauncherType@@@Z 10007ef4 f   KSkills.obj
 0001:00007153       ?Vanish@KSkill@@ABEXPAVKMissle@@@Z 10008153 f   KSkills.obj
 0001:0000716e       ?OnMissleEvent@KSkill@@QBEHGPAVKMissle@@@Z 1000816e f   KSkills.obj
 0001:0000746f       ?FlyEvent@KSkill@@ABEXPAVKMissle@@@Z 1000846f f   KSkills.obj
 0001:0000748a       ?Collidsion@KSkill@@ABEXPAVKMissle@@@Z 1000848a f   KSkills.obj
 0001:000074a5       ?CastMissles@KSkill@@ABEHHHHHW4eSkillLauncherType@@@Z 100084a5 f   KSkills.obj
 0001:00008afd       ?CastZone@KSkill@@ABEHPAUTOrdinSkillParam@@HHH@Z 10009afd f   KSkills.obj
 0001:0000915f       ?CastLine@KSkill@@ABEHPAUTOrdinSkillParam@@HHH@Z 1000a15f f   KSkills.obj
 0001:000096ee       ?CastExtractiveLineMissle@KSkill@@ABEHPAUTOrdinSkillParam@@HHHHHHH@Z 1000a6ee f   KSkills.obj
 0001:00009c37       ?CastWall@KSkill@@ABEHPAUTOrdinSkillParam@@HHH@Z 1000ac37 f   KSkills.obj
 0001:0000a178       ?CastCircle@KSkill@@ABEHPAUTOrdinSkillParam@@HHH@Z 1000b178 f   KSkills.obj
 0001:0000a664       ?CastSpread@KSkill@@ABEHPAUTOrdinSkillParam@@HHH@Z 1000b664 f   KSkills.obj
 0001:0000ad28       ?GetChildSkillNum@KSkill@@QBEHH@Z 1000bd28 f   KSkills.obj
 0001:0000ad3e       ?CreateMissle@KSkill@@ABEXHHH@Z 1000bd3e f   KSkills.obj
 0001:0000b0ca       ?GetInfoFromTabFile@KSkill@@QAEHH@Z 1000c0ca f   KSkills.obj
 0001:0000b0f1       ?GetInfoFromTabFile@KSkill@@QAEHPAVKITabFile@@H@Z 1000c0f1 f   KSkills.obj
 0001:0000ba0a       ?LoadSkillLevelData@KSkill@@UAEXKH@Z 1000ca0a f   KSkills.obj
 0001:0000bd72       ?CreateMissleMagicAttribsData@KSkill@@QBEPAVKMissleMagicAttribsData@@H@Z 1000cd72 f   KSkills.obj
 0001:0000befd       ?GetMissleGenerateTime@KSkill@@QBEIH@Z 1000cefd f   KSkills.obj
 0001:0000c05c       ?GetSkillIdFromName@KSkill@@SAHPAD@Z 1000d05c f   KSkills.obj
 0001:0000c0d0       ?CastInitiativeSkill@KSkill@@ABEHHHHH@Z 1000d0d0 f   KSkills.obj
 0001:0000c2a4       ?CastPassivitySkill@KSkill@@ABEHHHHH@Z 1000d2a4 f   KSkills.obj
 0001:0000c310       ?ParseString2MagicAttrib@KSkill@@AAEHKPAD0@Z 1000d310 f   KSkills.obj
 0001:0000ce40       ?CastStateSkill@KSkill@@QBEHHHHHH@Z 1000de40 f   KSkills.obj
 0001:0000ceb0       ??_EKSkill@@UAEPAXI@Z      1000deb0 f i KSkills.obj
 0001:0000ceb0       ??_GKSkill@@UAEPAXI@Z      1000deb0 f i KSkills.obj
 0001:0000cee0       ?Param2PCoordinate@KSkill@@ABEHHHHPAH0W4eSkillLauncherType@@@Z 1000dee0 f i KSkills.obj
 0001:0000d060       ?g_Dir2DirIndex@@YAHHH@Z   1000e060 f i KSkills.obj
 0001:0000d090       ?GetRef@KMissleMagicAttribsData@@QAEHXZ 1000e090 f i KSkills.obj
 0001:0000d0a0       ?SetMagicAttribsData@KMissle@@QAEHPAVKMissleMagicAttribsData@@@Z 1000e0a0 f i KSkills.obj
 0001:0000d0d0       ?AddRef@KMissleMagicAttribsData@@QAEHXZ 1000e0d0 f i KSkills.obj
 0001:0000d0f0       ?IsTargetOnly@KSkill@@UBEHXZ 1000e0f0 f i KSkills.obj
 0001:0000d110       ?IsTargetEnemy@KSkill@@UBEHXZ 1000e110 f i KSkills.obj
 0001:0000d130       ?IsTargetAlly@KSkill@@UBEHXZ 1000e130 f i KSkills.obj
 0001:0000d150       ?IsTargetObj@KSkill@@UBEHXZ 1000e150 f i KSkills.obj
 0001:0000d170       ?IsTargetNoNpc@KSkill@@UBEHXZ 1000e170 f i KSkills.obj
 0001:0000d190       ?IsTargetSelf@KSkill@@UBEHXZ 1000e190 f i KSkills.obj
 0001:0000d1b0       ?GetSkillLevelUpScriptId@KSkill@@UBEKXZ 1000e1b0 f i KSkills.obj
 0001:0000d1d0       ?GetSkillName@KSkill@@UAEPBDXZ 1000e1d0 f i KSkills.obj
 0001:0000d1f0       ?GetSkillStyle@KSkill@@UAEHXZ 1000e1f0 f i KSkills.obj
 0001:0000d210       ?GetAttackRadius@KSkill@@UBEHXZ 1000e210 f i KSkills.obj
 0001:0000d230       ?GetSkillCost@KSkill@@UBEHPAX@Z 1000e230 f i KSkills.obj
 0001:0000d250       ?GetSkillCostType@KSkill@@UBE?AW4NPCATTRIB@@XZ 1000e250 f i KSkills.obj
 0001:0000d270       ?GetDelayPerCast@KSkill@@UBEHH@Z 1000e270 f i KSkills.obj
 0001:0000d2a0       ?GetSkillId@KSkill@@UAEHXZ 1000e2a0 f i KSkills.obj
 0001:0000d2c0       ?IsAura@KSkill@@UBEHXZ     1000e2c0 f i KSkills.obj
 0001:0000d2e0       ?IsPhysical@KSkill@@UBEHXZ 1000e2e0 f i KSkills.obj
 0001:0000d300       ?IsBase@KSkill@@UAEHXZ     1000e300 f i KSkills.obj
 0001:0000d320       ?IsExp@KSkill@@UAEHXZ      1000e320 f i KSkills.obj
 0001:0000d340       ?GetSkillSeries@KSkill@@UBEHXZ 1000e340 f i KSkills.obj
 0001:0000d360       ??0KMissleMagicAttribsData@@QAE@XZ 1000e360 f i KSkills.obj
 0001:0000d3c0       ?MagicAttrib2String@KSkill@@ABEPBDH@Z 1000e3c0 f i KSkills.obj
 0001:0000d3e0       ?Init@KFaction@@QAEHXZ     1000e3e0 f   KFaction.obj
 0001:0000d9ea       ?GetID@KFaction@@QAEHHH@Z  1000e9ea f   KFaction.obj
 0001:0000da1d       ?GetID@KFaction@@QAEHHPAD@Z 1000ea1d f   KFaction.obj
 0001:0000da95       ?GetID@KFaction@@QAEHPAD@Z 1000ea95 f   KFaction.obj
 0001:0000dafc       ?GetCamp@KFaction@@QAEHH@Z 1000eafc f   KFaction.obj
 0001:0000db49       ??0KGameData@@QAE@XZ       1000eb49 f   KGameData.obj
 0001:0000db9e       ?Init@KGameData@@QAEHXZ    1000eb9e f   KGameData.obj
 0001:0000dbcb       ?SetData@KGameData@@QAEXHPAD@Z 1000ebcb f   KGameData.obj
 0001:0000dbfe       ?GetDataInt@KGameData@@QAEHH@Z 1000ebfe f   KGameData.obj
 0001:0000dc44       ?GetDataStr@KGameData@@QAEPBDH@Z 1000ec44 f   KGameData.obj
 0001:0000dc6f       ?AddDataGr@KGameData@@QAEHPAUKDataGroup@@@Z 1000ec6f f   KGameData.obj
 0001:0000dd62       ?SetDataGr@KGameData@@QAEXHPAUKDataGroup@@@Z 1000ed62 f   KGameData.obj
 0001:0000de0d       ?FindFreeDataGr@KGameData@@QAEHXZ 1000ee0d f   KGameData.obj
 0001:0000de52       ?FindDataId@KGameData@@QAEHK@Z 1000ee52 f   KGameData.obj
 0001:0000de9b       ?GetDataGr_dwName@KGameData@@QAEHH@Z 1000ee9b f   KGameData.obj
 0001:0000deb8       ?GetDataGr_nValue@KGameData@@QAEHHH@Z 1000eeb8 f   KGameData.obj
 0001:0000dedc       ?GetStrDataGr_Name1@KGameData@@QAEPADH@Z 1000eedc f   KGameData.obj
 0001:0000def9       ?GetStrDataGr_Name2@KGameData@@QAEPADH@Z 1000eef9 f   KGameData.obj
 0001:0000df16       ?InitGameData@KGameData@@QAEHXZ 1000ef16 f   KGameData.obj
 0001:0000e1e3       ?Save@KGameData@@QAEHXZ    1000f1e3 f   KGameData.obj
 0001:0000e410       ?Clear@KDataGroup@@QAEXXZ  1000f410 f i KGameData.obj
 0001:0000e4c2       ??0KNpc@@QAE@XZ            1000f4c2 f   KNpc.obj
 0001:0000e639       ?Init@KNpc@@QAEXXZ         1000f639 f   KNpc.obj
 0001:0000ecb4       ?GetActiveSkill@KNpc@@QAEPAVISkill@@XZ 1000fcb4 f   KNpc.obj
 0001:0000ed0c       ?SetTempCurrentCamp@KNpc@@QAEXH@Z 1000fd0c f   KNpc.obj
 0001:0000ee7e       ?SetCurrentCamp@KNpc@@QAEXH@Z 1000fe7e f   KNpc.obj
 0001:0000f0b0       ?ChangeCurrentCamp@KNpc@@QAEXH@Z 100100b0 f   KNpc.obj
 0001:0000f282       ?SetCamp@KNpc@@QAEXH@Z     10010282 f   KNpc.obj
 0001:0000f454       ?RestoreCurrentCamp@KNpc@@QAEXXZ 10010454 f   KNpc.obj
 0001:0000f653       ?Activate@KNpc@@QAEXXZ     10010653 f   KNpc.obj
 0001:0000f783       ?ProcStatus@KNpc@@QAEXXZ   10010783 f   KNpc.obj
 0001:0000f8df       ?ProcCommand@KNpc@@QAEXH@Z 100108df f   KNpc.obj
 0001:0000fb7a       ?ProcessState@KNpc@@QAEHXZ 10010b7a f   KNpc.obj
 0001:00010c6b       ?UpdateDBStateList@KNpc@@QAEHPAE@Z 10011c6b f   KNpc.obj
 0001:00010d27       ?DoDeath@KNpc@@AAEXH@Z     10011d27 f   KNpc.obj
 0001:000111c4       ?OnDeath@KNpc@@AAEXXZ      100121c4 f   KNpc.obj
 0001:00011284       ?DoDefense@KNpc@@AAEXXZ    10012284 f   KNpc.obj
 0001:0001129c       ?OnDefense@KNpc@@AAEXXZ    1001229c f   KNpc.obj
 0001:000112a7       ?DoIdle@KNpc@@AAEXXZ       100122a7 f   KNpc.obj
 0001:000112cd       ?OnIdle@KNpc@@AAEXXZ       100122cd f   KNpc.obj
 0001:000112d8       ?DoHurt@KNpc@@AAEXHHH@Z    100122d8 f   KNpc.obj
 0001:00011547       ?OnHurt@KNpc@@AAEXXZ       10012547 f   KNpc.obj
 0001:000115b5       ?DoSpecial1@KNpc@@AAEXXZ   100125b5 f   KNpc.obj
 0001:000115c8       ?OnSpecial1@KNpc@@AAEXXZ   100125c8 f   KNpc.obj
 0001:0001169f       ?DoSpecial2@KNpc@@AAEXXZ   1001269f f   KNpc.obj
 0001:000116aa       ?OnSpecial2@KNpc@@AAEXXZ   100126aa f   KNpc.obj
 0001:00011740       ?DoSpecial3@KNpc@@AAEXXZ   10012740 f   KNpc.obj
 0001:0001174b       ?OnSpecial3@KNpc@@AAEXXZ   1001274b f   KNpc.obj
 0001:00011756       ?DoStand@KNpc@@AAEXXZ      10012756 f   KNpc.obj
 0001:00011962       ?OnStand@KNpc@@AAEXXZ      10012962 f   KNpc.obj
 0001:00011975       ?DoRevive@KNpc@@AAEXXZ     10012975 f   KNpc.obj
 0001:00011a8f       ?OnRevive@KNpc@@AAEXXZ     10012a8f f   KNpc.obj
 0001:00011aba       ?DoRun@KNpc@@AAEXXZ        10012aba f   KNpc.obj
 0001:00011cfb       ?OnRun@KNpc@@AAEXXZ        10012cfb f   KNpc.obj
 0001:00011e4c       ?DoSit@KNpc@@AAEXXZ        10012e4c f   KNpc.obj
 0001:00012030       ?OnSit@KNpc@@AAEXXZ        10013030 f   KNpc.obj
 0001:0001205c       ?DoSkill@KNpc@@AAEXHH@Z    1001305c f   KNpc.obj
 0001:000124d9       ?DoOrdinSkill@KNpc@@AAEHPAVKSkill@@HH@Z 100134d9 f   KNpc.obj
 0001:0001272d       ?CastMeleeSkill@KNpc@@AAEHPAVKSkill@@@Z 1001372d f   KNpc.obj
 0001:0001290b       ?DoBlurAttack@KNpc@@AAEHXZ 1001390b f   KNpc.obj
 0001:00012980       ?OnSkill@KNpc@@AAEXXZ      10013980 f   KNpc.obj
 0001:00012b0c       ?JumpTo@KNpc@@AAEXHH@Z     10013b0c f   KNpc.obj
 0001:00012b47       ?RunTo@KNpc@@AAEXHH@Z      10013b47 f   KNpc.obj
 0001:00012b70       ?Goto@KNpc@@AAEXHH@Z       10013b70 f   KNpc.obj
 0001:00012b99       ?DoWalk@KNpc@@AAEXXZ       10013b99 f   KNpc.obj
 0001:00012de0       ?OnWalk@KNpc@@AAEXXZ       10013de0 f   KNpc.obj
 0001:00012e0a       ?ModifyAttrib@KNpc@@QAEXHPAX@Z 10013e0a f   KNpc.obj
 0001:00012e2f       ?CalcDamage@KNpc@@QAEHHHHHW4DAMAGE_TYPE@@HHHHHHHH@Z 10013e2f f   KNpc.obj
 0001:000138e3       ?ReplySkill@KNpc@@QAEXXZ   100148e3 f   KNpc.obj
 0001:00013a3e       ?RescueSkill@KNpc@@QAEXXZ  10014a3e f   KNpc.obj
 0001:00013b99       ?AttackSkill@KNpc@@QAEXH@Z 10014b99 f   KNpc.obj
 0001:00013d5d       ?DeathSkill@KNpc@@QAEXXZ   10014d5d f   KNpc.obj
 0001:00013eb8       ?ReceiveDamage@KNpc@@QAEHHHHPAXHHH@Z 10014eb8 f   KNpc.obj
 0001:0001466f       ?SetImmediatelySkillEffect@KNpc@@QAEXHPAXH@Z 1001566f f   KNpc.obj
 0001:000146c7       ?AppendSkillEffect@KNpc@@QAEXHHHPAX0@Z 100156c7 f   KNpc.obj
 0001:000151fd       ?ServerMove@KNpc@@AAEXH@Z  100161fd f   KNpc.obj
 0001:00015903       ?ServerJump@KNpc@@AAEXH@Z  10016903 f   KNpc.obj
 0001:00015f66       ?SendCommand@KNpc@@QAEXW4NPCCMD@@HHH@Z 10016f66 f   KNpc.obj
 0001:00016074       ?NewPath@KNpc@@AAEHHH@Z    10017074 f   KNpc.obj
 0001:0001609e       ?NewJump@KNpc@@AAEHHH@Z    1001709e f   KNpc.obj
 0001:00016337       ?Cost@KNpc@@QAEHW4NPCATTRIB@@HHH@Z 10017337 f   KNpc.obj
 0001:00016492       ?Cast@KNpc@@QAEXHH@Z       10017492 f   KNpc.obj
 0001:000167a5       ?DoJump@KNpc@@AAEXXZ       100177a5 f   KNpc.obj
 0001:000169ee       ?OnJump@KNpc@@AAEHXZ       100179ee f   KNpc.obj
 0001:00016a35       ?WaitForFrame@KNpc@@AAEHXZ 10017a35 f   KNpc.obj
 0001:00016a7f       ?IsReachFrame@KNpc@@AAEHH@Z 10017a7f f   KNpc.obj
 0001:00016ab5       ?Load@KNpc@@QAEXHH@Z       10017ab5 f   KNpc.obj
 0001:00016b71       ?GetMpsPos@KNpc@@QAEXPAH0@Z 10017b71 f   KNpc.obj
 0001:00016bd2       ?SetActiveSkill@KNpc@@QAEHH@Z 10017bd2 f   KNpc.obj
 0001:00016c84       ?SetAuraSkill@KNpc@@QAEXH@Z 10017c84 f   KNpc.obj
 0001:00016d2a       ?SetPlayerIdx@KNpc@@QAEHH@Z 10017d2a f   KNpc.obj
 0001:00016d68       ?SwitchMaskFeature@KNpc@@QAEXXZ 10017d68 f   KNpc.obj
 0001:00016f45       ?SendSyncData@KNpc@@QAEHHH@Z 10017f45 f   KNpc.obj
 0001:0001767a       ?NormalSync@KNpc@@QAEXXZ   1001867a f   KNpc.obj
 0001:00018021       ?BroadCastRevive@KNpc@@QAEXH@Z 10019021 f   KNpc.obj
 0001:000181ce       ?GetPlayerIdx@KNpc@@QAEHXZ 100191ce f   KNpc.obj
 0001:000181ef       ?AddBaseLifeMax@KNpc@@QAEXH@Z 100191ef f   KNpc.obj
 0001:00018223       ?SetBaseLifeMax@KNpc@@QAEXH@Z 10019223 f   KNpc.obj
 0001:0001824e       ?AddCurLifeMax@KNpc@@QAEXH@Z 1001924e f   KNpc.obj
 0001:00018270       ?AddBaseStaminaMax@KNpc@@QAEXH@Z 10019270 f   KNpc.obj
 0001:000182a4       ?SetBaseStaminaMax@KNpc@@QAEXH@Z 100192a4 f   KNpc.obj
 0001:000182cf       ?AddCurStaminaMax@KNpc@@QAEXH@Z 100192cf f   KNpc.obj
 0001:000182f1       ?AddBaseManaMax@KNpc@@QAEXH@Z 100192f1 f   KNpc.obj
 0001:00018325       ?SetBaseManaMax@KNpc@@QAEXH@Z 10019325 f   KNpc.obj
 0001:00018350       ?AddCurManaMax@KNpc@@QAEXH@Z 10019350 f   KNpc.obj
 0001:00018372       ?CalcCurLifeReplenish@KNpc@@QAEXXZ 10019372 f   KNpc.obj
 0001:0001838f       ?CalcCurLucky@KNpc@@QAEXXZ 1001938f f   KNpc.obj
 0001:000183b8       ?Remove@KNpc@@QAEXXZ       100193b8 f   KNpc.obj
 0001:000183cb       ?SetSeries@KNpc@@QAEXH@Z   100193cb f   KNpc.obj
 0001:000183e1       ?SetStateSkillEffect@KNpc@@QAEXHHHPAXHHH@Z 100193e1 f   KNpc.obj
 0001:000187d2       ?ModifyMissleCollsion@KNpc@@QAEHH@Z 100197d2 f   KNpc.obj
 0001:0001880b       ?ModifyMissleLifeTime@KNpc@@QAEHH@Z 1001980b f   KNpc.obj
 0001:0001882c       ?ModifyMissleSpeed@KNpc@@QAEHH@Z 1001982c f   KNpc.obj
 0001:00018852       ?DoBlurMove@KNpc@@AAEHXZ   10019852 f   KNpc.obj
 0001:00018e08       ?OnBlurMove@KNpc@@AAEXXZ   10019e08 f   KNpc.obj
 0001:00018e97       ?DoManyAttack@KNpc@@AAEHXZ 10019e97 f   KNpc.obj
 0001:00018f9c       ?OnManyAttack@KNpc@@AAEXXZ 10019f9c f   KNpc.obj
 0001:00019041       ?DoRunAttack@KNpc@@AAEHXZ  1001a041 f   KNpc.obj
 0001:000191ef       ?OnRunAttack@KNpc@@AAEXXZ  1001a1ef f   KNpc.obj
 0001:00019417       ?DoJumpAttack@KNpc@@AAEHXZ 1001a417 f   KNpc.obj
 0001:000194f0       ?OnJumpAttack@KNpc@@AAEHXZ 1001a4f0 f   KNpc.obj
 0001:00019664       ?CheckHitTarget@KNpc@@AAEHHHH@Z 1001a664 f   KNpc.obj
 0001:0001970a       ?GetNpcCopyFromTemplate@KNpc@@QAEXH@Z 1001a70a f   KNpc.obj
 0001:000197f2       ?LoadDataFromTemplate@KNpc@@QAEXH@Z 1001a7f2 f   KNpc.obj
 0001:00019c31       ?SetPhysicsDamage@KNpc@@QAEXHH@Z 1001ac31 f   KNpc.obj
 0001:00019c56       ?SetReviveFrame@KNpc@@QAEXH@Z 1001ac56 f   KNpc.obj
 0001:00019c6f       ?SetBaseAttackRating@KNpc@@QAEXH@Z 1001ac6f f   KNpc.obj
 0001:00019c9a       ?SetBaseDefence@KNpc@@QAEXH@Z 1001ac9a f   KNpc.obj
 0001:00019cc5       ?DeathPunish@KNpc@@QAEXHH@Z 1001acc5 f   KNpc.obj
 0001:0001a15e       ?PlayerDeadCreateMoneyObj@KNpc@@AAEXH@Z 1001b15e f   KNpc.obj
 0001:0001a232       ?Revive@KNpc@@QAEXXZ       1001b232 f   KNpc.obj
 0001:0001a3ad       ?RestoreLiveData@KNpc@@QAEXXZ 1001b3ad f   KNpc.obj
 0001:0001a3b8       ?SendDataToNearRegion@KNpc@@QAEXPAXK@Z 1001b3b8 f   KNpc.obj
 0001:0001a56a       ?DeathCalcPKValue@KNpc@@QAEHH@Z 1001b56a f   KNpc.obj
 0001:0001aab7       ?FindAroundPlayer@KNpc@@QAEHPBD@Z 1001bab7 f   KNpc.obj
 0001:0001abb7       ?UpdateNpcStateInfo@KNpc@@AAEXXZ 1001bbb7 f   KNpc.obj
 0001:0001ad77       ?ClearNpcState@KNpc@@QAEXXZ 1001bd77 f   KNpc.obj
 0001:0001ade7       ?RestoreNpcBaseInfo@KNpc@@QAEXXZ 1001bde7 f   KNpc.obj
 0001:0001b30d       ?SetPos@KNpc@@QAEHHH@Z     1001c30d f   KNpc.obj
 0001:0001b598       ?ChangeWorld@KNpc@@QAEHKHH@Z 1001c598 f   KNpc.obj
 0001:0001b912       ?TobeExchangeServer@KNpc@@QAEXKHH@Z 1001c912 f   KNpc.obj
 0001:0001b98d       ?IsPlayer@KNpc@@QAEHXZ     1001c98d f   KNpc.obj
 0001:0001b9a6       ?ClearStateSkillEffect@KNpc@@QAEXXZ 1001c9a6 f   KNpc.obj
 0001:0001ba94       ?IgnoreState@KNpc@@QAEXH@Z 1001ca94 f   KNpc.obj
 0001:0001bc00       ?ClearNormalState@KNpc@@QAEXXZ 1001cc00 f   KNpc.obj
 0001:0001bd91       ?IsNpcStateExist@KNpc@@QAEHH@Z 1001cd91 f   KNpc.obj
 0001:0001bde2       ?IsNpcSkillExist@KNpc@@QAEHH@Z 1001cde2 f   KNpc.obj
 0001:0001be46       ?CheckTrap@KNpc@@QAEHHH@Z  1001ce46 f   KNpc.obj
 0001:0001bf28       ?SetFightMode@KNpc@@QAEXH@Z 1001cf28 f   KNpc.obj
 0001:0001bf64       ?TurnTo@KNpc@@QAEXH@Z      1001cf64 f   KNpc.obj
 0001:0001bfdd       ?ReCalcStateEffect@KNpc@@QAEXXZ 1001cfdd f   KNpc.obj
 0001:0001c0b0       ?GetCurActiveWeaponSkill@KNpc@@QAEHXZ 1001d0b0 f   KNpc.obj
 0001:0001c14b       ?SwitchRideHorse@KNpc@@QAEXH@Z 1001d14b f   KNpc.obj
 0001:0001c3a5       ?CanSwitchRideHorse@KNpc@@QAEHXZ 1001d3a5 f   KNpc.obj
 0001:0001c593       ?ResetNpcTypeName@KNpc@@QAEXH@Z 1001d593 f   KNpc.obj
 0001:0001c606       ?SetRank@KNpc@@QAEXH@Z     1001d606 f   KNpc.obj
 0001:0001c7d4       ?SetExpandRank@KNpc@@QAEXPAUKExpandRank@@@Z 1001d7d4 f   KNpc.obj
 0001:0001cbd0       ??1KNpc@@QAE@XZ            1001dbd0 f i KNpc.obj
 0001:0001cc40       ??1KList@@QAE@XZ           1001dc40 f i KNpc.obj
 0001:0001cc90       ??0KList@@QAE@XZ           1001dc90 f i KNpc.obj
 0001:0001cd00       ??0KMagicAutoSkill@@QAE@XZ 1001dd00 f i KNpc.obj
 0001:0001cd40       ?Release@KExpandRank@@QAEXXZ 1001dd40 f i KNpc.obj
 0001:0001cd80       ?Remove@KNode@@QAEXXZ      1001dd80 f i KNpc.obj
 0001:0001cdd0       ?GetChildSkillId@KSkill@@QBEHXZ 1001ddd0 f i KNpc.obj
 0001:0001cdf0       ?GetAppendSkillNum@KSkill@@QAEHXZ 1001ddf0 f i KNpc.obj
 0001:0001ce10       ?GetAppendSkillId@KSkill@@QAEHH@Z 1001de10 f i KNpc.obj
 0001:0001ce40       ??0tagSHOW_MSG_SYNC@@QAE@XZ 1001de40 f i KNpc.obj
 0001:0001ce60       ??1tagSHOW_MSG_SYNC@@QAE@XZ 1001de60 f i KNpc.obj
 0001:0001ce80       ?Release@tagSHOW_MSG_SYNC@@QAEXXZ 1001de80 f i KNpc.obj
 0001:0001cec0       ?GetActionType@KSkill@@QBE?AW4CLIENTACTION@@XZ 1001dec0 f i KNpc.obj
 0001:0001cee0       ?GetParam1@KSkill@@QBEHXZ  1001dee0 f i KNpc.obj
 0001:0001cf00       ?GetMeleeType@KSkill@@QBEHXZ 1001df00 f i KNpc.obj
 0001:0001cf20       ?GetSkillIdx@KSkillList@@QAEHH@Z 1001df20 f i KNpc.obj
 0001:0001cf70       ?GetAddLevel@KSkillList@@QAEHH@Z 1001df70 f i KNpc.obj
 0001:0001cfc0       ?GetPlayerWalkSpeed@KNpcSet@@QAEHXZ 1001dfc0 f i KNpc.obj
 0001:0001cfd0       ?GetPlayerRunSpeed@KNpcSet@@QAEHXZ 1001dfd0 f i KNpc.obj
 0001:0001cff0       ?GetPlayerAttackFrame@KNpcSet@@QAEHXZ 1001dff0 f i KNpc.obj
 0001:0001d010       ?GetPlayerHurtFrame@KNpcSet@@QAEHXZ 1001e010 f i KNpc.obj
 0001:0001d030       ??0tagS2C_PLAYER_SYNC@@QAE@XZ 1001e030 f i KNpc.obj
 0001:0001d050       ??1tagS2C_PLAYER_SYNC@@QAE@XZ 1001e050 f i KNpc.obj
 0001:0001d070       ?Release@tagS2C_PLAYER_SYNC@@QAEXXZ 1001e070 f i KNpc.obj
 0001:0001d0b0       ?GetDetailType@KItem@@QBEHXZ 1001e0b0 f i KNpc.obj
 0001:0001d0d0       ?GetParticular@KItem@@QAEHXZ 1001e0d0 f i KNpc.obj
 0001:0001d0f0       ?GetRow@KItem@@QBEHXZ      1001e0f0 f i KNpc.obj
 0001:0001d110       ?GetStateSpecailId@KSkill@@QBEHXZ 1001e110 f i KNpc.obj
 0001:0001d130       ??0STATE_EFFECT_SYNC@@QAE@XZ 1001e130 f i KNpc.obj
 0001:0001d160       ??0KStateNode@@QAE@XZ      1001e160 f i KNpc.obj
 0001:0001d1d0       ??_GKStateNode@@UAEPAXI@Z  1001e1d0 f i KNpc.obj
 0001:0001d1d0       ??_EKStateNode@@UAEPAXI@Z  1001e1d0 f i KNpc.obj
 0001:0001d200       ??1KStateNode@@UAE@XZ      1001e200 f i KNpc.obj
 0001:0001d220       ?GetChildSkillNum@KSkill@@QBEHXZ 1001e220 f i KNpc.obj
 0001:0001d240       ?GetSkill@KSkillManager@@QAEPAVISkill@@HHW4eSKillStyle@@@Z 1001e240 f i KNpc.obj
 0001:0001d280       ??0KNpcTemplate@@QAE@XZ    1001e280 f i KNpc.obj
 0001:0001d2c0       ?IsEnmityPKLauncher@KPlayerPK@@QAEHXZ 1001e2c0 f i KNpc.obj
 0001:0001d2e0       ?IsEnmitySpar@KPlayerPK@@QAEHXZ 1001e2e0 f i KNpc.obj
 0001:0001d300       ?GetPrev@KNode@@QAEPAV1@XZ 1001e300 f i KNpc.obj
 0001:0001d330       ?GetTail@KList@@QAEPAVKNode@@XZ 1001e330 f i KNpc.obj
 0001:0001d369       ??0KNpcAI@@QAE@XZ          1001e369 f   KNpcAI.obj
 0001:0001d38a       ?Activate@KNpcAI@@QAEXH@Z  1001e38a f   KNpcAI.obj
 0001:0001d4fa       ?FindPathNpc@KNpcAI@@AAEXXZ 1001e4fa f   KNpcAI.obj
 0001:0001d901       ?ProcessPlayer@KNpcAI@@AAEXXZ 1001e901 f   KNpcAI.obj
 0001:0001d90c       ?CheckNpc@KNpcAI@@AAEHH@Z  1001e90c f   KNpcAI.obj
 0001:0001d97b       ?GetNearestNpc@KNpcAI@@AAEHH@Z 1001e97b f   KNpcAI.obj
 0001:0001e0d2       ?GetNpcNumber@KNpcAI@@AAEHH@Z 1001f0d2 f   KNpcAI.obj
 0001:0001e362       ?KeepAttackRange@KNpcAI@@AAEXHH@Z 1001f362 f   KNpcAI.obj
 0001:0001e426       ?FollowAttack@KNpcAI@@AAEXH@Z 1001f426 f   KNpcAI.obj
 0001:0001e5ec       ?InEyeshot@KNpcAI@@AAEHH@Z 1001f5ec f   KNpcAI.obj
 0001:0001e629       ?CommonAction@KNpcAI@@AAEXXZ 1001f629 f   KNpcAI.obj
 0001:0001e74d       ?KeepActiveRange@KNpcAI@@AAEHXZ 1001f74d f   KNpcAI.obj
 0001:0001e86b       ?Flee@KNpcAI@@AAEXH@Z      1001f86b f   KNpcAI.obj
 0001:0001e8ec       ?ProcessAIType01@KNpcAI@@AAEXXZ 1001f8ec f   KNpcAI.obj
 0001:0001eb27       ?ProcessAIType02@KNpcAI@@AAEXXZ 1001fb27 f   KNpcAI.obj
 0001:0001ee12       ?ProcessAIType03@KNpcAI@@AAEXXZ 1001fe12 f   KNpcAI.obj
 0001:0001f08d       ?ProcessAIType04@KNpcAI@@AAEXXZ 1002008d f   KNpcAI.obj
 0001:0001f27f       ?ProcessAIType05@KNpcAI@@AAEXXZ 1002027f f   KNpcAI.obj
 0001:0001f521       ?ProcessAIType06@KNpcAI@@AAEXXZ 10020521 f   KNpcAI.obj
 0001:0001f760       ?IsAlive@KNpc@@QBE_NXZ     10020760 f i KNpcAI.obj
 0001:0001f7df       ??0KNpcAttribModify@@QAE@XZ 100207df f   KNpcAttribModify.obj
 0001:0001fe63       ??1KNpcAttribModify@@QAE@XZ 10020e63 f   KNpcAttribModify.obj
 0001:0001fe6e       ?ModifyAttrib@KNpcAttribModify@@QAEXPAVKNpc@@PAX@Z 10020e6e f   KNpcAttribModify.obj
 0001:0001feca       ?AddColdDamageV@KNpcAttribModify@@AAEXPAVKNpc@@PAX@Z 10020eca f   KNpcAttribModify.obj
 0001:0001ff5d       ?AddColdMagicV@KNpcAttribModify@@AAEXPAVKNpc@@PAX@Z 10020f5d f   KNpcAttribModify.obj
 0001:0001fff0       ?AddFireDamageV@KNpcAttribModify@@AAEXPAVKNpc@@PAX@Z 10020ff0 f   KNpcAttribModify.obj
 0001:00020035       ?AddFireMagicV@KNpcAttribModify@@AAEXPAVKNpc@@PAX@Z 10021035 f   KNpcAttribModify.obj
 0001:0002007a       ?AddLightingDamageV@KNpcAttribModify@@AAEXPAVKNpc@@PAX@Z 1002107a f   KNpcAttribModify.obj
 0001:000200bf       ?AddLightingMagicV@KNpcAttribModify@@AAEXPAVKNpc@@PAX@Z 100210bf f   KNpcAttribModify.obj
 0001:00020104       ?AddPhysicsDamageP@KNpcAttribModify@@AAEXPAVKNpc@@PAX@Z 10021104 f   KNpcAttribModify.obj
 0001:00020251       ?AddPoisonDamageV@KNpcAttribModify@@AAEXPAVKNpc@@PAX@Z 10021251 f   KNpcAttribModify.obj
 0001:000202cd       ?AddPoisonMagicV@KNpcAttribModify@@AAEXPAVKNpc@@PAX@Z 100212cd f   KNpcAttribModify.obj
 0001:00020349       ?AddPhysicsDamageV@KNpcAttribModify@@AAEXPAVKNpc@@PAX@Z 10021349 f   KNpcAttribModify.obj
 0001:00020376       ?AddPhysicsMagicV@KNpcAttribModify@@AAEXPAVKNpc@@PAX@Z 10021376 f   KNpcAttribModify.obj
 0001:000203a3       ?AllresP@KNpcAttribModify@@AAEXPAVKNpc@@PAX@Z 100213a3 f   KNpcAttribModify.obj
 0001:00020430       ?AllSkillV@KNpcAttribModify@@AAEXPAVKNpc@@PAX@Z 10021430 f   KNpcAttribModify.obj
 0001:0002047d       ?AttackRatingP@KNpcAttribModify@@AAEXPAVKNpc@@PAX@Z 1002147d f   KNpcAttribModify.obj
 0001:000204be       ?AttackRatingV@KNpcAttribModify@@AAEXPAVKNpc@@PAX@Z 100214be f   KNpcAttribModify.obj
 0001:000204eb       ?AttackSpeedV@KNpcAttribModify@@AAEXPAVKNpc@@PAX@Z 100214eb f   KNpcAttribModify.obj
 0001:00020518       ?BadStatusTimeReduceV@KNpcAttribModify@@AAEXPAVKNpc@@PAX@Z 10021518 f   KNpcAttribModify.obj
 0001:0002052d       ?BurnTimeReduceP@KNpcAttribModify@@AAEXPAVKNpc@@PAX@Z 1002152d f   KNpcAttribModify.obj
 0001:0002053a       ?CastSpeedV@KNpcAttribModify@@AAEXPAVKNpc@@PAX@Z 1002153a f   KNpcAttribModify.obj
 0001:00020567       ?ChangeCampV@KNpcAttribModify@@AAEXPAVKNpc@@PAX@Z 10021567 f   KNpcAttribModify.obj
 0001:000205ba       ?ColdArmorV@KNpcAttribModify@@AAEXPAVKNpc@@PAX@Z 100215ba f   KNpcAttribModify.obj
 0001:000205e7       ?ColdresP@KNpcAttribModify@@AAEXPAVKNpc@@PAX@Z 100215e7 f   KNpcAttribModify.obj
 0001:00020614       ?DeadlyStrikeEnhanceP@KNpcAttribModify@@AAEXPAVKNpc@@PAX@Z 10021614 f   KNpcAttribModify.obj
 0001:00020641       ?DexterityV@KNpcAttribModify@@AAEXPAVKNpc@@PAX@Z 10021641 f   KNpcAttribModify.obj
 0001:00020690       ?EarthSkillV@KNpcAttribModify@@AAEXPAVKNpc@@PAX@Z 10021690 f   KNpcAttribModify.obj
 0001:000206bc       ?FatallyStrikeResP@KNpcAttribModify@@AAEXPAVKNpc@@PAX@Z 100216bc f   KNpcAttribModify.obj
 0001:000206e9       ?EnergyV@KNpcAttribModify@@AAEXPAVKNpc@@PAX@Z 100216e9 f   KNpcAttribModify.obj
 0001:00020738       ?FastHitRecoverV@KNpcAttribModify@@AAEXPAVKNpc@@PAX@Z 10021738 f   KNpcAttribModify.obj
 0001:00020765       ?FastWalkRunP@KNpcAttribModify@@AAEXPAVKNpc@@PAX@Z 10021765 f   KNpcAttribModify.obj
 0001:000207d6       ?FireArmorV@KNpcAttribModify@@AAEXPAVKNpc@@PAX@Z 100217d6 f   KNpcAttribModify.obj
 0001:00020803       ?FireSkillV@KNpcAttribModify@@AAEXPAVKNpc@@PAX@Z 10021803 f   KNpcAttribModify.obj
 0001:0002082f       ?FreezeTimeReduceP@KNpcAttribModify@@AAEXPAVKNpc@@PAX@Z 1002182f f   KNpcAttribModify.obj
 0001:0002085c       ?LifeMaxP@KNpcAttribModify@@AAEXPAVKNpc@@PAX@Z 1002185c f   KNpcAttribModify.obj
 0001:0002089d       ?LifeMaxV@KNpcAttribModify@@AAEXPAVKNpc@@PAX@Z 1002189d f   KNpcAttribModify.obj
 0001:000208ca       ?LifeReplenishV@KNpcAttribModify@@AAEXPAVKNpc@@PAX@Z 100218ca f   KNpcAttribModify.obj
 0001:000208f7       ?LifeV@KNpcAttribModify@@AAEXPAVKNpc@@PAX@Z 100218f7 f   KNpcAttribModify.obj
 0001:00020924       ?LightingArmorV@KNpcAttribModify@@AAEXPAVKNpc@@PAX@Z 10021924 f   KNpcAttribModify.obj
 0001:00020951       ?LightingresP@KNpcAttribModify@@AAEXPAVKNpc@@PAX@Z 10021951 f   KNpcAttribModify.obj
 0001:0002097e       ?LuckyV@KNpcAttribModify@@AAEXPAVKNpc@@PAX@Z 1002197e f   KNpcAttribModify.obj
 0001:000209b7       ?ManaMaxP@KNpcAttribModify@@AAEXPAVKNpc@@PAX@Z 100219b7 f   KNpcAttribModify.obj
 0001:000209f8       ?ManaMaxV@KNpcAttribModify@@AAEXPAVKNpc@@PAX@Z 100219f8 f   KNpcAttribModify.obj
 0001:00020a25       ?ManaReplenishV@KNpcAttribModify@@AAEXPAVKNpc@@PAX@Z 10021a25 f   KNpcAttribModify.obj
 0001:00020a52       ?ManaV@KNpcAttribModify@@AAEXPAVKNpc@@PAX@Z 10021a52 f   KNpcAttribModify.obj
 0001:00020a7f       ?ManaShieldP@KNpcAttribModify@@AAEXPAVKNpc@@PAX@Z 10021a7f f   KNpcAttribModify.obj
 0001:00020aac       ?MeleeDamageReturnP@KNpcAttribModify@@AAEXPAVKNpc@@PAX@Z 10021aac f   KNpcAttribModify.obj
 0001:00020ad9       ?MeleeDamageReturnV@KNpcAttribModify@@AAEXPAVKNpc@@PAX@Z 10021ad9 f   KNpcAttribModify.obj
 0001:00020b06       ?MetalSkillV@KNpcAttribModify@@AAEXPAVKNpc@@PAX@Z 10021b06 f   KNpcAttribModify.obj
 0001:00020b32       ?PhysicsArmorV@KNpcAttribModify@@AAEXPAVKNpc@@PAX@Z 10021b32 f   KNpcAttribModify.obj
 0001:00020b5f       ?PhysicsresP@KNpcAttribModify@@AAEXPAVKNpc@@PAX@Z 10021b5f f   KNpcAttribModify.obj
 0001:00020b8c       ?Damage2AddManaP@KNpcAttribModify@@AAEXPAVKNpc@@PAX@Z 10021b8c f   KNpcAttribModify.obj
 0001:00020bb9       ?PoisonArmorV@KNpcAttribModify@@AAEXPAVKNpc@@PAX@Z 10021bb9 f   KNpcAttribModify.obj
 0001:00020be6       ?PoisonDamageReduceV@KNpcAttribModify@@AAEXPAVKNpc@@PAX@Z 10021be6 f   KNpcAttribModify.obj
 0001:00020c2c       ?PoisonresP@KNpcAttribModify@@AAEXPAVKNpc@@PAX@Z 10021c2c f   KNpcAttribModify.obj
 0001:00020c59       ?PoisonTimeReduceP@KNpcAttribModify@@AAEXPAVKNpc@@PAX@Z 10021c59 f   KNpcAttribModify.obj
 0001:00020c86       ?RangeDamageReturnV@KNpcAttribModify@@AAEXPAVKNpc@@PAX@Z 10021c86 f   KNpcAttribModify.obj
 0001:00020cb3       ?RangeDamageReturnP@KNpcAttribModify@@AAEXPAVKNpc@@PAX@Z 10021cb3 f   KNpcAttribModify.obj
 0001:00020ce0       ?SlowMissleB@KNpcAttribModify@@AAEXPAVKNpc@@PAX@Z 10021ce0 f   KNpcAttribModify.obj
 0001:00020d35       ?StaminaMaxP@KNpcAttribModify@@AAEXPAVKNpc@@PAX@Z 10021d35 f   KNpcAttribModify.obj
 0001:00020d76       ?StaminaMaxV@KNpcAttribModify@@AAEXPAVKNpc@@PAX@Z 10021d76 f   KNpcAttribModify.obj
 0001:00020da3       ?StaminaReplenishV@KNpcAttribModify@@AAEXPAVKNpc@@PAX@Z 10021da3 f   KNpcAttribModify.obj
 0001:00020dd0       ?StaminaV@KNpcAttribModify@@AAEXPAVKNpc@@PAX@Z 10021dd0 f   KNpcAttribModify.obj
 0001:00020dfd       ?StealLifeP@KNpcAttribModify@@AAEXPAVKNpc@@PAX@Z 10021dfd f   KNpcAttribModify.obj
 0001:00020e2a       ?StealManaP@KNpcAttribModify@@AAEXPAVKNpc@@PAX@Z 10021e2a f   KNpcAttribModify.obj
 0001:00020e57       ?StealStaminaP@KNpcAttribModify@@AAEXPAVKNpc@@PAX@Z 10021e57 f   KNpcAttribModify.obj
 0001:00020e84       ?StrengthV@KNpcAttribModify@@AAEXPAVKNpc@@PAX@Z 10021e84 f   KNpcAttribModify.obj
 0001:00020ed3       ?StunTimeReduceP@KNpcAttribModify@@AAEXPAVKNpc@@PAX@Z 10021ed3 f   KNpcAttribModify.obj
 0001:00020f00       ?VisionRadiusP@KNpcAttribModify@@AAEXPAVKNpc@@PAX@Z 10021f00 f   KNpcAttribModify.obj
 0001:00020f2d       ?VitalityV@KNpcAttribModify@@AAEXPAVKNpc@@PAX@Z 10021f2d f   KNpcAttribModify.obj
 0001:00020f7c       ?WaterSkillV@KNpcAttribModify@@AAEXPAVKNpc@@PAX@Z 10021f7c f   KNpcAttribModify.obj
 0001:00020fa8       ?WoodSkillV@KNpcAttribModify@@AAEXPAVKNpc@@PAX@Z 10021fa8 f   KNpcAttribModify.obj
 0001:00020fd4       ?FireresP@KNpcAttribModify@@AAEXPAVKNpc@@PAX@Z 10021fd4 f   KNpcAttribModify.obj
 0001:00021001       ?ArmorDefenseV@KNpcAttribModify@@AAEXPAVKNpc@@PAX@Z 10022001 f   KNpcAttribModify.obj
 0001:0002102e       ?ColdEnhanceP@KNpcAttribModify@@AAEXPAVKNpc@@PAX@Z 1002202e f   KNpcAttribModify.obj
 0001:0002105b       ?FireEnhanceP@KNpcAttribModify@@AAEXPAVKNpc@@PAX@Z 1002205b f   KNpcAttribModify.obj
 0001:00021088       ?LightingEnhanceP@KNpcAttribModify@@AAEXPAVKNpc@@PAX@Z 10022088 f   KNpcAttribModify.obj
 0001:000210b5       ?PoisonEnhanceP@KNpcAttribModify@@AAEXPAVKNpc@@PAX@Z 100220b5 f   KNpcAttribModify.obj
 0001:000210e2       ?LifePotionV@KNpcAttribModify@@AAEXPAVKNpc@@PAX@Z 100220e2 f   KNpcAttribModify.obj
 0001:00021171       ?ManaPotionV@KNpcAttribModify@@AAEXPAVKNpc@@PAX@Z 10022171 f   KNpcAttribModify.obj
 0001:00021200       ?PhysicsResMaxP@KNpcAttribModify@@AAEXPAVKNpc@@PAX@Z 10022200 f   KNpcAttribModify.obj
 0001:0002122d       ?ColdResMaxP@KNpcAttribModify@@AAEXPAVKNpc@@PAX@Z 1002222d f   KNpcAttribModify.obj
 0001:0002125a       ?FireResMaxP@KNpcAttribModify@@AAEXPAVKNpc@@PAX@Z 1002225a f   KNpcAttribModify.obj
 0001:00021287       ?LightingResMaxP@KNpcAttribModify@@AAEXPAVKNpc@@PAX@Z 10022287 f   KNpcAttribModify.obj
 0001:000212b4       ?PoisonResMaxP@KNpcAttribModify@@AAEXPAVKNpc@@PAX@Z 100222b4 f   KNpcAttribModify.obj
 0001:000212e1       ?AllResMaxP@KNpcAttribModify@@AAEXPAVKNpc@@PAX@Z 100222e1 f   KNpcAttribModify.obj
 0001:0002136e       ?FatallyStrikeEnhanceP@KNpcAttribModify@@AAEXPAVKNpc@@PAX@Z 1002236e f   KNpcAttribModify.obj
 0001:0002139b       ?MixPoisonDamage@KNpcAttribModify@@QAEXPAUKMagicAttrib@@0@Z 1002239b f   KNpcAttribModify.obj
 0001:0002147b       ?DynamicMagicShieldV@KNpcAttribModify@@AAEXPAVKNpc@@PAX@Z 1002247b f   KNpcAttribModify.obj
 0001:000214a8       ?StaticMagicShieldP@KNpcAttribModify@@AAEXPAVKNpc@@PAX@Z 100224a8 f   KNpcAttribModify.obj
 0001:000214d5       ?ExpEnhanceP@KNpcAttribModify@@AAEXPAVKNpc@@PAX@Z 100224d5 f   KNpcAttribModify.obj
 0001:0002150e       ?LifeReplenishP@KNpcAttribModify@@AAEXPAVKNpc@@PAX@Z 1002250e f   KNpcAttribModify.obj
 0001:0002153b       ?IgnoreSkillP@KNpcAttribModify@@AAEXPAVKNpc@@PAX@Z 1002253b f   KNpcAttribModify.obj
 0001:00021568       ?PoisonDamageReturnP@KNpcAttribModify@@AAEXPAVKNpc@@PAX@Z 10022568 f   KNpcAttribModify.obj
 0001:00021595       ?ReturnSkillP@KNpcAttribModify@@AAEXPAVKNpc@@PAX@Z 10022595 f   KNpcAttribModify.obj
 0001:000215c2       ?Poison2DecManaP@KNpcAttribModify@@AAEXPAVKNpc@@PAX@Z 100225c2 f   KNpcAttribModify.obj
 0001:00021630       ?AutoDeathSkill@KNpcAttribModify@@AAEXPAVKNpc@@PAX@Z 10022630 f   KNpcAttribModify.obj
 0001:00021741       ?AutoAttackSkill@KNpcAttribModify@@AAEXPAVKNpc@@PAX@Z 10022741 f   KNpcAttribModify.obj
 0001:00021852       ?Hide@KNpcAttribModify@@AAEXPAVKNpc@@PAX@Z 10022852 f   KNpcAttribModify.obj
 0001:0002187f       ?IgnoreNegativeStateP@KNpcAttribModify@@AAEXPAVKNpc@@PAX@Z 1002287f f   KNpcAttribModify.obj
 0001:000218ac       ?AutoReplySkill@KNpcAttribModify@@AAEXPAVKNpc@@PAX@Z 100228ac f   KNpcAttribModify.obj
 0001:000219bd       ?AutoRescueSkill@KNpcAttribModify@@AAEXPAVKNpc@@PAX@Z 100229bd f   KNpcAttribModify.obj
 0001:00021ace       ?ReturnResP@KNpcAttribModify@@AAEXPAVKNpc@@PAX@Z 10022ace f   KNpcAttribModify.obj
 0001:00021afb       ?SkillEnhanceP@KNpcAttribModify@@AAEXPAVKNpc@@PAX@Z 10022afb f   KNpcAttribModify.obj
 0001:00021b28       ?FiveElementsEnhanceV@KNpcAttribModify@@AAEXPAVKNpc@@PAX@Z 10022b28 f   KNpcAttribModify.obj
 0001:00021b55       ?FiveElementsResistV@KNpcAttribModify@@AAEXPAVKNpc@@PAX@Z 10022b55 f   KNpcAttribModify.obj
 0001:00021b82       ?FrozenAction@KNpcAttribModify@@AAEXPAVKNpc@@PAX@Z 10022b82 f   KNpcAttribModify.obj
 0001:00021bbe       ?WalkRunShadow@KNpcAttribModify@@AAEXPAVKNpc@@PAX@Z 10022bbe f   KNpcAttribModify.obj
 0001:00021c03       ?RandMove@KNpcAttribModify@@AAEXPAVKNpc@@PAX@Z 10022c03 f   KNpcAttribModify.obj
 0001:00021c48       ?ManaToSkillEnhanceP@KNpcAttribModify@@AAEXPAVKNpc@@PAX@Z 10022c48 f   KNpcAttribModify.obj
 0001:00021c80       ?Init@KNpcDeathCalcExp@@QAEXH@Z 10022c80 f   KNpcDeathCalcExp.obj
 0001:00021cb2       ?Active@KNpcDeathCalcExp@@QAEXXZ 10022cb2 f   KNpcDeathCalcExp.obj
 0001:00021d67       ?AddDamage@KNpcDeathCalcExp@@QAEXHH@Z 10022d67 f   KNpcDeathCalcExp.obj
 0001:00021efe       ?CalcExp@KNpcDeathCalcExp@@QAEHXZ 10022efe f   KNpcDeathCalcExp.obj
 0001:00022209       ?Clear@KNpcDeathCalcExp@@QAEXXZ 10023209 f   KNpcDeathCalcExp.obj
 0001:00022230       ??0KNpcFindPath@@QAE@XZ    10023230 f   KNpcFindPath.obj
 0001:0002228d       ?Init@KNpcFindPath@@QAEXH@Z 1002328d f   KNpcFindPath.obj
 0001:000222e8       ?GetDir@KNpcFindPath@@QAEHHHHHHHPAH@Z 100232e8 f   KNpcFindPath.obj
 0001:000228a9       ?Dir64To8@KNpcFindPath@@QAEHH@Z 100238a9 f   KNpcFindPath.obj
 0001:000228c2       ?Dir8To64@KNpcFindPath@@QAEHH@Z 100238c2 f   KNpcFindPath.obj
 0001:000228d5       ?CheckDistance@KNpcFindPath@@QAEHHHHHH@Z 100238d5 f   KNpcFindPath.obj
 0001:00022912       ?CheckBarrier@KNpcFindPath@@QAEHHH@Z 10023912 f   KNpcFindPath.obj
 0001:000229ef       ??0KNpcSet@@QAE@XZ         100239ef f   KNpcSet.obj
 0001:00022a4c       ?Init@KNpcSet@@QAEXXZ      10023a4c f   KNpcSet.obj
 0001:00022ea7       ?LoadPlayerBaseValue@KNpcSet@@QAEXPAD@Z 10023ea7 f   KNpcSet.obj
 0001:00022f78       ?IsNpcExist@KNpcSet@@QAEHHK@Z 10023f78 f   KNpcSet.obj
 0001:00022fa2       ?GenOneRelation@KNpcSet@@AAE?AW4NPC_RELATION@@W4NPCKIND@@0W4NPCCAMP@@1@Z 10023fa2 f   KNpcSet.obj
 0001:00023050       ?GenRelationTable@KNpcSet@@AAEHXZ 10024050 f   KNpcSet.obj
 0001:00023131       ?SearchID@KNpcSet@@QAEHK@Z 10024131 f   KNpcSet.obj
 0001:00023188       ?SearchName@KNpcSet@@QAEHPAD@Z 10024188 f   KNpcSet.obj
 0001:000231eb       ?SearchUUID@KNpcSet@@QAEHK@Z 100241eb f   KNpcSet.obj
 0001:0002327b       ?FindFree@KNpcSet@@AAEHXZ  1002427b f   KNpcSet.obj
 0001:00023294       ?Add@KNpcSet@@QAEHHPAX@Z   10024294 f   KNpcSet.obj
 0001:00023464       ?Add@KNpcSet@@QAEHHHHHH@Z  10024464 f   KNpcSet.obj
 0001:00023547       ?Add@KNpcSet@@QAEHHHHHHHH@Z 10024547 f   KNpcSet.obj
 0001:00023796       ?Remove@KNpcSet@@QAEXH@Z   10024796 f   KNpcSet.obj
 0001:000239f0       ?RemoveAll@KNpcSet@@QAEXXZ 100249f0 f   KNpcSet.obj
 0001:00023a92       ?SetID@KNpcSet@@AAEXH@Z    10024a92 f   KNpcSet.obj
 0001:00023ad4       ?GetDistance@KNpcSet@@SAHHH@Z 10024ad4 f   KNpcSet.obj
 0001:00023d5d       ?GetDistanceSquare@KNpcSet@@SAHHH@Z 10024d5d f   KNpcSet.obj
 0001:00023fb4       ?GetNextIdx@KNpcSet@@QAEHH@Z 10024fb4 f   KNpcSet.obj
 0001:00023fe4       ?SyncNpc@KNpcSet@@QAEHKH@Z 10024fe4 f   KNpcSet.obj
 0001:00024068       ?ExecuteScript@KNpcSet@@QAEHHPAD0H@Z 10025068 f   KNpcSet.obj
 0001:0002409f       ?ExecuteScript@KNpcSet@@QAEHHKPADH@Z 1002509f f   KNpcSet.obj
 0001:000241b2       ?ClearActivateFlagOfAllNpc@KNpcSet@@QAEXXZ 100251b2 f   KNpcSet.obj
 0001:000241ff       ?GetRelation@KNpcSet@@QAE?AW4NPC_RELATION@@HH@Z 100251ff f   KNpcSet.obj
 0001:00024730       ??1KNpcSet@@QAE@XZ         10025730 f i KNpcSet.obj
 0001:00024780       ?Clear@KSkillList@@QAEXXZ  10025780 f i KNpcSet.obj
 0001:000247a0       ?Init@KNpcTemplate@@QAEXH@Z 100257a0 f   KNpcTemplate.obj
 0001:000250e2       ??0KPlayer@@QAE@XZ         100260e2 f   KPlayer.obj
 0001:000251eb       ??1KPlayer@@QAE@XZ         100261eb f   KPlayer.obj
 0001:00025281       ?Release@KPlayer@@QAEXXZ   10026281 f   KPlayer.obj
 0001:00025636       ?SetPlayerIndex@KPlayer@@QAEXH@Z 10026636 f   KPlayer.obj
 0001:0002565e       ?GetPlayerIndex@KPlayer@@QAEHXZ 1002665e f   KPlayer.obj
 0001:0002566f       ?Active@KPlayer@@QAEXXZ    1002666f f   KPlayer.obj
 0001:000257ab       ?ProcessMsg@KPlayer@@QAEXPAVKWorldMsgNode@@@Z 100267ab f   KPlayer.obj
 0001:000257c3       ?IsWaitingRemove@KPlayer@@QAEHXZ 100267c3 f   KPlayer.obj
 0001:000257e7       ?WaitForRemove@KPlayer@@QAEXXZ 100267e7 f   KPlayer.obj
 0001:000257ff       ?IsLoginTimeOut@KPlayer@@QAEHXZ 100267ff f   KPlayer.obj
 0001:00025859       ?LoginTimeOut@KPlayer@@QAEXXZ 10026859 f   KPlayer.obj
 0001:00025879       ?Save@KPlayer@@QAEHXZ      10026879 f   KPlayer.obj
 0001:000258eb       ?CanSave@KPlayer@@QAEHXZ   100268eb f   KPlayer.obj
 0001:0002598d       ?SendSyncData@KPlayer@@QAEHAAHAAI@Z 1002698d f   KPlayer.obj
 0001:00025d41       ?SendSyncData_Skill@KPlayer@@QAEHXZ 10026d41 f   KPlayer.obj
 0001:00025eec       ?SendCurNormalSyncData@KPlayer@@QAEXXZ 10026eec f   KPlayer.obj
 0001:00025fa3       ?QuitGame@KPlayer@@QAEXH@Z 10026fa3 f   KPlayer.obj
 0001:00025fb8       ?BuyItem@KPlayer@@QAEXPAE@Z 10026fb8 f   KPlayer.obj
 0001:000260eb       ?SellItem@KPlayer@@QAEXPAE@Z 100270eb f   KPlayer.obj
 0001:00026230       ?GetLoginRevivalPos@KPlayer@@QAEXPAH00@Z 10027230 f   KPlayer.obj
 0001:0002625d       ?GetDeathRevivalPos@KPlayer@@QAEXPAH00@Z 1002725d f   KPlayer.obj
 0001:0002628b       ?SetTimer@KPlayer@@QAEXKH@Z 1002728b f   KPlayer.obj
 0001:000262bd       ?CloseTimer@KPlayer@@QAEXXZ 100272bd f   KPlayer.obj
 0001:000262d6       ?SetRevivalPos@KPlayer@@QAEXHH@Z 100272d6 f   KPlayer.obj
 0001:0002636d       ?S2CSendTeamInfo@KPlayer@@QAEXPAE@Z 1002736d f   KPlayer.obj
 0001:0002660d       ?SendSelfTeamInfo@KPlayer@@QAEXXZ 1002760d f   KPlayer.obj
 0001:00026880       ?CreateTeam@KPlayer@@QAEHPAE@Z 10027880 f   KPlayer.obj
 0001:000268a6       ?SetTeamState@KPlayer@@QAEHPAE@Z 100278a6 f   KPlayer.obj
 0001:00026a3e       ?S2CSendAddTeamInfo@KPlayer@@QAEHPAE@Z 10027a3e f   KPlayer.obj
 0001:00026d76       ?AddTeamMember@KPlayer@@QAEHPAE@Z 10027d76 f   KPlayer.obj
 0001:00027441       ?LeaveTeam@KPlayer@@QAEXPAE@Z 10028441 f   KPlayer.obj
 0001:00027878       ?SendSystemMessage@KPlayer@@QAEXPBD0@Z 10028878 f   KPlayer.obj
 0001:000278bb       ?SendTeamMessage@KPlayer@@QAEXHPBD@Z 100288bb f   KPlayer.obj
 0001:000279b0       ?TeamKickOne@KPlayer@@QAEXPAE@Z 100289b0 f   KPlayer.obj
 0001:00027ca4       ?TeamChangeCaptain@KPlayer@@QAEHPAE@Z 10028ca4 f   KPlayer.obj
 0001:0002824c       ?TeamDismiss@KPlayer@@QAEXPAE@Z 1002924c f   KPlayer.obj
 0001:00028542       ?SetPK@KPlayer@@QAEXPAE@Z  10029542 f   KPlayer.obj
 0001:0002859b       ?SendFactionData@KPlayer@@AAEXXZ 1002959b f   KPlayer.obj
 0001:00028619       ?GetAboutPos@KPlayer@@QAEXPAUKMapPos@@@Z 10029619 f   KPlayer.obj
 0001:00028719       ?FindAroundPlayer@KPlayer@@QAEHK@Z 10029719 f   KPlayer.obj
 0001:00028845       ?FindAroundNpc@KPlayer@@QAEHK@Z 10029845 f   KPlayer.obj
 0001:0002896f       ?FindNearNpc@KPlayer@@QAEHHH@Z 1002996f f   KPlayer.obj
 0001:00028adb       ?FindNearNpc@KPlayer@@QAEHPBDH@Z 10029adb f   KPlayer.obj
 0001:00028c51       ?NewPlayerGetBaseAttribute@KPlayer@@QAEHH@Z 10029c51 f   KPlayer.obj
 0001:00028d4d       ?SyncCurrentBaseAttriibute@KPlayer@@AAEXHHH@Z 10029d4d f   KPlayer.obj
 0001:00028dae       ?AddBaseStrength@KPlayer@@AAEXH@Z 10029dae f   KPlayer.obj
 0001:00028e84       ?ResetBaseStrength@KPlayer@@AAEXH@Z 10029e84 f   KPlayer.obj
 0001:00028ed7       ?AddBaseDexterity@KPlayer@@AAEXH@Z 10029ed7 f   KPlayer.obj
 0001:00028fbd       ?ResetBaseDexterity@KPlayer@@AAEXH@Z 10029fbd f   KPlayer.obj
 0001:00029020       ?AddBaseVitality@KPlayer@@AAEXH@Z 1002a020 f   KPlayer.obj
 0001:0002916c       ?ResetBaseVitality@KPlayer@@AAEXH@Z 1002a16c f   KPlayer.obj
 0001:00029235       ?AddBaseEngergy@KPlayer@@AAEXH@Z 1002a235 f   KPlayer.obj
 0001:00029343       ?ResetBaseEngergy@KPlayer@@AAEXH@Z 1002a343 f   KPlayer.obj
 0001:000293cd       ?SetBaseStrength@KPlayer@@QAEXH@Z 1002a3cd f   KPlayer.obj
 0001:00029473       ?SetBaseDexterity@KPlayer@@QAEXH@Z 1002a473 f   KPlayer.obj
 0001:00029529       ?SetBaseVitality@KPlayer@@QAEXH@Z 1002a529 f   KPlayer.obj
 0001:00029644       ?SetBaseEngergy@KPlayer@@QAEXH@Z 1002a644 f   KPlayer.obj
 0001:00029720       ?ChangeCurStrength@KPlayer@@QAEXH@Z 1002a720 f   KPlayer.obj
 0001:0002974a       ?ChangeCurDexterity@KPlayer@@QAEXH@Z 1002a74a f   KPlayer.obj
 0001:000297e8       ?ChangeCurVitality@KPlayer@@QAEXH@Z 1002a7e8 f   KPlayer.obj
 0001:00029888       ?ChangeCurEngergy@KPlayer@@QAEXH@Z 1002a888 f   KPlayer.obj
 0001:000298e9       ?AddBaseLucky@KPlayer@@QAEXH@Z 1002a8e9 f   KPlayer.obj
 0001:00029925       ?SetNpcPhysicsDamage@KPlayer@@AAEXXZ 1002a925 f   KPlayer.obj
 0001:00029a3e       ?SetNpcAttackRating@KPlayer@@AAEXXZ 1002aa3e f   KPlayer.obj
 0001:00029a7c       ?SetNpcDefence@KPlayer@@AAEXXZ 1002aa7c f   KPlayer.obj
 0001:00029abc       ?AddExp@KPlayer@@QAEXHH@Z  1002aabc f   KPlayer.obj
 0001:0002a022       ?AddSelfExp@KPlayer@@QAEXHH@Z 1002b022 f   KPlayer.obj
 0001:0002a237       ?AddSkillExp@KPlayer@@QAEXH@Z 1002b237 f   KPlayer.obj
 0001:0002a4b6       ?DirectAddExp@KPlayer@@QAEXH@Z 1002b4b6 f   KPlayer.obj
 0001:0002a5a7       ?LevelUp@KPlayer@@QAEXXZ   1002b5a7 f   KPlayer.obj
 0001:0002acfc       ?UpdataCurData@KPlayer@@QAEXXZ 1002bcfc f   KPlayer.obj
 0001:0002b96c       ?ReCalcEquip@KPlayer@@QAEXXZ 1002c96c f   KPlayer.obj
 0001:0002ba2e       ?ReCalcState@KPlayer@@QAEXXZ 1002ca2e f   KPlayer.obj
 0001:0002ba53       ?AddLeadExp@KPlayer@@QAEXH@Z 1002ca53 f   KPlayer.obj
 0001:0002bb4a       ?SetLeadLevel@KPlayer@@QAEXH@Z 1002cb4a f   KPlayer.obj
 0001:0002bc14       ?LevelAddBaseLifeMax@KPlayer@@AAEXXZ 1002cc14 f   KPlayer.obj
 0001:0002bc97       ?LevelAddBaseStaminaMax@KPlayer@@AAEXXZ 1002cc97 f   KPlayer.obj
 0001:0002bd30       ?LevelAddBaseManaMax@KPlayer@@AAEXXZ 1002cd30 f   KPlayer.obj
 0001:0002bdb3       ?ChangePlayerCamp@KPlayer@@QAEXH@Z 1002cdb3 f   KPlayer.obj
 0001:0002bdec       ?AddFaction@KPlayer@@QAEHPAD@Z 1002cdec f   KPlayer.obj
 0001:0002be5f       ?AddFaction@KPlayer@@QAEHH@Z 1002ce5f f   KPlayer.obj
 0001:0002bed2       ?LeaveCurFaction@KPlayer@@QAEHXZ 1002ced2 f   KPlayer.obj
 0001:0002bf42       ?AddBaseAttribute@KPlayer@@QAEXPAE@Z 1002cf42 f   KPlayer.obj
 0001:0002bfe0       ?ResetProp@KPlayer@@QAEHXZ 1002cfe0 f   KPlayer.obj
 0001:0002c3ae       ?SetLevel@KPlayer@@QAEXH@Z 1002d3ae f   KPlayer.obj
 0001:0002ce78       ?ResetBaseAttribute@KPlayer@@QAEXPAE@Z 1002de78 f   KPlayer.obj
 0001:0002cefa       ?AddSkillPoint@KPlayer@@QAEXPAE@Z 1002defa f   KPlayer.obj
 0001:0002d3aa       ?IncSkillLevel@KPlayer@@QAEXHH@Z 1002e3aa f   KPlayer.obj
 0001:0002d75e       ?IncSkillExp@KPlayer@@QAEXHH@Z 1002e75e f   KPlayer.obj
 0001:0002d8ff       ?ServerPickUpItem@KPlayer@@QAEHPAE@Z 1002e8ff f   KPlayer.obj
 0001:0002e4ab       ?EatItem@KPlayer@@QAEXPAE@Z 1002f4ab f   KPlayer.obj
 0001:0002e4f9       ?ServerMoveItem@KPlayer@@QAEXPAE@Z 1002f4f9 f   KPlayer.obj
 0001:0002e68e       ?ServerThrowAwayItem@KPlayer@@QAEXPAE@Z 1002f68e f   KPlayer.obj
 0001:0002e9d3       ?TradeApplyOpen@KPlayer@@QAEXPAE@Z 1002f9d3 f   KPlayer.obj
 0001:0002ec2e       ?TradeApplyClose@KPlayer@@QAEXPAE@Z 1002fc2e f   KPlayer.obj
 0001:0002ec58       ?TradeApplyStart@KPlayer@@QAEXPAE@Z 1002fc58 f   KPlayer.obj
 0001:0002ed77       ?TradeMoveMoney@KPlayer@@QAEXPAE@Z 1002fd77 f   KPlayer.obj
 0001:0002ee01       ?TradeDecision@KPlayer@@QAEXPAE@Z 1002fe01 f   KPlayer.obj
 0001:0002f9ed       ?TradeFolkGameDecision@KPlayer@@QAEXE@Z 100309ed f   KPlayer.obj
 0001:0002ff9b       ?c2sTradeReplyStart@KPlayer@@QAEXPAE@Z 10030f9b f   KPlayer.obj
 0001:000308e7       ?SyncTradeState@KPlayer@@QAEXHH@Z 100318e7 f   KPlayer.obj
 0001:00030a23       ?SendEquipItemInfo@KPlayer@@QAEXH@Z 10031a23 f   KPlayer.obj
 0001:00030caf       ?SparApplyStart@KPlayer@@QAEXPAE@Z 10031caf f   KPlayer.obj
 0001:00030d42       ?UseTownPortal@KPlayer@@QAEHXZ 10031d42 f   KPlayer.obj
 0001:00030fb8       ?BackToTownPortal@KPlayer@@QAEHXZ 10031fb8 f   KPlayer.obj
 0001:0003106b       ?Revive@KPlayer@@QAEXH@Z   1003206b f   KPlayer.obj
 0001:00031221       ?RestoreLiveData@KPlayer@@QAEXXZ 10032221 f   KPlayer.obj
 0001:00031246       ?Pay@KPlayer@@QAEHH@Z      10032246 f   KPlayer.obj
 0001:0003126f       ?PrePay@KPlayer@@QAEHH@Z   1003226f f   KPlayer.obj
 0001:000312ab       ?Earn@KPlayer@@QAEHH@Z     100322ab f   KPlayer.obj
 0001:000312d6       ?LaunchPlayer@KPlayer@@QAEXXZ 100322d6 f   KPlayer.obj
 0001:00031453       ?ExecuteScript@KPlayer@@QAEHPAD0H@Z 10032453 f   KPlayer.obj
 0001:000314a2       ?ExecuteScript@KPlayer@@QAEHKPADH@Z 100324a2 f   KPlayer.obj
 0001:0003189e       ?ExecuteScript@KPlayer@@QAEHKPAD0@Z 1003289e f   KPlayer.obj
 0001:00031cdb       ?ExecuteScript@KPlayer@@QAEHPAD00@Z 10032cdb f   KPlayer.obj
 0001:00031d32       ?ExecuteScript2Param@KPlayer@@QAEHPAD0HHH@Z 10032d32 f   KPlayer.obj
 0001:00031d91       ?ExecuteScript2Param@KPlayer@@QAEHKPADHHH@Z 10032d91 f   KPlayer.obj
 0001:00031f86       ?ExecuteScript3Param@KPlayer@@QAEHPAD0HHHH@Z 10032f86 f   KPlayer.obj
 0001:00031fe9       ?ExecuteScript3Param@KPlayer@@QAEHKPADHHHH@Z 10032fe9 f   KPlayer.obj
 0001:000321e1       ?DoScript@KPlayer@@QAEHPAD@Z 100331e1 f   KPlayer.obj
 0001:000323bb       ?DoScriptAction@KPlayer@@QAEXPAUPLAYER_SCRIPTACTION_SYNC@@@Z 100333bb f   KPlayer.obj
 0001:00032430       ?ProcessPlayerSelectFromUI@KPlayer@@QAEXPAE@Z 10033430 f   KPlayer.obj
 0001:00032521       ?GetFaction@KPlayer@@QAEXPAD@Z 10033521 f   KPlayer.obj
 0001:00032540       ?GetFactionName@KPlayer@@QAEXPAD@Z 10033540 f   KPlayer.obj
 0001:0003255f       ?GetFactionCamp@KPlayer@@QAEHXZ 1003355f f   KPlayer.obj
 0001:00032578       ?GetFactionNo@KPlayer@@QAEHXZ 10033578 f   KPlayer.obj
 0001:00032591       ?S2CExecuteScript@KPlayer@@AAEXPAD0@Z 10033591 f   KPlayer.obj
 0001:000326ad       ?DialogNpc@KPlayer@@QAEXPAE@Z 100336ad f   KPlayer.obj
 0001:00032786       ?CheckTrading@KPlayer@@QAEH_N@Z 10033786 f   KPlayer.obj
 0001:000327d4       ?SetFirstDamage@KPlayer@@QAEXXZ 100337d4 f   KPlayer.obj
 0001:0003296a       ?SetFirstMagic@KPlayer@@QAEXXZ 1003396a f   KPlayer.obj
 0001:00032b0a       ?SetBaseAttackRating@KPlayer@@QAEXXZ 10033b0a f   KPlayer.obj
 0001:00032b3a       ?SetBaseDefence@KPlayer@@QAEXXZ 10033b3a f   KPlayer.obj
 0001:00032b66       ?SetBaseResistData@KPlayer@@QAEXXZ 10033b66 f   KPlayer.obj
 0001:00032d65       ?SetBaseSpeedAndRadius@KPlayer@@QAEXXZ 10033d65 f   KPlayer.obj
 0001:00032e06       ?SetNpcDamageAttrib@KPlayer@@QAEXXZ 10033e06 f   KPlayer.obj
 0001:00032e19       ?TobeExchangeServer@KPlayer@@QAEXKHH@Z 10033e19 f   KPlayer.obj
 0001:00032e71       ?IsExchangingServer@KPlayer@@QAEHXZ 10033e71 f   KPlayer.obj
 0001:00032e85       ?SetNumImg@KPlayer@@QAEXH@Z 10033e85 f   KPlayer.obj
 0001:00032eaa       ?SetLockMove@KPlayer@@QAEXPAULockMoveItem@@@Z 10033eaa f   KPlayer.obj
 0001:00032f27       ?SetLockState@KPlayer@@QAEXH@Z 10033f27 f   KPlayer.obj
 0001:00033015       ?GetLockState@KPlayer@@QAEHXZ 10034015 f   KPlayer.obj
 0001:00033029       ?SetEquipExpandTime@KPlayer@@QAEXH@Z 10034029 f   KPlayer.obj
 0001:000330ce       ?SetExpandBoxNum@KPlayer@@QAEXH@Z 100340ce f   KPlayer.obj
 0001:00033173       ?SetLastNetOperationTime@KPlayer@@QAEXH@Z 10034173 f   KPlayer.obj
 0001:00033215       ?CreateTong@KPlayer@@QAEHHPAD@Z 10034215 f   KPlayer.obj
 0001:00033238       ?RepairItem@KPlayer@@QAEXK@Z 10034238 f   KPlayer.obj
 0001:00033529       ?SetExtPoint@KPlayer@@QAEXHH@Z 10034529 f   KPlayer.obj
 0001:000335a5       ?AddExtPoint@KPlayer@@QAEXHH@Z 100345a5 f   KPlayer.obj
 0001:0003362b       ?GetExtPoint@KPlayer@@QAEHXZ 1003462b f   KPlayer.obj
 0001:0003363f       ?GetExtPointChanged@KPlayer@@QAEHXZ 1003463f f   KPlayer.obj
 0001:00033653       ?PayExtPoint@KPlayer@@QAEHH@Z 10034653 f   KPlayer.obj
 0001:000336fc       ?AutoLoseItem@KPlayer@@QAEXK@Z 100346fc f   KPlayer.obj
 0001:00033a9c       ?PlayerBreakItem@KPlayer@@QAEXKHH@Z 10034a9c f   KPlayer.obj
 0001:00033eaa       ?TradeStart@KPlayer@@QAEXPAE@Z 10034eaa f   KPlayer.obj
 0001:000341eb       ?SendTradeCancel@KPlayer@@QAEXXZ 100351eb f   KPlayer.obj
 0001:000342a1       ?SendTradeItem@KPlayer@@QAEHH@Z 100352a1 f   KPlayer.obj
 0001:000346ca       ?SendTradeCount@KPlayer@@QAEXH@Z 100356ca f   KPlayer.obj
 0001:000347e9       ?GetTradeCount@KPlayer@@QAEHXZ 100357e9 f   KPlayer.obj
 0001:0003486c       ?ForbidEnmity@KPlayer@@QAEXH@Z 1003586c f   KPlayer.obj
 0001:00034885       ?ForbidTrade@KPlayer@@QAEXH@Z 10035885 f   KPlayer.obj
 0001:000348c0       ?ForbidUseTownP@KPlayer@@QAEXH@Z 100358c0 f   KPlayer.obj
 0001:000348d9       ?ForbidName@KPlayer@@QAEXH@Z 100358d9 f   KPlayer.obj
 0001:00034910       ?ForbidCamp@KPlayer@@QAEXH@Z 10035910 f   KPlayer.obj
 0001:00034929       ?SendMSGroup@KPlayer@@QAEXXZ 10035929 f   KPlayer.obj
 0001:00034997       ?SendMSRank@KPlayer@@QAEXPAUTMissionLadderSelfInfo@@PAUTMissionLadderInfo@@@Z 10035997 f   KPlayer.obj
 0001:00034a60       ?SetSavePw@KPlayer@@QAEXPADH@Z 10035a60 f   KPlayer.obj
 0001:00034aef       ?CheckSavePw@KPlayer@@QAEHPBD@Z 10035aef f   KPlayer.obj
 0001:00034b63       ?Compound@KPlayer@@QAEHH@Z 10035b63 f   KPlayer.obj
 0001:00034f53       ?Enchase@KPlayer@@QAEHHHHH@Z 10035f53 f   KPlayer.obj
 0001:00035650       ??0KPlayerTeam@@QAE@XZ     10036650 f i KPlayer.obj
 0001:00035670       ??0KPlayerAI@@QAE@XZ       10036670 f i KPlayer.obj
 0001:00035690       ??1KPlayerAI@@QAE@XZ       10036690 f i KPlayer.obj
 0001:000356b0       ??0KEquipmentArray@@QAE@XZ 100366b0 f i KPlayer.obj
 0001:000356d0       ??1KEquipmentArray@@QAE@XZ 100366d0 f i KPlayer.obj
 0001:000356f0       ??0KPlayerChatRoom@@QAE@XZ 100366f0 f i KPlayer.obj
 0001:00035710       ?Release@LockMoveItem@@QAEXXZ 10036710 f i KPlayer.obj
 0001:00035730       ?SetOwner@KTimerTaskFun@@QAEXPAX@Z 10036730 f i KPlayer.obj
 0001:00035750       ??0PLAYER_SEND_TEAM_INFO_DATA@@QAE@XZ 10036750 f i KPlayer.obj
 0001:00035770       ??0PLAYER_SEND_SELF_TEAM_INFO_DATA@@QAE@XZ 10036770 f i KPlayer.obj
 0001:000357b0       ??0PLAYER_TEAM_ADD_MEMBER_DATA@@QAE@XZ 100367b0 f i KPlayer.obj
 0001:000357e0       ?GetSkillIdxLevel@KSkillList@@QAEHH@Z 100367e0 f i KPlayer.obj
 0001:00035810       ?GetSkillReqLevel@KSkill@@QBEGXZ 10036810 f i KPlayer.obj
 0001:00035830       ?GetSkillMaxLevel@KSkillManager@@QAEKH@Z 10036830 f i KPlayer.obj
 0001:00035870       ?GetID@KItem@@QBEKXZ       10036870 f i KPlayer.obj
 0001:00035890       ?GetLockTrade@KItem@@QAEHXZ 10036890 f i KPlayer.obj
 0001:000358b0       ?GetStackNum@KItem@@QBEHXZ 100368b0 f i KPlayer.obj
 0001:000358e0       ?IsStack@KItem@@QBEHXZ     100368e0 f i KPlayer.obj
 0001:00035900       ?GetPlayerID@KPlayer@@QAEKXZ 10036900 f i KPlayer.obj
 0001:00035920       ?GetObjPickExecute@KObj@@QAEHXZ 10036920 f i KPlayer.obj
 0001:00035940       ?IsTemp@KItem@@QBEHXZ      10036940 f i KPlayer.obj
 0001:00035960       ?IsLock@KLockItem@@QAEHXZ  10036960 f i KPlayer.obj
 0001:00035980       ?GetLock@KItem@@QAEPAUKLockItem@@XZ 10036980 f i KPlayer.obj
 0001:000359a0       ?GetGenre@KItem@@QBEHXZ    100369a0 f i KPlayer.obj
 0001:000359c0       ?GetWidth@KItem@@QBEHXZ    100369c0 f i KPlayer.obj
 0001:000359e0       ?GetHeight@KItem@@QBEHXZ   100369e0 f i KPlayer.obj
 0001:00035a00       ?GetName@KItem@@QBEPADXZ   10036a00 f i KPlayer.obj
 0001:00035a20       ?GetObjIdx@KItem@@QAEHXZ   10036a20 f i KPlayer.obj
 0001:00035a40       ?GetLockDrop@KItem@@QAEHXZ 10036a40 f i KPlayer.obj
 0001:00035a70       ?GetLockMove@KPlayer@@QAEPAULockMoveItem@@XZ 10036a70 f i KPlayer.obj
 0001:00035a90       ?GetNature@KItem@@QBEHXZ   10036a90 f i KPlayer.obj
 0001:00035ab0       ?GetSeries@KItem@@QBEHXZ   10036ab0 f i KPlayer.obj
 0001:00035ad0       ?GetLevel@KItem@@QAEHXZ    10036ad0 f i KPlayer.obj
 0001:00035af0       ??_GKLuaScript@@UAEPAXI@Z  10036af0 f i KPlayer.obj
 0001:00035af0       ??_EKLuaScript@@UAEPAXI@Z  10036af0 f i KPlayer.obj
 0001:00035b20       ?GetDurability@KItem@@QAEHXZ 10036b20 f i KPlayer.obj
 0001:00035b40       ?SetStackNum@KItem@@QAEHH@Z 10036b40 f i KPlayer.obj
 0001:00035bc0       ?Release@PLAYERTRADE@@QAEXXZ 10036bc0 f i KPlayer.obj
 0001:00035bf0       ?GetTradePrice@KItem@@QBEHXZ 10036bf0 f i KPlayer.obj
 0001:00035c10       ?GetExpireTime@KItem@@QAEHXZ 10036c10 f i KPlayer.obj
 0001:00035c40       ?GetParam@KItem@@QAEHXZ    10036c40 f i KPlayer.obj
 0001:00035c60       ?GetFortune@KItem@@QAEHXZ  10036c60 f i KPlayer.obj
 0001:00035c80       ?GetItemParam@KItem@@QAEPAUKItemGeneratorParam@@XZ 10036c80 f i KPlayer.obj
 0001:00035ca0       ?Release@KPlayerChat@@QAEXXZ 10036ca0 f   KPlayerChat.obj
 0001:00035cab       ?SendSystemInfo@KPlayerChat@@SAXHHPAD0HH@Z 10036cab f   KPlayerChat.obj
 0001:00035eb0       ?SendGlobalSystemInfo@KPlayerChat@@SAXPAD0H@Z 10036eb0 f   KPlayerChat.obj
 0001:00035fa5       ?SendInfoToGM@KPlayerChat@@SAXPAD00H@Z 10036fa5 f   KPlayerChat.obj
 0001:000360b9       ?SendInfoToIP@KPlayerChat@@SAXKKPAD00H@Z 100370b9 f   KPlayerChat.obj
 0001:000361c3       ?MakeBrother@KPlayerChat@@SAXABV?$list@V?$basic_string@DU?$char_traits@D@std@@V?$allocator@D@2@@std@@V?$allocator@V?$basic_string@DU?$char_traits@D@std@@V?$allocator@D@2@@std@@@2@@std@@@Z 100371c3 f   KPlayerChat.obj
 0001:000363a4       ?MakeEnemy@KPlayerChat@@SAXPAD0@Z 100373a4 f   KPlayerChat.obj
 0001:000364ae       ?MakeMate@KPlayerChat@@SAXPAD0@Z 100374ae f   KPlayerChat.obj
 0001:000365e0       ??0?$basic_string@DU?$char_traits@D@std@@V?$allocator@D@2@@std@@QAE@ABV01@@Z 100375e0 f i KPlayerChat.obj
 0001:00036620       ??1?$basic_string@DU?$char_traits@D@std@@V?$allocator@D@2@@std@@QAE@XZ 10037620 f i KPlayerChat.obj
 0001:00036640       ?c_str@?$basic_string@DU?$char_traits@D@std@@V?$allocator@D@2@@std@@QBEPBDXZ 10037640 f i KPlayerChat.obj
 0001:00036670       ?size@?$basic_string@DU?$char_traits@D@std@@V?$allocator@D@2@@std@@QBEIXZ 10037670 f i KPlayerChat.obj
 0001:00036690       ?begin@?$list@V?$basic_string@DU?$char_traits@D@std@@V?$allocator@D@2@@std@@V?$allocator@V?$basic_string@DU?$char_traits@D@std@@V?$allocator@D@2@@std@@@2@@std@@QBE?AVconst_iterator@12@XZ 10037690 f i KPlayerChat.obj
 0001:000366d0       ?end@?$list@V?$basic_string@DU?$char_traits@D@std@@V?$allocator@D@2@@std@@V?$allocator@V?$basic_string@DU?$char_traits@D@std@@V?$allocator@D@2@@std@@@2@@std@@QBE?AVconst_iterator@12@XZ 100376d0 f i KPlayerChat.obj
 0001:00036700       ?size@?$list@V?$basic_string@DU?$char_traits@D@std@@V?$allocator@D@2@@std@@V?$allocator@V?$basic_string@DU?$char_traits@D@std@@V?$allocator@D@2@@std@@@2@@std@@QBEIXZ 10037700 f i KPlayerChat.obj
 0001:00036720       ??Dconst_iterator@?$list@V?$basic_string@DU?$char_traits@D@std@@V?$allocator@D@2@@std@@V?$allocator@V?$basic_string@DU?$char_traits@D@std@@V?$allocator@D@2@@std@@@2@@std@@QBEABV?$basic_string@DU?$char_traits@D@std@@V?$allocator@D@2@@2@XZ 10037720 f i KPlayerChat.obj
 0001:00036740       ??Econst_iterator@?$list@V?$basic_string@DU?$char_traits@D@std@@V?$allocator@D@2@@std@@V?$allocator@V?$basic_string@DU?$char_traits@D@std@@V?$allocator@D@2@@std@@@2@@std@@QAE?AV012@H@Z 10037740 f i KPlayerChat.obj
 0001:00036770       ??9const_iterator@?$list@V?$basic_string@DU?$char_traits@D@std@@V?$allocator@D@2@@std@@V?$allocator@V?$basic_string@DU?$char_traits@D@std@@V?$allocator@D@2@@std@@@2@@std@@QBE_NABV012@@Z 10037770 f i KPlayerChat.obj
 0001:000367a0       ?assign@?$basic_string@DU?$char_traits@D@std@@V?$allocator@D@2@@std@@QAEAAV12@ABV12@II@Z 100377a0 f i KPlayerChat.obj
 0001:00036900       ?copy@?$char_traits@D@std@@SAPADPADPBDI@Z 10037900 f i KPlayerChat.obj
 0001:00036920       ?_Nullstr@?$basic_string@DU?$char_traits@D@std@@V?$allocator@D@2@@std@@CAPBDXZ 10037920 f i KPlayerChat.obj
 0001:00036930       ?_Tidy@?$basic_string@DU?$char_traits@D@std@@V?$allocator@D@2@@std@@AAEX_N@Z 10037930 f i KPlayerChat.obj
 0001:000369f0       ?_Next@_Acc@?$list@V?$basic_string@DU?$char_traits@D@std@@V?$allocator@D@2@@std@@V?$allocator@V?$basic_string@DU?$char_traits@D@std@@V?$allocator@D@2@@std@@@2@@std@@SAAAPAU_Node@23@PAU423@@Z 100379f0 f i KPlayerChat.obj
 0001:00036a00       ?_Value@_Acc@?$list@V?$basic_string@DU?$char_traits@D@std@@V?$allocator@D@2@@std@@V?$allocator@V?$basic_string@DU?$char_traits@D@std@@V?$allocator@D@2@@std@@@2@@std@@SAAAV?$basic_string@DU?$char_traits@D@std@@V?$allocator@D@2@@3@PAU_Node@23@@Z 10037a00 f i KPlayerChat.obj
 0001:00036a10       ??0const_iterator@?$list@V?$basic_string@DU?$char_traits@D@std@@V?$allocator@D@2@@std@@V?$allocator@V?$basic_string@DU?$char_traits@D@std@@V?$allocator@D@2@@std@@@2@@std@@QAE@PAU_Node@12@@Z 10037a10 f i KPlayerChat.obj
 0001:00036a30       ??Econst_iterator@?$list@V?$basic_string@DU?$char_traits@D@std@@V?$allocator@D@2@@std@@V?$allocator@V?$basic_string@DU?$char_traits@D@std@@V?$allocator@D@2@@std@@@2@@std@@QAEAAV012@XZ 10037a30 f i KPlayerChat.obj
 0001:00036a60       ??8const_iterator@?$list@V?$basic_string@DU?$char_traits@D@std@@V?$allocator@D@2@@std@@V?$allocator@V?$basic_string@DU?$char_traits@D@std@@V?$allocator@D@2@@std@@@2@@std@@QBE_NABV012@@Z 10037a60 f i KPlayerChat.obj
 0001:00036a80       ?erase@?$basic_string@DU?$char_traits@D@std@@V?$allocator@D@2@@std@@QAEAAV12@II@Z 10037a80 f i KPlayerChat.obj
 0001:00036b30       ?move@?$char_traits@D@std@@SAPADPADPBDI@Z 10037b30 f i KPlayerChat.obj
 0001:00036b50       ?capacity@?$basic_string@DU?$char_traits@D@std@@V?$allocator@D@2@@std@@QBEIXZ 10037b50 f i KPlayerChat.obj
 0001:00036b70       ?_Eos@?$basic_string@DU?$char_traits@D@std@@V?$allocator@D@2@@std@@AAEXI@Z 10037b70 f i KPlayerChat.obj
 0001:00036bb0       ?assign@?$char_traits@D@std@@SAXAADABD@Z 10037bb0 f i KPlayerChat.obj
 0001:00036bc0       ?_Grow@?$basic_string@DU?$char_traits@D@std@@V?$allocator@D@2@@std@@AAE_NI_N@Z 10037bc0 f i KPlayerChat.obj
 0001:00036d00       ?_Refcnt@?$basic_string@DU?$char_traits@D@std@@V?$allocator@D@2@@std@@AAEAAEPBD@Z 10037d00 f i KPlayerChat.obj
 0001:00036d20       ?deallocate@?$allocator@D@std@@QAEXPAXI@Z 10037d20 f i KPlayerChat.obj
 0001:00036d40       ?max_size@?$basic_string@DU?$char_traits@D@std@@V?$allocator@D@2@@std@@QBEIXZ 10037d40 f i KPlayerChat.obj
 0001:00036d80       ?_Copy@?$basic_string@DU?$char_traits@D@std@@V?$allocator@D@2@@std@@AAEXI@Z 10037d80 f i KPlayerChat.obj
 0001:00036ec0       ?_Split@?$basic_string@DU?$char_traits@D@std@@V?$allocator@D@2@@std@@AAEXXZ 10037ec0 f i KPlayerChat.obj
 0001:00036f30       ?assign@?$basic_string@DU?$char_traits@D@std@@V?$allocator@D@2@@std@@QAEAAV12@PBD@Z 10037f30 f i KPlayerChat.obj
 0001:00036f60       ?length@?$char_traits@D@std@@SAIPBD@Z 10037f60 f i KPlayerChat.obj
 0001:00036f80       ?assign@?$basic_string@DU?$char_traits@D@std@@V?$allocator@D@2@@std@@QAEAAV12@PBDI@Z 10037f80 f i KPlayerChat.obj
 0001:00036fd0       ?allocate@?$allocator@D@std@@QAEPADIPBX@Z 10037fd0 f i KPlayerChat.obj
 0001:00036ff0       ?max_size@?$allocator@D@std@@QBEIXZ 10037ff0 f i KPlayerChat.obj
 0001:00037020       ??8std@@YA_NABV?$allocator@D@0@0@Z 10038020 f i KPlayerChat.obj
 0001:00037030       ?_Allocate@std@@YAPADHPAD@Z 10038030 f i KPlayerChat.obj
 0001:00037075       ?Active@KPlayerChatRoom@@QAEXXZ 10038075 f   KPlayerChatRoom.obj
 0001:00037171       ?Init@KPlayerChatRoom@@QAEXH@Z 10038171 f   KPlayerChatRoom.obj
 0001:0003718f       ?Release@KPlayerChatRoom@@QAEXXZ 1003818f f   KPlayerChatRoom.obj
 0001:000371b7       ?CreateChatRoom@KPlayerChatRoom@@QAEHPADHHH@Z 100381b7 f   KPlayerChatRoom.obj
 0001:00037401       ?AddTime@KPlayerChatRoom@@QAEHPBDH@Z 10038401 f   KPlayerChatRoom.obj
 0001:00037420       ?RequestList@KPlayerChatRoom@@QAEHXZ 10038420 f   KPlayerChatRoom.obj
 0001:00037469       ?JoinRoom@KPlayerChatRoom@@QAEHHH@Z 10038469 f   KPlayerChatRoom.obj
 0001:00037573       ?LeaveRoom@KPlayerChatRoom@@QAEHXZ 10038573 f   KPlayerChatRoom.obj
 0001:000375cc       ?DeleteRoom@KPlayerChatRoom@@QAEHXZ 100385cc f   KPlayerChatRoom.obj
 0001:0003762e       ?ForceLeaveRoom@KPlayerChatRoom@@QAEHXZ 1003862e f   KPlayerChatRoom.obj
 0001:00037687       ?Roomcommand@KPlayerChatRoom@@QAEHH@Z 10038687 f   KPlayerChatRoom.obj
 0001:0003780a       ??0KChatRoom@@QAE@XZ       1003880a f   KPlayerChatRoom.obj
 0001:00037820       ?Release@KChatRoom@@QAEXXZ 10038820 f   KPlayerChatRoom.obj
 0001:000378ca       ?RemoveLeftRoom@KChatRoom@@QAEXXZ 100388ca f   KPlayerChatRoom.obj
 0001:000379f1       ?DeleteRoom@KChatRoom@@QAEXXZ 100389f1 f   KPlayerChatRoom.obj
 0001:00037b2b       ?SetIndex@KChatRoom@@QAEXH@Z 10038b2b f   KPlayerChatRoom.obj
 0001:00037b40       ?FindFree@KChatRoom@@QAEHXZ 10038b40 f   KPlayerChatRoom.obj
 0001:00037b7c       ?FindFreeBlackList@KChatRoom@@QAEHXZ 10038b7c f   KPlayerChatRoom.obj
 0001:00037bc0       ?CheckBlackList@KChatRoom@@QAEHPBD@Z 10038bc0 f   KPlayerChatRoom.obj
 0001:00037c13       ?CheckMemberName@KChatRoom@@QAEHPBD@Z 10038c13 f   KPlayerChatRoom.obj
 0001:00037c85       ?OpenGame@KChatRoom@@QAEHHH@Z 10038c85 f   KPlayerChatRoom.obj
 0001:00037d2d       ?AddParam@KChatRoom@@QAEHPBDHH@Z 10038d2d f   KPlayerChatRoom.obj
 0001:00037e12       ?CreateChatRoom@KChatRoom@@QAEHHPBDHHH@Z 10038e12 f   KPlayerChatRoom.obj
 0001:00037e84       ?MsgAll@KChatRoom@@QAEXPBD@Z 10038e84 f   KPlayerChatRoom.obj
 0001:00037ee7       ?Dice@KChatRoom@@QAEXH@Z   10038ee7 f   KPlayerChatRoom.obj
 0001:000382bb       ?Init@KChatRoomSet@@QAEXXZ 100392bb f   KPlayerChatRoom.obj
 0001:000382fa       ?FindFree@KChatRoomSet@@AAEHXZ 100392fa f   KPlayerChatRoom.obj
 0001:0003839a       ?CreateChatRoom@KChatRoomSet@@QAEHHPBDHHH@Z 1003939a f   KPlayerChatRoom.obj
 0001:0003843b       ?AddTime@KChatRoomSet@@QAEHPBDH@Z 1003943b f   KPlayerChatRoom.obj
 0001:00038489       ?CheckHost@KChatRoomSet@@AAEHPBD@Z 10039489 f   KPlayerChatRoom.obj
 0001:000384db       ?FindName@KChatRoomSet@@AAEHPBD@Z 100394db f   KPlayerChatRoom.obj
 0001:0003852c       ?RequestRoomList@KChatRoomSet@@QAEHH@Z 1003952c f   KPlayerChatRoom.obj
 0001:000386d2       ?RequestList@KChatRoomSet@@QAEHHH@Z 100396d2 f   KPlayerChatRoom.obj
 0001:000389ba       ?JoinRoom@KChatRoomSet@@QAEHHHH@Z 100399ba f   KPlayerChatRoom.obj
 0001:00038d6a       ?LeaveRoom@KChatRoomSet@@QAEHHH@Z 10039d6a f   KPlayerChatRoom.obj
 0001:00039221       ?DeleteRoom@KChatRoomSet@@QAEHHH@Z 1003a221 f   KPlayerChatRoom.obj
 0001:000392f9       ?ForceLeaveRoom@KChatRoomSet@@QAEHHH@Z 1003a2f9 f   KPlayerChatRoom.obj
 0001:0003941c       ?AddBlackList@KChatRoomSet@@QAEHHHH@Z 1003a41c f   KPlayerChatRoom.obj
 0001:000399b6       ?RemoveBlackList@KChatRoomSet@@QAEHHHH@Z 1003a9b6 f   KPlayerChatRoom.obj
 0001:00039aa8       ?ChangePw@KChatRoomSet@@QAEHHHH@Z 1003aaa8 f   KPlayerChatRoom.obj
 0001:00039b6b       ?OpenGame@KChatRoomSet@@QAEHHHH@Z 1003ab6b f   KPlayerChatRoom.obj
 0001:00039e12       ?Hight@KChatRoomSet@@QAEHHHH@Z 1003ae12 f   KPlayerChatRoom.obj
 0001:0003a006       ?Low@KChatRoomSet@@QAEHHHH@Z 1003b006 f   KPlayerChatRoom.obj
 0001:0003a200       ??0PLAYER_SEND_CHATROOM_STATE@@QAE@XZ 1003b200 f i KPlayerChatRoom.obj
 0001:0003a220       ??0PLAYER_REQUEST_CHATROOM_LIST@@QAE@XZ 1003b220 f i KPlayerChatRoom.obj
 0001:0003a240       ??0PLAYER_REQUEST_LIST@@QAE@XZ 1003b240 f i KPlayerChatRoom.obj
 0001:0003a29f       ?AddDBPlayer@KPlayer@@QAEHPADHPAK@Z 1003b29f f   KPlayerDBFuns.obj
 0001:0003a2ae       ?LoadDBPlayerInfo@KPlayer@@QAEHPAEAAHAAI@Z 1003b2ae f   KPlayerDBFuns.obj
 0001:0003a7b6       ?UpdateDBPlayerInfo@KPlayer@@QAEHPAE@Z 1003b7b6 f   KPlayerDBFuns.obj
 0001:0003a80f       ?LoadPlayerBaseInfo@KPlayer@@AAEHPAEAAPAEAAI@Z 1003b80f f   KPlayerDBFuns.obj
 0001:0003b008       ?LoadPlayerItemList@KPlayer@@AAEHPAEAAPAEAAI@Z 1003c008 f   KPlayerDBFuns.obj
 0001:0003b659       ?LoadPlayerFightSkillList@KPlayer@@AAEHPAEAAPAEAAI@Z 1003c659 f   KPlayerDBFuns.obj
 0001:0003b781       ?LoadPlayerStateSkillList@KPlayer@@AAEHPAEAAPAEAAI@Z 1003c781 f   KPlayerDBFuns.obj
 0001:0003b862       ?LoadPlayerTaskList@KPlayer@@AAEHPAEAAPAEAAI@Z 1003c862 f   KPlayerDBFuns.obj
 0001:0003baa8       ?SavePlayerBaseInfo@KPlayer@@AAEHPAE@Z 1003caa8 f   KPlayerDBFuns.obj
 0001:0003c09e       ?SavePlayerItemList@KPlayer@@AAEHPAE@Z 1003d09e f   KPlayerDBFuns.obj
 0001:0003c5b2       ?SavePlayerFightSkillList@KPlayer@@AAEHPAE@Z 1003d5b2 f   KPlayerDBFuns.obj
 0001:0003c656       ?SavePlayerStateSkillList@KPlayer@@AAEHPAE@Z 1003d656 f   KPlayerDBFuns.obj
 0001:0003c6fa       ?SavePlayerTaskList@KPlayer@@AAEHPAE@Z 1003d6fa f   KPlayerDBFuns.obj
 0001:0003c9b0       ?DBSetTongNameID@KPlayerTong@@QAEXK@Z 1003d9b0 f i KPlayerDBFuns.obj
 0001:0003c9e0       ?Clear@BuySellInfo@@QAEXXZ 1003d9e0 f i KPlayerDBFuns.obj
[...]
 0001:000506cf       _$E2                       100516cf f   KItemChangeRes.obj
 0001:000506de       _$E4                       100516de f   KItemChangeRes.obj
 0001:000506f0       _$E3                       100516f0 f   KItemChangeRes.obj
 0001:0004e5f0       _$E17                      1004f5f0 f   KItem.obj
 0001:0004e5ff       _$E14                      1004f5ff f   KItem.obj
 0001:0004e622       _$E16                      1004f622 f   KItem.obj
 0001:0004e634       _$E15                      1004f634 f   KItem.obj
 0001:00050655       _$E24                      10051655 f   KItem.obj
 0001:00050664       _$E23                      10051664 f   KItem.obj
 0001:0004b590       _$E7                       1004c590 f   KBuySell.obj
 0001:0004b59f       _$E4                       1004c59f f   KBuySell.obj
 0001:0004b5ae       _$E6                       1004c5ae f   KBuySell.obj
 0001:0004b5c0       _$E5                       1004c5c0 f   KBuySell.obj
 0001:00046eb0       _$E17                      10047eb0 f   KTongData.obj
 0001:00046eba       _$E16                      10047eba f   KTongData.obj
 0001:000473bd       _$E24                      100483bd f   KTongData.obj
 0001:000473cc       _$E23                      100483cc f   KTongData.obj
 0001:00042360       _$E5                       10043360 f   KPlayerTeam.obj
 0001:0004236a       _$E4                       1004336a f   KPlayerTeam.obj
 0001:00041ea0       _$E7                       10042ea0 f   KPlayerTask.obj
 0001:00041eaf       _$E4                       10042eaf f   KPlayerTask.obj
 0001:00041ebf       _$E6                       10042ebf f   KPlayerTask.obj
 0001:00041ed1       _$E5                       10042ed1 f   KPlayerTask.obj
 0001:00041ee1       _$E12                      10042ee1 f   KPlayerTask.obj
 0001:00041ef0       _$E9                       10042ef0 f   KPlayerTask.obj
 0001:00041f00       _$E11                      10042f00 f   KPlayerTask.obj
 0001:00041f12       _$E10                      10042f12 f   KPlayerTask.obj
 0001:00041f22       _$E17                      10042f22 f   KPlayerTask.obj
 0001:00041f31       _$E14                      10042f31 f   KPlayerTask.obj
 0001:00041f41       _$E16                      10042f41 f   KPlayerTask.obj
 0001:00041f53       _$E15                      10042f53 f   KPlayerTask.obj
 0001:00041f63       _$E22                      10042f63 f   KPlayerTask.obj
 0001:00041f72       _$E19                      10042f72 f   KPlayerTask.obj
 0001:00041f82       _$E21                      10042f82 f   KPlayerTask.obj
 0001:00041f94       _$E20                      10042f94 f   KPlayerTask.obj
 0001:00041fa4       _$E27                      10042fa4 f   KPlayerTask.obj
 0001:00041fb3       _$E24                      10042fb3 f   KPlayerTask.obj
 0001:00041fc3       _$E26                      10042fc3 f   KPlayerTask.obj
 0001:00041fd5       _$E25                      10042fd5 f   KPlayerTask.obj
 0001:00041fe5       _$E32                      10042fe5 f   KPlayerTask.obj
 0001:00041ff4       _$E29                      10042ff4 f   KPlayerTask.obj
 0001:00042004       _$E31                      10043004 f   KPlayerTask.obj
 0001:00042016       _$E30                      10043016 f   KPlayerTask.obj
 0001:0003f9e0       _$E19                      100409e0 f   KPlayerSet.obj
 0001:0003f9ef       _$E16                      100409ef f   KPlayerSet.obj
 0001:0003f9fe       _$E18                      100409fe f   KPlayerSet.obj
 0001:0003fa10       _$E17                      10040a10 f   KPlayerSet.obj
 0001:00041da2       _$E26                      10042da2 f   KPlayerSet.obj
 0001:00041db1       _$E25                      10042db1 f   KPlayerSet.obj
 0001:0003a260       _$E19                      1003b260 f   KPlayerDBFuns.obj
 0001:0003a26f       _$E16                      1003b26f f   KPlayerDBFuns.obj
 0001:0003a27e       _$E18                      1003b27e f   KPlayerDBFuns.obj
 0001:0003a290       _$E17                      1003b290 f   KPlayerDBFuns.obj
 0001:0003c983       _$E26                      1003d983 f   KPlayerDBFuns.obj
 0001:0003c992       _$E25                      1003d992 f   KPlayerDBFuns.obj
 0001:00037050       _$E5                       10038050 f   KPlayerChatRoom.obj
 0001:0003705a       _$E4                       1003805a f   KPlayerChatRoom.obj
 0001:000365b8       _$E27                      100375b8 f   KPlayerChat.obj
 0001:000365c7       _$E26                      100375c7 f   KPlayerChat.obj
 0001:00025080       _$E19                      10026080 f   KPlayer.obj
 0001:0002508f       _$E16                      1002608f f   KPlayer.obj
 0001:000250b2       _$E18                      100260b2 f   KPlayer.obj
 0001:000250c4       _$E17                      100260c4 f   KPlayer.obj
 0001:0003562c       _$E26                      1003662c f   KPlayer.obj
 0001:0003563b       _$E25                      1003663b f   KPlayer.obj
 0001:000229b0       _$E7                       100239b0 f   KNpcSet.obj
 0001:000229bf       _$E4                       100239bf f   KNpcSet.obj
 0001:000229ce       _$E6                       100239ce f   KNpcSet.obj
 0001:000229e0       _$E5                       100239e0 f   KNpcSet.obj
 0001:0001f7a0       _$E7                       100207a0 f   KNpcAttribModify.obj
 0001:0001f7af       _$E4                       100207af f   KNpcAttribModify.obj
 0001:0001f7be       _$E6                       100207be f   KNpcAttribModify.obj
 0001:0001f7d0       _$E5                       100207d0 f   KNpcAttribModify.obj
 0001:0001d350       _$E5                       1001e350 f   KNpcAI.obj
 0001:0001d35a       _$E4                       1001e35a f   KNpcAI.obj
 0001:0000e460       _$E19                      1000f460 f   KNpc.obj
 0001:0000e46f       _$E16                      1000f46f f   KNpc.obj
 0001:0000e492       _$E18                      1000f492 f   KNpc.obj
 0001:0000e4a4       _$E17                      1000f4a4 f   KNpc.obj
 0001:0001cba0       _$E26                      1001dba0 f   KNpc.obj
 0001:0001cbaf       _$E25                      1001dbaf f   KNpc.obj
 0001:0000db30       _$E17                      1000eb30 f   KGameData.obj
 0001:0000db3a       _$E16                      1000eb3a f   KGameData.obj
 0001:0000e3ef       _$E24                      1000f3ef f   KGameData.obj
 0001:0000e3fe       _$E23                      1000f3fe f   KGameData.obj
 0001:00005c50       _$E7                       10006c50 f   KSkillManager.obj
 0001:00005c5f       _$E4                       10006c5f f   KSkillManager.obj
 0001:00005c6e       _$E6                       10006c6e f   KSkillManager.obj
 0001:00005c80       _$E5                       10006c80 f   KSkillManager.obj
 0001:00005acb       _$E21                      10006acb f   KSkillList.obj
 0001:00005ada       _$E20                      10006ada f   KSkillList.obj
 0001:00004370       _$E5                       10005370 f   KMissleSet.obj
 0001:0000437f       _$E2                       1000537f f   KMissleSet.obj
 0001:0000438e       _$E4                       1000538e f   KMissleSet.obj
 0001:000043a0       _$E3                       100053a0 f   KMissleSet.obj
 0001:00000fb0       _$E7                       10001fb0 f   KMissle.obj
 0001:00000fbf       _$E4                       10001fbf f   KMissle.obj
 0001:00000fe2       _$E6                       10001fe2 f   KMissle.obj
 0001:00000ff4       _$E5                       10001ff4 f   KMissle.obj
 0001:00001012       _$E12                      10002012 f   KMissle.obj
 0001:00001021       _$E9                       10002021 f   KMissle.obj
 0001:00001044       _$E11                      10002044 f   KMissle.obj
 0001:00001056       _$E10                      10002056 f   KMissle.obj
 0001:00092108       _$E19                      10093108 f   common:Exception.obj
 0001:00092117       _$E18                      10093117 f   common:Exception.obj
 0001:0008f37b       _$E23                      1009037b f   common:Buffer.obj
 0001:0008f38a       _$E22                      1009038a f   common:Buffer.obj
 0001:00092509       ?_CleanUp@std@@YAXXZ       10093509 f   libcpmt:xlock.obj
 0001:00092448       _$E24                      10093448 f   libcpmt:string.obj
 0001:00092472       _$E20                      10093472 f   libcpmt:string.obj
 0001:0009247e       _$E23                      1009347e f   libcpmt:string.obj
 0001:0009f9bf       _findenv                   100a09bf f   LIBCMT:setenv.obj
 0001:0009fa17       _copy_environ              100a0a17 f   LIBCMT:setenv.obj
 0001:0009f80d       _strncnt                   100a080d f   LIBCMT:a_cmp.obj
 0001:0009edbf       _xtoa                      1009fdbf f   LIBCMT:xtoa.obj
 0001:0009ee91       _x64toa@20                 1009fe91 f   LIBCMT:xtoa.obj
 0001:0009e8f7       __get_fname                1009f8f7 f   LIBCMT:fpexcept.obj
 0001:0009d508       _ctrlevent_capture@4       1009e508 f   LIBCMT:winsig.obj
 0001:0009d6ec       _siglookup                 1009e6ec f   LIBCMT:winsig.obj
 0001:0009cd1e       _getSystemCP               1009dd1e f   LIBCMT:mbctype.obj
 0001:0009cd68       _CPtoLCID                  1009dd68 f   LIBCMT:mbctype.obj
 0001:0009cd9b       _setSBCS                   1009dd9b f   LIBCMT:mbctype.obj
 0001:0009cdc4       _setSBUpLow                1009ddc4 f   LIBCMT:mbctype.obj
 0001:0009c447       _TranslateName             1009d447 f   LIBCMT:getqloc.obj
 0001:0009c49f       _GetLcidFromLangCountry    1009d49f f   LIBCMT:getqloc.obj
 0001:0009c526       _LangCountryEnumProc@4     1009d526 f   LIBCMT:getqloc.obj
 0001:0009c72a       _GetLcidFromLanguage       1009d72a f   LIBCMT:getqloc.obj
 0001:0009c780       _LanguageEnumProc@4        1009d780 f   LIBCMT:getqloc.obj
 0001:0009c83d       _GetLcidFromCountry        1009d83d f   LIBCMT:getqloc.obj
 0001:0009c874       _CountryEnumProc@4         1009d874 f   LIBCMT:getqloc.obj
 0001:0009c8fa       _GetLcidFromDefault        1009d8fa f   LIBCMT:getqloc.obj
 0001:0009c914       _ProcessCodePage           1009d914 f   LIBCMT:getqloc.obj
 0001:0009c97a       _TestDefaultCountry        1009d97a f   LIBCMT:getqloc.obj
 0001:0009c999       _TestDefaultLanguage       1009d999 f   LIBCMT:getqloc.obj
 0001:0009c9fb       _IsThisWindowsNT           1009d9fb f   LIBCMT:getqloc.obj
 0001:0009ca31       _crtGetLocaleInfoA@16      1009da31 f   LIBCMT:getqloc.obj
 0001:0009cb17       _LcidFromHexString         1009db17 f   LIBCMT:getqloc.obj
 0001:0009cb50       _GetPrimaryLen             1009db50 f   LIBCMT:getqloc.obj
 0001:0009be1f       __get_lc_lconv             1009ce1f f   LIBCMT:initmon.obj
 0001:0009bf41       _fix_grouping              1009cf41 f   LIBCMT:initmon.obj
 0001:0009bf78       __free_lc_lconv            1009cf78 f   LIBCMT:initmon.obj
 0001:0009bd1d       _fix_grouping              1009cd1d f   LIBCMT:initnum.obj
 0001:0009b66a       __get_lc_time              1009c66a f   LIBCMT:inittime.obj
 0001:0009b9b8       __free_lc_time             1009c9b8 f   LIBCMT:inittime.obj
 0001:0009b27e       _flsall                    1009c27e f   LIBCMT:fflush.obj
 0001:0009b0a5       _xcptlookup                1009c0a5 f   LIBCMT:winxfltr.obj
 0001:0009a5d2       __abstract_cw              1009b5d2 f   LIBCMT:ieee87.obj
 0001:0009a664       __hw_cw                    1009b664 f   LIBCMT:ieee87.obj
 0001:0009a6ed       __abstract_sw              1009b6ed f   LIBCMT:ieee87.obj
 0001:00098b36       _parse_cmdline             10099b36 f   LIBCMT:stdargv.obj
 0001:000987a9       _strncnt                   100997a9 f   LIBCMT:a_map.obj
 0001:00097ff9       __setlocale_set_cat        10098ff9 f   LIBCMT:setlocal.obj
 0001:00098114       __setlocale_get_all        10099114 f   LIBCMT:setlocal.obj
 0001:00097c68       _store_dt                  10098c68 f   LIBCMT:asctime.obj
 0001:00097500       __tzset_lk                 10098500 f   LIBCMT:tzset.obj
 0001:000977a8       __isindst_lk               100987a8 f   LIBCMT:tzset.obj
 0001:00097954       _cvtdate                   10098954 f   LIBCMT:tzset.obj
 0001:00096a75       _doexit                    10097a75 f   LIBCMT:crt0dat.obj
 0001:00096b2c       __initterm                 10097b2c f   LIBCMT:crt0dat.obj
 0001:00095e27       ?FindHandler@@YAXPAUEHExceptionRecord@@PAUEHRegistrationNode@@PAU_CONTEXT@@PAXPBU_s_FuncInfo@@EH1@Z 10096e27 f   LIBCMT:frame.obj
 0001:00095fda       ?FindHandlerForForeignException@@YAXPAUEHExceptionRecord@@PAUEHRegistrationNode@@PAU_CONTEXT@@PAXPBU_s_FuncInfo@@HH1@Z 10096fda f   LIBCMT:frame.obj
 0001:00096084       ?TypeMatch@@YAHPBU_s_HandlerType@@PBU_s_CatchableType@@PBU_s_ThrowInfo@@@Z 10097084 f   LIBCMT:frame.obj
 0001:0009617f       ?FrameUnwindFilter@@YAHPAU_EXCEPTION_POINTERS@@@Z 1009717f f   LIBCMT:frame.obj
 0001:00096195       ?CatchIt@@YAXPAUEHExceptionRecord@@PAUEHRegistrationNode@@PAU_CONTEXT@@PAXPBU_s_FuncInfo@@PBU_s_HandlerType@@PBU_s_CatchableType@@PBU_s_TryBlockMapEntry@@H1E@Z 10097195 f   LIBCMT:frame.obj
 0001:00096210       ?CallCatchBlock@@YAPAXPAUEHExceptionRecord@@PAUEHRegistrationNode@@PAU_CONTEXT@@PBU_s_FuncInfo@@PAXHK@Z 10097210 f   LIBCMT:frame.obj
 0001:0009632b       ?ExFilterRethrow@@YAHPAU_EXCEPTION_POINTERS@@@Z 1009732b f   LIBCMT:frame.obj
 0001:00096355       ?BuildCatchObject@@YAXPAUEHExceptionRecord@@PAUEHRegistrationNode@@PBU_s_HandlerType@@PBU_s_CatchableType@@@Z 10097355 f   LIBCMT:frame.obj
 0001:00096580       ?AdjustPointer@@YAPAXPAXABUPMD@@@Z 10097580 f   LIBCMT:frame.obj
 0001:00095ac5       __cftoe2                   10096ac5 f   LIBCMT:cvt.obj
 0001:00095bdc       __cftof2                   10096bdc f   LIBCMT:cvt.obj
 0001:00095d67       __shift                    10096d67 f   LIBCMT:cvt.obj
 0001:00095824       _write_char                10096824 f   LIBCMT:output.obj
 0001:00095859       _write_multi_char          10096859 f   LIBCMT:output.obj
 0001:0009588a       _write_string              1009688a f   LIBCMT:output.obj
 0001:000958c2       _get_int_arg               100968c2 f   LIBCMT:output.obj
 0001:000958cf       _get_int64_arg             100968cf f   LIBCMT:output.obj
 0001:000958df       _get_short_arg             100968df f   LIBCMT:output.obj
 0001:000940f0       __expandtime               100950f0 f   LIBCMT:strftime.obj
 0001:000944df       __store_str                100954df f   LIBCMT:strftime.obj
 0001:00094506       __store_num                10095506 f   LIBCMT:strftime.obj
 0001:00094575       __store_number             10095575 f   LIBCMT:strftime.obj
 0001:000945be       __store_winword            100955be f   LIBCMT:strftime.obj
 0001:00093790       LeadUp1                    10094790 f   LIBCMT:memmove.obj
 0001:000937bc       LeadUp2                    100947bc f   LIBCMT:memmove.obj
 0001:000937e0       LeadUp3                    100947e0 f   LIBCMT:memmove.obj
 0001:0009385f       UnwindUp0                  1009485f f   LIBCMT:memmove.obj
 0001:0009384c       UnwindUp1                  1009484c f   LIBCMT:memmove.obj
 0001:00093844       UnwindUp2                  10094844 f   LIBCMT:memmove.obj
 0001:0009383c       UnwindUp3                  1009483c f   LIBCMT:memmove.obj
 0001:00093834       UnwindUp4                  10094834 f   LIBCMT:memmove.obj
 0001:0009382c       UnwindUp5                  1009482c f   LIBCMT:memmove.obj
 0001:00093824       UnwindUp6                  10094824 f   LIBCMT:memmove.obj
 0001:0009381c       UnwindUp7                  1009481c f   LIBCMT:memmove.obj
 0001:00093878       TrailUp0                   10094878 f   LIBCMT:memmove.obj
 0001:00093880       TrailUp1                   10094880 f   LIBCMT:memmove.obj
 0001:0009388c       TrailUp2                   1009488c f   LIBCMT:memmove.obj
 0001:000938a0       TrailUp3                   100948a0 f   LIBCMT:memmove.obj
 0001:00093918       LeadDown1                  10094918 f   LIBCMT:memmove.obj
 0001:00093938       LeadDown2                  10094938 f   LIBCMT:memmove.obj
 0001:00093960       LeadDown3                  10094960 f   LIBCMT:memmove.obj
 0001:000939b4       UnwindDown7                100949b4 f   LIBCMT:memmove.obj
 0001:000939bc       UnwindDown6                100949bc f   LIBCMT:memmove.obj
 0001:000939c4       UnwindDown5                100949c4 f   LIBCMT:memmove.obj
 0001:000939cc       UnwindDown4                100949cc f   LIBCMT:memmove.obj
 0001:000939d4       UnwindDown3                100949d4 f   LIBCMT:memmove.obj
 0001:000939dc       UnwindDown2                100949dc f   LIBCMT:memmove.obj
 0001:000939e4       UnwindDown1                100949e4 f   LIBCMT:memmove.obj
 0001:000939f7       UnwindDown0                100949f7 f   LIBCMT:memmove.obj
 0001:00093a10       TrailDown0                 10094a10 f   LIBCMT:memmove.obj
 0001:00093a18       TrailDown1                 10094a18 f   LIBCMT:memmove.obj
 0001:00093a28       TrailDown2                 10094a28 f   LIBCMT:memmove.obj
 0001:00093a3c       TrailDown3                 10094a3c f   LIBCMT:memmove.obj
 0001:00093150       LeadUp1                    10094150 f   LIBCMT:memcpy.obj
 0001:0009317c       LeadUp2                    1009417c f   LIBCMT:memcpy.obj
 0001:000931a0       LeadUp3                    100941a0 f   LIBCMT:memcpy.obj
 0001:0009321f       UnwindUp0                  1009421f f   LIBCMT:memcpy.obj
 0001:0009320c       UnwindUp1                  1009420c f   LIBCMT:memcpy.obj
 0001:00093204       UnwindUp2                  10094204 f   LIBCMT:memcpy.obj
 0001:000931fc       UnwindUp3                  100941fc f   LIBCMT:memcpy.obj
 0001:000931f4       UnwindUp4                  100941f4 f   LIBCMT:memcpy.obj
 0001:000931ec       UnwindUp5                  100941ec f   LIBCMT:memcpy.obj
 0001:000931e4       UnwindUp6                  100941e4 f   LIBCMT:memcpy.obj
 0001:000931dc       UnwindUp7                  100941dc f   LIBCMT:memcpy.obj
 0001:00093238       TrailUp0                   10094238 f   LIBCMT:memcpy.obj
 0001:00093240       TrailUp1                   10094240 f   LIBCMT:memcpy.obj
 0001:0009324c       TrailUp2                   1009424c f   LIBCMT:memcpy.obj
 0001:00093260       TrailUp3                   10094260 f   LIBCMT:memcpy.obj
 0001:000932d8       LeadDown1                  100942d8 f   LIBCMT:memcpy.obj
 0001:000932f8       LeadDown2                  100942f8 f   LIBCMT:memcpy.obj
 0001:00093320       LeadDown3                  10094320 f   LIBCMT:memcpy.obj
 0001:00093374       UnwindDown7                10094374 f   LIBCMT:memcpy.obj
 0001:0009337c       UnwindDown6                1009437c f   LIBCMT:memcpy.obj
 0001:00093384       UnwindDown5                10094384 f   LIBCMT:memcpy.obj
 0001:0009338c       UnwindDown4                1009438c f   LIBCMT:memcpy.obj
 0001:00093394       UnwindDown3                10094394 f   LIBCMT:memcpy.obj
 0001:0009339c       UnwindDown2                1009439c f   LIBCMT:memcpy.obj
 0001:000933a4       UnwindDown1                100943a4 f   LIBCMT:memcpy.obj
 0001:000933b7       UnwindDown0                100943b7 f   LIBCMT:memcpy.obj
 0001:000933d0       TrailDown0                 100943d0 f   LIBCMT:memcpy.obj
 0001:000933d8       TrailDown1                 100943d8 f   LIBCMT:memcpy.obj
 0001:000933e8       TrailDown2                 100943e8 f   LIBCMT:memcpy.obj
 0001:000933fc       TrailDown3                 100943fc f   LIBCMT:memcpy.obj
 0001:00092dd0       ?ArrayUnwindFilter@@YAHPAU_EXCEPTION_POINTERS@@@Z 10093dd0 f   LIBCMT:ehvecdtr.obj
 0001:000929d0       _gu_return                 100939d0 f   LIBCMT:exsup.obj
 0001:000929d8       __unwind_handler           100939d8 f   LIBCMT:exsup.obj
 0001:000927eb       ?CatchGuardHandler@@YA?AW4_EXCEPTION_DISPOSITION@@PAUEHExceptionRecord@@PAUCatchGuardRN@@PAX2@Z 100937eb f   LIBCMT:trnsctrl.obj
 0001:000928c6       ?TranslatorGuardHandler@@YA?AW4_EXCEPTION_DISPOSITION@@PAUEHExceptionRecord@@PAUTranslatorGuardRN@@PAX2@Z 100938c6 f   LIBCMT:trnsctrl.obj
