 GameServer

 Timestamp is 653baee9 (Fri Oct 27 19:36:57 2023)

 Preferred load address is 00400000

 Start         Length     Name                   Class
 0001:00000000 0003401eH .text                   CODE
 0001:00034020 0000211eH .text$x                 CODE
 0002:00000000 000001e0H .idata$5                DATA
 0002:000001e0 00001bfcH .rdata                  DATA
 0002:00001de0 0000104cH .rdata$r                DATA
 0002:00002e30 00003908H .xdata$x                DATA
 0002:00006738 0000008cH .idata$2                DATA
 0002:000067c4 00000014H .idata$3                DATA
 0002:000067d8 000001e0H .idata$4                DATA
 0002:000069b8 00000874H .idata$6                DATA
 0002:0000722c 00000000H .edata                  DATA
 0003:00000000 00000004H .CRT$XCA                DATA
 0003:00000004 000000bcH .CRT$XCU                DATA
 0003:000000c0 00000004H .CRT$XCZ                DATA
 0003:000000c4 00000004H .CRT$XIA                DATA
 0003:000000c8 0000000cH .CRT$XIC                DATA
 0003:000000d4 00000004H .CRT$XIY                DATA
 0003:000000d8 00000004H .CRT$XIZ                DATA
 0003:000000dc 00000004H .CRT$XPA                DATA
 0003:000000e0 00000004H .CRT$XPX                DATA
 0003:000000e4 00000004H .CRT$XPZ                DATA
 0003:000000e8 00000004H .CRT$XTA                DATA
 0003:000000ec 00000004H .CRT$XTB                DATA
 0003:000000f0 00000004H .CRT$XTZ                DATA
 0003:00000100 00003350H .data                   DATA
 0003:00003450 00002258H .bss                    DATA

  Address         Publics by Value              Rva+Base     Lib:Object

 0001:00000000       _main                      00401000 f   GameServer.obj
 0001:00000080       ?id@?$ctype@G@std@@$D      00401080 f i GameServer.obj
 0001:000000b0       ?id@?$ctype@G@std@@$E      004010b0 f i GameServer.obj
 0001:0000030f       ?ServerEventNotify@@YGXPAXABK1@Z 0040130f f   KSOServer.obj
 0001:0000039f       ?GatewayClientEventNotify@@YGXPAXABK@Z 0040139f f   KSOServer.obj
 0001:000003d5       ?ChatClientEventNotify@@YGXPAXABK@Z 004013d5 f   KSOServer.obj
 0001:000003ff       ?TongClientEventNotify@@YGXPAXABK@Z 004013ff f   KSOServer.obj
 0001:00000429       ?DatabaseClientEventNotify@@YGXPAXABK@Z 00401429 f   KSOServer.obj
 0001:0000045f       ?TransferClientEventNotify@@YGXPAXABK@Z 0040145f f   KSOServer.obj
 0001:00000471       ??0KSwordOnLineSever@@QAE@XZ 00401471 f   KSOServer.obj
 0001:000005c3       ??1KSwordOnLineSever@@QAE@XZ 004015c3 f   KSOServer.obj
 0001:000005dc       ?Init@KSwordOnLineSever@@QAEHXZ 004015dc f   KSOServer.obj
 0001:00001d5e       ?Release@KSwordOnLineSever@@QAEXXZ 00402d5e f   KSOServer.obj
 0001:0000213e       ?Breathe@KSwordOnLineSever@@QAEHXZ 0040313e f   KSOServer.obj
 0001:000021d7       ?AutoSave@KSwordOnLineSever@@QAEXXZ 004031d7 f   KSOServer.obj
 0001:0000225a       ?MessageLoop@KSwordOnLineSever@@AAEXXZ 0040325a f   KSOServer.obj
 0001:0000252c       ?ChatMessageProcess@KSwordOnLineSever@@AAEXPBDI@Z 0040352c f   KSOServer.obj
 0001:0000269a       ?TongMessageProcess@KSwordOnLineSever@@AAEXPBDI@Z 0040369a f   KSOServer.obj
 0001:000045c2       ?ChatGroupMan@KSwordOnLineSever@@AAEXPBXI@Z 004055c2 f   KSOServer.obj
 0001:0000470c       ?ChatSpecMan@KSwordOnLineSever@@AAEXPBXI@Z 0040570c f   KSOServer.obj
 0001:0000479e       ?DatabaseMessageProcess@KSwordOnLineSever@@AAEXPBDI@Z 0040579e f   KSOServer.obj
 0001:00004867       ?DatabaseLargePackProcess@KSwordOnLineSever@@AAEXPBDI@Z 00405867 f   KSOServer.obj
 0001:0000494c       ?TransferMessageProcess@KSwordOnLineSever@@AAEXPBDI@Z 0040594c f   KSOServer.obj
 0001:00004b67       ?TransferLargePackProcess@KSwordOnLineSever@@AAEXPBXIPAVKTransferUnit@@@Z 00405b67 f   KSOServer.obj
 0001:00004f59       ?TransferSmallPackProcess@KSwordOnLineSever@@AAEXPBXIPAVKTransferUnit@@@Z 00405f59 f   KSOServer.obj
 0001:00005867       ?PlayerMessageProcess@KSwordOnLineSever@@AAEXKPBDI@Z 00406867 f   KSOServer.obj
 0001:00006083       ?GatewayMessageProcess@KSwordOnLineSever@@AAEXPBDI@Z 00407083 f   KSOServer.obj
 0001:000060e1       ?GatewayLargePackProcess@KSwordOnLineSever@@AAEXPBXI@Z 004070e1 f   KSOServer.obj
 0001:000062c9       ?GatewaySmallPackProcess@KSwordOnLineSever@@AAEXPBXI@Z 004072c9 f   KSOServer.obj
 0001:0000658c       ?GatewayBoardCastProcess@KSwordOnLineSever@@AAEXPBDI@Z 0040758c f   KSOServer.obj
 0001:00006695       ?GatewayPunishProcess@KSwordOnLineSever@@AAEXPBDI@Z 00407695 f   KSOServer.obj
 0001:00006811       ?MainLoop@KSwordOnLineSever@@AAEXXZ 00407811 f   KSOServer.obj
 0001:000069d5       ?PingClient@KSwordOnLineSever@@AAEXK@Z 004079d5 f   KSOServer.obj
 0001:00006a4c       ?ProcessPingReply@KSwordOnLineSever@@AAEXKPBDI@Z 00407a4c f   KSOServer.obj
 0001:00006b2c       ?SavePlayerData@KSwordOnLineSever@@AAEXXZ 00407b2c f   KSOServer.obj
 0001:00006be9       ?SavePlayerData@KSwordOnLineSever@@AAEHH_N@Z 00407be9 f   KSOServer.obj
 0001:00006e74       ?PlayerExchangeServer@KSwordOnLineSever@@AAEXXZ 00407e74 f   KSOServer.obj
 0001:000072a2       ?PlayerLogoutGateway@KSwordOnLineSever@@AAEXXZ 004082a2 f   KSOServer.obj
 0001:00007704       ?GetNetStatus@KSwordOnLineSever@@QAEHK@Z 00408704 f   KSOServer.obj
 0001:00007733       ?SetNetStatus@KSwordOnLineSever@@QAEXKW4NetStatus@@@Z 00408733 f   KSOServer.obj
 0001:00007900       ?ProcessLoginProtocol@KSwordOnLineSever@@AAEHKPBDI@Z 00408900 f   KSOServer.obj
 0001:0000795c       ?SendGameDataToClient@KSwordOnLineSever@@AAEHKH@Z 0040895c f   KSOServer.obj
 0001:00007aac       ?ProcessSyncReplyProtocol@KSwordOnLineSever@@AAEHKPBDI@Z 00408aac f   KSOServer.obj
 0001:00007ad5       ?ExitAllPlayer@KSwordOnLineSever@@AAEXXZ 00408ad5 f   KSOServer.obj
 0001:00007cee       ?SetRunningStatus@KSwordOnLineSever@@QAEXH@Z 00408cee f   KSOServer.obj
 0001:00007d07       ?ConformAskWay@KSwordOnLineSever@@AAEHPBXHPAK@Z 00408d07 f   KSOServer.obj
 0001:00007e2c       ?GetLocalIpAddress@KSwordOnLineSever@@AAEHPAK0@Z 00408e2c f   KSOServer.obj
 0001:00007e54       ?TransferAskWayMessageProcess@KSwordOnLineSever@@AAEXPBDI@Z 00408e54 f   KSOServer.obj
 0001:0000810a       ?TransferLoseWayMessageProcess@KSwordOnLineSever@@AAEXPBDI@Z 0040910a f   KSOServer.obj
 0001:00008304       ?ProcessPlayerTongMsg@KSwordOnLineSever@@AAEXKPBDI@Z 00409304 f   KSOServer.obj
 0001:0000a09e       ?CheckPlayerID@KSwordOnLineSever@@AAEHKK@Z 0040b09e f   KSOServer.obj
 0001:0000a117       ?WriteFile@@YAXPBD0@Z      0040b117 f   KSOServer.obj
 0001:0000a1b0       ??0CCriticalSection@Win32@OnlineGameLib@@QAE@XZ 0040b1b0 f i KSOServer.obj
 0001:0000a1d0       ??1CCriticalSection@Win32@OnlineGameLib@@QAE@XZ 0040b1d0 f i KSOServer.obj
 0001:0000a1f0       ??0Owner@CCriticalSection@Win32@OnlineGameLib@@QAE@AAV123@@Z 0040b1f0 f i KSOServer.obj
 0001:0000a220       ?Enter@CCriticalSection@Win32@OnlineGameLib@@QAEXXZ 0040b220 f i KSOServer.obj
 0001:0000a240       ??1Owner@CCriticalSection@Win32@OnlineGameLib@@QAE@XZ 0040b240 f i KSOServer.obj
 0001:0000a260       ?Leave@CCriticalSection@Win32@OnlineGameLib@@QAEXXZ 0040b260 f i KSOServer.obj
 0001:0000a280       ??1?$map@KPAVKTransferUnit@@U?$less@K@std@@V?$allocator@PAVKTransferUnit@@@3@@std@@QAE@XZ 0040b280 f i KSOServer.obj
 0001:0000a2a0       ?endl@std@@YAAAV?$basic_ostream@DU?$char_traits@D@std@@@1@AAV21@@Z 0040b2a0 f i KSOServer.obj
 0001:0000a2c0       ?GetProcAddress@CLibrary@Win32@OnlineGameLib@@QAEP6GHXZPBD@Z 0040b2c0 f i KSOServer.obj
 0001:0000a2e0       ??0GameStatus@@QAE@XZ      0040b2e0 f i KSOServer.obj
 0001:0000a330       ??_H@YGXPAXIHP6EX0@Z@Z     0040b330 f i KSOServer.obj
 0001:0000a360       ?Peek@CPackager@Win32@OnlineGameLib@@SAEPBXI@Z 0040b360 f i KSOServer.obj
 0001:0000a380       ?GetBuffer@CBuffer@Win32@OnlineGameLib@@QBEPBEXZ 0040b380 f i KSOServer.obj
 0001:0000a3a0       ?GetIp@KTransferUnit@@QAEKXZ 0040b3a0 f i KSOServer.obj
 0001:0000a3c0       ?GetRelayID@KTransferUnit@@QAEKXZ 0040b3c0 f i KSOServer.obj
 0001:0000a3e0       ?GetUsed@CBuffer@Win32@OnlineGameLib@@QBEIXZ 0040b3e0 f i KSOServer.obj
 0001:0000a400       ?_trace@@YAXPBDZZ          0040b400 f i KSOServer.obj
 0001:0000a410       ?gGetMacAndIPAddress@@YAHPAEPAK01KK@Z 0040b410 f i KSOServer.obj
 0001:0000a6f0       ??6?$basic_ostream@DU?$char_traits@D@std@@@std@@QAEAAV01@P6AAAV01@AAV01@@Z@Z 0040b6f0 f i KSOServer.obj
 0001:0000a710       ??6?$basic_ostream@DU?$char_traits@D@std@@@std@@QAEAAV01@H@Z 0040b710 f i KSOServer.obj
 0001:0000a8e0       ??1locale@std@@QAE@XZ      0040b8e0 f i KSOServer.obj
 0001:0000a930       ?_Decref@facet@locale@std@@QAEPAV123@XZ 0040b930 f i KSOServer.obj
 0001:0000a990       ?flags@ios_base@std@@QBEHXZ 0040b990 f i KSOServer.obj
 0001:0000a9b0       ?getloc@ios_base@std@@QBE?AVlocale@2@XZ 0040b9b0 f i KSOServer.obj
 0001:0000a9f0       ??0locale@std@@QAE@ABV01@@Z 0040b9f0 f i KSOServer.obj
 0001:0000aa20       ?_Incref@facet@locale@std@@QAEXXZ 0040ba20 f i KSOServer.obj
 0001:0000aa60       ??6?$basic_ostream@DU?$char_traits@D@std@@@std@@QAEAAV01@K@Z 0040ba60 f i KSOServer.obj
 0001:0000abf0       ?put@?$basic_ostream@DU?$char_traits@D@std@@@std@@QAEAAV12@D@Z 0040bbf0 f i KSOServer.obj
 0001:0000ad20       ?eq_int_type@?$char_traits@D@std@@SA_NABH0@Z 0040bd20 f i KSOServer.obj
 0001:0000ad40       ?eof@?$char_traits@D@std@@SAHXZ 0040bd40 f i KSOServer.obj
 0001:0000ad50       ?flush@?$basic_ostream@DU?$char_traits@D@std@@@std@@QAEAAV12@XZ 0040bd50 f i KSOServer.obj
 0001:0000adc0       ?fail@ios_base@std@@QBE_NXZ 0040bdc0 f i KSOServer.obj
 0001:0000ade0       ?rdstate@ios_base@std@@QBEHXZ 0040bde0 f i KSOServer.obj
 0001:0000ae00       ?setstate@?$basic_ios@DU?$char_traits@D@std@@@std@@QAEXH_N@Z 0040be00 f i KSOServer.obj
 0001:0000ae30       ?rdbuf@?$basic_ios@DU?$char_traits@D@std@@@std@@QBEPAV?$basic_streambuf@DU?$char_traits@D@std@@@2@XZ 0040be30 f i KSOServer.obj
 0001:0000ae50       ??0?$map@KPAVKTransferUnit@@U?$less@K@std@@V?$allocator@PAVKTransferUnit@@@3@@std@@QAE@ABU?$less@K@1@ABV?$allocator@PAVKTransferUnit@@@1@@Z 0040be50 f i KSOServer.obj
 0001:0000ae80       ?begin@?$map@KPAVKTransferUnit@@U?$less@K@std@@V?$allocator@PAVKTransferUnit@@@3@@std@@QAE?AViterator@?$_Tree@KU?$pair@$$CBKPAVKTransferUnit@@@std@@U_Kfn@?$map@KPAVKTransferUnit@@U?$less@K@std@@V?$allocator@PAVKTransferUnit@@@3@@2@U?$less@K@2@V?$allocator@PAVKTransferUnit@@@2@@2@XZ 0040be80 f i KSOServer.obj
 0001:0000aeb0       ?end@?$map@KPAVKTransferUnit@@U?$less@K@std@@V?$allocator@PAVKTransferUnit@@@3@@std@@QAE?AViterator@?$_Tree@KU?$pair@$$CBKPAVKTransferUnit@@@std@@U_Kfn@?$map@KPAVKTransferUnit@@U?$less@K@std@@V?$allocator@PAVKTransferUnit@@@3@@2@U?$less@K@2@V?$allocator@PAVKTransferUnit@@@2@@2@XZ 0040beb0 f i KSOServer.obj
 0001:0000aee0       ?insert@?$map@KPAVKTransferUnit@@U?$less@K@std@@V?$allocator@PAVKTransferUnit@@@3@@std@@QAE?AU?$pair@Viterator@?$_Tree@KU?$pair@$$CBKPAVKTransferUnit@@@std@@U_Kfn@?$map@KPAVKTransferUnit@@U?$less@K@std@@V?$allocator@PAVKTransferUnit@@@3@@2@U?$less@K@2@V?$allocator@PAVKTransferUnit@@@2@@std@@_N@2@ABU?$pair@$$CBKPAVKTransferUnit@@@2@@Z 0040bee0 f i KSOServer.obj
 0001:0000af30       ?clear@?$map@KPAVKTransferUnit@@U?$less@K@std@@V?$allocator@PAVKTransferUnit@@@3@@std@@QAEXXZ 0040bf30 f i KSOServer.obj
 0001:0000af50       ?find@?$map@KPAVKTransferUnit@@U?$less@K@std@@V?$allocator@PAVKTransferUnit@@@3@@std@@QAE?AViterator@?$_Tree@KU?$pair@$$CBKPAVKTransferUnit@@@std@@U_Kfn@?$map@KPAVKTransferUnit@@U?$less@K@std@@V?$allocator@PAVKTransferUnit@@@3@@2@U?$less@K@2@V?$allocator@PAVKTransferUnit@@@2@@2@ABK@Z 0040bf50 f i KSOServer.obj
 0001:0000af80       ??1?$_Tree@KU?$pair@$$CBKPAVKTransferUnit@@@std@@U_Kfn@?$map@KPAVKTransferUnit@@U?$less@K@std@@V?$allocator@PAVKTransferUnit@@@3@@2@U?$less@K@2@V?$allocator@PAVKTransferUnit@@@2@@std@@QAE@XZ 0040bf80 f i KSOServer.obj
 0001:0000b050       ??0?$pair@$$CBKPAVKTransferUnit@@@std@@QAE@ABKABQAVKTransferUnit@@@Z 0040c050 f i KSOServer.obj
 0001:0000b080       ??0iterator@?$_Tree@KU?$pair@$$CBKPAVKTransferUnit@@@std@@U_Kfn@?$map@KPAVKTransferUnit@@U?$less@K@std@@V?$allocator@PAVKTransferUnit@@@3@@2@U?$less@K@2@V?$allocator@PAVKTransferUnit@@@2@@std@@QAE@XZ 0040c080 f i KSOServer.obj
 0001:0000b0a0       ??Diterator@?$_Tree@KU?$pair@$$CBKPAVKTransferUnit@@@std@@U_Kfn@?$map@KPAVKTransferUnit@@U?$less@K@std@@V?$allocator@PAVKTransferUnit@@@3@@2@U?$less@K@2@V?$allocator@PAVKTransferUnit@@@2@@std@@QBEAAU?$pair@$$CBKPAVKTransferUnit@@@2@XZ 0040c0a0 f i KSOServer.obj
 0001:0000b0c0       ??Eiterator@?$_Tree@KU?$pair@$$CBKPAVKTransferUnit@@@std@@U_Kfn@?$map@KPAVKTransferUnit@@U?$less@K@std@@V?$allocator@PAVKTransferUnit@@@3@@2@U?$less@K@2@V?$allocator@PAVKTransferUnit@@@2@@std@@QAE?AV012@H@Z 0040c0c0 f i KSOServer.obj
 0001:0000b0f0       ??9iterator@?$_Tree@KU?$pair@$$CBKPAVKTransferUnit@@@std@@U_Kfn@?$map@KPAVKTransferUnit@@U?$less@K@std@@V?$allocator@PAVKTransferUnit@@@3@@2@U?$less@K@2@V?$allocator@PAVKTransferUnit@@@2@@std@@QBE_NABV012@@Z 0040c0f0 f i KSOServer.obj
 0001:0000b120       ?clear@?$basic_ios@DU?$char_traits@D@std@@@std@@QAEXH_N@Z 0040c120 f i KSOServer.obj
 0001:0000b160       ?fill@?$basic_ios@DU?$char_traits@D@std@@@std@@QBEDXZ 0040c160 f i KSOServer.obj
 0001:0000b180       ??0sentry@?$basic_ostream@DU?$char_traits@D@std@@@std@@QAE@AAV12@@Z 0040c180 f i KSOServer.obj
 0001:0000b1b0       ??1sentry@?$basic_ostream@DU?$char_traits@D@std@@@std@@QAE@XZ 0040c1b0 f i KSOServer.obj
 0001:0000b1e0       ??Bsentry@?$basic_ostream@DU?$char_traits@D@std@@@std@@QBE_NXZ 0040c1e0 f i KSOServer.obj
 0001:0000b1f0       ?pubsync@?$basic_streambuf@DU?$char_traits@D@std@@@std@@QAEHXZ 0040c1f0 f i KSOServer.obj
 0001:0000b210       ?sputc@?$basic_streambuf@DU?$char_traits@D@std@@@std@@QAEHD@Z 0040c210 f i KSOServer.obj
 0001:0000b290       ?to_int_type@?$char_traits@D@std@@SAHABD@Z 0040c290 f i KSOServer.obj
 0001:0000b2a0       ?pptr@?$basic_streambuf@DU?$char_traits@D@std@@@std@@IBEPADXZ 0040c2a0 f i KSOServer.obj
 0001:0000b2c0       ?epptr@?$basic_streambuf@DU?$char_traits@D@std@@@std@@IBEPADXZ 0040c2c0 f i KSOServer.obj
 0001:0000b2e0       ?_Value@?$_Tree@KU?$pair@$$CBKPAVKTransferUnit@@@std@@U_Kfn@?$map@KPAVKTransferUnit@@U?$less@K@std@@V?$allocator@PAVKTransferUnit@@@3@@2@U?$less@K@2@V?$allocator@PAVKTransferUnit@@@2@@std@@KAAAU?$pair@$$CBKPAVKTransferUnit@@@2@PAU_Node@12@@Z 0040c2e0 f i KSOServer.obj
 0001:0000b2f0       ??0?$_Tree@KU?$pair@$$CBKPAVKTransferUnit@@@std@@U_Kfn@?$map@KPAVKTransferUnit@@U?$less@K@std@@V?$allocator@PAVKTransferUnit@@@3@@2@U?$less@K@2@V?$allocator@PAVKTransferUnit@@@2@@std@@QAE@ABU?$less@K@1@_NABV?$allocator@PAVKTransferUnit@@@1@@Z 0040c2f0 f i KSOServer.obj
 0001:0000b330       ?begin@?$_Tree@KU?$pair@$$CBKPAVKTransferUnit@@@std@@U_Kfn@?$map@KPAVKTransferUnit@@U?$less@K@std@@V?$allocator@PAVKTransferUnit@@@3@@2@U?$less@K@2@V?$allocator@PAVKTransferUnit@@@2@@std@@QAE?AViterator@12@XZ 0040c330 f i KSOServer.obj
 0001:0000b360       ?end@?$_Tree@KU?$pair@$$CBKPAVKTransferUnit@@@std@@U_Kfn@?$map@KPAVKTransferUnit@@U?$less@K@std@@V?$allocator@PAVKTransferUnit@@@3@@2@U?$less@K@2@V?$allocator@PAVKTransferUnit@@@2@@std@@QAE?AViterator@12@XZ 0040c360 f i KSOServer.obj
 0001:0000b390       ?insert@?$_Tree@KU?$pair@$$CBKPAVKTransferUnit@@@std@@U_Kfn@?$map@KPAVKTransferUnit@@U?$less@K@std@@V?$allocator@PAVKTransferUnit@@@3@@2@U?$less@K@2@V?$allocator@PAVKTransferUnit@@@2@@std@@QAE?AU?$pair@Viterator@?$_Tree@KU?$pair@$$CBKPAVKTransferUnit@@@std@@U_Kfn@?$map@KPAVKTransferUnit@@U?$less@K@std@@V?$allocator@PAVKTransferUnit@@@3@@2@U?$less@K@2@V?$allocator@PAVKTransferUnit@@@2@@std@@_N@2@ABU?$pair@$$CBKPAVKTransferUnit@@@2@@Z 0040c390 f i KSOServer.obj
 0001:0000b5d0       ?erase@?$_Tree@KU?$pair@$$CBKPAVKTransferUnit@@@std@@U_Kfn@?$map@KPAVKTransferUnit@@U?$less@K@std@@V?$allocator@PAVKTransferUnit@@@3@@2@U?$less@K@2@V?$allocator@PAVKTransferUnit@@@2@@std@@QAE?AViterator@12@V312@0@Z 0040c5d0 f i KSOServer.obj
 0001:0000b710       ?clear@?$_Tree@KU?$pair@$$CBKPAVKTransferUnit@@@std@@U_Kfn@?$map@KPAVKTransferUnit@@U?$less@K@std@@V?$allocator@PAVKTransferUnit@@@3@@2@U?$less@K@2@V?$allocator@PAVKTransferUnit@@@2@@std@@QAEXXZ 0040c710 f i KSOServer.obj
 0001:0000b750       ?find@?$_Tree@KU?$pair@$$CBKPAVKTransferUnit@@@std@@U_Kfn@?$map@KPAVKTransferUnit@@U?$less@K@std@@V?$allocator@PAVKTransferUnit@@@3@@2@U?$less@K@2@V?$allocator@PAVKTransferUnit@@@2@@std@@QAE?AViterator@12@ABK@Z 0040c750 f i KSOServer.obj
 0001:0000b7f0       ?_Freenode@?$_Tree@KU?$pair@$$CBKPAVKTransferUnit@@@std@@U_Kfn@?$map@KPAVKTransferUnit@@U?$less@K@std@@V?$allocator@PAVKTransferUnit@@@3@@2@U?$less@K@2@V?$allocator@PAVKTransferUnit@@@2@@std@@IAEXPAU_Node@12@@Z 0040c7f0 f i KSOServer.obj
 0001:0000b810       ??0const_iterator@?$_Tree@KU?$pair@$$CBKPAVKTransferUnit@@@std@@U_Kfn@?$map@KPAVKTransferUnit@@U?$less@K@std@@V?$allocator@PAVKTransferUnit@@@3@@2@U?$less@K@2@V?$allocator@PAVKTransferUnit@@@2@@std@@QAE@XZ 0040c810 f i KSOServer.obj
 0001:0000b820       ??Eiterator@?$_Tree@KU?$pair@$$CBKPAVKTransferUnit@@@std@@U_Kfn@?$map@KPAVKTransferUnit@@U?$less@K@std@@V?$allocator@PAVKTransferUnit@@@3@@2@U?$less@K@2@V?$allocator@PAVKTransferUnit@@@2@@std@@QAEAAV012@XZ 0040c820 f i KSOServer.obj
 0001:0000b840       ??8iterator@?$_Tree@KU?$pair@$$CBKPAVKTransferUnit@@@std@@U_Kfn@?$map@KPAVKTransferUnit@@U?$less@K@std@@V?$allocator@PAVKTransferUnit@@@3@@2@U?$less@K@2@V?$allocator@PAVKTransferUnit@@@2@@std@@QBE_NABV012@@Z 0040c840 f i KSOServer.obj
 0001:0000b860       ??0?$pair@Viterator@?$_Tree@KU?$pair@$$CBKPAVKTransferUnit@@@std@@U_Kfn@?$map@KPAVKTransferUnit@@U?$less@K@std@@V?$allocator@PAVKTransferUnit@@@3@@2@U?$less@K@2@V?$allocator@PAVKTransferUnit@@@2@@std@@_N@std@@QAE@ABViterator@?$_Tree@KU?$pair@$$CBKPAVKTransferUnit@@@std@@U_Kfn@?$map@KPAVKTransferUnit@@U?$less@K@std@@V?$allocator@PAVKTransferUnit@@@3@@2@U?$less@K@2@V?$allocator@PAVKTransferUnit@@@2@@1@AB_N@Z 0040c860 f i KSOServer.obj
 0001:0000b890       ?put@?$num_put@DV?$ostreambuf_iterator@DU?$char_traits@D@std@@@std@@@std@@QBE?AV?$ostreambuf_iterator@DU?$char_traits@D@std@@@2@V32@AAVios_base@2@DJ@Z 0040c890 f i KSOServer.obj
 0001:0000b8e0       ?put@?$num_put@DV?$ostreambuf_iterator@DU?$char_traits@D@std@@@std@@@std@@QBE?AV?$ostreambuf_iterator@DU?$char_traits@D@std@@@2@V32@AAVios_base@2@DK@Z 0040c8e0 f i KSOServer.obj
 0001:0000b930       ??0?$ostreambuf_iterator@DU?$char_traits@D@std@@@std@@QAE@PAV?$basic_streambuf@DU?$char_traits@D@std@@@1@@Z 0040c930 f i KSOServer.obj
 0001:0000b950       ?failed@?$ostreambuf_iterator@DU?$char_traits@D@std@@@std@@QBE_NXZ 0040c950 f i KSOServer.obj
 0001:0000b960       ?opfx@?$basic_ostream@DU?$char_traits@D@std@@@std@@QAE_NXZ 0040c960 f i KSOServer.obj
 0001:0000b9d0       ?good@ios_base@std@@QBE_NXZ 0040c9d0 f i KSOServer.obj
 0001:0000b9f0       ?osfx@?$basic_ostream@DU?$char_traits@D@std@@@std@@QAEXXZ 0040c9f0 f i KSOServer.obj
 0001:0000ba20       ?tie@?$basic_ios@DU?$char_traits@D@std@@@std@@QBEPAV?$basic_ostream@DU?$char_traits@D@std@@@2@XZ 0040ca20 f i KSOServer.obj
 0001:0000ba40       ?_Pninc@?$basic_streambuf@DU?$char_traits@D@std@@@std@@IAEPADXZ 0040ca40 f i KSOServer.obj
 0001:0000ba80       ??R_Kfn@?$map@KPAVKTransferUnit@@U?$less@K@std@@V?$allocator@PAVKTransferUnit@@@3@@std@@QBEABKABU?$pair@$$CBKPAVKTransferUnit@@@2@@Z 0040ca80 f i KSOServer.obj
 0001:0000ba90       ??R?$less@K@std@@QBE_NABK0@Z 0040ca90 f i KSOServer.obj
 0001:0000bab0       ?deallocate@?$allocator@PAVKTransferUnit@@@std@@QAEXPAXI@Z 0040cab0 f i KSOServer.obj
 0001:0000bad0       ?_Key@?$_Tree@KU?$pair@$$CBKPAVKTransferUnit@@@std@@U_Kfn@?$map@KPAVKTransferUnit@@U?$less@K@std@@V?$allocator@PAVKTransferUnit@@@3@@2@U?$less@K@2@V?$allocator@PAVKTransferUnit@@@2@@std@@KAABKPAU_Node@12@@Z 0040cad0 f i KSOServer.obj
 0001:0000baf0       ?_Left@?$_Tree@KU?$pair@$$CBKPAVKTransferUnit@@@std@@U_Kfn@?$map@KPAVKTransferUnit@@U?$less@K@std@@V?$allocator@PAVKTransferUnit@@@3@@2@U?$less@K@2@V?$allocator@PAVKTransferUnit@@@2@@std@@KAAAPAU_Node@12@PAU312@@Z 0040caf0 f i KSOServer.obj
 0001:0000bb00       ?_Right@?$_Tree@KU?$pair@$$CBKPAVKTransferUnit@@@std@@U_Kfn@?$map@KPAVKTransferUnit@@U?$less@K@std@@V?$allocator@PAVKTransferUnit@@@3@@2@U?$less@K@2@V?$allocator@PAVKTransferUnit@@@2@@std@@KAAAPAU_Node@12@PAU312@@Z 0040cb00 f i KSOServer.obj
 0001:0000bb10       ?size@?$_Tree@KU?$pair@$$CBKPAVKTransferUnit@@@std@@U_Kfn@?$map@KPAVKTransferUnit@@U?$less@K@std@@V?$allocator@PAVKTransferUnit@@@3@@2@U?$less@K@2@V?$allocator@PAVKTransferUnit@@@2@@std@@QBEIXZ 0040cb10 f i KSOServer.obj
 0001:0000bb30       ?erase@?$_Tree@KU?$pair@$$CBKPAVKTransferUnit@@@std@@U_Kfn@?$map@KPAVKTransferUnit@@U?$less@K@std@@V?$allocator@PAVKTransferUnit@@@3@@2@U?$less@K@2@V?$allocator@PAVKTransferUnit@@@2@@std@@QAE?AViterator@12@V312@@Z 0040cb30 f i KSOServer.obj
 0001:0000c380       ?lower_bound@?$_Tree@KU?$pair@$$CBKPAVKTransferUnit@@@std@@U_Kfn@?$map@KPAVKTransferUnit@@U?$less@K@std@@V?$allocator@PAVKTransferUnit@@@3@@2@U?$less@K@2@V?$allocator@PAVKTransferUnit@@@2@@std@@QAE?AViterator@12@ABK@Z 0040d380 f i KSOServer.obj
 0001:0000c3b0       ?_Erase@?$_Tree@KU?$pair@$$CBKPAVKTransferUnit@@@std@@U_Kfn@?$map@KPAVKTransferUnit@@U?$less@K@std@@V?$allocator@PAVKTransferUnit@@@3@@2@U?$less@K@2@V?$allocator@PAVKTransferUnit@@@2@@std@@IAEXPAU_Node@12@@Z 0040d3b0 f i KSOServer.obj
 0001:0000c460       ?_Init@?$_Tree@KU?$pair@$$CBKPAVKTransferUnit@@@std@@U_Kfn@?$map@KPAVKTransferUnit@@U?$less@K@std@@V?$allocator@PAVKTransferUnit@@@3@@2@U?$less@K@2@V?$allocator@PAVKTransferUnit@@@2@@std@@IAEXXZ 0040d460 f i KSOServer.obj
 0001:0000c540       ?_Insert@?$_Tree@KU?$pair@$$CBKPAVKTransferUnit@@@std@@U_Kfn@?$map@KPAVKTransferUnit@@U?$less@K@std@@V?$allocator@PAVKTransferUnit@@@3@@2@U?$less@K@2@V?$allocator@PAVKTransferUnit@@@2@@std@@IAE?AViterator@12@PAU_Node@12@0ABU?$pair@$$CBKPAVKTransferUnit@@@2@@Z 0040d540 f i KSOServer.obj
 0001:0000ca10       ?_Lmost@?$_Tree@KU?$pair@$$CBKPAVKTransferUnit@@@std@@U_Kfn@?$map@KPAVKTransferUnit@@U?$less@K@std@@V?$allocator@PAVKTransferUnit@@@3@@2@U?$less@K@2@V?$allocator@PAVKTransferUnit@@@2@@std@@IAEAAPAU_Node@12@XZ 0040da10 f i KSOServer.obj
 0001:0000ca30       ?_Rmost@?$_Tree@KU?$pair@$$CBKPAVKTransferUnit@@@std@@U_Kfn@?$map@KPAVKTransferUnit@@U?$less@K@std@@V?$allocator@PAVKTransferUnit@@@3@@2@U?$less@K@2@V?$allocator@PAVKTransferUnit@@@2@@std@@IAEAAPAU_Node@12@XZ 0040da30 f i KSOServer.obj
 0001:0000ca50       ?_Root@?$_Tree@KU?$pair@$$CBKPAVKTransferUnit@@@std@@U_Kfn@?$map@KPAVKTransferUnit@@U?$less@K@std@@V?$allocator@PAVKTransferUnit@@@3@@2@U?$less@K@2@V?$allocator@PAVKTransferUnit@@@2@@std@@IAEAAPAU_Node@12@XZ 0040da50 f i KSOServer.obj
 0001:0000ca70       ?_Inc@const_iterator@?$_Tree@KU?$pair@$$CBKPAVKTransferUnit@@@std@@U_Kfn@?$map@KPAVKTransferUnit@@U?$less@K@std@@V?$allocator@PAVKTransferUnit@@@3@@2@U?$less@K@2@V?$allocator@PAVKTransferUnit@@@2@@std@@QAEXXZ 0040da70 f i KSOServer.obj
 0001:0000cb50       ?_Mynode@const_iterator@?$_Tree@KU?$pair@$$CBKPAVKTransferUnit@@@std@@U_Kfn@?$map@KPAVKTransferUnit@@U?$less@K@std@@V?$allocator@PAVKTransferUnit@@@3@@2@U?$less@K@2@V?$allocator@PAVKTransferUnit@@@2@@std@@QBEPAU_Node@23@XZ 0040db50 f i KSOServer.obj
 0001:0000cb60       ??0iterator@?$_Tree@KU?$pair@$$CBKPAVKTransferUnit@@@std@@U_Kfn@?$map@KPAVKTransferUnit@@U?$less@K@std@@V?$allocator@PAVKTransferUnit@@@3@@2@U?$less@K@2@V?$allocator@PAVKTransferUnit@@@2@@std@@QAE@PAU_Node@12@@Z 0040db60 f i KSOServer.obj
 0001:0000cb80       ??Fiterator@?$_Tree@KU?$pair@$$CBKPAVKTransferUnit@@@std@@U_Kfn@?$map@KPAVKTransferUnit@@U?$less@K@std@@V?$allocator@PAVKTransferUnit@@@3@@2@U?$less@K@2@V?$allocator@PAVKTransferUnit@@@2@@std@@QAEAAV012@XZ 0040db80 f i KSOServer.obj
 0001:0000cba0       ?_Color@?$_Tree@KU?$pair@$$CBKPAVKTransferUnit@@@std@@U_Kfn@?$map@KPAVKTransferUnit@@U?$less@K@std@@V?$allocator@PAVKTransferUnit@@@3@@2@U?$less@K@2@V?$allocator@PAVKTransferUnit@@@2@@std@@KAAAW4_Redbl@12@PAU_Node@12@@Z 0040dba0 f i KSOServer.obj
 0001:0000cbb0       ?_Parent@?$_Tree@KU?$pair@$$CBKPAVKTransferUnit@@@std@@U_Kfn@?$map@KPAVKTransferUnit@@U?$less@K@std@@V?$allocator@PAVKTransferUnit@@@3@@2@U?$less@K@2@V?$allocator@PAVKTransferUnit@@@2@@std@@KAAAPAU_Node@12@PAU312@@Z 0040dbb0 f i KSOServer.obj
 0001:0000cbc0       ?_Lbound@?$_Tree@KU?$pair@$$CBKPAVKTransferUnit@@@std@@U_Kfn@?$map@KPAVKTransferUnit@@U?$less@K@std@@V?$allocator@PAVKTransferUnit@@@3@@2@U?$less@K@2@V?$allocator@PAVKTransferUnit@@@2@@std@@IBEPAU_Node@12@ABK@Z 0040dbc0 f i KSOServer.obj
 0001:0000cc90       ?_Lrotate@?$_Tree@KU?$pair@$$CBKPAVKTransferUnit@@@std@@U_Kfn@?$map@KPAVKTransferUnit@@U?$less@K@std@@V?$allocator@PAVKTransferUnit@@@3@@2@U?$less@K@2@V?$allocator@PAVKTransferUnit@@@2@@std@@IAEXPAU_Node@12@@Z 0040dc90 f i KSOServer.obj
 0001:0000ce00       ?_Max@?$_Tree@KU?$pair@$$CBKPAVKTransferUnit@@@std@@U_Kfn@?$map@KPAVKTransferUnit@@U?$less@K@std@@V?$allocator@PAVKTransferUnit@@@3@@2@U?$less@K@2@V?$allocator@PAVKTransferUnit@@@2@@std@@KAPAU_Node@12@PAU312@@Z 0040de00 f i KSOServer.obj
 0001:0000ce80       ?_Min@?$_Tree@KU?$pair@$$CBKPAVKTransferUnit@@@std@@U_Kfn@?$map@KPAVKTransferUnit@@U?$less@K@std@@V?$allocator@PAVKTransferUnit@@@3@@2@U?$less@K@2@V?$allocator@PAVKTransferUnit@@@2@@std@@KAPAU_Node@12@PAU312@@Z 0040de80 f i KSOServer.obj
 0001:0000cf00       ?_Rrotate@?$_Tree@KU?$pair@$$CBKPAVKTransferUnit@@@std@@U_Kfn@?$map@KPAVKTransferUnit@@U?$less@K@std@@V?$allocator@PAVKTransferUnit@@@3@@2@U?$less@K@2@V?$allocator@PAVKTransferUnit@@@2@@std@@IAEXPAU_Node@12@@Z 0040df00 f i KSOServer.obj
 0001:0000d070       ?_Buynode@?$_Tree@KU?$pair@$$CBKPAVKTransferUnit@@@std@@U_Kfn@?$map@KPAVKTransferUnit@@U?$less@K@std@@V?$allocator@PAVKTransferUnit@@@3@@2@U?$less@K@2@V?$allocator@PAVKTransferUnit@@@2@@std@@IAEPAU_Node@12@PAU312@W4_Redbl@12@@Z 0040e070 f i KSOServer.obj
 0001:0000d0c0       ?_Consval@?$_Tree@KU?$pair@$$CBKPAVKTransferUnit@@@std@@U_Kfn@?$map@KPAVKTransferUnit@@U?$less@K@std@@V?$allocator@PAVKTransferUnit@@@3@@2@U?$less@K@2@V?$allocator@PAVKTransferUnit@@@2@@std@@IAEXPAU?$pair@$$CBKPAVKTransferUnit@@@2@ABU32@@Z 0040e0c0 f i KSOServer.obj
 0001:0000d0e0       ?_Destval@?$_Tree@KU?$pair@$$CBKPAVKTransferUnit@@@std@@U_Kfn@?$map@KPAVKTransferUnit@@U?$less@K@std@@V?$allocator@PAVKTransferUnit@@@3@@2@U?$less@K@2@V?$allocator@PAVKTransferUnit@@@2@@std@@IAEXPAU?$pair@$$CBKPAVKTransferUnit@@@2@@Z 0040e0e0 f i KSOServer.obj
 0001:0000d100       ??0const_iterator@?$_Tree@KU?$pair@$$CBKPAVKTransferUnit@@@std@@U_Kfn@?$map@KPAVKTransferUnit@@U?$less@K@std@@V?$allocator@PAVKTransferUnit@@@3@@2@U?$less@K@2@V?$allocator@PAVKTransferUnit@@@2@@std@@QAE@PAU_Node@12@@Z 0040e100 f i KSOServer.obj
 0001:0000d120       ?_Dec@const_iterator@?$_Tree@KU?$pair@$$CBKPAVKTransferUnit@@@std@@U_Kfn@?$map@KPAVKTransferUnit@@U?$less@K@std@@V?$allocator@PAVKTransferUnit@@@3@@2@U?$less@K@2@V?$allocator@PAVKTransferUnit@@@2@@std@@QAEXXZ 0040e120 f i KSOServer.obj
 0001:0000d230       ?_Charalloc@?$allocator@PAVKTransferUnit@@@std@@QAEPADI@Z 0040e230 f i KSOServer.obj
 0001:0000d250       ?_Root@?$_Tree@KU?$pair@$$CBKPAVKTransferUnit@@@std@@U_Kfn@?$map@KPAVKTransferUnit@@U?$less@K@std@@V?$allocator@PAVKTransferUnit@@@3@@2@U?$less@K@2@V?$allocator@PAVKTransferUnit@@@2@@std@@IBEAAPAU_Node@12@XZ 0040e250 f i KSOServer.obj
 0001:0000d270       ??6std@@YAAAV?$basic_ostream@DU?$char_traits@D@std@@@0@AAV10@PBD@Z 0040e270 f i KSOServer.obj
 0001:0000d530       ?length@?$char_traits@D@std@@SAIPBD@Z 0040e530 f i KSOServer.obj
 0001:0000d550       ?width@ios_base@std@@QBEHXZ 0040e550 f i KSOServer.obj
 0001:0000d570       ?width@ios_base@std@@QAEHH@Z 0040e570 f i KSOServer.obj
 0001:0000d5a0       ?use_facet@std@@YAABV?$num_put@DV?$ostreambuf_iterator@DU?$char_traits@D@std@@@std@@@1@ABVlocale@1@PBV21@_N@Z 0040e5a0 f i KSOServer.obj
 0001:0000d6c0       ??0bad_cast@std@@QAE@PBD@Z 0040e6c0 f i KSOServer.obj
 0001:0000d6f0       ??1bad_cast@std@@UAE@XZ    0040e6f0 f i KSOServer.obj
 0001:0000d710       ?_Doraise@bad_cast@std@@MBEXXZ 0040e710 f i KSOServer.obj
 0001:0000d740       ??_Ebad_cast@std@@UAEPAXI@Z 0040e740 f i KSOServer.obj
 0001:0000d740       ??_Gbad_cast@std@@UAEPAXI@Z 0040e740 f i KSOServer.obj
 0001:0000d770       ??0bad_cast@std@@QAE@ABV01@@Z 0040e770 f i KSOServer.obj
 0001:0000d7a0       ??Bid@locale@std@@QAEIXZ   0040e7a0 f i KSOServer.obj
 0001:0000d7f0       ?swap@std@@YAXAAW4_Redbl@?$_Tree@KU?$pair@$$CBKPAVKTransferUnit@@@std@@U_Kfn@?$map@KPAVKTransferUnit@@U?$less@K@std@@V?$allocator@PAVKTransferUnit@@@3@@2@U?$less@K@2@V?$allocator@PAVKTransferUnit@@@2@@1@0@Z 0040e7f0 f i KSOServer.obj
 0001:0000d820       ?_Construct@std@@YAXPAU?$pair@$$CBKPAVKTransferUnit@@@1@ABU21@@Z 0040e820 f i KSOServer.obj
 0001:0000d860       ??2@YAPAXIPAX@Z            0040e860 f i KSOServer.obj
 0001:0000d870       ?_Destroy@std@@YAXPAU?$pair@$$CBKPAVKTransferUnit@@@1@@Z 0040e870 f i KSOServer.obj
 0001:0000d880       ?_Allocate@std@@YAPADHPAD@Z 0040e880 f i KSOServer.obj
 0001:0000d8a0       ?sputn@?$basic_streambuf@DU?$char_traits@D@std@@@std@@QAEHPBDH@Z 0040e8a0 f i KSOServer.obj
 0001:0000d8c0       ??0?$num_put@DV?$ostreambuf_iterator@DU?$char_traits@D@std@@@std@@@std@@QAE@I@Z 0040e8c0 f i KSOServer.obj
 0001:0000d950       ??1facet@locale@std@@UAE@XZ 0040e950 f i KSOServer.obj
 0001:0000d970       ??0facet@locale@std@@IAE@I@Z 0040e970 f i KSOServer.obj
 0001:0000d9a0       ??_Gfacet@locale@std@@UAEPAXI@Z 0040e9a0 f i KSOServer.obj
 0001:0000d9a0       ??_Efacet@locale@std@@UAEPAXI@Z 0040e9a0 f i KSOServer.obj
 0001:0000d9d0       ?do_put@?$num_put@DV?$ostreambuf_iterator@DU?$char_traits@D@std@@@std@@@std@@MBE?AV?$ostreambuf_iterator@DU?$char_traits@D@std@@@2@V32@AAVios_base@2@D_N@Z 0040e9d0 f i KSOServer.obj
 0001:0000dc10       ??1?$basic_string@DU?$char_traits@D@std@@V?$allocator@D@2@@std@@QAE@XZ 0040ec10 f i KSOServer.obj
 0001:0000dc30       ?c_str@?$basic_string@DU?$char_traits@D@std@@V?$allocator@D@2@@std@@QBEPBDXZ 0040ec30 f i KSOServer.obj
 0001:0000dc60       ?size@?$basic_string@DU?$char_traits@D@std@@V?$allocator@D@2@@std@@QBEIXZ 0040ec60 f i KSOServer.obj
 0001:0000dc80       ?_Nullstr@?$basic_string@DU?$char_traits@D@std@@V?$allocator@D@2@@std@@CAPBDXZ 0040ec80 f i KSOServer.obj
 0001:0000dc90       ?_Tidy@?$basic_string@DU?$char_traits@D@std@@V?$allocator@D@2@@std@@AAEX_N@Z 0040ec90 f i KSOServer.obj
 0001:0000dd50       ?do_put@?$num_put@DV?$ostreambuf_iterator@DU?$char_traits@D@std@@@std@@@std@@MBE?AV?$ostreambuf_iterator@DU?$char_traits@D@std@@@2@V32@AAVios_base@2@DJ@Z 0040ed50 f i KSOServer.obj
 0001:0000ddc0       ?do_put@?$num_put@DV?$ostreambuf_iterator@DU?$char_traits@D@std@@@std@@@std@@MBE?AV?$ostreambuf_iterator@DU?$char_traits@D@std@@@2@V32@AAVios_base@2@DK@Z 0040edc0 f i KSOServer.obj
 0001:0000de30       ?do_put@?$num_put@DV?$ostreambuf_iterator@DU?$char_traits@D@std@@@std@@@std@@MBE?AV?$ostreambuf_iterator@DU?$char_traits@D@std@@@2@V32@AAVios_base@2@DN@Z 0040ee30 f i KSOServer.obj
 0001:0000df00       ?precision@ios_base@std@@QBEHXZ 0040ef00 f i KSOServer.obj
 0001:0000df20       ?do_put@?$num_put@DV?$ostreambuf_iterator@DU?$char_traits@D@std@@@std@@@std@@MBE?AV?$ostreambuf_iterator@DU?$char_traits@D@std@@@2@V32@AAVios_base@2@DO@Z 0040ef20 f i KSOServer.obj
 0001:0000dff0       ?do_put@?$num_put@DV?$ostreambuf_iterator@DU?$char_traits@D@std@@@std@@@std@@MBE?AV?$ostreambuf_iterator@DU?$char_traits@D@std@@@2@V32@AAVios_base@2@DPBX@Z 0040eff0 f i KSOServer.obj
 0001:0000e100       ??_G?$num_put@DV?$ostreambuf_iterator@DU?$char_traits@D@std@@@std@@@std@@UAEPAXI@Z 0040f100 f i KSOServer.obj
 0001:0000e100       ??_E?$num_put@DV?$ostreambuf_iterator@DU?$char_traits@D@std@@@std@@@std@@UAEPAXI@Z 0040f100 f i KSOServer.obj
 0001:0000e130       ??1?$num_put@DV?$ostreambuf_iterator@DU?$char_traits@D@std@@@std@@@std@@UAE@XZ 0040f130 f i KSOServer.obj
 0001:0000e150       ??0?$basic_string@DU?$char_traits@D@std@@V?$allocator@D@2@@std@@QAE@ABV?$allocator@D@1@@Z 0040f150 f i KSOServer.obj
 0001:0000e180       ??4?$basic_string@DU?$char_traits@D@std@@V?$allocator@D@2@@std@@QAEAAV01@ABV01@@Z 0040f180 f i KSOServer.obj
 0001:0000e1a0       ?append@?$basic_string@DU?$char_traits@D@std@@V?$allocator@D@2@@std@@QAEAAV12@ID@Z 0040f1a0 f i KSOServer.obj
 0001:0000e220       ?assign@?$char_traits@D@std@@SAPADPADIABD@Z 0040f220 f i KSOServer.obj
 0001:0000e240       ?_Eos@?$basic_string@DU?$char_traits@D@std@@V?$allocator@D@2@@std@@AAEXI@Z 0040f240 f i KSOServer.obj
 0001:0000e280       ?assign@?$char_traits@D@std@@SAXAADABD@Z 0040f280 f i KSOServer.obj
 0001:0000e290       ?_Grow@?$basic_string@DU?$char_traits@D@std@@V?$allocator@D@2@@std@@AAE_NI_N@Z 0040f290 f i KSOServer.obj
 0001:0000e3d0       ?_Refcnt@?$basic_string@DU?$char_traits@D@std@@V?$allocator@D@2@@std@@AAEAAEPBD@Z 0040f3d0 f i KSOServer.obj
 0001:0000e3f0       ?deallocate@?$allocator@D@std@@QAEXPAXI@Z 0040f3f0 f i KSOServer.obj
 0001:0000e410       ?_Ffmt@?$num_put@DV?$ostreambuf_iterator@DU?$char_traits@D@std@@@std@@@std@@KAPADPADDH@Z 0040f410 f i KSOServer.obj
 0001:0000e4e0       ?_Fput@?$num_put@DV?$ostreambuf_iterator@DU?$char_traits@D@std@@@std@@@std@@KA?AV?$ostreambuf_iterator@DU?$char_traits@D@std@@@2@V32@AAVios_base@2@DPBDII@Z 0040f4e0 f i KSOServer.obj
 0001:0000e890       ?_Ifmt@?$num_put@DV?$ostreambuf_iterator@DU?$char_traits@D@std@@@std@@@std@@KAPADPADDH@Z 0040f890 f i KSOServer.obj
 0001:0000e950       ?_Iput@?$num_put@DV?$ostreambuf_iterator@DU?$char_traits@D@std@@@std@@@std@@KA?AV?$ostreambuf_iterator@DU?$char_traits@D@std@@@2@V32@AAVios_base@2@DPADI@Z 0040f950 f i KSOServer.obj
 0001:0000ed30       ?_Put@?$num_put@DV?$ostreambuf_iterator@DU?$char_traits@D@std@@@std@@@std@@KA?AV?$ostreambuf_iterator@DU?$char_traits@D@std@@@2@V32@PBDI@Z 0040fd30 f i KSOServer.obj
 0001:0000ed80       ?_Putc@?$num_put@DV?$ostreambuf_iterator@DU?$char_traits@D@std@@@std@@@std@@KA?AV?$ostreambuf_iterator@DU?$char_traits@D@std@@@2@V32@PBDI@Z 0040fd80 f i KSOServer.obj
 0001:0000ede0       ?_Rep@?$num_put@DV?$ostreambuf_iterator@DU?$char_traits@D@std@@@std@@@std@@KA?AV?$ostreambuf_iterator@DU?$char_traits@D@std@@@2@V32@DI@Z 0040fde0 f i KSOServer.obj
 0001:0000ee30       ?falsename@?$numpunct@D@std@@QBE?AV?$basic_string@DU?$char_traits@D@std@@V?$allocator@D@2@@2@XZ 0040fe30 f i KSOServer.obj
 0001:0000ee60       ?truename@?$numpunct@D@std@@QBE?AV?$basic_string@DU?$char_traits@D@std@@V?$allocator@D@2@@2@XZ 0040fe60 f i KSOServer.obj
 0001:0000ee90       ?assign@?$basic_string@DU?$char_traits@D@std@@V?$allocator@D@2@@std@@QAEAAV12@ABV12@@Z 0040fe90 f i KSOServer.obj
 0001:0000eec0       ?assign@?$basic_string@DU?$char_traits@D@std@@V?$allocator@D@2@@std@@QAEAAV12@ABV12@II@Z 0040fec0 f i KSOServer.obj
 0001:0000f020       ?copy@?$char_traits@D@std@@SAPADPADPBDI@Z 00410020 f i KSOServer.obj
 0001:0000f040       ?erase@?$basic_string@DU?$char_traits@D@std@@V?$allocator@D@2@@std@@QAEAAV12@II@Z 00410040 f i KSOServer.obj
 0001:0000f0f0       ?move@?$char_traits@D@std@@SAPADPADPBDI@Z 004100f0 f i KSOServer.obj
 0001:0000f110       ?capacity@?$basic_string@DU?$char_traits@D@std@@V?$allocator@D@2@@std@@QBEIXZ 00410110 f i KSOServer.obj
 0001:0000f130       ?max_size@?$basic_string@DU?$char_traits@D@std@@V?$allocator@D@2@@std@@QBEIXZ 00410130 f i KSOServer.obj
 0001:0000f170       ?_Copy@?$basic_string@DU?$char_traits@D@std@@V?$allocator@D@2@@std@@AAEXI@Z 00410170 f i KSOServer.obj
 0001:0000f2b0       ?_Split@?$basic_string@DU?$char_traits@D@std@@V?$allocator@D@2@@std@@AAEXXZ 004102b0 f i KSOServer.obj
 0001:0000f320       ?assign@?$basic_string@DU?$char_traits@D@std@@V?$allocator@D@2@@std@@QAEAAV12@PBD@Z 00410320 f i KSOServer.obj
 0001:0000f350       ?assign@?$basic_string@DU?$char_traits@D@std@@V?$allocator@D@2@@std@@QAEAAV12@PBDI@Z 00410350 f i KSOServer.obj
 0001:0000f3a0       ??4?$ostreambuf_iterator@DU?$char_traits@D@std@@@std@@QAEAAV01@D@Z 004103a0 f i KSOServer.obj
 0001:0000f400       ??D?$ostreambuf_iterator@DU?$char_traits@D@std@@@std@@QAEAAV01@XZ 00410400 f i KSOServer.obj
 0001:0000f410       ??E?$ostreambuf_iterator@DU?$char_traits@D@std@@@std@@QAEAAV01@XZ 00410410 f i KSOServer.obj
 0001:0000f420       ?decimal_point@?$numpunct@D@std@@QBEDXZ 00410420 f i KSOServer.obj
 0001:0000f440       ?thousands_sep@?$numpunct@D@std@@QBEDXZ 00410440 f i KSOServer.obj
 0001:0000f460       ?grouping@?$numpunct@D@std@@QBE?AV?$basic_string@DU?$char_traits@D@std@@V?$allocator@D@2@@2@XZ 00410460 f i KSOServer.obj
 0001:0000f490       ?allocate@?$allocator@D@std@@QAEPADIPBX@Z 00410490 f i KSOServer.obj
 0001:0000f4b0       ?max_size@?$allocator@D@std@@QBEIXZ 004104b0 f i KSOServer.obj
 0001:0000f4e0       ??8std@@YA_NABV?$allocator@D@0@0@Z 004104e0 f i KSOServer.obj
 0001:0000f4f0       ?_Widen@std@@YADDPAD@Z     004104f0 f i KSOServer.obj
 0001:0000f500       ?use_facet@std@@YAABV?$numpunct@D@1@ABVlocale@1@PBV21@_N@Z 00410500 f i KSOServer.obj
 0001:0000f620       ??0?$numpunct@D@std@@QAE@I@Z 00410620 f i KSOServer.obj
 0001:0000f6b0       ?do_decimal_point@?$numpunct@D@std@@MBEDXZ 004106b0 f i KSOServer.obj
 0001:0000f6d0       ?do_thousands_sep@?$numpunct@D@std@@MBEDXZ 004106d0 f i KSOServer.obj
 0001:0000f6f0       ?do_grouping@?$numpunct@D@std@@MBE?AV?$basic_string@DU?$char_traits@D@std@@V?$allocator@D@2@@2@XZ 004106f0 f i KSOServer.obj
 0001:0000f730       ??0?$basic_string@DU?$char_traits@D@std@@V?$allocator@D@2@@std@@QAE@PBDABV?$allocator@D@1@@Z 00410730 f i KSOServer.obj
 0001:0000f760       ?do_falsename@?$numpunct@D@std@@MBE?AV?$basic_string@DU?$char_traits@D@std@@V?$allocator@D@2@@2@XZ 00410760 f i KSOServer.obj
 0001:0000f7a0       ?do_truename@?$numpunct@D@std@@MBE?AV?$basic_string@DU?$char_traits@D@std@@V?$allocator@D@2@@2@XZ 004107a0 f i KSOServer.obj
 0001:0000f7e0       ??_G?$numpunct@D@std@@UAEPAXI@Z 004107e0 f i KSOServer.obj
 0001:0000f7e0       ??_E?$numpunct@D@std@@UAEPAXI@Z 004107e0 f i KSOServer.obj
 0001:0000f810       ??1?$numpunct@D@std@@UAE@XZ 00410810 f i KSOServer.obj
 0001:0000f870       ?_Save@?$_Tidyfac@V?$num_put@DV?$ostreambuf_iterator@DU?$char_traits@D@std@@@std@@@std@@@std@@SAPAV?$num_put@DV?$ostreambuf_iterator@DU?$char_traits@D@std@@@std@@@2@PAV32@@Z 00410870 f i KSOServer.obj
 0001:0000f8e0       ?_Save@?$_Tidyfac@V?$numpunct@D@std@@@std@@SAPAV?$numpunct@D@2@PAV32@@Z 004108e0 f i KSOServer.obj
 0001:0000f950       ?_Init@?$num_put@DV?$ostreambuf_iterator@DU?$char_traits@D@std@@@std@@@std@@IAEXABV_Locinfo@2@@Z 00410950 f i KSOServer.obj
 0001:0000f960       ?_Init@?$numpunct@D@std@@IAEXABV_Locinfo@2@@Z 00410960 f i KSOServer.obj
 0001:0000fa00       ?_Getlconv@_Locinfo@std@@QBEPBUlconv@@XZ 00410a00 f i KSOServer.obj
 0001:0000fa10       ?_Getfalse@_Locinfo@std@@QBEPBDXZ 00410a10 f i KSOServer.obj
 0001:0000fa20       ?_Gettrue@_Locinfo@std@@QBEPBDXZ 00410a20 f i KSOServer.obj
 0001:0000fa30       ?_Tidy@?$_Tidyfac@V?$num_put@DV?$ostreambuf_iterator@DU?$char_traits@D@std@@@std@@@std@@@std@@SAXXZ 00410a30 f i KSOServer.obj
 0001:0000fac0       ?_Tidy@?$_Tidyfac@V?$numpunct@D@std@@@std@@SAXXZ 00410ac0 f i KSOServer.obj
 0001:0000fb50       ?_Maklocstr@std@@YAPADPBDPAD@Z 00410b50 f i KSOServer.obj
 0001:0000fbd0       ?id@?$num_put@DV?$ostreambuf_iterator@DU?$char_traits@D@std@@@$D 00410bd0 f i KSOServer.obj
 0001:0000fc00       ?id@?$numpunct@D@std@@$D   00410c00 f i KSOServer.obj
 0001:0000fc30       ?id@?$numpunct@D@std@@$E   00410c30 f i KSOServer.obj
 0001:0000fc40       ?id@?$num_put@DV?$ostreambuf_iterator@DU?$char_traits@D@std@@@$E 00410c40 f i KSOServer.obj
 0001:0000fc50       ??0KTransferUnit@@QAE@KK@Z 00410c50 f   KTransferUnit.obj
 0001:0000fc93       ??1KTransferUnit@@UAE@XZ   00410c93 f   KTransferUnit.obj
 0001:0000fce0       ??_EKTransferUnit@@UAEPAXI@Z 00410ce0 f i KTransferUnit.obj
 0001:0000fce0       ??_GKTransferUnit@@UAEPAXI@Z 00410ce0 f i KTransferUnit.obj
 0001:0000fd0e       _InitializeCriticalSection@4 00410d0e f   kernel32:KERNEL32.dll
 0001:0000fd14       _DeleteCriticalSection@4   00410d14 f   kernel32:KERNEL32.dll
 0001:0000fd1a       _EnterCriticalSection@4    00410d1a f   kernel32:KERNEL32.dll
 0001:0000fd20       _LeaveCriticalSection@4    00410d20 f   kernel32:KERNEL32.dll
 0001:0000fd26       _GetProcAddress@8          00410d26 f   kernel32:KERNEL32.dll
 0001:0000fd2c       _Sleep@4                   00410d2c f   kernel32:KERNEL32.dll
 0001:0000fd32       _FreeLibrary@4             00410d32 f   kernel32:KERNEL32.dll
 0001:0000fd38       _LoadLibraryA@4            00410d38 f   kernel32:KERNEL32.dll
 0001:0000fd3e       ??0KTimer@@QAE@XZ          00410d3e f   engine:Engine.dll
 0001:0000fd44       ?Start@KTimer@@QAEXXZ      00410d44 f   engine:Engine.dll
 0001:0000fd4a       ??1KIniFile@@QAE@XZ        00410d4a f   engine:Engine.dll
 0001:0000fd50       ?g_StrCmp@@YAHPBD0@Z       00410d50 f   engine:Engine.dll
 0001:0000fd56       ?KSG_StringToMD5String@@YAHQADQBD@Z 00410d56 f   engine:Engine.dll
 0001:0000fd5c       ?GetInteger@KIniFile@@QAEHPBD0HPAH@Z 00410d5c f   engine:Engine.dll
 0001:0000fd62       ?GetString@KIniFile@@QAEHPBD00PADK@Z 00410d62 f   engine:Engine.dll
 0001:0000fd68       ?Load@KIniFile@@QAEHPBD@Z  00410d68 f   engine:Engine.dll
 0001:0000fd6e       ??0KIniFile@@QAE@XZ        00410d6e f   engine:Engine.dll
 0001:0000fd74       ?g_SetFilePath@@YAXPAD@Z   00410d74 f   engine:Engine.dll
 0001:0000fd7a       ?g_SetRootPath@@YAXPAD@Z   00410d7a f   engine:Engine.dll
 0001:0000fd80       ?GetElapse@KTimer@@QAEKXZ  00410d80 f   engine:Engine.dll
 0001:0000fd86       ?g_DebugLog@@YAXPADZZ      00410d86 f   engine:Engine.dll
 0001:0000fd8c       ?g_FileName2Id@@YAKPAD@Z   00410d8c f   engine:Engine.dll
 0001:0000fd92       ?KSG_GetCurSec@@YAHXZ      00410d92 f   engine:Engine.dll
 0001:0000fd98       _CoreGetServerShell        00410d98 f   CoreServer:CoreServer.dll
 0001:0000fda0       ??0CLibrary@Win32@OnlineGameLib@@QAE@QBD@Z 00410da0 f   common:Library.obj
 0001:0000fe0d       ??0CLibrary@Win32@OnlineGameLib@@QAE@XZ 00410e0d f   common:Library.obj
 0001:0000fe3f       ??1CLibrary@Win32@OnlineGameLib@@UAE@XZ 00410e3f f   common:Library.obj
 0001:0000fe93       ?Load@CLibrary@Win32@OnlineGameLib@@QAE_NQBD@Z 00410e93 f   common:Library.obj
 0001:0000fec9       ?Free@CLibrary@Win32@OnlineGameLib@@QAE_NXZ 00410ec9 f   common:Library.obj
 0001:0000ff20       ??_GCLibrary@Win32@OnlineGameLib@@UAEPAXI@Z 00410f20 f i common:Library.obj
 0001:0000ff20       ??_ECLibrary@Win32@OnlineGameLib@@UAEPAXI@Z 00410f20 f i common:Library.obj
 0001:0000ff50       ??4?$basic_string@DU?$char_traits@D@std@@V?$allocator@D@2@@std@@QAEAAV01@PBD@Z 00410f50 f i common:Library.obj
 0001:0000ff70       ??0CUsesWinsock@Win32@OnlineGameLib@@QAE@XZ 00410f70 f   common:UsesWinsock.obj
 0001:0000fff1       ??1CUsesWinsock@Win32@OnlineGameLib@@QAE@XZ 00410ff1 f   common:UsesWinsock.obj
 0001:00010030       ??1CWin32Exception@Win32@OnlineGameLib@@UAE@XZ 00411030 f i common:UsesWinsock.obj
 0001:00010050       ??1CException@Win32@OnlineGameLib@@UAE@XZ 00411050 f i common:UsesWinsock.obj
 0001:000100b0       ??_ECException@Win32@OnlineGameLib@@UAEPAXI@Z 004110b0 f i common:UsesWinsock.obj
 0001:000100b0       ??_GCException@Win32@OnlineGameLib@@UAEPAXI@Z 004110b0 f i common:UsesWinsock.obj
 0001:000100e0       ??0CWin32Exception@Win32@OnlineGameLib@@QAE@ABV012@@Z 004110e0 f i common:UsesWinsock.obj
 0001:00010120       ??0CException@Win32@OnlineGameLib@@QAE@ABV012@@Z 00411120 f i common:UsesWinsock.obj
 0001:00010190       ??_GCWin32Exception@Win32@OnlineGameLib@@UAEPAXI@Z 00411190 f i common:UsesWinsock.obj
 0001:00010190       ??_ECWin32Exception@Win32@OnlineGameLib@@UAEPAXI@Z 00411190 f i common:UsesWinsock.obj
 0001:000101c0       ??0?$basic_string@DU?$char_traits@D@std@@V?$allocator@D@2@@std@@QAE@ABV01@@Z 004111c0 f i common:UsesWinsock.obj
 0001:00010200       ??0CBuffer@Win32@OnlineGameLib@@AAE@AAVAllocator@012@I@Z 00411200 f   common:Buffer.obj
 0001:000102b0       ??1CBuffer@Win32@OnlineGameLib@@AAE@XZ 004112b0 f   common:Buffer.obj
 0001:0001037d       ?GetHeadPack@CBuffer@Win32@OnlineGameLib@@QAEPAV123@I@Z 0041137d f   common:Buffer.obj
 0001:000103fd       ?GetNextPack@CBuffer@Win32@OnlineGameLib@@QAEPAV123@XZ 004113fd f   common:Buffer.obj
 0001:00010489       ?AddData@CBuffer@Win32@OnlineGameLib@@QAEXQBDI@Z 00411489 f   common:Buffer.obj
 0001:0001053f       ?AddData@CBuffer@Win32@OnlineGameLib@@QAEXQBEI@Z 0041153f f   common:Buffer.obj
 0001:0001055c       ?AddData@CBuffer@Win32@OnlineGameLib@@QAEXE@Z 0041155c f   common:Buffer.obj
 0001:00010577       ?SplitBuffer@CBuffer@Win32@OnlineGameLib@@QAEPAV123@I@Z 00411577 f   common:Buffer.obj
 0001:000105d9       ?AllocateNewBuffer@CBuffer@Win32@OnlineGameLib@@QBEPAV123@XZ 004115d9 f   common:Buffer.obj
 0001:000105ef       ?Release@CBuffer@Win32@OnlineGameLib@@QAEXXZ 004115ef f   common:Buffer.obj
 0001:00010699       ??2CBuffer@Win32@OnlineGameLib@@CAPAXII@Z 00411699 f   common:Buffer.obj
 0001:000106bb       ??3CBuffer@Win32@OnlineGameLib@@CAXPAXI@Z 004116bb f   common:Buffer.obj
 0001:00010745       ??0Allocator@CBuffer@Win32@OnlineGameLib@@QAE@II@Z 00411745 f   common:Buffer.obj
 0001:00010791       ??1Allocator@CBuffer@Win32@OnlineGameLib@@UAE@XZ 00411791 f   common:Buffer.obj
 0001:00010826       ?Allocate@Allocator@CBuffer@Win32@OnlineGameLib@@QAEPAV234@XZ 00411826 f   common:Buffer.obj
 0001:00010976       ?Flush@Allocator@CBuffer@Win32@OnlineGameLib@@IAEXXZ 00411976 f   common:Buffer.obj
 0001:00010a26       ?Release@Allocator@CBuffer@Win32@OnlineGameLib@@AAEXPAV234@@Z 00411a26 f   common:Buffer.obj
 0001:00010b1e       ??0CPackager@Win32@OnlineGameLib@@QAE@II@Z 00411b1e f   common:Buffer.obj
 0001:00010bc1       ??1CPackager@Win32@OnlineGameLib@@UAE@XZ 00411bc1 f   common:Buffer.obj
 0001:00010c51       ?AddData@CPackager@Win32@OnlineGameLib@@QAEXEQBDIK@Z 00411c51 f   common:Buffer.obj
 0001:00010d5d       ?AddData@CPackager@Win32@OnlineGameLib@@QAEXEQBEIK@Z 00411d5d f   common:Buffer.obj
 0001:00010d82       ?DelData@CPackager@Win32@OnlineGameLib@@QAEXE@Z 00411d82 f   common:Buffer.obj
 0001:00010e8f       ?GetHeadPack@CPackager@Win32@OnlineGameLib@@QAEPAVCBuffer@23@EI@Z 00411e8f f   common:Buffer.obj
 0001:0001104b       ?GetNextPack@CPackager@Win32@OnlineGameLib@@QAEPAVCBuffer@23@E@Z 0041204b f   common:Buffer.obj
 0001:000111ff       ?PackUp@CPackager@Win32@OnlineGameLib@@QAEPAVCBuffer@23@PBXI@Z 004121ff f   common:Buffer.obj
 0001:000113e1       ?Empty@CPackager@Win32@OnlineGameLib@@QAEXXZ 004123e1 f   common:Buffer.obj
 0001:00011640       ??0COpaqueUserData@OnlineGameLib@@IAE@XZ 00412640 f i common:Buffer.obj
 0001:00011660       ??1COpaqueUserData@OnlineGameLib@@IAE@XZ 00412660 f i common:Buffer.obj
 0001:00011680       ?Empty@CBuffer@Win32@OnlineGameLib@@QAEXXZ 00412680 f i common:Buffer.obj
 0001:000116a0       ?OnBufferCreated@Allocator@CBuffer@Win32@OnlineGameLib@@EAEXXZ 004126a0 f i common:Buffer.obj
 0001:000116b0       ?OnBufferAllocated@Allocator@CBuffer@Win32@OnlineGameLib@@EAEXXZ 004126b0 f i common:Buffer.obj
 0001:000116c0       ?OnBufferReleased@Allocator@CBuffer@Win32@OnlineGameLib@@EAEXXZ 004126c0 f i common:Buffer.obj
 0001:000116d0       ??_EAllocator@CBuffer@Win32@OnlineGameLib@@UAEPAXI@Z 004126d0 f i common:Buffer.obj
 0001:000116d0       ??_GAllocator@CBuffer@Win32@OnlineGameLib@@UAEPAXI@Z 004126d0 f i common:Buffer.obj
 0001:00011700       ??0?$TNodeList@VCBuffer@Win32@OnlineGameLib@@@OnlineGameLib@@QAE@XZ 00412700 f i common:Buffer.obj
 0001:00011720       ?Empty@CNodeList@OnlineGameLib@@QBE_NXZ 00412720 f i common:Buffer.obj
 0001:00011740       ?AddRef@CBuffer@Win32@OnlineGameLib@@QAEXXZ 00412740 f i common:Buffer.obj
 0001:00011760       ?DestroyBuffer@Allocator@CBuffer@Win32@OnlineGameLib@@AAEXPAV234@@Z 00412760 f i common:Buffer.obj
 0001:00011810       ??_GCBuffer@Win32@OnlineGameLib@@AAEPAXI@Z 00412810 f i common:Buffer.obj
 0001:00011840       ?Count@CNodeList@OnlineGameLib@@QBEIXZ 00412840 f i common:Buffer.obj
 0001:00011860       ??_ECPackager@Win32@OnlineGameLib@@UAEPAXI@Z 00412860 f i common:Buffer.obj
 0001:00011860       ??_GCPackager@Win32@OnlineGameLib@@UAEPAXI@Z 00412860 f i common:Buffer.obj
 0001:00011890       ??1?$map@EPAVCBuffer@Win32@OnlineGameLib@@U?$less@E@std@@V?$allocator@PAVCBuffer@Win32@OnlineGameLib@@@5@@std@@QAE@XZ 00412890 f i common:Buffer.obj
 0001:000118b0       ?SetUserData@COpaqueUserData@OnlineGameLib@@QAEXK@Z 004128b0 f i common:Buffer.obj
 0001:000118d0       ?SetUserPtr@COpaqueUserData@OnlineGameLib@@QAEXPAX@Z 004128d0 f i common:Buffer.obj
 0001:000118f0       ?GetUserData@COpaqueUserData@OnlineGameLib@@QBEKXZ 004128f0 f i common:Buffer.obj
 0001:00011910       ?GetUserPtr@COpaqueUserData@OnlineGameLib@@QBEPAXXZ 00412910 f i common:Buffer.obj
 0001:00011930       ?HaveNextPack@CBuffer@Win32@OnlineGameLib@@QAE_NXZ 00412930 f i common:Buffer.obj
 0001:00011950       ?_Header@CPackager@Win32@OnlineGameLib@@AAE_NE@Z 00412950 f i common:Buffer.obj
 0001:00011980       ?_Middle@CPackager@Win32@OnlineGameLib@@AAE_NE@Z 00412980 f i common:Buffer.obj
 0001:000119b0       ?_Tail@CPackager@Win32@OnlineGameLib@@AAE_NE@Z 004129b0 f i common:Buffer.obj
 0001:000119e0       ?_Error@CPackager@Win32@OnlineGameLib@@AAE_NE@Z 004129e0 f i common:Buffer.obj
 0001:00011a10       ??0?$map@EPAVCBuffer@Win32@OnlineGameLib@@U?$less@E@std@@V?$allocator@PAVCBuffer@Win32@OnlineGameLib@@@5@@std@@QAE@ABU?$less@E@1@ABV?$allocator@PAVCBuffer@Win32@OnlineGameLib@@@1@@Z 00412a10 f i common:Buffer.obj
 0001:00011a40       ?begin@?$map@EPAVCBuffer@Win32@OnlineGameLib@@U?$less@E@std@@V?$allocator@PAVCBuffer@Win32@OnlineGameLib@@@5@@std@@QAE?AViterator@?$_Tree@EU?$pair@$$CBEPAVCBuffer@Win32@OnlineGameLib@@@std@@U_Kfn@?$map@EPAVCBuffer@Win32@OnlineGameLib@@U?$less@E@std@@V?$allocator@PAVCBuffer@Win32@OnlineGameLib@@@5@@2@U?$less@E@2@V?$allocator@PAVCBuffer@Win32@OnlineGameLib@@@2@@2@XZ 00412a40 f i common:Buffer.obj
 0001:00011a70       ?end@?$map@EPAVCBuffer@Win32@OnlineGameLib@@U?$less@E@std@@V?$allocator@PAVCBuffer@Win32@OnlineGameLib@@@5@@std@@QAE?AViterator@?$_Tree@EU?$pair@$$CBEPAVCBuffer@Win32@OnlineGameLib@@@std@@U_Kfn@?$map@EPAVCBuffer@Win32@OnlineGameLib@@U?$less@E@std@@V?$allocator@PAVCBuffer@Win32@OnlineGameLib@@@5@@2@U?$less@E@2@V?$allocator@PAVCBuffer@Win32@OnlineGameLib@@@2@@2@XZ 00412a70 f i common:Buffer.obj
 0001:00011aa0       ??A?$map@EPAVCBuffer@Win32@OnlineGameLib@@U?$less@E@std@@V?$allocator@PAVCBuffer@Win32@OnlineGameLib@@@5@@std@@QAEAAPAVCBuffer@Win32@OnlineGameLib@@ABE@Z 00412aa0 f i common:Buffer.obj
 0001:00011af0       ?erase@?$map@EPAVCBuffer@Win32@OnlineGameLib@@U?$less@E@std@@V?$allocator@PAVCBuffer@Win32@OnlineGameLib@@@5@@std@@QAE?AViterator@?$_Tree@EU?$pair@$$CBEPAVCBuffer@Win32@OnlineGameLib@@@std@@U_Kfn@?$map@EPAVCBuffer@Win32@OnlineGameLib@@U?$less@E@std@@V?$allocator@PAVCBuffer@Win32@OnlineGameLib@@@5@@2@U?$less@E@2@V?$allocator@PAVCBuffer@Win32@OnlineGameLib@@@2@@2@V342@0@Z 00412af0 f i common:Buffer.obj
 0001:00011b20       ?erase@?$map@EPAVCBuffer@Win32@OnlineGameLib@@U?$less@E@std@@V?$allocator@PAVCBuffer@Win32@OnlineGameLib@@@5@@std@@QAEIABE@Z 00412b20 f i common:Buffer.obj
 0001:00011b40       ?find@?$map@EPAVCBuffer@Win32@OnlineGameLib@@U?$less@E@std@@V?$allocator@PAVCBuffer@Win32@OnlineGameLib@@@5@@std@@QAE?AViterator@?$_Tree@EU?$pair@$$CBEPAVCBuffer@Win32@OnlineGameLib@@@std@@U_Kfn@?$map@EPAVCBuffer@Win32@OnlineGameLib@@U?$less@E@std@@V?$allocator@PAVCBuffer@Win32@OnlineGameLib@@@5@@2@U?$less@E@2@V?$allocator@PAVCBuffer@Win32@OnlineGameLib@@@2@@2@ABE@Z 00412b40 f i common:Buffer.obj
 0001:00011b70       ??1?$_Tree@EU?$pair@$$CBEPAVCBuffer@Win32@OnlineGameLib@@@std@@U_Kfn@?$map@EPAVCBuffer@Win32@OnlineGameLib@@U?$less@E@std@@V?$allocator@PAVCBuffer@Win32@OnlineGameLib@@@5@@2@U?$less@E@2@V?$allocator@PAVCBuffer@Win32@OnlineGameLib@@@2@@std@@QAE@XZ 00412b70 f i common:Buffer.obj
 0001:00011c40       ??0iterator@?$_Tree@EU?$pair@$$CBEPAVCBuffer@Win32@OnlineGameLib@@@std@@U_Kfn@?$map@EPAVCBuffer@Win32@OnlineGameLib@@U?$less@E@std@@V?$allocator@PAVCBuffer@Win32@OnlineGameLib@@@5@@2@U?$less@E@2@V?$allocator@PAVCBuffer@Win32@OnlineGameLib@@@2@@std@@QAE@XZ 00412c40 f i common:Buffer.obj
 0001:00011c60       ??Diterator@?$_Tree@EU?$pair@$$CBEPAVCBuffer@Win32@OnlineGameLib@@@std@@U_Kfn@?$map@EPAVCBuffer@Win32@OnlineGameLib@@U?$less@E@std@@V?$allocator@PAVCBuffer@Win32@OnlineGameLib@@@5@@2@U?$less@E@2@V?$allocator@PAVCBuffer@Win32@OnlineGameLib@@@2@@std@@QBEAAU?$pair@$$CBEPAVCBuffer@Win32@OnlineGameLib@@@2@XZ 00412c60 f i common:Buffer.obj
 0001:00011c80       ??Eiterator@?$_Tree@EU?$pair@$$CBEPAVCBuffer@Win32@OnlineGameLib@@@std@@U_Kfn@?$map@EPAVCBuffer@Win32@OnlineGameLib@@U?$less@E@std@@V?$allocator@PAVCBuffer@Win32@OnlineGameLib@@@5@@2@U?$less@E@2@V?$allocator@PAVCBuffer@Win32@OnlineGameLib@@@2@@std@@QAE?AV012@H@Z 00412c80 f i common:Buffer.obj
 0001:00011cb0       ??8iterator@?$_Tree@EU?$pair@$$CBEPAVCBuffer@Win32@OnlineGameLib@@@std@@U_Kfn@?$map@EPAVCBuffer@Win32@OnlineGameLib@@U?$less@E@std@@V?$allocator@PAVCBuffer@Win32@OnlineGameLib@@@5@@2@U?$less@E@2@V?$allocator@PAVCBuffer@Win32@OnlineGameLib@@@2@@std@@QBE_NABV012@@Z 00412cb0 f i common:Buffer.obj
 0001:00011cd0       ??9iterator@?$_Tree@EU?$pair@$$CBEPAVCBuffer@Win32@OnlineGameLib@@@std@@U_Kfn@?$map@EPAVCBuffer@Win32@OnlineGameLib@@U?$less@E@std@@V?$allocator@PAVCBuffer@Win32@OnlineGameLib@@@5@@2@U?$less@E@2@V?$allocator@PAVCBuffer@Win32@OnlineGameLib@@@2@@std@@QBE_NABV012@@Z 00412cd0 f i common:Buffer.obj
 0001:00011d00       ?insert@?$map@EPAVCBuffer@Win32@OnlineGameLib@@U?$less@E@std@@V?$allocator@PAVCBuffer@Win32@OnlineGameLib@@@5@@std@@QAE?AU?$pair@Viterator@?$_Tree@EU?$pair@$$CBEPAVCBuffer@Win32@OnlineGameLib@@@std@@U_Kfn@?$map@EPAVCBuffer@Win32@OnlineGameLib@@U?$less@E@std@@V?$allocator@PAVCBuffer@Win32@OnlineGameLib@@@5@@2@U?$less@E@2@V?$allocator@PAVCBuffer@Win32@OnlineGameLib@@@2@@std@@_N@2@ABU?$pair@$$CBEPAVCBuffer@Win32@OnlineGameLib@@@2@@Z 00412d00 f i common:Buffer.obj
 0001:00011d50       ?_Value@?$_Tree@EU?$pair@$$CBEPAVCBuffer@Win32@OnlineGameLib@@@std@@U_Kfn@?$map@EPAVCBuffer@Win32@OnlineGameLib@@U?$less@E@std@@V?$allocator@PAVCBuffer@Win32@OnlineGameLib@@@5@@2@U?$less@E@2@V?$allocator@PAVCBuffer@Win32@OnlineGameLib@@@2@@std@@KAAAU?$pair@$$CBEPAVCBuffer@Win32@OnlineGameLib@@@2@PAU_Node@12@@Z 00412d50 f i common:Buffer.obj
 0001:00011d60       ??0?$_Tree@EU?$pair@$$CBEPAVCBuffer@Win32@OnlineGameLib@@@std@@U_Kfn@?$map@EPAVCBuffer@Win32@OnlineGameLib@@U?$less@E@std@@V?$allocator@PAVCBuffer@Win32@OnlineGameLib@@@5@@2@U?$less@E@2@V?$allocator@PAVCBuffer@Win32@OnlineGameLib@@@2@@std@@QAE@ABU?$less@E@1@_NABV?$allocator@PAVCBuffer@Win32@OnlineGameLib@@@1@@Z 00412d60 f i common:Buffer.obj
 0001:00011da0       ?begin@?$_Tree@EU?$pair@$$CBEPAVCBuffer@Win32@OnlineGameLib@@@std@@U_Kfn@?$map@EPAVCBuffer@Win32@OnlineGameLib@@U?$less@E@std@@V?$allocator@PAVCBuffer@Win32@OnlineGameLib@@@5@@2@U?$less@E@2@V?$allocator@PAVCBuffer@Win32@OnlineGameLib@@@2@@std@@QAE?AViterator@12@XZ 00412da0 f i common:Buffer.obj
 0001:00011dd0       ?end@?$_Tree@EU?$pair@$$CBEPAVCBuffer@Win32@OnlineGameLib@@@std@@U_Kfn@?$map@EPAVCBuffer@Win32@OnlineGameLib@@U?$less@E@std@@V?$allocator@PAVCBuffer@Win32@OnlineGameLib@@@5@@2@U?$less@E@2@V?$allocator@PAVCBuffer@Win32@OnlineGameLib@@@2@@std@@QAE?AViterator@12@XZ 00412dd0 f i common:Buffer.obj
 0001:00011e00       ?erase@?$_Tree@EU?$pair@$$CBEPAVCBuffer@Win32@OnlineGameLib@@@std@@U_Kfn@?$map@EPAVCBuffer@Win32@OnlineGameLib@@U?$less@E@std@@V?$allocator@PAVCBuffer@Win32@OnlineGameLib@@@5@@2@U?$less@E@2@V?$allocator@PAVCBuffer@Win32@OnlineGameLib@@@2@@std@@QAE?AViterator@12@V312@0@Z 00412e00 f i common:Buffer.obj
 0001:00011f40       ?erase@?$_Tree@EU?$pair@$$CBEPAVCBuffer@Win32@OnlineGameLib@@@std@@U_Kfn@?$map@EPAVCBuffer@Win32@OnlineGameLib@@U?$less@E@std@@V?$allocator@PAVCBuffer@Win32@OnlineGameLib@@@5@@2@U?$less@E@2@V?$allocator@PAVCBuffer@Win32@OnlineGameLib@@@2@@std@@QAEIABE@Z 00412f40 f i common:Buffer.obj
 0001:00011fa0       ?find@?$_Tree@EU?$pair@$$CBEPAVCBuffer@Win32@OnlineGameLib@@@std@@U_Kfn@?$map@EPAVCBuffer@Win32@OnlineGameLib@@U?$less@E@std@@V?$allocator@PAVCBuffer@Win32@OnlineGameLib@@@5@@2@U?$less@E@2@V?$allocator@PAVCBuffer@Win32@OnlineGameLib@@@2@@std@@QAE?AViterator@12@ABE@Z 00412fa0 f i common:Buffer.obj
 0001:00012040       ?_Freenode@?$_Tree@EU?$pair@$$CBEPAVCBuffer@Win32@OnlineGameLib@@@std@@U_Kfn@?$map@EPAVCBuffer@Win32@OnlineGameLib@@U?$less@E@std@@V?$allocator@PAVCBuffer@Win32@OnlineGameLib@@@5@@2@U?$less@E@2@V?$allocator@PAVCBuffer@Win32@OnlineGameLib@@@2@@std@@IAEXPAU_Node@12@@Z 00413040 f i common:Buffer.obj
 0001:00012060       ??0?$pair@$$CBEPAVCBuffer@Win32@OnlineGameLib@@@std@@QAE@ABEABQAVCBuffer@Win32@OnlineGameLib@@@Z 00413060 f i common:Buffer.obj
 0001:00012090       ??0const_iterator@?$_Tree@EU?$pair@$$CBEPAVCBuffer@Win32@OnlineGameLib@@@std@@U_Kfn@?$map@EPAVCBuffer@Win32@OnlineGameLib@@U?$less@E@std@@V?$allocator@PAVCBuffer@Win32@OnlineGameLib@@@5@@2@U?$less@E@2@V?$allocator@PAVCBuffer@Win32@OnlineGameLib@@@2@@std@@QAE@XZ 00413090 f i common:Buffer.obj
 0001:000120a0       ??Eiterator@?$_Tree@EU?$pair@$$CBEPAVCBuffer@Win32@OnlineGameLib@@@std@@U_Kfn@?$map@EPAVCBuffer@Win32@OnlineGameLib@@U?$less@E@std@@V?$allocator@PAVCBuffer@Win32@OnlineGameLib@@@5@@2@U?$less@E@2@V?$allocator@PAVCBuffer@Win32@OnlineGameLib@@@2@@std@@QAEAAV012@XZ 004130a0 f i common:Buffer.obj
 0001:000120c0       ??R?$less@E@std@@QBE_NABE0@Z 004130c0 f i common:Buffer.obj
 0001:000120f0       ?deallocate@?$allocator@PAVCBuffer@Win32@OnlineGameLib@@@std@@QAEXPAXI@Z 004130f0 f i common:Buffer.obj
 0001:00012110       ?_Key@?$_Tree@EU?$pair@$$CBEPAVCBuffer@Win32@OnlineGameLib@@@std@@U_Kfn@?$map@EPAVCBuffer@Win32@OnlineGameLib@@U?$less@E@std@@V?$allocator@PAVCBuffer@Win32@OnlineGameLib@@@5@@2@U?$less@E@2@V?$allocator@PAVCBuffer@Win32@OnlineGameLib@@@2@@std@@KAABEPAU_Node@12@@Z 00413110 f i common:Buffer.obj
 0001:00012130       ?size@?$_Tree@EU?$pair@$$CBEPAVCBuffer@Win32@OnlineGameLib@@@std@@U_Kfn@?$map@EPAVCBuffer@Win32@OnlineGameLib@@U?$less@E@std@@V?$allocator@PAVCBuffer@Win32@OnlineGameLib@@@5@@2@U?$less@E@2@V?$allocator@PAVCBuffer@Win32@OnlineGameLib@@@2@@std@@QBEIXZ 00413130 f i common:Buffer.obj
 0001:00012150       ?insert@?$_Tree@EU?$pair@$$CBEPAVCBuffer@Win32@OnlineGameLib@@@std@@U_Kfn@?$map@EPAVCBuffer@Win32@OnlineGameLib@@U?$less@E@std@@V?$allocator@PAVCBuffer@Win32@OnlineGameLib@@@5@@2@U?$less@E@2@V?$allocator@PAVCBuffer@Win32@OnlineGameLib@@@2@@std@@QAE?AU?$pair@Viterator@?$_Tree@EU?$pair@$$CBEPAVCBuffer@Win32@OnlineGameLib@@@std@@U_Kfn@?$map@EPAVCBuffer@Win32@OnlineGameLib@@U?$less@E@std@@V?$allocator@PAVCBuffer@Win32@OnlineGameLib@@@5@@2@U?$less@E@2@V?$allocator@PAVCBuffer@Win32@OnlineGameLib@@@2@@std@@_N@2@ABU?$pair@$$CBEPAVCBuffer@Win32@OnlineGameLib@@@2@@Z 00413150 f i common:Buffer.obj
 0001:00012390       ?erase@?$_Tree@EU?$pair@$$CBEPAVCBuffer@Win32@OnlineGameLib@@@std@@U_Kfn@?$map@EPAVCBuffer@Win32@OnlineGameLib@@U?$less@E@std@@V?$allocator@PAVCBuffer@Win32@OnlineGameLib@@@5@@2@U?$less@E@2@V?$allocator@PAVCBuffer@Win32@OnlineGameLib@@@2@@std@@QAE?AViterator@12@V312@@Z 00413390 f i common:Buffer.obj
 0001:00012be0       ?lower_bound@?$_Tree@EU?$pair@$$CBEPAVCBuffer@Win32@OnlineGameLib@@@std@@U_Kfn@?$map@EPAVCBuffer@Win32@OnlineGameLib@@U?$less@E@std@@V?$allocator@PAVCBuffer@Win32@OnlineGameLib@@@5@@2@U?$less@E@2@V?$allocator@PAVCBuffer@Win32@OnlineGameLib@@@2@@std@@QAE?AViterator@12@ABE@Z 00413be0 f i common:Buffer.obj
 0001:00012c10       ?equal_range@?$_Tree@EU?$pair@$$CBEPAVCBuffer@Win32@OnlineGameLib@@@std@@U_Kfn@?$map@EPAVCBuffer@Win32@OnlineGameLib@@U?$less@E@std@@V?$allocator@PAVCBuffer@Win32@OnlineGameLib@@@5@@2@U?$less@E@2@V?$allocator@PAVCBuffer@Win32@OnlineGameLib@@@2@@std@@QAE?AU?$pair@Viterator@?$_Tree@EU?$pair@$$CBEPAVCBuffer@Win32@OnlineGameLib@@@std@@U_Kfn@?$map@EPAVCBuffer@Win32@OnlineGameLib@@U?$less@E@std@@V?$allocator@PAVCBuffer@Win32@OnlineGameLib@@@5@@2@U?$less@E@2@V?$allocator@PAVCBuffer@Win32@OnlineGameLib@@@2@@std@@V123@@2@ABE@Z 00413c10 f i common:Buffer.obj
 0001:00012c60       ?_Erase@?$_Tree@EU?$pair@$$CBEPAVCBuffer@Win32@OnlineGameLib@@@std@@U_Kfn@?$map@EPAVCBuffer@Win32@OnlineGameLib@@U?$less@E@std@@V?$allocator@PAVCBuffer@Win32@OnlineGameLib@@@5@@2@U?$less@E@2@V?$allocator@PAVCBuffer@Win32@OnlineGameLib@@@2@@std@@IAEXPAU_Node@12@@Z 00413c60 f i common:Buffer.obj
 0001:00012d10       ?_Init@?$_Tree@EU?$pair@$$CBEPAVCBuffer@Win32@OnlineGameLib@@@std@@U_Kfn@?$map@EPAVCBuffer@Win32@OnlineGameLib@@U?$less@E@std@@V?$allocator@PAVCBuffer@Win32@OnlineGameLib@@@5@@2@U?$less@E@2@V?$allocator@PAVCBuffer@Win32@OnlineGameLib@@@2@@std@@IAEXXZ 00413d10 f i common:Buffer.obj
 0001:00012df0       ?_Lmost@?$_Tree@EU?$pair@$$CBEPAVCBuffer@Win32@OnlineGameLib@@@std@@U_Kfn@?$map@EPAVCBuffer@Win32@OnlineGameLib@@U?$less@E@std@@V?$allocator@PAVCBuffer@Win32@OnlineGameLib@@@5@@2@U?$less@E@2@V?$allocator@PAVCBuffer@Win32@OnlineGameLib@@@2@@std@@IAEAAPAU_Node@12@XZ 00413df0 f i common:Buffer.obj
 0001:00012e10       ?_Rmost@?$_Tree@EU?$pair@$$CBEPAVCBuffer@Win32@OnlineGameLib@@@std@@U_Kfn@?$map@EPAVCBuffer@Win32@OnlineGameLib@@U?$less@E@std@@V?$allocator@PAVCBuffer@Win32@OnlineGameLib@@@5@@2@U?$less@E@2@V?$allocator@PAVCBuffer@Win32@OnlineGameLib@@@2@@std@@IAEAAPAU_Node@12@XZ 00413e10 f i common:Buffer.obj
 0001:00012e30       ?_Root@?$_Tree@EU?$pair@$$CBEPAVCBuffer@Win32@OnlineGameLib@@@std@@U_Kfn@?$map@EPAVCBuffer@Win32@OnlineGameLib@@U?$less@E@std@@V?$allocator@PAVCBuffer@Win32@OnlineGameLib@@@5@@2@U?$less@E@2@V?$allocator@PAVCBuffer@Win32@OnlineGameLib@@@2@@std@@IAEAAPAU_Node@12@XZ 00413e30 f i common:Buffer.obj
 0001:00012e50       ?_Inc@const_iterator@?$_Tree@EU?$pair@$$CBEPAVCBuffer@Win32@OnlineGameLib@@@std@@U_Kfn@?$map@EPAVCBuffer@Win32@OnlineGameLib@@U?$less@E@std@@V?$allocator@PAVCBuffer@Win32@OnlineGameLib@@@5@@2@U?$less@E@2@V?$allocator@PAVCBuffer@Win32@OnlineGameLib@@@2@@std@@QAEXXZ 00413e50 f i common:Buffer.obj
 0001:00012f30       ?_Mynode@const_iterator@?$_Tree@EU?$pair@$$CBEPAVCBuffer@Win32@OnlineGameLib@@@std@@U_Kfn@?$map@EPAVCBuffer@Win32@OnlineGameLib@@U?$less@E@std@@V?$allocator@PAVCBuffer@Win32@OnlineGameLib@@@5@@2@U?$less@E@2@V?$allocator@PAVCBuffer@Win32@OnlineGameLib@@@2@@std@@QBEPAU_Node@23@XZ 00413f30 f i common:Buffer.obj
 0001:00012f40       ??0iterator@?$_Tree@EU?$pair@$$CBEPAVCBuffer@Win32@OnlineGameLib@@@std@@U_Kfn@?$map@EPAVCBuffer@Win32@OnlineGameLib@@U?$less@E@std@@V?$allocator@PAVCBuffer@Win32@OnlineGameLib@@@5@@2@U?$less@E@2@V?$allocator@PAVCBuffer@Win32@OnlineGameLib@@@2@@std@@QAE@PAU_Node@12@@Z 00413f40 f i common:Buffer.obj
 0001:00012f60       ??0?$pair@Viterator@?$_Tree@EU?$pair@$$CBEPAVCBuffer@Win32@OnlineGameLib@@@std@@U_Kfn@?$map@EPAVCBuffer@Win32@OnlineGameLib@@U?$less@E@std@@V?$allocator@PAVCBuffer@Win32@OnlineGameLib@@@5@@2@U?$less@E@2@V?$allocator@PAVCBuffer@Win32@OnlineGameLib@@@2@@std@@_N@std@@QAE@ABViterator@?$_Tree@EU?$pair@$$CBEPAVCBuffer@Win32@OnlineGameLib@@@std@@U_Kfn@?$map@EPAVCBuffer@Win32@OnlineGameLib@@U?$less@E@std@@V?$allocator@PAVCBuffer@Win32@OnlineGameLib@@@5@@2@U?$less@E@2@V?$allocator@PAVCBuffer@Win32@OnlineGameLib@@@2@@1@AB_N@Z 00413f60 f i common:Buffer.obj
 0001:00012f90       ??R_Kfn@?$map@EPAVCBuffer@Win32@OnlineGameLib@@U?$less@E@std@@V?$allocator@PAVCBuffer@Win32@OnlineGameLib@@@5@@std@@QBEABEABU?$pair@$$CBEPAVCBuffer@Win32@OnlineGameLib@@@2@@Z 00413f90 f i common:Buffer.obj
 0001:00012fa0       ?_Color@?$_Tree@EU?$pair@$$CBEPAVCBuffer@Win32@OnlineGameLib@@@std@@U_Kfn@?$map@EPAVCBuffer@Win32@OnlineGameLib@@U?$less@E@std@@V?$allocator@PAVCBuffer@Win32@OnlineGameLib@@@5@@2@U?$less@E@2@V?$allocator@PAVCBuffer@Win32@OnlineGameLib@@@2@@std@@KAAAW4_Redbl@12@PAU_Node@12@@Z 00413fa0 f i common:Buffer.obj
 0001:00012fb0       ?_Left@?$_Tree@EU?$pair@$$CBEPAVCBuffer@Win32@OnlineGameLib@@@std@@U_Kfn@?$map@EPAVCBuffer@Win32@OnlineGameLib@@U?$less@E@std@@V?$allocator@PAVCBuffer@Win32@OnlineGameLib@@@5@@2@U?$less@E@2@V?$allocator@PAVCBuffer@Win32@OnlineGameLib@@@2@@std@@KAAAPAU_Node@12@PAU312@@Z 00413fb0 f i common:Buffer.obj
 0001:00012fc0       ?_Parent@?$_Tree@EU?$pair@$$CBEPAVCBuffer@Win32@OnlineGameLib@@@std@@U_Kfn@?$map@EPAVCBuffer@Win32@OnlineGameLib@@U?$less@E@std@@V?$allocator@PAVCBuffer@Win32@OnlineGameLib@@@5@@2@U?$less@E@2@V?$allocator@PAVCBuffer@Win32@OnlineGameLib@@@2@@std@@KAAAPAU_Node@12@PAU312@@Z 00413fc0 f i common:Buffer.obj
 0001:00012fd0       ?_Right@?$_Tree@EU?$pair@$$CBEPAVCBuffer@Win32@OnlineGameLib@@@std@@U_Kfn@?$map@EPAVCBuffer@Win32@OnlineGameLib@@U?$less@E@std@@V?$allocator@PAVCBuffer@Win32@OnlineGameLib@@@5@@2@U?$less@E@2@V?$allocator@PAVCBuffer@Win32@OnlineGameLib@@@2@@std@@KAAAPAU_Node@12@PAU312@@Z 00413fd0 f i common:Buffer.obj
 0001:00012fe0       ?upper_bound@?$_Tree@EU?$pair@$$CBEPAVCBuffer@Win32@OnlineGameLib@@@std@@U_Kfn@?$map@EPAVCBuffer@Win32@OnlineGameLib@@U?$less@E@std@@V?$allocator@PAVCBuffer@Win32@OnlineGameLib@@@5@@2@U?$less@E@2@V?$allocator@PAVCBuffer@Win32@OnlineGameLib@@@2@@std@@QAE?AViterator@12@ABE@Z 00413fe0 f i common:Buffer.obj
 0001:00013010       ?_Insert@?$_Tree@EU?$pair@$$CBEPAVCBuffer@Win32@OnlineGameLib@@@std@@U_Kfn@?$map@EPAVCBuffer@Win32@OnlineGameLib@@U?$less@E@std@@V?$allocator@PAVCBuffer@Win32@OnlineGameLib@@@5@@2@U?$less@E@2@V?$allocator@PAVCBuffer@Win32@OnlineGameLib@@@2@@std@@IAE?AViterator@12@PAU_Node@12@0ABU?$pair@$$CBEPAVCBuffer@Win32@OnlineGameLib@@@2@@Z 00414010 f i common:Buffer.obj
 0001:000134e0       ?_Lbound@?$_Tree@EU?$pair@$$CBEPAVCBuffer@Win32@OnlineGameLib@@@std@@U_Kfn@?$map@EPAVCBuffer@Win32@OnlineGameLib@@U?$less@E@std@@V?$allocator@PAVCBuffer@Win32@OnlineGameLib@@@5@@2@U?$less@E@2@V?$allocator@PAVCBuffer@Win32@OnlineGameLib@@@2@@std@@IBEPAU_Node@12@ABE@Z 004144e0 f i common:Buffer.obj
 0001:000135b0       ?_Lrotate@?$_Tree@EU?$pair@$$CBEPAVCBuffer@Win32@OnlineGameLib@@@std@@U_Kfn@?$map@EPAVCBuffer@Win32@OnlineGameLib@@U?$less@E@std@@V?$allocator@PAVCBuffer@Win32@OnlineGameLib@@@5@@2@U?$less@E@2@V?$allocator@PAVCBuffer@Win32@OnlineGameLib@@@2@@std@@IAEXPAU_Node@12@@Z 004145b0 f i common:Buffer.obj
 0001:00013720       ?_Max@?$_Tree@EU?$pair@$$CBEPAVCBuffer@Win32@OnlineGameLib@@@std@@U_Kfn@?$map@EPAVCBuffer@Win32@OnlineGameLib@@U?$less@E@std@@V?$allocator@PAVCBuffer@Win32@OnlineGameLib@@@5@@2@U?$less@E@2@V?$allocator@PAVCBuffer@Win32@OnlineGameLib@@@2@@std@@KAPAU_Node@12@PAU312@@Z 00414720 f i common:Buffer.obj
 0001:000137a0       ?_Min@?$_Tree@EU?$pair@$$CBEPAVCBuffer@Win32@OnlineGameLib@@@std@@U_Kfn@?$map@EPAVCBuffer@Win32@OnlineGameLib@@U?$less@E@std@@V?$allocator@PAVCBuffer@Win32@OnlineGameLib@@@5@@2@U?$less@E@2@V?$allocator@PAVCBuffer@Win32@OnlineGameLib@@@2@@std@@KAPAU_Node@12@PAU312@@Z 004147a0 f i common:Buffer.obj
 0001:00013820       ?_Rrotate@?$_Tree@EU?$pair@$$CBEPAVCBuffer@Win32@OnlineGameLib@@@std@@U_Kfn@?$map@EPAVCBuffer@Win32@OnlineGameLib@@U?$less@E@std@@V?$allocator@PAVCBuffer@Win32@OnlineGameLib@@@5@@2@U?$less@E@2@V?$allocator@PAVCBuffer@Win32@OnlineGameLib@@@2@@std@@IAEXPAU_Node@12@@Z 00414820 f i common:Buffer.obj
 0001:00013990       ?_Buynode@?$_Tree@EU?$pair@$$CBEPAVCBuffer@Win32@OnlineGameLib@@@std@@U_Kfn@?$map@EPAVCBuffer@Win32@OnlineGameLib@@U?$less@E@std@@V?$allocator@PAVCBuffer@Win32@OnlineGameLib@@@5@@2@U?$less@E@2@V?$allocator@PAVCBuffer@Win32@OnlineGameLib@@@2@@std@@IAEPAU_Node@12@PAU312@W4_Redbl@12@@Z 00414990 f i common:Buffer.obj
 0001:000139e0       ?_Destval@?$_Tree@EU?$pair@$$CBEPAVCBuffer@Win32@OnlineGameLib@@@std@@U_Kfn@?$map@EPAVCBuffer@Win32@OnlineGameLib@@U?$less@E@std@@V?$allocator@PAVCBuffer@Win32@OnlineGameLib@@@5@@2@U?$less@E@2@V?$allocator@PAVCBuffer@Win32@OnlineGameLib@@@2@@std@@IAEXPAU?$pair@$$CBEPAVCBuffer@Win32@OnlineGameLib@@@2@@Z 004149e0 f i common:Buffer.obj
 0001:00013a00       ??0const_iterator@?$_Tree@EU?$pair@$$CBEPAVCBuffer@Win32@OnlineGameLib@@@std@@U_Kfn@?$map@EPAVCBuffer@Win32@OnlineGameLib@@U?$less@E@std@@V?$allocator@PAVCBuffer@Win32@OnlineGameLib@@@5@@2@U?$less@E@2@V?$allocator@PAVCBuffer@Win32@OnlineGameLib@@@2@@std@@QAE@PAU_Node@12@@Z 00414a00 f i common:Buffer.obj
 0001:00013a20       ??Fiterator@?$_Tree@EU?$pair@$$CBEPAVCBuffer@Win32@OnlineGameLib@@@std@@U_Kfn@?$map@EPAVCBuffer@Win32@OnlineGameLib@@U?$less@E@std@@V?$allocator@PAVCBuffer@Win32@OnlineGameLib@@@5@@2@U?$less@E@2@V?$allocator@PAVCBuffer@Win32@OnlineGameLib@@@2@@std@@QAEAAV012@XZ 00414a20 f i common:Buffer.obj
 0001:00013a40       ??0?$pair@Viterator@?$_Tree@EU?$pair@$$CBEPAVCBuffer@Win32@OnlineGameLib@@@std@@U_Kfn@?$map@EPAVCBuffer@Win32@OnlineGameLib@@U?$less@E@std@@V?$allocator@PAVCBuffer@Win32@OnlineGameLib@@@5@@2@U?$less@E@2@V?$allocator@PAVCBuffer@Win32@OnlineGameLib@@@2@@std@@V123@@std@@QAE@ABViterator@?$_Tree@EU?$pair@$$CBEPAVCBuffer@Win32@OnlineGameLib@@@std@@U_Kfn@?$map@EPAVCBuffer@Win32@OnlineGameLib@@U?$less@E@std@@V?$allocator@PAVCBuffer@Win32@OnlineGameLib@@@5@@2@U?$less@E@2@V?$allocator@PAVCBuffer@Win32@OnlineGameLib@@@2@@1@0@Z 00414a40 f i common:Buffer.obj
 0001:00013a70       ?_Charalloc@?$allocator@PAVCBuffer@Win32@OnlineGameLib@@@std@@QAEPADI@Z 00414a70 f i common:Buffer.obj
 0001:00013a90       ?_Root@?$_Tree@EU?$pair@$$CBEPAVCBuffer@Win32@OnlineGameLib@@@std@@U_Kfn@?$map@EPAVCBuffer@Win32@OnlineGameLib@@U?$less@E@std@@V?$allocator@PAVCBuffer@Win32@OnlineGameLib@@@5@@2@U?$less@E@2@V?$allocator@PAVCBuffer@Win32@OnlineGameLib@@@2@@std@@IBEAAPAU_Node@12@XZ 00414a90 f i common:Buffer.obj
 0001:00013ab0       ?_Ubound@?$_Tree@EU?$pair@$$CBEPAVCBuffer@Win32@OnlineGameLib@@@std@@U_Kfn@?$map@EPAVCBuffer@Win32@OnlineGameLib@@U?$less@E@std@@V?$allocator@PAVCBuffer@Win32@OnlineGameLib@@@5@@2@U?$less@E@2@V?$allocator@PAVCBuffer@Win32@OnlineGameLib@@@2@@std@@IBEPAU_Node@12@ABE@Z 00414ab0 f i common:Buffer.obj
 0001:00013b80       ?_Consval@?$_Tree@EU?$pair@$$CBEPAVCBuffer@Win32@OnlineGameLib@@@std@@U_Kfn@?$map@EPAVCBuffer@Win32@OnlineGameLib@@U?$less@E@std@@V?$allocator@PAVCBuffer@Win32@OnlineGameLib@@@5@@2@U?$less@E@2@V?$allocator@PAVCBuffer@Win32@OnlineGameLib@@@2@@std@@IAEXPAU?$pair@$$CBEPAVCBuffer@Win32@OnlineGameLib@@@2@ABU32@@Z 00414b80 f i common:Buffer.obj
 0001:00013ba0       ?_Dec@const_iterator@?$_Tree@EU?$pair@$$CBEPAVCBuffer@Win32@OnlineGameLib@@@std@@U_Kfn@?$map@EPAVCBuffer@Win32@OnlineGameLib@@U?$less@E@std@@V?$allocator@PAVCBuffer@Win32@OnlineGameLib@@@5@@2@U?$less@E@2@V?$allocator@PAVCBuffer@Win32@OnlineGameLib@@@2@@std@@QAEXXZ 00414ba0 f i common:Buffer.obj
 0001:00013cb0       ?PopNode@?$TNodeList@VCBuffer@Win32@OnlineGameLib@@@OnlineGameLib@@QAEPAVCBuffer@Win32@2@XZ 00414cb0 f i common:Buffer.obj
 0001:00013cd0       ?ToBool@Win32@OnlineGameLib@@YA_NABH@Z 00414cd0 f i common:Buffer.obj
 0001:00013cf0       ?_Distance@std@@YAXViterator@?$_Tree@EU?$pair@$$CBEPAVCBuffer@Win32@OnlineGameLib@@@std@@U_Kfn@?$map@EPAVCBuffer@Win32@OnlineGameLib@@U?$less@E@std@@V?$allocator@PAVCBuffer@Win32@OnlineGameLib@@@5@@2@U?$less@E@2@V?$allocator@PAVCBuffer@Win32@OnlineGameLib@@@2@@1@0AAI@Z 00414cf0 f i common:Buffer.obj
 0001:00013d20       ?swap@std@@YAXAAW4_Redbl@?$_Tree@EU?$pair@$$CBEPAVCBuffer@Win32@OnlineGameLib@@@std@@U_Kfn@?$map@EPAVCBuffer@Win32@OnlineGameLib@@U?$less@E@std@@V?$allocator@PAVCBuffer@Win32@OnlineGameLib@@@5@@2@U?$less@E@2@V?$allocator@PAVCBuffer@Win32@OnlineGameLib@@@2@@1@0@Z 00414d20 f i common:Buffer.obj
 0001:00013d50       ?_Destroy@std@@YAXPAU?$pair@$$CBEPAVCBuffer@Win32@OnlineGameLib@@@1@@Z 00414d50 f i common:Buffer.obj
 0001:00013d60       ?_Construct@std@@YAXPAU?$pair@$$CBEPAVCBuffer@Win32@OnlineGameLib@@@1@ABU21@@Z 00414d60 f i common:Buffer.obj
 0001:00013da0       ?_Iter_cat@std@@YA?AUbidirectional_iterator_tag@1@ABU?$iterator@Ubidirectional_iterator_tag@std@@U?$pair@$$CBEPAVCBuffer@Win32@OnlineGameLib@@@2@H@1@@Z 00414da0 f i common:Buffer.obj
 0001:00013dc0       ?_Distance@std@@YAXViterator@?$_Tree@EU?$pair@$$CBEPAVCBuffer@Win32@OnlineGameLib@@@std@@U_Kfn@?$map@EPAVCBuffer@Win32@OnlineGameLib@@U?$less@E@std@@V?$allocator@PAVCBuffer@Win32@OnlineGameLib@@@5@@2@U?$less@E@2@V?$allocator@PAVCBuffer@Win32@OnlineGameLib@@@2@@1@0AAIUbidirectional_iterator_tag@1@@Z 00414dc0 f i common:Buffer.obj
 0001:00013e00       _GetCRCTable               00414e00 f   common:CRC32.OBJ
 0001:00013e0a       _CRC32_C                   00414e0a f   common:CRC32.OBJ
 0001:00013ff6       _CRC32                     00414ff6 f   common:CRC32.OBJ
 0001:00014100       ??0CWin32Exception@Win32@OnlineGameLib@@QAE@ABV?$basic_string@DU?$char_traits@D@std@@V?$allocator@D@2@@std@@K@Z 00415100 f   common:Win32Exception.obj
 0001:000141b0       ??0CException@Win32@OnlineGameLib@@QAE@ABV?$basic_string@DU?$char_traits@D@std@@V?$allocator@D@2@@std@@0@Z 004151b0 f   common:Exception.obj
 0001:00014214       ?GetWhere@CException@Win32@OnlineGameLib@@UBE?AV?$basic_string@DU?$char_traits@D@std@@V?$allocator@D@2@@std@@XZ 00415214 f   common:Exception.obj
 0001:00014245       ?GetMessageA@CException@Win32@OnlineGameLib@@UBE?AV?$basic_string@DU?$char_traits@D@std@@V?$allocator@D@2@@std@@XZ 00415245 f   common:Exception.obj
 0001:00014276       ?MessageBoxA@CException@Win32@OnlineGameLib@@QBEXPAUHWND__@@@Z 00415276 f   common:Exception.obj
 0001:00014340       ??0CNodeList@OnlineGameLib@@QAE@XZ 00415340 f   common:NodeList.obj
 0001:00014361       ?PushNode@CNodeList@OnlineGameLib@@QAEXPAVNode@12@@Z 00415361 f   common:NodeList.obj
 0001:0001439f       ?PopNode@CNodeList@OnlineGameLib@@QAEPAVNode@12@XZ 0041539f f   common:NodeList.obj
 0001:000143c9       ?RemoveNode@CNodeList@OnlineGameLib@@AAEXPAVNode@12@@Z 004153c9 f   common:NodeList.obj
 0001:00014404       ??0Node@CNodeList@OnlineGameLib@@IAE@XZ 00415404 f   common:NodeList.obj
 0001:0001442f       ??1Node@CNodeList@OnlineGameLib@@IAE@XZ 0041542f f   common:NodeList.obj
 0001:000144c2       ?AddToList@Node@CNodeList@OnlineGameLib@@QAEXPAV23@@Z 004154c2 f   common:NodeList.obj
 0001:000144d8       ?RemoveFromList@Node@CNodeList@OnlineGameLib@@QAEXXZ 004154d8 f   common:NodeList.obj
 0001:000144fb       ?Unlink@Node@CNodeList@OnlineGameLib@@AAEXXZ 004154fb f   common:NodeList.obj
 0001:00014550       ?Next@Node@CNodeList@OnlineGameLib@@QAEXPAV123@@Z 00415550 f i common:NodeList.obj
 0001:00014580       ?Next@Node@CNodeList@OnlineGameLib@@QBEPAV123@XZ 00415580 f i common:NodeList.obj
 0001:000146d9       ?SetLogFileName@Win32@OnlineGameLib@@YAXABV?$basic_string@DU?$char_traits@D@std@@V?$allocator@D@2@@std@@@Z 004156d9 f   common:Utils.obj
 0001:00014723       ?Message@Win32@OnlineGameLib@@YAXQBD@Z 00415723 f   common:Utils.obj
 0001:00014749       ?Output@Win32@OnlineGameLib@@YAXABV?$basic_string@DU?$char_traits@D@std@@V?$allocator@D@2@@std@@@Z 00415749 f   common:Utils.obj
 0001:0001474e       ?Trace@Win32@OnlineGameLib@@YAXABV?$basic_string@DU?$char_traits@D@std@@V?$allocator@D@2@@std@@0@Z 0041574e f   common:Utils.obj
 0001:00014753       ?GetLastErrorMessage@Win32@OnlineGameLib@@YA?AV?$basic_string@DU?$char_traits@D@std@@V?$allocator@D@2@@std@@K@Z 00415753 f   common:Utils.obj
 0001:000147dc       ?HexToString@Win32@OnlineGameLib@@YA?AV?$basic_string@DU?$char_traits@D@std@@V?$allocator@D@2@@std@@PBEI@Z 004157dc f   common:Utils.obj
 0001:000148f8       ?StringToHex@Win32@OnlineGameLib@@YAXABV?$basic_string@DU?$char_traits@D@std@@V?$allocator@D@2@@std@@PAEI@Z 004158f8 f   common:Utils.obj
 0001:00014a47       ?HexStringToDWORD@Win32@OnlineGameLib@@YAKPBD@Z 00415a47 f   common:Utils.obj
 0001:00014b01       ?HashStr2ID@Win32@OnlineGameLib@@YAKQBD@Z 00415b01 f   common:Utils.obj
 0001:00014b6c       ?net_aton@Win32@OnlineGameLib@@YAKPBD@Z 00415b6c f   common:Utils.obj
 0001:00014c51       ?net_ntoa@Win32@OnlineGameLib@@YAPBDK@Z 00415c51 f   common:Utils.obj
 0001:00014cad       ?GetCurrentDirectoryA@Win32@OnlineGameLib@@YA?AV?$basic_string@DU?$char_traits@D@std@@V?$allocator@D@2@@std@@XZ 00415cad f   common:Utils.obj
 0001:00014d97       ?GetAppFullPath@Win32@OnlineGameLib@@YA?AV?$basic_string@DU?$char_traits@D@std@@V?$allocator@D@2@@std@@PAUHINSTANCE__@@@Z 00415d97 f   common:Utils.obj
 0001:00014eb1       ?GetDateStamp@Win32@OnlineGameLib@@YA?AV?$basic_string@DU?$char_traits@D@std@@V?$allocator@D@2@@std@@XZ 00415eb1 f   common:Utils.obj
 0001:00014f24       ?GetTimeStamp@Win32@OnlineGameLib@@YA?AV?$basic_string@DU?$char_traits@D@std@@V?$allocator@D@2@@std@@XZ 00415f24 f   common:Utils.obj
 0001:00014f8b       ?ToHex@Win32@OnlineGameLib@@YA?AV?$basic_string@DU?$char_traits@D@std@@V?$allocator@D@2@@std@@E@Z 00415f8b f   common:Utils.obj
 0001:00014fd8       ?DumpData@Win32@OnlineGameLib@@YA?AV?$basic_string@DU?$char_traits@D@std@@V?$allocator@D@2@@std@@QBEII@Z 00415fd8 f   common:Utils.obj
 0001:000152d8       ?GetComputerNameA@Win32@OnlineGameLib@@YA?AV?$basic_string@DU?$char_traits@D@std@@V?$allocator@D@2@@std@@XZ 004162d8 f   common:Utils.obj
 0001:00015387       ?GetModuleFileNameA@Win32@OnlineGameLib@@YA?AV?$basic_string@DU?$char_traits@D@std@@V?$allocator@D@2@@std@@PAUHINSTANCE__@@@Z 00416387 f   common:Utils.obj
 0001:0001544f       ?GetUserNameA@Win32@OnlineGameLib@@YA?AV?$basic_string@DU?$char_traits@D@std@@V?$allocator@D@2@@std@@XZ 0041644f f   common:Utils.obj
 0001:00015519       ?StripLeading@Win32@OnlineGameLib@@YA?AV?$basic_string@DU?$char_traits@D@std@@V?$allocator@D@2@@std@@ABV34@D@Z 00416519 f   common:Utils.obj
 0001:0001556f       ?StripTrailing@Win32@OnlineGameLib@@YA?AV?$basic_string@DU?$char_traits@D@std@@V?$allocator@D@2@@std@@ABV34@D@Z 0041656f f   common:Utils.obj
 0001:000155e8       ?GetFileVersion@Win32@OnlineGameLib@@YA?AV?$basic_string@DU?$char_traits@D@std@@V?$allocator@D@2@@std@@XZ 004165e8 f   common:Utils.obj
 0001:00015855       ?GetLocalName@Win32@OnlineGameLib@@YA_NPADI@Z 00416855 f   common:Utils.obj
 0001:0001591f       ?GetLocalAddress@Win32@OnlineGameLib@@YA_NPADIH@Z 0041691f f   common:Utils.obj
 0001:00015aa0       ??_D?$basic_fstream@DU?$char_traits@D@std@@@std@@QAEXXZ 00416aa0 f i common:Utils.obj
 0001:00015ad0       ?T2A@@YAPADPAD@Z           00416ad0 f i common:Utils.obj
 0001:00015ae0       ??Y?$basic_string@DU?$char_traits@D@std@@V?$allocator@D@2@@std@@QAEAAV01@ABV01@@Z 00416ae0 f i common:Utils.obj
 0001:00015b00       ??Y?$basic_string@DU?$char_traits@D@std@@V?$allocator@D@2@@std@@QAEAAV01@PBD@Z 00416b00 f i common:Utils.obj
 0001:00015b20       ??Y?$basic_string@DU?$char_traits@D@std@@V?$allocator@D@2@@std@@QAEAAV01@D@Z 00416b20 f i common:Utils.obj
 0001:00015b40       ??A?$basic_string@DU?$char_traits@D@std@@V?$allocator@D@2@@std@@QBEABDI@Z 00416b40 f i common:Utils.obj
 0001:00015b70       ?length@?$basic_string@DU?$char_traits@D@std@@V?$allocator@D@2@@std@@QBEIXZ 00416b70 f i common:Utils.obj
 0001:00015b90       ?substr@?$basic_string@DU?$char_traits@D@std@@V?$allocator@D@2@@std@@QBE?AV12@II@Z 00416b90 f i common:Utils.obj
 0001:00015bd0       ??1?$basic_ios@DU?$char_traits@D@std@@@std@@UAE@XZ 00416bd0 f i common:Utils.obj
 0001:00015bf0       ??0?$basic_fstream@DU?$char_traits@D@std@@@std@@QAE@XZ 00416bf0 f i common:Utils.obj
 0001:00015ca0       ??0?$basic_ios@DU?$char_traits@D@std@@@std@@IAE@XZ 00416ca0 f i common:Utils.obj
 0001:00015cc0       ??0ios_base@std@@IAE@XZ    00416cc0 f i common:Utils.obj
 0001:00015cf0       ??0locale@std@@QAE@W4_Uninitialized@1@@Z 00416cf0 f i common:Utils.obj
 0001:00015d00       ??_Gios_base@std@@UAEPAXI@Z 00416d00 f i common:Utils.obj
 0001:00015d00       ??_Eios_base@std@@UAEPAXI@Z 00416d00 f i common:Utils.obj
 0001:00015d30       ??0?$basic_iostream@DU?$char_traits@D@std@@@std@@QAE@PAV?$basic_streambuf@DU?$char_traits@D@std@@@1@@Z 00416d30 f i common:Utils.obj
 0001:00015df0       ??0?$basic_ostream@DU?$char_traits@D@std@@@std@@QAE@PAV?$basic_streambuf@DU?$char_traits@D@std@@@1@_N1@Z 00416df0 f i common:Utils.obj
 0001:00015ea0       ??0?$basic_istream@DU?$char_traits@D@std@@@std@@QAE@PAV?$basic_streambuf@DU?$char_traits@D@std@@@1@_N@Z 00416ea0 f i common:Utils.obj
 0001:00015f40       ??1?$basic_istream@DU?$char_traits@D@std@@@std@@UAE@XZ 00416f40 f i common:Utils.obj
 0001:00015f60       ??1?$basic_iostream@DU?$char_traits@D@std@@@std@@UAE@XZ 00416f60 f i common:Utils.obj
 0001:00015fe0       ??1?$basic_ostream@DU?$char_traits@D@std@@@std@@UAE@XZ 00416fe0 f i common:Utils.obj
 0001:00016000       ??1?$basic_fstream@DU?$char_traits@D@std@@@std@@UAE@XZ 00417000 f i common:Utils.obj
[...]
 0001:00015440       _$E47                      00416440 f   common:Utils.obj
 0001:0001550a       _$E49                      0041650a f   common:Utils.obj
 0001:00015846       _$E51                      00416846 f   common:Utils.obj
 0001:00015a73       _$E58                      00416a73 f   common:Utils.obj
 0001:00015a82       _$E57                      00416a82 f   common:Utils.obj
 0001:00014318       _$E19                      00415318 f   common:Exception.obj
 0001:00014327       _$E18                      00415327 f   common:Exception.obj
 0001:00014186       _$E21                      00415186 f   common:Win32Exception.obj
 0001:00014195       _$E20                      00415195 f   common:Win32Exception.obj
 0001:0001161b       _$E23                      0041261b f   common:Buffer.obj
 0001:0001162a       _$E22                      0041262a f   common:Buffer.obj
 0001:00010002       _$E19                      00411002 f   common:UsesWinsock.obj
 0001:00010011       _$E18                      00411011 f   common:UsesWinsock.obj
 0001:0000fef6       _$E19                      00410ef6 f   common:Library.obj
 0001:0000ff05       _$E18                      00410f05 f   common:Library.obj
 0001:0002559e       _$E37                      0042659e f   libcpmt:xlocale.obj
 0001:000255b3       _$E36                      004265b3 f   libcpmt:xlocale.obj
 0001:000226d5       _$E47                      004236d5 f   libcpmt:wlocale.obj
 0001:000226ea       _$E46                      004236ea f   libcpmt:wlocale.obj
 0001:0001c4e7       _$E2                       0041d4e7 f   libcpmt:nomemory.obj
 0001:0001c0e2       __Mbrtowc_lk               0041d0e2 f   libcpmt:xmbtowc.obj
 0001:0001c03d       _$E24                      0041d03d f   libcpmt:string.obj
 0001:0001c067       _$E20                      0041d067 f   libcpmt:string.obj
 0001:0001c073       _$E23                      0041d073 f   libcpmt:string.obj
 0001:0001bce7       _$E32                      0041cce7 f   libcpmt:locale.obj
 0001:0001bd11       _$E28                      0041cd11 f   libcpmt:locale.obj
 0001:0001bd1d       _$E31                      0041cd1d f   libcpmt:locale.obj
 0001:0001950d       _$E18                      0041a50d f   libcpmt:locale0.obj
 0001:00019517       _$E15                      0041a517 f   libcpmt:locale0.obj
 0001:00019518       _$E17                      0041a518 f   libcpmt:locale0.obj
 0001:00019524       _$E16                      0041a524 f   libcpmt:locale0.obj
 0001:000199db       _$E29                      0041a9db f   libcpmt:locale0.obj
 0001:00019a05       _$E25                      0041aa05 f   libcpmt:locale0.obj
 0001:00019a11       _$E28                      0041aa11 f   libcpmt:locale0.obj
 0001:00018f09       ?_CleanUp@std@@YAXXZ       00419f09 f   libcpmt:xlock.obj
 0001:00017fb9       _$E18                      00418fb9 f   libcpmt:wiostrea.obj
 0001:00017fc3       _$E15                      00418fc3 f   libcpmt:wiostrea.obj
 0001:00017fcd       _$E17                      00418fcd f   libcpmt:wiostrea.obj
 0001:00017fd9       _$E16                      00418fd9 f   libcpmt:wiostrea.obj
 0001:00017fe3       _$E24                      00418fe3 f   libcpmt:wiostrea.obj
 0001:00017fed       _$E21                      00418fed f   libcpmt:wiostrea.obj
 0001:00017ff7       _$E23                      00418ff7 f   libcpmt:wiostrea.obj
 0001:00018003       _$E22                      00419003 f   libcpmt:wiostrea.obj
 0001:0001800d       _$E29                      0041900d f   libcpmt:wiostrea.obj
 0001:00018017       _$E26                      00419017 f   libcpmt:wiostrea.obj
 0001:00018024       _$E28                      00419024 f   libcpmt:wiostrea.obj
 0001:00018030       _$E27                      00419030 f   libcpmt:wiostrea.obj
 0001:0001803a       _$E34                      0041903a f   libcpmt:wiostrea.obj
 0001:00018044       _$E31                      00419044 f   libcpmt:wiostrea.obj
 0001:00018051       _$E33                      00419051 f   libcpmt:wiostrea.obj
 0001:0001805d       _$E32                      0041905d f   libcpmt:wiostrea.obj
 0001:00018067       _$E39                      00419067 f   libcpmt:wiostrea.obj
 0001:00018071       _$E36                      00419071 f   libcpmt:wiostrea.obj
 0001:0001807e       _$E38                      0041907e f   libcpmt:wiostrea.obj
 0001:0001808a       _$E37                      0041908a f   libcpmt:wiostrea.obj
 0001:00018094       _$E44                      00419094 f   libcpmt:wiostrea.obj
 0001:0001809e       _$E41                      0041909e f   libcpmt:wiostrea.obj
 0001:000180ad       _$E43                      004190ad f   libcpmt:wiostrea.obj
 0001:000180b9       _$E42                      004190b9 f   libcpmt:wiostrea.obj
 0001:000180d8       _$E49                      004190d8 f   libcpmt:wiostrea.obj
 0001:000180e2       _$E46                      004190e2 f   libcpmt:wiostrea.obj
 0001:000180f1       _$E48                      004190f1 f   libcpmt:wiostrea.obj
 0001:000180fd       _$E47                      004190fd f   libcpmt:wiostrea.obj
 0001:0001811c       _$E54                      0041911c f   libcpmt:wiostrea.obj
 0001:00018126       _$E51                      00419126 f   libcpmt:wiostrea.obj
 0001:00018135       _$E53                      00419135 f   libcpmt:wiostrea.obj
 0001:00018141       _$E52                      00419141 f   libcpmt:wiostrea.obj
 0001:0001814b       _$E59                      0041914b f   libcpmt:wiostrea.obj
 0001:00018155       _$E56                      00419155 f   libcpmt:wiostrea.obj
 0001:00018164       _$E58                      00419164 f   libcpmt:wiostrea.obj
 0001:00018170       _$E57                      00419170 f   libcpmt:wiostrea.obj
 0001:00018e3e       _$E70                      00419e3e f   libcpmt:wiostrea.obj
 0001:00018e68       _$E66                      00419e68 f   libcpmt:wiostrea.obj
 0001:00018e74       _$E69                      00419e74 f   libcpmt:wiostrea.obj
 0001:00017ba7       _$E18                      00418ba7 f   libcpmt:iostream.obj
 0001:00017bb1       _$E15                      00418bb1 f   libcpmt:iostream.obj
 0001:00017bbe       _$E17                      00418bbe f   libcpmt:iostream.obj
 0001:00017bca       _$E16                      00418bca f   libcpmt:iostream.obj
 0001:00017bd4       _$E23                      00418bd4 f   libcpmt:iostream.obj
 0001:00017bde       _$E20                      00418bde f   libcpmt:iostream.obj
 0001:00017beb       _$E22                      00418beb f   libcpmt:iostream.obj
 0001:00017bf7       _$E21                      00418bf7 f   libcpmt:iostream.obj
 0001:00017c01       _$E28                      00418c01 f   libcpmt:iostream.obj
 0001:00017c0b       _$E25                      00418c0b f   libcpmt:iostream.obj
 0001:00017c1a       _$E27                      00418c1a f   libcpmt:iostream.obj
 0001:00017c26       _$E26                      00418c26 f   libcpmt:iostream.obj
 0001:00017c30       _$E33                      00418c30 f   libcpmt:iostream.obj
 0001:00017c3a       _$E30                      00418c3a f   libcpmt:iostream.obj
 0001:00017c49       _$E32                      00418c49 f   libcpmt:iostream.obj
 0001:00017c55       _$E31                      00418c55 f   libcpmt:iostream.obj
 0001:00017c5f       _$E38                      00418c5f f   libcpmt:iostream.obj
 0001:00017c69       _$E35                      00418c69 f   libcpmt:iostream.obj
 0001:00017c76       _$E37                      00418c76 f   libcpmt:iostream.obj
 0001:00017c82       _$E36                      00418c82 f   libcpmt:iostream.obj
 0001:00017c8c       _$E43                      00418c8c f   libcpmt:iostream.obj
 0001:00017c96       _$E40                      00418c96 f   libcpmt:iostream.obj
 0001:00017ca5       _$E42                      00418ca5 f   libcpmt:iostream.obj
 0001:00017cb1       _$E41                      00418cb1 f   libcpmt:iostream.obj
 0001:00017cbb       _$E48                      00418cbb f   libcpmt:iostream.obj
 0001:00017cc5       _$E45                      00418cc5 f   libcpmt:iostream.obj
 0001:00017cd4       _$E47                      00418cd4 f   libcpmt:iostream.obj
 0001:00017ce0       _$E46                      00418ce0 f   libcpmt:iostream.obj
 0001:00017f76       _$E60                      00418f76 f   libcpmt:iostream.obj
 0001:00017fa0       _$E56                      00418fa0 f   libcpmt:iostream.obj
 0001:00017fac       _$E59                      00418fac f   libcpmt:iostream.obj
 0001:00033bde       _findenv                   00434bde f   LIBCMT:setenv.obj
 0001:00033c36       _copy_environ              00434c36 f   LIBCMT:setenv.obj
 0001:00032c3e       _ctrlevent_capture@4       00433c3e f   LIBCMT:winsig.obj
 0001:00032e22       _siglookup                 00433e22 f   LIBCMT:winsig.obj
 0001:00032293       _xtoa                      00433293 f   LIBCMT:xtoa.obj
 0001:00032365       _x64toa@20                 00433365 f   LIBCMT:xtoa.obj
 0001:00031955       _getSystemCP               00432955 f   LIBCMT:mbctype.obj
 0001:0003199f       _CPtoLCID                  0043299f f   LIBCMT:mbctype.obj
 0001:000319d2       _setSBCS                   004329d2 f   LIBCMT:mbctype.obj
 0001:000319fb       _setSBUpLow                004329fb f   LIBCMT:mbctype.obj
 0001:00030ef0       __abstract_cw              00431ef0 f   LIBCMT:ieee87.obj
 0001:00030f82       __hw_cw                    00431f82 f   LIBCMT:ieee87.obj
 0001:0003100b       __abstract_sw              0043200b f   LIBCMT:ieee87.obj
 0001:0002fe3a       __tzset_lk                 00430e3a f   LIBCMT:tzset.obj
 0001:000300e2       __isindst_lk               004310e2 f   LIBCMT:tzset.obj
 0001:0003028e       _cvtdate                   0043128e f   LIBCMT:tzset.obj
 0001:0002f687       _TranslateName             00430687 f   LIBCMT:getqloc.obj
 0001:0002f6df       _GetLcidFromLangCountry    004306df f   LIBCMT:getqloc.obj
 0001:0002f766       _LangCountryEnumProc@4     00430766 f   LIBCMT:getqloc.obj
 0001:0002f96a       _GetLcidFromLanguage       0043096a f   LIBCMT:getqloc.obj
 0001:0002f9c0       _LanguageEnumProc@4        004309c0 f   LIBCMT:getqloc.obj
 0001:0002fa7d       _GetLcidFromCountry        00430a7d f   LIBCMT:getqloc.obj
 0001:0002fab4       _CountryEnumProc@4         00430ab4 f   LIBCMT:getqloc.obj
 0001:0002fb3a       _GetLcidFromDefault        00430b3a f   LIBCMT:getqloc.obj
 0001:0002fb54       _ProcessCodePage           00430b54 f   LIBCMT:getqloc.obj
 0001:0002fbba       _TestDefaultCountry        00430bba f   LIBCMT:getqloc.obj
 0001:0002fbd9       _TestDefaultLanguage       00430bd9 f   LIBCMT:getqloc.obj
 0001:0002fc3b       _IsThisWindowsNT           00430c3b f   LIBCMT:getqloc.obj
 0001:0002fc71       _crtGetLocaleInfoA@16      00430c71 f   LIBCMT:getqloc.obj
 0001:0002fd57       _LcidFromHexString         00430d57 f   LIBCMT:getqloc.obj
 0001:0002fd90       _GetPrimaryLen             00430d90 f   LIBCMT:getqloc.obj
 0001:0002efa1       __get_lc_lconv             0042ffa1 f   LIBCMT:initmon.obj
 0001:0002f0c3       _fix_grouping              004300c3 f   LIBCMT:initmon.obj
 0001:0002f0fa       __free_lc_lconv            004300fa f   LIBCMT:initmon.obj
 0001:0002ee9f       _fix_grouping              0042fe9f f   LIBCMT:initnum.obj
 0001:0002e7ec       __get_lc_time              0042f7ec f   LIBCMT:inittime.obj
 0001:0002eb3a       __free_lc_time             0042fb3a f   LIBCMT:inittime.obj
 0001:0002c431       _parse_cmdline             0042d431 f   LIBCMT:stdargv.obj
 0001:0002c2a5       _xcptlookup                0042d2a5 f   LIBCMT:winxfltr.obj
 0001:0002bea0       __cftoe2                   0042cea0 f   LIBCMT:cvt.obj
 0001:0002bfb7       __cftof2                   0042cfb7 f   LIBCMT:cvt.obj
 0001:0002c142       __shift                    0042d142 f   LIBCMT:cvt.obj
 0001:0002b4cb       _write_char                0042c4cb f   LIBCMT:output.obj
 0001:0002b500       _write_multi_char          0042c500 f   LIBCMT:output.obj
 0001:0002b531       _write_string              0042c531 f   LIBCMT:output.obj
 0001:0002b569       _get_int_arg               0042c569 f   LIBCMT:output.obj
 0001:0002b576       _get_int64_arg             0042c576 f   LIBCMT:output.obj
 0001:0002b586       _get_short_arg             0042c586 f   LIBCMT:output.obj
 0001:0002a2a2       ?FindHandler@@YAXPAUEHExceptionRecord@@PAUEHRegistrationNode@@PAU_CONTEXT@@PAXPBU_s_FuncInfo@@EH1@Z 0042b2a2 f   LIBCMT:frame.obj
 0001:0002a455       ?FindHandlerForForeignException@@YAXPAUEHExceptionRecord@@PAUEHRegistrationNode@@PAU_CONTEXT@@PAXPBU_s_FuncInfo@@HH1@Z 0042b455 f   LIBCMT:frame.obj
 0001:0002a4ff       ?TypeMatch@@YAHPBU_s_HandlerType@@PBU_s_CatchableType@@PBU_s_ThrowInfo@@@Z 0042b4ff f   LIBCMT:frame.obj
 0001:0002a5fa       ?FrameUnwindFilter@@YAHPAU_EXCEPTION_POINTERS@@@Z 0042b5fa f   LIBCMT:frame.obj
 0001:0002a610       ?CatchIt@@YAXPAUEHExceptionRecord@@PAUEHRegistrationNode@@PAU_CONTEXT@@PAXPBU_s_FuncInfo@@PBU_s_HandlerType@@PBU_s_CatchableType@@PBU_s_TryBlockMapEntry@@H1E@Z 0042b610 f   LIBCMT:frame.obj
 0001:0002a68b       ?CallCatchBlock@@YAPAXPAUEHExceptionRecord@@PAUEHRegistrationNode@@PAU_CONTEXT@@PBU_s_FuncInfo@@PAXHK@Z 0042b68b f   LIBCMT:frame.obj
 0001:0002a7a6       ?ExFilterRethrow@@YAHPAU_EXCEPTION_POINTERS@@@Z 0042b7a6 f   LIBCMT:frame.obj
 0001:0002a7d0       ?BuildCatchObject@@YAXPAUEHExceptionRecord@@PAUEHRegistrationNode@@PBU_s_HandlerType@@PBU_s_CatchableType@@@Z 0042b7d0 f   LIBCMT:frame.obj
 0001:0002a9fb       ?AdjustPointer@@YAPAXPAXABUPMD@@@Z 0042b9fb f   LIBCMT:frame.obj
 0001:0002a0f1       _doexit                    0042b0f1 f   LIBCMT:crt0dat.obj
 0001:0002a1a8       __initterm                 0042b1a8 f   LIBCMT:crt0dat.obj
 0001:0002a024       _strncnt                   0042b024 f   LIBCMT:a_cmp.obj
 0001:00029c5d       _strncnt                   0042ac5d f   LIBCMT:a_map.obj
 0001:0002927f       __expandtime               0042a27f f   LIBCMT:strftime.obj
 0001:0002966e       __store_str                0042a66e f   LIBCMT:strftime.obj
 0001:00029695       __store_num                0042a695 f   LIBCMT:strftime.obj
 0001:00029704       __store_number             0042a704 f   LIBCMT:strftime.obj
 0001:0002974d       __store_winword            0042a74d f   LIBCMT:strftime.obj
 0001:00028a50       _strtoxl                   00429a50 f   LIBCMT:strtol.obj
 0001:00028442       __setlocale_set_cat        00429442 f   LIBCMT:setlocal.obj
 0001:0002855d       __setlocale_get_all        0042955d f   LIBCMT:setlocal.obj
 0001:00027b7b       _flsall                    00428b7b f   LIBCMT:fflush.obj
 0001:0002738a       _fast_error_exit           0042838a f   LIBCMT:crt0.obj
 0001:00026fb0       LeadUp1                    00427fb0 f   LIBCMT:memmove.obj
 0001:00026fdc       LeadUp2                    00427fdc f   LIBCMT:memmove.obj
 0001:00027000       LeadUp3                    00428000 f   LIBCMT:memmove.obj
 0001:0002707f       UnwindUp0                  0042807f f   LIBCMT:memmove.obj
 0001:0002706c       UnwindUp1                  0042806c f   LIBCMT:memmove.obj
 0001:00027064       UnwindUp2                  00428064 f   LIBCMT:memmove.obj
 0001:0002705c       UnwindUp3                  0042805c f   LIBCMT:memmove.obj
 0001:00027054       UnwindUp4                  00428054 f   LIBCMT:memmove.obj
 0001:0002704c       UnwindUp5                  0042804c f   LIBCMT:memmove.obj
 0001:00027044       UnwindUp6                  00428044 f   LIBCMT:memmove.obj
 0001:0002703c       UnwindUp7                  0042803c f   LIBCMT:memmove.obj
 0001:00027098       TrailUp0                   00428098 f   LIBCMT:memmove.obj
 0001:000270a0       TrailUp1                   004280a0 f   LIBCMT:memmove.obj
 0001:000270ac       TrailUp2                   004280ac f   LIBCMT:memmove.obj
 0001:000270c0       TrailUp3                   004280c0 f   LIBCMT:memmove.obj
 0001:00027138       LeadDown1                  00428138 f   LIBCMT:memmove.obj
 0001:00027158       LeadDown2                  00428158 f   LIBCMT:memmove.obj
 0001:00027180       LeadDown3                  00428180 f   LIBCMT:memmove.obj
 0001:000271d4       UnwindDown7                004281d4 f   LIBCMT:memmove.obj
 0001:000271dc       UnwindDown6                004281dc f   LIBCMT:memmove.obj
 0001:000271e4       UnwindDown5                004281e4 f   LIBCMT:memmove.obj
 0001:000271ec       UnwindDown4                004281ec f   LIBCMT:memmove.obj
 0001:000271f4       UnwindDown3                004281f4 f   LIBCMT:memmove.obj
 0001:000271fc       UnwindDown2                004281fc f   LIBCMT:memmove.obj
 0001:00027204       UnwindDown1                00428204 f   LIBCMT:memmove.obj
 0001:00027217       UnwindDown0                00428217 f   LIBCMT:memmove.obj
 0001:00027230       TrailDown0                 00428230 f   LIBCMT:memmove.obj
 0001:00027238       TrailDown1                 00428238 f   LIBCMT:memmove.obj
 0001:00027248       TrailDown2                 00428248 f   LIBCMT:memmove.obj
 0001:0002725c       TrailDown3                 0042825c f   LIBCMT:memmove.obj
 0001:00026650       LeadUp1                    00427650 f   LIBCMT:memcpy.obj
 0001:0002667c       LeadUp2                    0042767c f   LIBCMT:memcpy.obj
 0001:000266a0       LeadUp3                    004276a0 f   LIBCMT:memcpy.obj
 0001:0002671f       UnwindUp0                  0042771f f   LIBCMT:memcpy.obj
 0001:0002670c       UnwindUp1                  0042770c f   LIBCMT:memcpy.obj
 0001:00026704       UnwindUp2                  00427704 f   LIBCMT:memcpy.obj
 0001:000266fc       UnwindUp3                  004276fc f   LIBCMT:memcpy.obj
 0001:000266f4       UnwindUp4                  004276f4 f   LIBCMT:memcpy.obj
 0001:000266ec       UnwindUp5                  004276ec f   LIBCMT:memcpy.obj
 0001:000266e4       UnwindUp6                  004276e4 f   LIBCMT:memcpy.obj
 0001:000266dc       UnwindUp7                  004276dc f   LIBCMT:memcpy.obj
 0001:00026738       TrailUp0                   00427738 f   LIBCMT:memcpy.obj
 0001:00026740       TrailUp1                   00427740 f   LIBCMT:memcpy.obj
 0001:0002674c       TrailUp2                   0042774c f   LIBCMT:memcpy.obj
 0001:00026760       TrailUp3                   00427760 f   LIBCMT:memcpy.obj
 0001:000267d8       LeadDown1                  004277d8 f   LIBCMT:memcpy.obj
 0001:000267f8       LeadDown2                  004277f8 f   LIBCMT:memcpy.obj
 0001:00026820       LeadDown3                  00427820 f   LIBCMT:memcpy.obj
 0001:00026874       UnwindDown7                00427874 f   LIBCMT:memcpy.obj
 0001:0002687c       UnwindDown6                0042787c f   LIBCMT:memcpy.obj
 0001:00026884       UnwindDown5                00427884 f   LIBCMT:memcpy.obj
 0001:0002688c       UnwindDown4                0042788c f   LIBCMT:memcpy.obj
 0001:00026894       UnwindDown3                00427894 f   LIBCMT:memcpy.obj
 0001:0002689c       UnwindDown2                0042789c f   LIBCMT:memcpy.obj
 0001:000268a4       UnwindDown1                004278a4 f   LIBCMT:memcpy.obj
 0001:000268b7       UnwindDown0                004278b7 f   LIBCMT:memcpy.obj
 0001:000268d0       TrailDown0                 004278d0 f   LIBCMT:memcpy.obj
 0001:000268d8       TrailDown1                 004278d8 f   LIBCMT:memcpy.obj
 0001:000268e8       TrailDown2                 004278e8 f   LIBCMT:memcpy.obj
 0001:000268fc       TrailDown3                 004278fc f   LIBCMT:memcpy.obj
 0001:00026310       _gu_return                 00427310 f   LIBCMT:exsup.obj
 0001:00026318       __unwind_handler           00427318 f   LIBCMT:exsup.obj
 0001:0002612b       ?CatchGuardHandler@@YA?AW4_EXCEPTION_DISPOSITION@@PAUEHExceptionRecord@@PAUCatchGuardRN@@PAX2@Z 0042712b f   LIBCMT:trnsctrl.obj
 0001:00026206       ?TranslatorGuardHandler@@YA?AW4_EXCEPTION_DISPOSITION@@PAUEHExceptionRecord@@PAUTranslatorGuardRN@@PAX2@Z 00427206 f   LIBCMT:trnsctrl.obj
