 Heaven

 Timestamp is 653baeeb (Fri Oct 27 19:36:59 2023)

 Preferred load address is 10000000

 Start         Length     Name                   Class
 0001:00000000 00032fb3H .text                   CODE
 0001:00032fc0 00002f7eH .text$x                 CODE
 0002:00000000 000001f4H .idata$5                DATA
 0002:000001f8 00001850H .rdata                  DATA
 0002:00001a48 0000122cH .rdata$r                DATA
 0002:00002c78 00004de8H .xdata$x                DATA
 0002:00007a60 00000064H .idata$2                DATA
 0002:00007ac4 00000014H .idata$3                DATA
 0002:00007ad8 000001f4H .idata$4                DATA
 0002:00007ccc 0000079eH .idata$6                DATA
 0002:00008470 0000004dH .edata                  DATA
 0003:00000000 00000004H .CRT$XCA                DATA
 0003:00000004 000000b4H .CRT$XCU                DATA
 0003:000000b8 00000004H .CRT$XCZ                DATA
 0003:000000bc 00000004H .CRT$XIA                DATA
 0003:000000c0 0000000cH .CRT$XIC                DATA
 0003:000000cc 00000004H .CRT$XIY                DATA
 0003:000000d0 00000004H .CRT$XIZ                DATA
 0003:000000d4 00000004H .CRT$XPA                DATA
 0003:000000d8 00000004H .CRT$XPX                DATA
 0003:000000dc 00000004H .CRT$XPZ                DATA
 0003:000000e0 00000004H .CRT$XTA                DATA
 0003:000000e4 00000004H .CRT$XTB                DATA
 0003:000000e8 00000004H .CRT$XTZ                DATA
 0003:000000f0 000034d0H .data                   DATA
 0003:000035c0 00001ea1H .bss                    DATA

  Address         Publics by Value              Rva+Base     Lib:Object

 0001:00000000       _DllMain@12                10001000 f   Heaven.obj
 0001:00000010       _CreateInterface@8         10001010 f   ServerStage.obj
 0001:000000a4       ??1CTaskQueue@CIOCPServer@@QAE@XZ 100010a4 f   ServerStage.obj
 0001:00000132       ?Push@CTaskQueue@CIOCPServer@@QAEXPAX@Z 10001132 f   ServerStage.obj
 0001:00000191       ?Pop@CTaskQueue@CIOCPServer@@QAEPAXXZ 10001191 f   ServerStage.obj
 0001:0000023c       ??0CIOCPServer@@QAE@IIIIIIII@Z 1000123c f   ServerStage.obj
 0001:00000551       ??1CIOCPServer@@UAE@XZ     10001551 f   ServerStage.obj
 0001:00000894       ?Startup@CIOCPServer@@UAGJXZ 10001894 f   ServerStage.obj
 0001:00000a4f       ?Cleanup@CIOCPServer@@UAGJXZ 10001a4f f   ServerStage.obj
 0001:00000c15       ?OpenServiceA@CIOCPServer@@UAGJABKABG@Z 10001c15 f   ServerStage.obj
 0001:00000de8       ?CloseService@CIOCPServer@@UAGJXZ 10001de8 f   ServerStage.obj
 0001:00000fa3       ?RegisterMsgFilter@CIOCPServer@@UAGJPAXP6GX0ABK1@Z@Z 10001fa3 f   ServerStage.obj
 0001:00000fc4       ?PreparePackSink@CIOCPServer@@UAGJXZ 10001fc4 f   ServerStage.obj
 0001:00000fcd       ?PackDataToClient@CIOCPServer@@UAGJABKQBXABI@Z 10001fcd f   ServerStage.obj
 0001:000012e9       ?SendPackToClient@CIOCPServer@@UAGJABK@Z 100022e9 f   ServerStage.obj
 0001:000016d0       ?SendData@CIOCPServer@@UAGJABKQBXABI@Z 100026d0 f   ServerStage.obj
 0001:000019e9       ?_SendDataEx@CIOCPServer@@AAE_NPAUtagClientNode@1@QBXABI@Z 100029e9 f   ServerStage.obj
 0001:00001c9f       ?GetPackFromClient@CIOCPServer@@UAGPBXABKAAI@Z 10002c9f f   ServerStage.obj
 0001:00001dc5       ?ShutdownClient@CIOCPServer@@UAGJABK@Z 10002dc5 f   ServerStage.obj
 0001:00001e97       ?GetClientCount@CIOCPServer@@UAGIXZ 10002e97 f   ServerStage.obj
 0001:00001eac       ?GetClientInfo@CIOCPServer@@UAGPBDABK@Z 10002eac f   ServerStage.obj
 0001:00001fa2       ?QueryInterface@CIOCPServer@@UAGJABU_GUID@@PAPAX@Z 10002fa2 f   ServerStage.obj
 0001:00002011       ?AddRef@CIOCPServer@@UAGKXZ 10003011 f   ServerStage.obj
 0001:00002027       ?Release@CIOCPServer@@UAGKXZ 10003027 f   ServerStage.obj
 0001:00002081       ?OnConnectionEstablished@CIOCPServer@@MAEXPAVSocket@CSocketServer@Win32@OnlineGameLib@@PAVCIOBuffer@45@@Z 10003081 f   ServerStage.obj
 0001:0000218d       ?OnConnectionClosing@CIOCPServer@@MAE_NPAVSocket@CSocketServer@Win32@OnlineGameLib@@@Z 1000318d f   ServerStage.obj
 0001:000021aa       ?OnConnectionClosed@CIOCPServer@@MAEXPAVSocket@CSocketServer@Win32@OnlineGameLib@@@Z 100031aa f   ServerStage.obj
 0001:000021e7       ?ReadCompleted@CIOCPServer@@MAEXPAVSocket@CSocketServer@Win32@OnlineGameLib@@PAVCIOBuffer@45@@Z 100031e7 f   ServerStage.obj
 0001:000024f9       ?ProcessDataStream@CIOCPServer@@IAEPAVCIOBuffer@Win32@OnlineGameLib@@PAVSocket@CSocketServer@34@PAV234@@Z 100034f9 f   ServerStage.obj
 0001:0000266c       ?GetMinimumMessageSize@CIOCPServer@@IAEIXZ 1000366c f   ServerStage.obj
 0001:0000267c       ?GetMessageSize@CIOCPServer@@IAEIPBVCIOBuffer@Win32@OnlineGameLib@@@Z 1000367c f   ServerStage.obj
 0001:000026b3       ?ProcessCommand@CIOCPServer@@IAEXPAVSocket@CSocketServer@Win32@OnlineGameLib@@PBVCIOBuffer@45@@Z 100036b3 f   ServerStage.obj
 0001:000027be       ??0CServerFactory@@QAE@XZ  100037be f   ServerStage.obj
 0001:0000280f       ??1CServerFactory@@UAE@XZ  1000380f f   ServerStage.obj
 0001:00002823       ?SetEnvironment@CServerFactory@@UAGJABI000@Z 10003823 f   ServerStage.obj
 0001:00002858       ?CreateServerInterface@CServerFactory@@UAGJABU_GUID@@PAPAX@Z 10003858 f   ServerStage.obj
 0001:00002a13       ?QueryInterface@CServerFactory@@UAGJABU_GUID@@PAPAX@Z 10003a13 f   ServerStage.obj
 0001:00002a82       ?AddRef@CServerFactory@@UAGKXZ 10003a82 f   ServerStage.obj
 0001:00002a96       ?Release@CServerFactory@@UAGKXZ 10003a96 f   ServerStage.obj
 0001:00002ae8       ?HelperThreadFunction@CIOCPServer@@CGIPAX@Z 10003ae8 f   ServerStage.obj
 0001:00002b65       ?_HelperThreadFunction@CIOCPServer@@AAEIXZ 10003b65 f   ServerStage.obj
 0001:00002bc6       ?_HelperAddClient@CIOCPServer@@AAE_NXZ 10003bc6 f   ServerStage.obj
 0001:00003229       ?_HelperDelClient@CIOCPServer@@AAE_NXZ 10004229 f   ServerStage.obj
 0001:000036da       ?RegisterMsgFilter@CIOCPServer@@UAGJKPAUIMessageProcess@@@Z 100046da f   ServerStage.obj
 0001:0000378c       ?ProcessMessage@CIOCPServer@@IAEXPAVSocket@CSocketServer@Win32@OnlineGameLib@@PAVCIOBuffer@45@@Z 1000478c f   ServerStage.obj
 0001:000039b0       ??1?$stack@PAXV?$deque@PAXV?$allocator@PAX@std@@@std@@@std@@QAE@XZ 100049b0 f i ServerStage.obj
 0001:000039d0       ??_ECIOCPServer@@UAEPAXI@Z 100049d0 f i ServerStage.obj
 0001:000039d0       ??_GCIOCPServer@@UAEPAXI@Z 100049d0 f i ServerStage.obj
 0001:00003a10       ??0IServer@@QAE@XZ         10004a10 f i ServerStage.obj
 0001:00003a30       ??1?$map@IPAUtagClientNode@CIOCPServer@@U?$less@I@std@@V?$allocator@PAUtagClientNode@CIOCPServer@@@4@@std@@QAE@XZ 10004a30 f i ServerStage.obj
 0001:00003a50       ??1?$queue@IV?$deque@IV?$allocator@I@std@@@std@@@std@@QAE@XZ 10004a50 f i ServerStage.obj
 0001:00003a70       ??0CTaskQueue@CIOCPServer@@QAE@XZ 10004a70 f i ServerStage.obj
 0001:00003ad0       ??0tagClientNode@CIOCPServer@@QAE@XZ 10004ad0 f i ServerStage.obj
 0001:00003b30       ??1CWin32Exception@Win32@OnlineGameLib@@UAE@XZ 10004b30 f i ServerStage.obj
 0001:00003b50       ??0CWin32Exception@Win32@OnlineGameLib@@QAE@ABV012@@Z 10004b50 f i ServerStage.obj
 0001:00003b90       ??0CException@Win32@OnlineGameLib@@QAE@ABV012@@Z 10004b90 f i ServerStage.obj
 0001:00003c00       ??0IUnknown@@QAE@XZ        10004c00 f i ServerStage.obj
 0001:00003c10       ??_GCWin32Exception@Win32@OnlineGameLib@@UAEPAXI@Z 10004c10 f i ServerStage.obj
 0001:00003c10       ??_ECWin32Exception@Win32@OnlineGameLib@@UAEPAXI@Z 10004c10 f i ServerStage.obj
 0001:00003c40       ??_GtagClientNode@CIOCPServer@@QAEPAXI@Z 10004c40 f i ServerStage.obj
 0001:00003c70       ??1tagClientNode@CIOCPServer@@QAE@XZ 10004c70 f i ServerStage.obj
 0001:00003cc0       ?GetConnectionDetails@CPerConnectionData@@QBE?AV?$basic_string@DU?$char_traits@D@std@@V?$allocator@D@2@@std@@XZ 10004cc0 f i ServerStage.obj
 0001:00003cf0       ??0CPerConnectionData@@QAE@ABV?$basic_string@DU?$char_traits@D@std@@V?$allocator@D@2@@std@@IABJ@Z 10004cf0 f i ServerStage.obj
 0001:00003d20       ??1CSocketAddress@Win32@OnlineGameLib@@QAE@XZ 10004d20 f i ServerStage.obj
 0001:00003d40       ?GetConnectionFirstParam@CPerConnectionData@@QBEIXZ 10004d40 f i ServerStage.obj
 0001:00003d60       ??_GCServerFactory@@UAEPAXI@Z 10004d60 f i ServerStage.obj
 0001:00003d60       ??_ECServerFactory@@UAEPAXI@Z 10004d60 f i ServerStage.obj
 0001:00003d90       ??0IServerFactory@@QAE@XZ  10004d90 f i ServerStage.obj
 0001:00003db0       ?SetConnectionFirstParam@CPerConnectionData@@QAEXI@Z 10004db0 f i ServerStage.obj
 0001:00003dd0       ?GetConnectionSecondParam@CPerConnectionData@@QBEJXZ 10004dd0 f i ServerStage.obj
 0001:00003df0       ??_GCPerConnectionData@@QAEPAXI@Z 10004df0 f i ServerStage.obj
 0001:00003e20       ??1CPerConnectionData@@QAE@XZ 10004e20 f i ServerStage.obj
 0001:00003e40       ??0?$basic_string@DU?$char_traits@D@std@@V?$allocator@D@2@@std@@QAE@ABV01@@Z 10004e40 f i ServerStage.obj
 0001:00003e80       ??0?$basic_string@DU?$char_traits@D@std@@V?$allocator@D@2@@std@@QAE@PBDABV?$allocator@D@1@@Z 10004e80 f i ServerStage.obj
 0001:00003eb0       ??1?$basic_string@DU?$char_traits@D@std@@V?$allocator@D@2@@std@@QAE@XZ 10004eb0 f i ServerStage.obj
 0001:00003ed0       ?c_str@?$basic_string@DU?$char_traits@D@std@@V?$allocator@D@2@@std@@QBEPBDXZ 10004ed0 f i ServerStage.obj
 0001:00003f00       ??8@YAHABU_GUID@@0@Z       10004f00 f i ServerStage.obj
 0001:00003f20       ??0?$map@IPAUtagClientNode@CIOCPServer@@U?$less@I@std@@V?$allocator@PAUtagClientNode@CIOCPServer@@@4@@std@@QAE@ABU?$less@I@1@ABV?$allocator@PAUtagClientNode@CIOCPServer@@@1@@Z 10004f20 f i ServerStage.obj
 0001:00003f50       ?begin@?$map@IPAUtagClientNode@CIOCPServer@@U?$less@I@std@@V?$allocator@PAUtagClientNode@CIOCPServer@@@4@@std@@QAE?AViterator@?$_Tree@IU?$pair@$$CBIPAUtagClientNode@CIOCPServer@@@std@@U_Kfn@?$map@IPAUtagClientNode@CIOCPServer@@U?$less@I@std@@V?$allocator@PAUtagClientNode@CIOCPServer@@@4@@2@U?$less@I@2@V?$allocator@PAUtagClientNode@CIOCPServer@@@2@@2@XZ 10004f50 f i ServerStage.obj
 0001:00003f80       ?end@?$map@IPAUtagClientNode@CIOCPServer@@U?$less@I@std@@V?$allocator@PAUtagClientNode@CIOCPServer@@@4@@std@@QAE?AViterator@?$_Tree@IU?$pair@$$CBIPAUtagClientNode@CIOCPServer@@@std@@U_Kfn@?$map@IPAUtagClientNode@CIOCPServer@@U?$less@I@std@@V?$allocator@PAUtagClientNode@CIOCPServer@@@4@@2@U?$less@I@2@V?$allocator@PAUtagClientNode@CIOCPServer@@@2@@2@XZ 10004f80 f i ServerStage.obj
 0001:00003fb0       ??A?$map@IPAUtagClientNode@CIOCPServer@@U?$less@I@std@@V?$allocator@PAUtagClientNode@CIOCPServer@@@4@@std@@QAEAAPAUtagClientNode@CIOCPServer@@ABI@Z 10004fb0 f i ServerStage.obj
 0001:00004000       ?erase@?$map@IPAUtagClientNode@CIOCPServer@@U?$less@I@std@@V?$allocator@PAUtagClientNode@CIOCPServer@@@4@@std@@QAE?AViterator@?$_Tree@IU?$pair@$$CBIPAUtagClientNode@CIOCPServer@@@std@@U_Kfn@?$map@IPAUtagClientNode@CIOCPServer@@U?$less@I@std@@V?$allocator@PAUtagClientNode@CIOCPServer@@@4@@2@U?$less@I@2@V?$allocator@PAUtagClientNode@CIOCPServer@@@2@@2@V342@0@Z 10005000 f i ServerStage.obj
 0001:00004030       ??1?$_Tree@IU?$pair@$$CBIPAUtagClientNode@CIOCPServer@@@std@@U_Kfn@?$map@IPAUtagClientNode@CIOCPServer@@U?$less@I@std@@V?$allocator@PAUtagClientNode@CIOCPServer@@@4@@2@U?$less@I@2@V?$allocator@PAUtagClientNode@CIOCPServer@@@2@@std@@QAE@XZ 10005030 f i ServerStage.obj
 0001:00004100       ??0iterator@?$_Tree@IU?$pair@$$CBIPAUtagClientNode@CIOCPServer@@@std@@U_Kfn@?$map@IPAUtagClientNode@CIOCPServer@@U?$less@I@std@@V?$allocator@PAUtagClientNode@CIOCPServer@@@4@@2@U?$less@I@2@V?$allocator@PAUtagClientNode@CIOCPServer@@@2@@std@@QAE@XZ 10005100 f i ServerStage.obj
 0001:00004120       ??Diterator@?$_Tree@IU?$pair@$$CBIPAUtagClientNode@CIOCPServer@@@std@@U_Kfn@?$map@IPAUtagClientNode@CIOCPServer@@U?$less@I@std@@V?$allocator@PAUtagClientNode@CIOCPServer@@@4@@2@U?$less@I@2@V?$allocator@PAUtagClientNode@CIOCPServer@@@2@@std@@QBEAAU?$pair@$$CBIPAUtagClientNode@CIOCPServer@@@2@XZ 10005120 f i ServerStage.obj
 0001:00004140       ??Eiterator@?$_Tree@IU?$pair@$$CBIPAUtagClientNode@CIOCPServer@@@std@@U_Kfn@?$map@IPAUtagClientNode@CIOCPServer@@U?$less@I@std@@V?$allocator@PAUtagClientNode@CIOCPServer@@@4@@2@U?$less@I@2@V?$allocator@PAUtagClientNode@CIOCPServer@@@2@@std@@QAE?AV012@H@Z 10005140 f i ServerStage.obj
 0001:00004170       ??9iterator@?$_Tree@IU?$pair@$$CBIPAUtagClientNode@CIOCPServer@@@std@@U_Kfn@?$map@IPAUtagClientNode@CIOCPServer@@U?$less@I@std@@V?$allocator@PAUtagClientNode@CIOCPServer@@@4@@2@U?$less@I@2@V?$allocator@PAUtagClientNode@CIOCPServer@@@2@@std@@QBE_NABV012@@Z 10005170 f i ServerStage.obj
 0001:000041a0       ??0?$queue@IV?$deque@IV?$allocator@I@std@@@std@@@std@@QAE@ABV?$allocator@I@1@@Z 100051a0 f i ServerStage.obj
 0001:000041c0       ?empty@?$queue@IV?$deque@IV?$allocator@I@std@@@std@@@std@@QBE_NXZ 100051c0 f i ServerStage.obj
 0001:000041e0       ?front@?$queue@IV?$deque@IV?$allocator@I@std@@@std@@@std@@QAEAAIXZ 100051e0 f i ServerStage.obj
 0001:00004200       ?push@?$queue@IV?$deque@IV?$allocator@I@std@@@std@@@std@@QAEXABI@Z 10005200 f i ServerStage.obj
 0001:00004220       ?pop@?$queue@IV?$deque@IV?$allocator@I@std@@@std@@@std@@QAEXXZ 10005220 f i ServerStage.obj
 0001:00004240       ??1?$deque@IV?$allocator@I@std@@@std@@QAE@XZ 10005240 f i ServerStage.obj
 0001:00004270       ??0?$list@IV?$allocator@I@std@@@std@@QAE@ABV?$allocator@I@1@@Z 10005270 f i ServerStage.obj
 0001:000042b0       ??1?$list@IV?$allocator@I@std@@@std@@QAE@XZ 100052b0 f i ServerStage.obj
 0001:00004310       ?begin@?$list@IV?$allocator@I@std@@@std@@QAE?AViterator@12@XZ 10005310 f i ServerStage.obj
 0001:00004350       ?end@?$list@IV?$allocator@I@std@@@std@@QAE?AViterator@12@XZ 10005350 f i ServerStage.obj
 0001:00004380       ?size@?$list@IV?$allocator@I@std@@@std@@QBEIXZ 10005380 f i ServerStage.obj
 0001:000043a0       ?push_back@?$list@IV?$allocator@I@std@@@std@@QAEXABI@Z 100053a0 f i ServerStage.obj
 0001:000043d0       ?erase@?$list@IV?$allocator@I@std@@@std@@QAE?AViterator@12@V312@0@Z 100053d0 f i ServerStage.obj
 0001:00004420       ?remove@?$list@IV?$allocator@I@std@@@std@@QAEXABI@Z 10005420 f i ServerStage.obj
 0001:000044a0       ??0iterator@?$list@IV?$allocator@I@std@@@std@@QAE@XZ 100054a0 f i ServerStage.obj
 0001:000044c0       ??Diterator@?$list@IV?$allocator@I@std@@@std@@QBEAAIXZ 100054c0 f i ServerStage.obj
 0001:000044e0       ??Eiterator@?$list@IV?$allocator@I@std@@@std@@QAE?AV012@H@Z 100054e0 f i ServerStage.obj
 0001:00004510       ??9iterator@?$list@IV?$allocator@I@std@@@std@@QBE_NABV012@@Z 10005510 f i ServerStage.obj
 0001:00004540       ??0?$stack@PAXV?$deque@PAXV?$allocator@PAX@std@@@std@@@std@@QAE@ABV?$allocator@PAX@1@@Z 10005540 f i ServerStage.obj
 0001:00004560       ?empty@?$stack@PAXV?$deque@PAXV?$allocator@PAX@std@@@std@@@std@@QBE_NXZ 10005560 f i ServerStage.obj
 0001:00004580       ?top@?$stack@PAXV?$deque@PAXV?$allocator@PAX@std@@@std@@@std@@QAEAAPAXXZ 10005580 f i ServerStage.obj
 0001:000045a0       ?push@?$stack@PAXV?$deque@PAXV?$allocator@PAX@std@@@std@@@std@@QAEXABQAX@Z 100055a0 f i ServerStage.obj
 0001:000045c0       ?pop@?$stack@PAXV?$deque@PAXV?$allocator@PAX@std@@@std@@@std@@QAEXXZ 100055c0 f i ServerStage.obj
 0001:000045e0       ??1?$deque@PAXV?$allocator@PAX@std@@@std@@QAE@XZ 100055e0 f i ServerStage.obj
 0001:00004610       ?assign@?$basic_string@DU?$char_traits@D@std@@V?$allocator@D@2@@std@@QAEAAV12@ABV12@II@Z 10005610 f i ServerStage.obj
 0001:00004770       ?copy@?$char_traits@D@std@@SAPADPADPBDI@Z 10005770 f i ServerStage.obj
 0001:00004790       ?size@?$basic_string@DU?$char_traits@D@std@@V?$allocator@D@2@@std@@QBEIXZ 10005790 f i ServerStage.obj
 0001:000047b0       ?assign@?$basic_string@DU?$char_traits@D@std@@V?$allocator@D@2@@std@@QAEAAV12@PBD@Z 100057b0 f i ServerStage.obj
 0001:000047e0       ?length@?$char_traits@D@std@@SAIPBD@Z 100057e0 f i ServerStage.obj
 0001:00004800       ?_Nullstr@?$basic_string@DU?$char_traits@D@std@@V?$allocator@D@2@@std@@CAPBDXZ 10005800 f i ServerStage.obj
 0001:00004810       ?_Tidy@?$basic_string@DU?$char_traits@D@std@@V?$allocator@D@2@@std@@AAEX_N@Z 10005810 f i ServerStage.obj
 0001:000048d0       ?insert@?$map@IPAUtagClientNode@CIOCPServer@@U?$less@I@std@@V?$allocator@PAUtagClientNode@CIOCPServer@@@4@@std@@QAE?AU?$pair@Viterator@?$_Tree@IU?$pair@$$CBIPAUtagClientNode@CIOCPServer@@@std@@U_Kfn@?$map@IPAUtagClientNode@CIOCPServer@@U?$less@I@std@@V?$allocator@PAUtagClientNode@CIOCPServer@@@4@@2@U?$less@I@2@V?$allocator@PAUtagClientNode@CIOCPServer@@@2@@std@@_N@2@ABU?$pair@$$CBIPAUtagClientNode@CIOCPServer@@@2@@Z 100058d0 f i ServerStage.obj
 0001:00004920       ?_Value@?$_Tree@IU?$pair@$$CBIPAUtagClientNode@CIOCPServer@@@std@@U_Kfn@?$map@IPAUtagClientNode@CIOCPServer@@U?$less@I@std@@V?$allocator@PAUtagClientNode@CIOCPServer@@@4@@2@U?$less@I@2@V?$allocator@PAUtagClientNode@CIOCPServer@@@2@@std@@KAAAU?$pair@$$CBIPAUtagClientNode@CIOCPServer@@@2@PAU_Node@12@@Z 10005920 f i ServerStage.obj
 0001:00004930       ??0?$_Tree@IU?$pair@$$CBIPAUtagClientNode@CIOCPServer@@@std@@U_Kfn@?$map@IPAUtagClientNode@CIOCPServer@@U?$less@I@std@@V?$allocator@PAUtagClientNode@CIOCPServer@@@4@@2@U?$less@I@2@V?$allocator@PAUtagClientNode@CIOCPServer@@@2@@std@@QAE@ABU?$less@I@1@_NABV?$allocator@PAUtagClientNode@CIOCPServer@@@1@@Z 10005930 f i ServerStage.obj
 0001:00004970       ?begin@?$_Tree@IU?$pair@$$CBIPAUtagClientNode@CIOCPServer@@@std@@U_Kfn@?$map@IPAUtagClientNode@CIOCPServer@@U?$less@I@std@@V?$allocator@PAUtagClientNode@CIOCPServer@@@4@@2@U?$less@I@2@V?$allocator@PAUtagClientNode@CIOCPServer@@@2@@std@@QAE?AViterator@12@XZ 10005970 f i ServerStage.obj
 0001:000049a0       ?end@?$_Tree@IU?$pair@$$CBIPAUtagClientNode@CIOCPServer@@@std@@U_Kfn@?$map@IPAUtagClientNode@CIOCPServer@@U?$less@I@std@@V?$allocator@PAUtagClientNode@CIOCPServer@@@4@@2@U?$less@I@2@V?$allocator@PAUtagClientNode@CIOCPServer@@@2@@std@@QAE?AViterator@12@XZ 100059a0 f i ServerStage.obj
 0001:000049d0       ?erase@?$_Tree@IU?$pair@$$CBIPAUtagClientNode@CIOCPServer@@@std@@U_Kfn@?$map@IPAUtagClientNode@CIOCPServer@@U?$less@I@std@@V?$allocator@PAUtagClientNode@CIOCPServer@@@4@@2@U?$less@I@2@V?$allocator@PAUtagClientNode@CIOCPServer@@@2@@std@@QAE?AViterator@12@V312@0@Z 100059d0 f i ServerStage.obj
 0001:00004b10       ?_Freenode@?$_Tree@IU?$pair@$$CBIPAUtagClientNode@CIOCPServer@@@std@@U_Kfn@?$map@IPAUtagClientNode@CIOCPServer@@U?$less@I@std@@V?$allocator@PAUtagClientNode@CIOCPServer@@@4@@2@U?$less@I@2@V?$allocator@PAUtagClientNode@CIOCPServer@@@2@@std@@IAEXPAU_Node@12@@Z 10005b10 f i ServerStage.obj
 0001:00004b30       ??0?$pair@$$CBIPAUtagClientNode@CIOCPServer@@@std@@QAE@ABIABQAUtagClientNode@CIOCPServer@@@Z 10005b30 f i ServerStage.obj
 0001:00004b60       ??0const_iterator@?$_Tree@IU?$pair@$$CBIPAUtagClientNode@CIOCPServer@@@std@@U_Kfn@?$map@IPAUtagClientNode@CIOCPServer@@U?$less@I@std@@V?$allocator@PAUtagClientNode@CIOCPServer@@@4@@2@U?$less@I@2@V?$allocator@PAUtagClientNode@CIOCPServer@@@2@@std@@QAE@XZ 10005b60 f i ServerStage.obj
 0001:00004b70       ??Eiterator@?$_Tree@IU?$pair@$$CBIPAUtagClientNode@CIOCPServer@@@std@@U_Kfn@?$map@IPAUtagClientNode@CIOCPServer@@U?$less@I@std@@V?$allocator@PAUtagClientNode@CIOCPServer@@@4@@2@U?$less@I@2@V?$allocator@PAUtagClientNode@CIOCPServer@@@2@@std@@QAEAAV012@XZ 10005b70 f i ServerStage.obj
 0001:00004b90       ??8iterator@?$_Tree@IU?$pair@$$CBIPAUtagClientNode@CIOCPServer@@@std@@U_Kfn@?$map@IPAUtagClientNode@CIOCPServer@@U?$less@I@std@@V?$allocator@PAUtagClientNode@CIOCPServer@@@4@@2@U?$less@I@2@V?$allocator@PAUtagClientNode@CIOCPServer@@@2@@std@@QBE_NABV012@@Z 10005b90 f i ServerStage.obj
 0001:00004bb0       ??0?$deque@IV?$allocator@I@std@@@std@@QAE@ABV?$allocator@I@1@@Z 10005bb0 f i ServerStage.obj
 0001:00004c00       ?empty@?$deque@IV?$allocator@I@std@@@std@@QBE_NXZ 10005c00 f i ServerStage.obj
 0001:00004c20       ?front@?$deque@IV?$allocator@I@std@@@std@@QAEAAIXZ 10005c20 f i ServerStage.obj
 0001:00004c40       ?pop_front@?$deque@IV?$allocator@I@std@@@std@@QAEXXZ 10005c40 f i ServerStage.obj
 0001:00004cb0       ?push_back@?$deque@IV?$allocator@I@std@@@std@@QAEXABI@Z 10005cb0 f i ServerStage.obj
 0001:00004d90       ?insert@?$list@IV?$allocator@I@std@@@std@@QAE?AViterator@12@V312@ABI@Z 10005d90 f i ServerStage.obj
 0001:00004e50       ?erase@?$list@IV?$allocator@I@std@@@std@@QAE?AViterator@12@V312@@Z 10005e50 f i ServerStage.obj
 0001:00004f10       ?_Buynode@?$list@IV?$allocator@I@std@@@std@@IAEPAU_Node@12@PAU312@0@Z 10005f10 f i ServerStage.obj
 0001:00004f80       ?_Freenode@?$list@IV?$allocator@I@std@@@std@@IAEXPAU_Node@12@@Z 10005f80 f i ServerStage.obj
 0001:00004fa0       ?deallocate@?$allocator@I@std@@QAEXPAXI@Z 10005fa0 f i ServerStage.obj
 0001:00004fc0       ?_Next@_Acc@?$list@IV?$allocator@I@std@@@std@@SAAAPAU_Node@23@PAU423@@Z 10005fc0 f i ServerStage.obj
 0001:00004fd0       ?_Value@_Acc@?$list@IV?$allocator@I@std@@@std@@SAAAIPAU_Node@23@@Z 10005fd0 f i ServerStage.obj
 0001:00004fe0       ??0const_iterator@?$list@IV?$allocator@I@std@@@std@@QAE@XZ 10005fe0 f i ServerStage.obj
 0001:00004ff0       ??0iterator@?$list@IV?$allocator@I@std@@@std@@QAE@PAU_Node@12@@Z 10005ff0 f i ServerStage.obj
 0001:00005010       ??Eiterator@?$list@IV?$allocator@I@std@@@std@@QAEAAV012@XZ 10006010 f i ServerStage.obj
 0001:00005040       ??8iterator@?$list@IV?$allocator@I@std@@@std@@QBE_NABV012@@Z 10006040 f i ServerStage.obj
 0001:00005060       ??0?$deque@PAXV?$allocator@PAX@std@@@std@@QAE@ABV?$allocator@PAX@1@@Z 10006060 f i ServerStage.obj
 0001:000050b0       ?empty@?$deque@PAXV?$allocator@PAX@std@@@std@@QBE_NXZ 100060b0 f i ServerStage.obj
 0001:000050d0       ?back@?$deque@PAXV?$allocator@PAX@std@@@std@@QAEAAPAXXZ 100060d0 f i ServerStage.obj
 0001:00005100       ?pop_front@?$deque@PAXV?$allocator@PAX@std@@@std@@QAEXXZ 10006100 f i ServerStage.obj
 0001:00005170       ?push_back@?$deque@PAXV?$allocator@PAX@std@@@std@@QAEXABQAX@Z 10006170 f i ServerStage.obj
 0001:00005250       ?pop_back@?$deque@PAXV?$allocator@PAX@std@@@std@@QAEXXZ 10006250 f i ServerStage.obj
 0001:000052d0       ?assign@?$basic_string@DU?$char_traits@D@std@@V?$allocator@D@2@@std@@QAEAAV12@PBDI@Z 100062d0 f i ServerStage.obj
 0001:00005320       ?erase@?$basic_string@DU?$char_traits@D@std@@V?$allocator@D@2@@std@@QAEAAV12@II@Z 10006320 f i ServerStage.obj
 0001:000053d0       ?move@?$char_traits@D@std@@SAPADPADPBDI@Z 100063d0 f i ServerStage.obj
 0001:000053f0       ?capacity@?$basic_string@DU?$char_traits@D@std@@V?$allocator@D@2@@std@@QBEIXZ 100063f0 f i ServerStage.obj
 0001:00005410       ?_Eos@?$basic_string@DU?$char_traits@D@std@@V?$allocator@D@2@@std@@AAEXI@Z 10006410 f i ServerStage.obj
 0001:00005450       ?assign@?$char_traits@D@std@@SAXAADABD@Z 10006450 f i ServerStage.obj
 0001:00005460       ?_Grow@?$basic_string@DU?$char_traits@D@std@@V?$allocator@D@2@@std@@AAE_NI_N@Z 10006460 f i ServerStage.obj
 0001:000055a0       ?_Refcnt@?$basic_string@DU?$char_traits@D@std@@V?$allocator@D@2@@std@@AAEAAEPBD@Z 100065a0 f i ServerStage.obj
 0001:000055c0       ?deallocate@?$allocator@D@std@@QAEXPAXI@Z 100065c0 f i ServerStage.obj
 0001:000055e0       ?_Charalloc@?$allocator@I@std@@QAEPADI@Z 100065e0 f i ServerStage.obj
 0001:00005600       ?construct@?$allocator@I@std@@QAEXPAIABI@Z 10006600 f i ServerStage.obj
 0001:00005620       ?destroy@?$allocator@I@std@@QAEXPAI@Z 10006620 f i ServerStage.obj
 0001:00005640       ?deallocate@?$allocator@PAUtagClientNode@CIOCPServer@@@std@@QAEXPAXI@Z 10006640 f i ServerStage.obj
 0001:00005660       ?size@?$_Tree@IU?$pair@$$CBIPAUtagClientNode@CIOCPServer@@@std@@U_Kfn@?$map@IPAUtagClientNode@CIOCPServer@@U?$less@I@std@@V?$allocator@PAUtagClientNode@CIOCPServer@@@4@@2@U?$less@I@2@V?$allocator@PAUtagClientNode@CIOCPServer@@@2@@std@@QBEIXZ 10006660 f i ServerStage.obj
 0001:00005680       ?insert@?$_Tree@IU?$pair@$$CBIPAUtagClientNode@CIOCPServer@@@std@@U_Kfn@?$map@IPAUtagClientNode@CIOCPServer@@U?$less@I@std@@V?$allocator@PAUtagClientNode@CIOCPServer@@@4@@2@U?$less@I@2@V?$allocator@PAUtagClientNode@CIOCPServer@@@2@@std@@QAE?AU?$pair@Viterator@?$_Tree@IU?$pair@$$CBIPAUtagClientNode@CIOCPServer@@@std@@U_Kfn@?$map@IPAUtagClientNode@CIOCPServer@@U?$less@I@std@@V?$allocator@PAUtagClientNode@CIOCPServer@@@4@@2@U?$less@I@2@V?$allocator@PAUtagClientNode@CIOCPServer@@@2@@std@@_N@2@ABU?$pair@$$CBIPAUtagClientNode@CIOCPServer@@@2@@Z 10006680 f i ServerStage.obj
 0001:000058c0       ?erase@?$_Tree@IU?$pair@$$CBIPAUtagClientNode@CIOCPServer@@@std@@U_Kfn@?$map@IPAUtagClientNode@CIOCPServer@@U?$less@I@std@@V?$allocator@PAUtagClientNode@CIOCPServer@@@4@@2@U?$less@I@2@V?$allocator@PAUtagClientNode@CIOCPServer@@@2@@std@@QAE?AViterator@12@V312@@Z 100068c0 f i ServerStage.obj
 0001:00006110       ?_Erase@?$_Tree@IU?$pair@$$CBIPAUtagClientNode@CIOCPServer@@@std@@U_Kfn@?$map@IPAUtagClientNode@CIOCPServer@@U?$less@I@std@@V?$allocator@PAUtagClientNode@CIOCPServer@@@4@@2@U?$less@I@2@V?$allocator@PAUtagClientNode@CIOCPServer@@@2@@std@@IAEXPAU_Node@12@@Z 10007110 f i ServerStage.obj
 0001:000061c0       ?_Init@?$_Tree@IU?$pair@$$CBIPAUtagClientNode@CIOCPServer@@@std@@U_Kfn@?$map@IPAUtagClientNode@CIOCPServer@@U?$less@I@std@@V?$allocator@PAUtagClientNode@CIOCPServer@@@4@@2@U?$less@I@2@V?$allocator@PAUtagClientNode@CIOCPServer@@@2@@std@@IAEXXZ 100071c0 f i ServerStage.obj
 0001:000062a0       ?_Lmost@?$_Tree@IU?$pair@$$CBIPAUtagClientNode@CIOCPServer@@@std@@U_Kfn@?$map@IPAUtagClientNode@CIOCPServer@@U?$less@I@std@@V?$allocator@PAUtagClientNode@CIOCPServer@@@4@@2@U?$less@I@2@V?$allocator@PAUtagClientNode@CIOCPServer@@@2@@std@@IAEAAPAU_Node@12@XZ 100072a0 f i ServerStage.obj
 0001:000062c0       ?_Rmost@?$_Tree@IU?$pair@$$CBIPAUtagClientNode@CIOCPServer@@@std@@U_Kfn@?$map@IPAUtagClientNode@CIOCPServer@@U?$less@I@std@@V?$allocator@PAUtagClientNode@CIOCPServer@@@4@@2@U?$less@I@2@V?$allocator@PAUtagClientNode@CIOCPServer@@@2@@std@@IAEAAPAU_Node@12@XZ 100072c0 f i ServerStage.obj
 0001:000062e0       ?_Root@?$_Tree@IU?$pair@$$CBIPAUtagClientNode@CIOCPServer@@@std@@U_Kfn@?$map@IPAUtagClientNode@CIOCPServer@@U?$less@I@std@@V?$allocator@PAUtagClientNode@CIOCPServer@@@4@@2@U?$less@I@2@V?$allocator@PAUtagClientNode@CIOCPServer@@@2@@std@@IAEAAPAU_Node@12@XZ 100072e0 f i ServerStage.obj
 0001:00006300       ?_Inc@const_iterator@?$_Tree@IU?$pair@$$CBIPAUtagClientNode@CIOCPServer@@@std@@U_Kfn@?$map@IPAUtagClientNode@CIOCPServer@@U?$less@I@std@@V?$allocator@PAUtagClientNode@CIOCPServer@@@4@@2@U?$less@I@2@V?$allocator@PAUtagClientNode@CIOCPServer@@@2@@std@@QAEXXZ 10007300 f i ServerStage.obj
 0001:000063e0       ??0iterator@?$_Tree@IU?$pair@$$CBIPAUtagClientNode@CIOCPServer@@@std@@U_Kfn@?$map@IPAUtagClientNode@CIOCPServer@@U?$less@I@std@@V?$allocator@PAUtagClientNode@CIOCPServer@@@4@@2@U?$less@I@2@V?$allocator@PAUtagClientNode@CIOCPServer@@@2@@std@@QAE@PAU_Node@12@@Z 100073e0 f i ServerStage.obj
 0001:00006400       ?begin@?$deque@IV?$allocator@I@std@@@std@@QAE?AViterator@12@XZ 10007400 f i ServerStage.obj
 0001:00006430       ?size@?$deque@IV?$allocator@I@std@@@std@@QBEIXZ 10007430 f i ServerStage.obj
 0001:00006450       ?_Buyback@?$deque@IV?$allocator@I@std@@@std@@IAEXXZ 10007450 f i ServerStage.obj
 0001:00006630       ?allocate@?$allocator@I@std@@QAEPAIIPBX@Z 10007630 f i ServerStage.obj
 0001:00006650       ?_Freefront@?$deque@IV?$allocator@I@std@@@std@@IAEXXZ 10007650 f i ServerStage.obj
 0001:00006720       ??0iterator@?$deque@IV?$allocator@I@std@@@std@@QAE@XZ 10007720 f i ServerStage.obj
 0001:00006740       ??Diterator@?$deque@IV?$allocator@I@std@@@std@@QBEAAIXZ 10007740 f i ServerStage.obj
 0001:00006760       ?_Prev@_Acc@?$list@IV?$allocator@I@std@@@std@@SAAAPAU_Node@23@PAU423@@Z 10007760 f i ServerStage.obj
 0001:00006770       ??0const_iterator@?$list@IV?$allocator@I@std@@@std@@QAE@PAU_Node@12@@Z 10007770 f i ServerStage.obj
 0001:00006790       ?_Mynode@const_iterator@?$list@IV?$allocator@I@std@@@std@@QBEPAU_Node@23@XZ 10007790 f i ServerStage.obj
 0001:000067a0       ?end@?$deque@PAXV?$allocator@PAX@std@@@std@@QAE?AViterator@12@XZ 100077a0 f i ServerStage.obj
 0001:000067d0       ?size@?$deque@PAXV?$allocator@PAX@std@@@std@@QBEIXZ 100077d0 f i ServerStage.obj
 0001:000067f0       ?_Buyback@?$deque@PAXV?$allocator@PAX@std@@@std@@IAEXXZ 100077f0 f i ServerStage.obj
 0001:000069d0       ?_Freeback@?$deque@PAXV?$allocator@PAX@std@@@std@@IAEXXZ 100079d0 f i ServerStage.obj
 0001:00006ac0       ?_Freefront@?$deque@PAXV?$allocator@PAX@std@@@std@@IAEXXZ 10007ac0 f i ServerStage.obj
 0001:00006b90       ?construct@?$allocator@PAX@std@@QAEXPAPAXABQAX@Z 10007b90 f i ServerStage.obj
 0001:00006bb0       ?destroy@?$allocator@PAX@std@@QAEXPAPAX@Z 10007bb0 f i ServerStage.obj
 0001:00006bd0       ??0iterator@?$deque@PAXV?$allocator@PAX@std@@@std@@QAE@XZ 10007bd0 f i ServerStage.obj
 0001:00006bf0       ??Diterator@?$deque@PAXV?$allocator@PAX@std@@@std@@QBEAAPAXXZ 10007bf0 f i ServerStage.obj
 0001:00006c10       ??Giterator@?$deque@PAXV?$allocator@PAX@std@@@std@@QBE?AV012@H@Z 10007c10 f i ServerStage.obj
 0001:00006c70       ??0?$pair@Viterator@?$_Tree@IU?$pair@$$CBIPAUtagClientNode@CIOCPServer@@@std@@U_Kfn@?$map@IPAUtagClientNode@CIOCPServer@@U?$less@I@std@@V?$allocator@PAUtagClientNode@CIOCPServer@@@4@@2@U?$less@I@2@V?$allocator@PAUtagClientNode@CIOCPServer@@@2@@std@@_N@std@@QAE@ABViterator@?$_Tree@IU?$pair@$$CBIPAUtagClientNode@CIOCPServer@@@std@@U_Kfn@?$map@IPAUtagClientNode@CIOCPServer@@U?$less@I@std@@V?$allocator@PAUtagClientNode@CIOCPServer@@@4@@2@U?$less@I@2@V?$allocator@PAUtagClientNode@CIOCPServer@@@2@@1@AB_N@Z 10007c70 f i ServerStage.obj
 0001:00006ca0       ?max_size@?$basic_string@DU?$char_traits@D@std@@V?$allocator@D@2@@std@@QBEIXZ 10007ca0 f i ServerStage.obj
 0001:00006ce0       ?_Copy@?$basic_string@DU?$char_traits@D@std@@V?$allocator@D@2@@std@@AAEXI@Z 10007ce0 f i ServerStage.obj
 0001:00006e20       ?_Split@?$basic_string@DU?$char_traits@D@std@@V?$allocator@D@2@@std@@AAEXXZ 10007e20 f i ServerStage.obj
 0001:00006e90       ??R?$less@I@std@@QBE_NABI0@Z 10007e90 f i ServerStage.obj
 0001:00006eb0       ??R_Kfn@?$map@IPAUtagClientNode@CIOCPServer@@U?$less@I@std@@V?$allocator@PAUtagClientNode@CIOCPServer@@@4@@std@@QBEABIABU?$pair@$$CBIPAUtagClientNode@CIOCPServer@@@2@@Z 10007eb0 f i ServerStage.obj
 0001:00006ec0       ?_Color@?$_Tree@IU?$pair@$$CBIPAUtagClientNode@CIOCPServer@@@std@@U_Kfn@?$map@IPAUtagClientNode@CIOCPServer@@U?$less@I@std@@V?$allocator@PAUtagClientNode@CIOCPServer@@@4@@2@U?$less@I@2@V?$allocator@PAUtagClientNode@CIOCPServer@@@2@@std@@KAAAW4_Redbl@12@PAU_Node@12@@Z 10007ec0 f i ServerStage.obj
 0001:00006ed0       ?_Key@?$_Tree@IU?$pair@$$CBIPAUtagClientNode@CIOCPServer@@@std@@U_Kfn@?$map@IPAUtagClientNode@CIOCPServer@@U?$less@I@std@@V?$allocator@PAUtagClientNode@CIOCPServer@@@4@@2@U?$less@I@2@V?$allocator@PAUtagClientNode@CIOCPServer@@@2@@std@@KAABIPAU_Node@12@@Z 10007ed0 f i ServerStage.obj
 0001:00006ef0       ?_Left@?$_Tree@IU?$pair@$$CBIPAUtagClientNode@CIOCPServer@@@std@@U_Kfn@?$map@IPAUtagClientNode@CIOCPServer@@U?$less@I@std@@V?$allocator@PAUtagClientNode@CIOCPServer@@@4@@2@U?$less@I@2@V?$allocator@PAUtagClientNode@CIOCPServer@@@2@@std@@KAAAPAU_Node@12@PAU312@@Z 10007ef0 f i ServerStage.obj
 0001:00006f00       ?_Parent@?$_Tree@IU?$pair@$$CBIPAUtagClientNode@CIOCPServer@@@std@@U_Kfn@?$map@IPAUtagClientNode@CIOCPServer@@U?$less@I@std@@V?$allocator@PAUtagClientNode@CIOCPServer@@@4@@2@U?$less@I@2@V?$allocator@PAUtagClientNode@CIOCPServer@@@2@@std@@KAAAPAU_Node@12@PAU312@@Z 10007f00 f i ServerStage.obj
 0001:00006f10       ?_Right@?$_Tree@IU?$pair@$$CBIPAUtagClientNode@CIOCPServer@@@std@@U_Kfn@?$map@IPAUtagClientNode@CIOCPServer@@U?$less@I@std@@V?$allocator@PAUtagClientNode@CIOCPServer@@@4@@2@U?$less@I@2@V?$allocator@PAUtagClientNode@CIOCPServer@@@2@@std@@KAAAPAU_Node@12@PAU312@@Z 10007f10 f i ServerStage.obj
 0001:00006f20       ?_Insert@?$_Tree@IU?$pair@$$CBIPAUtagClientNode@CIOCPServer@@@std@@U_Kfn@?$map@IPAUtagClientNode@CIOCPServer@@U?$less@I@std@@V?$allocator@PAUtagClientNode@CIOCPServer@@@4@@2@U?$less@I@2@V?$allocator@PAUtagClientNode@CIOCPServer@@@2@@std@@IAE?AViterator@12@PAU_Node@12@0ABU?$pair@$$CBIPAUtagClientNode@CIOCPServer@@@2@@Z 10007f20 f i ServerStage.obj
 0001:000073f0       ?_Lrotate@?$_Tree@IU?$pair@$$CBIPAUtagClientNode@CIOCPServer@@@std@@U_Kfn@?$map@IPAUtagClientNode@CIOCPServer@@U?$less@I@std@@V?$allocator@PAUtagClientNode@CIOCPServer@@@4@@2@U?$less@I@2@V?$allocator@PAUtagClientNode@CIOCPServer@@@2@@std@@IAEXPAU_Node@12@@Z 100083f0 f i ServerStage.obj
 0001:00007560       ?_Max@?$_Tree@IU?$pair@$$CBIPAUtagClientNode@CIOCPServer@@@std@@U_Kfn@?$map@IPAUtagClientNode@CIOCPServer@@U?$less@I@std@@V?$allocator@PAUtagClientNode@CIOCPServer@@@4@@2@U?$less@I@2@V?$allocator@PAUtagClientNode@CIOCPServer@@@2@@std@@KAPAU_Node@12@PAU312@@Z 10008560 f i ServerStage.obj
 0001:000075e0       ?_Min@?$_Tree@IU?$pair@$$CBIPAUtagClientNode@CIOCPServer@@@std@@U_Kfn@?$map@IPAUtagClientNode@CIOCPServer@@U?$less@I@std@@V?$allocator@PAUtagClientNode@CIOCPServer@@@4@@2@U?$less@I@2@V?$allocator@PAUtagClientNode@CIOCPServer@@@2@@std@@KAPAU_Node@12@PAU312@@Z 100085e0 f i ServerStage.obj
 0001:00007660       ?_Rrotate@?$_Tree@IU?$pair@$$CBIPAUtagClientNode@CIOCPServer@@@std@@U_Kfn@?$map@IPAUtagClientNode@CIOCPServer@@U?$less@I@std@@V?$allocator@PAUtagClientNode@CIOCPServer@@@4@@2@U?$less@I@2@V?$allocator@PAUtagClientNode@CIOCPServer@@@2@@std@@IAEXPAU_Node@12@@Z 10008660 f i ServerStage.obj
 0001:000077d0       ?_Buynode@?$_Tree@IU?$pair@$$CBIPAUtagClientNode@CIOCPServer@@@std@@U_Kfn@?$map@IPAUtagClientNode@CIOCPServer@@U?$less@I@std@@V?$allocator@PAUtagClientNode@CIOCPServer@@@4@@2@U?$less@I@2@V?$allocator@PAUtagClientNode@CIOCPServer@@@2@@std@@IAEPAU_Node@12@PAU312@W4_Redbl@12@@Z 100087d0 f i ServerStage.obj
 0001:00007820       ?_Destval@?$_Tree@IU?$pair@$$CBIPAUtagClientNode@CIOCPServer@@@std@@U_Kfn@?$map@IPAUtagClientNode@CIOCPServer@@U?$less@I@std@@V?$allocator@PAUtagClientNode@CIOCPServer@@@4@@2@U?$less@I@2@V?$allocator@PAUtagClientNode@CIOCPServer@@@2@@std@@IAEXPAU?$pair@$$CBIPAUtagClientNode@CIOCPServer@@@2@@Z 10008820 f i ServerStage.obj
 0001:00007840       ??0const_iterator@?$_Tree@IU?$pair@$$CBIPAUtagClientNode@CIOCPServer@@@std@@U_Kfn@?$map@IPAUtagClientNode@CIOCPServer@@U?$less@I@std@@V?$allocator@PAUtagClientNode@CIOCPServer@@@4@@2@U?$less@I@2@V?$allocator@PAUtagClientNode@CIOCPServer@@@2@@std@@QAE@PAU_Node@12@@Z 10008840 f i ServerStage.obj
 0001:00007860       ?_Mynode@const_iterator@?$_Tree@IU?$pair@$$CBIPAUtagClientNode@CIOCPServer@@@std@@U_Kfn@?$map@IPAUtagClientNode@CIOCPServer@@U?$less@I@std@@V?$allocator@PAUtagClientNode@CIOCPServer@@@4@@2@U?$less@I@2@V?$allocator@PAUtagClientNode@CIOCPServer@@@2@@std@@QBEPAU_Node@23@XZ 10008860 f i ServerStage.obj
 0001:00007870       ??Fiterator@?$_Tree@IU?$pair@$$CBIPAUtagClientNode@CIOCPServer@@@std@@U_Kfn@?$map@IPAUtagClientNode@CIOCPServer@@U?$less@I@std@@V?$allocator@PAUtagClientNode@CIOCPServer@@@4@@2@U?$less@I@2@V?$allocator@PAUtagClientNode@CIOCPServer@@@2@@std@@QAEAAV012@XZ 10008870 f i ServerStage.obj
 0001:00007890       ?_Freemap@?$deque@IV?$allocator@I@std@@@std@@IAEXXZ 10008890 f i ServerStage.obj
 0001:000078c0       ?_Freeptr@?$deque@IV?$allocator@I@std@@@std@@IAEXPAPAI@Z 100088c0 f i ServerStage.obj
 0001:000078e0       ?_Getmap@?$deque@IV?$allocator@I@std@@@std@@IAEXXZ 100088e0 f i ServerStage.obj
 0001:00007910       ?_Growmap@?$deque@IV?$allocator@I@std@@@std@@IAEPAPAII@Z 10008910 f i ServerStage.obj
 0001:00007990       ?_Setptr@?$deque@IV?$allocator@I@std@@@std@@IAEXPAPAIPAI@Z 10008990 f i ServerStage.obj
 0001:000079b0       ??0const_iterator@?$deque@IV?$allocator@I@std@@@std@@QAE@XZ 100089b0 f i ServerStage.obj
 0001:000079f0       ??0iterator@?$deque@IV?$allocator@I@std@@@std@@QAE@PAIPAPAI@Z 100089f0 f i ServerStage.obj
 0001:00007a10       ?_Freemap@?$deque@PAXV?$allocator@PAX@std@@@std@@IAEXXZ 10008a10 f i ServerStage.obj
 0001:00007a40       ?_Freeptr@?$deque@PAXV?$allocator@PAX@std@@@std@@IAEXPAPAPAX@Z 10008a40 f i ServerStage.obj
 0001:00007a60       ?_Getmap@?$deque@PAXV?$allocator@PAX@std@@@std@@IAEXXZ 10008a60 f i ServerStage.obj
 0001:00007a90       ?_Growmap@?$deque@PAXV?$allocator@PAX@std@@@std@@IAEPAPAPAXI@Z 10008a90 f i ServerStage.obj
 0001:00007b10       ?_Setptr@?$deque@PAXV?$allocator@PAX@std@@@std@@IAEXPAPAPAXPAPAX@Z 10008b10 f i ServerStage.obj
 0001:00007b30       ?allocate@?$allocator@PAX@std@@QAEPAPAXIPBX@Z 10008b30 f i ServerStage.obj
 0001:00007b50       ??0const_iterator@?$deque@PAXV?$allocator@PAX@std@@@std@@QAE@XZ 10008b50 f i ServerStage.obj
 0001:00007b90       ??0iterator@?$deque@PAXV?$allocator@PAX@std@@@std@@QAE@PAPAXPAPAPAX@Z 10008b90 f i ServerStage.obj
 0001:00007bb0       ??Ziterator@?$deque@PAXV?$allocator@PAX@std@@@std@@QAEAAV012@H@Z 10008bb0 f i ServerStage.obj
 0001:00007bd0       ?allocate@?$allocator@D@std@@QAEPADIPBX@Z 10008bd0 f i ServerStage.obj
 0001:00007bf0       ?max_size@?$allocator@D@std@@QBEIXZ 10008bf0 f i ServerStage.obj
 0001:00007c20       ?_Charalloc@?$allocator@PAUtagClientNode@CIOCPServer@@@std@@QAEPADI@Z 10008c20 f i ServerStage.obj
 0001:00007c40       ?_Consval@?$_Tree@IU?$pair@$$CBIPAUtagClientNode@CIOCPServer@@@std@@U_Kfn@?$map@IPAUtagClientNode@CIOCPServer@@U?$less@I@std@@V?$allocator@PAUtagClientNode@CIOCPServer@@@4@@2@U?$less@I@2@V?$allocator@PAUtagClientNode@CIOCPServer@@@2@@std@@IAEXPAU?$pair@$$CBIPAUtagClientNode@CIOCPServer@@@2@ABU32@@Z 10008c40 f i ServerStage.obj
 0001:00007c60       ?_Dec@const_iterator@?$_Tree@IU?$pair@$$CBIPAUtagClientNode@CIOCPServer@@@std@@U_Kfn@?$map@IPAUtagClientNode@CIOCPServer@@U?$less@I@std@@V?$allocator@PAUtagClientNode@CIOCPServer@@@4@@2@U?$less@I@2@V?$allocator@PAUtagClientNode@CIOCPServer@@@2@@std@@QAEXXZ 10008c60 f i ServerStage.obj
 0001:00007d70       ??0const_iterator@?$deque@IV?$allocator@I@std@@@std@@QAE@PAIPAPAI@Z 10008d70 f i ServerStage.obj
 0001:00007db0       ?_Charalloc@?$allocator@PAX@std@@QAEPADI@Z 10008db0 f i ServerStage.obj
 0001:00007dd0       ?deallocate@?$allocator@PAX@std@@QAEXPAXI@Z 10008dd0 f i ServerStage.obj
 0001:00007df0       ??0const_iterator@?$deque@PAXV?$allocator@PAX@std@@@std@@QAE@PAPAXPAPAPAX@Z 10008df0 f i ServerStage.obj
 0001:00007e30       ??Yiterator@?$deque@PAXV?$allocator@PAX@std@@@std@@QAEAAV012@H@Z 10008e30 f i ServerStage.obj
 0001:00007e50       ?_Add@const_iterator@?$deque@PAXV?$allocator@PAX@std@@@std@@IAEXH@Z 10008e50 f i ServerStage.obj
 0001:00007f00       ??0CCriticalSection@Win32@OnlineGameLib@@QAE@XZ 10008f00 f i ServerStage.obj
 0001:00007f20       ??1CCriticalSection@Win32@OnlineGameLib@@QAE@XZ 10008f20 f i ServerStage.obj
 0001:00007f40       ??0Owner@CCriticalSection@Win32@OnlineGameLib@@QAE@AAV123@@Z 10008f40 f i ServerStage.obj
 0001:00007f70       ?Enter@CCriticalSection@Win32@OnlineGameLib@@QAEXXZ 10008f70 f i ServerStage.obj
 0001:00007f90       ??1Owner@CCriticalSection@Win32@OnlineGameLib@@QAE@XZ 10008f90 f i ServerStage.obj
 0001:00007fb0       ?Leave@CCriticalSection@Win32@OnlineGameLib@@QAEXXZ 10008fb0 f i ServerStage.obj
 0001:00007fd0       ?GetUserPtr@COpaqueUserData@OnlineGameLib@@QBEPAXXZ 10008fd0 f i ServerStage.obj
 0001:00007ff0       ?SetUserPtr@COpaqueUserData@OnlineGameLib@@QAEXPAX@Z 10008ff0 f i ServerStage.obj
 0001:00008010       ?SetUserData@COpaqueUserData@OnlineGameLib@@QAEXK@Z 10009010 f i ServerStage.obj
 0001:00008030       ?_trace@@YAXPBDZZ          10009030 f i ServerStage.obj
 0001:00008040       ??Hstd@@YA?AV?$basic_string@DU?$char_traits@D@std@@V?$allocator@D@2@@0@PBDABV10@@Z 10009040 f i ServerStage.obj
 0001:000080c0       ?GetUsed@CIOBuffer@Win32@OnlineGameLib@@QBEIXZ 100090c0 f i ServerStage.obj
 0001:000080e0       ?GetSize@CIOBuffer@Win32@OnlineGameLib@@QBEIXZ 100090e0 f i ServerStage.obj
 0001:00008100       ??Hstd@@YA?AV?$basic_string@DU?$char_traits@D@std@@V?$allocator@D@2@@0@ABV10@PBD@Z 10009100 f i ServerStage.obj
 0001:00008180       ?GetBuffer@CIOBuffer@Win32@OnlineGameLib@@QBEPBEXZ 10009180 f i ServerStage.obj
 0001:000081a0       ??Hstd@@YA?AV?$basic_string@DU?$char_traits@D@std@@V?$allocator@D@2@@0@ABV10@0@Z 100091a0 f i ServerStage.obj
 0001:00008220       ?ToString@Win32@OnlineGameLib@@YA?AV?$basic_string@DU?$char_traits@D@std@@V?$allocator@D@2@@std@@K@Z 10009220 f i ServerStage.obj
 0001:00008300       ?ends@std@@YAAAV?$basic_ostream@DU?$char_traits@D@std@@@1@AAV21@@Z 10009300 f i ServerStage.obj
 0001:00008320       ??4?$basic_string@DU?$char_traits@D@std@@V?$allocator@D@2@@std@@QAEAAV01@PBD@Z 10009320 f i ServerStage.obj
 0001:00008340       ?put@?$basic_ostream@DU?$char_traits@D@std@@@std@@QAEAAV12@D@Z 10009340 f i ServerStage.obj
 0001:00008470       ?eq_int_type@?$char_traits@D@std@@SA_NABH0@Z 10009470 f i ServerStage.obj
 0001:00008490       ?eof@?$char_traits@D@std@@SAHXZ 10009490 f i ServerStage.obj
 0001:000084a0       ?setstate@?$basic_ios@DU?$char_traits@D@std@@@std@@QAEXH_N@Z 100094a0 f i ServerStage.obj
 0001:000084d0       ?rdstate@ios_base@std@@QBEHXZ 100094d0 f i ServerStage.obj
 0001:000084f0       ?rdbuf@?$basic_ios@DU?$char_traits@D@std@@@std@@QBEPAV?$basic_streambuf@DU?$char_traits@D@std@@@2@XZ 100094f0 f i ServerStage.obj
 0001:00008510       ??0strstream@std@@QAE@XZ   10009510 f i ServerStage.obj
 0001:000085c0       ??1?$basic_ios@DU?$char_traits@D@std@@@std@@UAE@XZ 100095c0 f i ServerStage.obj
 0001:000085e0       ??0?$basic_ios@DU?$char_traits@D@std@@@std@@IAE@XZ 100095e0 f i ServerStage.obj
 0001:00008600       ??0ios_base@std@@IAE@XZ    10009600 f i ServerStage.obj
 0001:00008630       ??0locale@std@@QAE@W4_Uninitialized@1@@Z 10009630 f i ServerStage.obj
 0001:00008640       ??_Gios_base@std@@UAEPAXI@Z 10009640 f i ServerStage.obj
 0001:00008640       ??_Eios_base@std@@UAEPAXI@Z 10009640 f i ServerStage.obj
 0001:00008670       ??0strstreambuf@std@@QAE@H@Z 10009670 f i ServerStage.obj
 0001:000086d0       ??_Gstrstreambuf@std@@UAEPAXI@Z 100096d0 f i ServerStage.obj
 0001:000086d0       ??_Estrstreambuf@std@@UAEPAXI@Z 100096d0 f i ServerStage.obj
 0001:00008700       ??0?$basic_streambuf@DU?$char_traits@D@std@@@std@@IAE@XZ 10009700 f i ServerStage.obj
 0001:00008760       ??0locale@std@@QAE@XZ      10009760 f i ServerStage.obj
 0001:000087a0       ?_Incref@facet@locale@std@@QAEXXZ 100097a0 f i ServerStage.obj
 0001:000087e0       ??1locale@std@@QAE@XZ      100097e0 f i ServerStage.obj
 0001:00008830       ?_Decref@facet@locale@std@@QAEPAV123@XZ 10009830 f i ServerStage.obj
 0001:00008890       ??1?$basic_streambuf@DU?$char_traits@D@std@@@std@@UAE@XZ 10009890 f i ServerStage.obj
 0001:000088b0       ?overflow@?$basic_streambuf@DU?$char_traits@D@std@@@std@@MAEHH@Z 100098b0 f i ServerStage.obj
 0001:000088d0       ?pbackfail@?$basic_streambuf@DU?$char_traits@D@std@@@std@@MAEHH@Z 100098d0 f i ServerStage.obj
 0001:000088f0       ?showmanyc@?$basic_streambuf@DU?$char_traits@D@std@@@std@@MAEHXZ 100098f0 f i ServerStage.obj
 0001:00008900       ?underflow@?$basic_streambuf@DU?$char_traits@D@std@@@std@@MAEHXZ 10009900 f i ServerStage.obj
 0001:00008910       ?uflow@?$basic_streambuf@DU?$char_traits@D@std@@@std@@MAEHXZ 10009910 f i ServerStage.obj
 0001:00008970       ?to_int_type@?$char_traits@D@std@@SAHABD@Z 10009970 f i ServerStage.obj
 0001:00008980       ?xsgetn@?$basic_streambuf@DU?$char_traits@D@std@@@std@@MAEHPADH@Z 10009980 f i ServerStage.obj
 0001:00008a80       ?to_char_type@?$char_traits@D@std@@SADABH@Z 10009a80 f i ServerStage.obj
 0001:00008a90       ?gptr@?$basic_streambuf@DU?$char_traits@D@std@@@std@@IBEPADXZ 10009a90 f i ServerStage.obj
 0001:00008ab0       ?xsputn@?$basic_streambuf@DU?$char_traits@D@std@@@std@@MAEHPBDH@Z 10009ab0 f i ServerStage.obj
 0001:00008bb0       ?pptr@?$basic_streambuf@DU?$char_traits@D@std@@@std@@IBEPADXZ 10009bb0 f i ServerStage.obj
 0001:00008bd0       ?seekoff@?$basic_streambuf@DU?$char_traits@D@std@@@std@@MAE?AV?$fpos@H@2@JW4seekdir@ios_base@2@H@Z 10009bd0 f i ServerStage.obj
 0001:00008c00       ?seekpos@?$basic_streambuf@DU?$char_traits@D@std@@@std@@MAE?AV?$fpos@H@2@V32@H@Z 10009c00 f i ServerStage.obj
 0001:00008c30       ?setbuf@?$basic_streambuf@DU?$char_traits@D@std@@@std@@MAEPAV12@PADH@Z 10009c30 f i ServerStage.obj
 0001:00008c40       ?sync@?$basic_streambuf@DU?$char_traits@D@std@@@std@@MAEHXZ 10009c40 f i ServerStage.obj
 0001:00008c50       ?imbue@?$basic_streambuf@DU?$char_traits@D@std@@@std@@MAEXABVlocale@2@@Z 10009c50 f i ServerStage.obj
 0001:00008c60       ?freeze@strstream@std@@QAEX_N@Z 10009c60 f i ServerStage.obj
 0001:00008c80       ?str@strstream@std@@QAEPADXZ 10009c80 f i ServerStage.obj
 0001:00008ca0       ?str@strstreambuf@std@@QAEPADXZ 10009ca0 f i ServerStage.obj
 0001:00008cc0       ??_Gstrstream@std@@UAEPAXI@Z 10009cc0 f i ServerStage.obj
 0001:00008cc0       ??_Estrstream@std@@UAEPAXI@Z 10009cc0 f i ServerStage.obj
 0001:00008d00       ??_Dstrstream@std@@QAEXXZ  10009d00 f i ServerStage.obj
 0001:00008d30       ??0?$basic_iostream@DU?$char_traits@D@std@@@std@@QAE@PAV?$basic_streambuf@DU?$char_traits@D@std@@@1@@Z 10009d30 f i ServerStage.obj
 0001:00008df0       ??0?$basic_ostream@DU?$char_traits@D@std@@@std@@QAE@PAV?$basic_streambuf@DU?$char_traits@D@std@@@1@_N1@Z 10009df0 f i ServerStage.obj
 0001:00008ea0       ??0?$basic_istream@DU?$char_traits@D@std@@@std@@QAE@PAV?$basic_streambuf@DU?$char_traits@D@std@@@1@_N@Z 10009ea0 f i ServerStage.obj
 0001:00008f40       ??1?$basic_istream@DU?$char_traits@D@std@@@std@@UAE@XZ 10009f40 f i ServerStage.obj
 0001:00008f60       ??1?$basic_iostream@DU?$char_traits@D@std@@@std@@UAE@XZ 10009f60 f i ServerStage.obj
 0001:00008fe0       ??1?$basic_ostream@DU?$char_traits@D@std@@@std@@UAE@XZ 10009fe0 f i ServerStage.obj
 0001:00009000       ??_E?$basic_ostream@DU?$char_traits@D@std@@@std@@UAEPAXI@Z 1000a000 f i ServerStage.obj
 0001:00009000       ??_G?$basic_ostream@DU?$char_traits@D@std@@@std@@UAEPAXI@Z 1000a000 f i ServerStage.obj
 0001:00009040       ??_E?$basic_ios@DU?$char_traits@D@std@@@std@@UAEPAXI@Z 1000a040 f i ServerStage.obj
 0001:00009040       ??_G?$basic_ios@DU?$char_traits@D@std@@@std@@UAEPAXI@Z 1000a040 f i ServerStage.obj
 0001:00009070       ??_E?$basic_istream@DU?$char_traits@D@std@@@std@@UAEPAXI@Z 1000a070 f i ServerStage.obj
 0001:00009070       ??_G?$basic_istream@DU?$char_traits@D@std@@@std@@UAEPAXI@Z 1000a070 f i ServerStage.obj
 0001:000090b0       ??_E?$basic_streambuf@DU?$char_traits@D@std@@@std@@UAEPAXI@Z 1000a0b0 f i ServerStage.obj
 0001:000090b0       ??_G?$basic_streambuf@DU?$char_traits@D@std@@@std@@UAEPAXI@Z 1000a0b0 f i ServerStage.obj
 0001:000090e0       ??_G?$basic_iostream@DU?$char_traits@D@std@@@std@@UAEPAXI@Z 1000a0e0 f i ServerStage.obj
 0001:000090e0       ??_E?$basic_iostream@DU?$char_traits@D@std@@@std@@UAEPAXI@Z 1000a0e0 f i ServerStage.obj
 0001:00009120       ??_D?$basic_ostream@DU?$char_traits@D@std@@@std@@QAEXXZ 1000a120 f i ServerStage.obj
 0001:00009150       ??_D?$basic_istream@DU?$char_traits@D@std@@@std@@QAEXXZ 1000a150 f i ServerStage.obj
 0001:00009180       ??_D?$basic_iostream@DU?$char_traits@D@std@@@std@@QAEXXZ 1000a180 f i ServerStage.obj
 0001:000091b0       ?clear@?$basic_ios@DU?$char_traits@D@std@@@std@@QAEXH_N@Z 1000a1b0 f i ServerStage.obj
 0001:000091f0       ?init@?$basic_ios@DU?$char_traits@D@std@@@std@@IAEXPAV?$basic_streambuf@DU?$char_traits@D@std@@@2@_N@Z 1000a1f0 f i ServerStage.obj
 0001:00009260       ??0sentry@?$basic_ostream@DU?$char_traits@D@std@@@std@@QAE@AAV12@@Z 1000a260 f i ServerStage.obj
 0001:00009290       ??1sentry@?$basic_ostream@DU?$char_traits@D@std@@@std@@QAE@XZ 1000a290 f i ServerStage.obj
 0001:000092c0       ??Bsentry@?$basic_ostream@DU?$char_traits@D@std@@@std@@QBE_NXZ 1000a2c0 f i ServerStage.obj
 0001:000092d0       ??0?$fpos@H@std@@QAE@J@Z   1000a2d0 f i ServerStage.obj
 0001:00009320       ?sputc@?$basic_streambuf@DU?$char_traits@D@std@@@std@@QAEHD@Z 1000a320 f i ServerStage.obj
 0001:000093a0       ?egptr@?$basic_streambuf@DU?$char_traits@D@std@@@std@@IBEPADXZ 1000a3a0 f i ServerStage.obj
 0001:000093c0       ?gbump@?$basic_streambuf@DU?$char_traits@D@std@@@std@@IAEXH@Z 1000a3c0 f i ServerStage.obj
 0001:00009400       ?epptr@?$basic_streambuf@DU?$char_traits@D@std@@@std@@IBEPADXZ 1000a400 f i ServerStage.obj
 0001:00009420       ?_Gninc@?$basic_streambuf@DU?$char_traits@D@std@@@std@@IAEPADXZ 1000a420 f i ServerStage.obj
 0001:00009460       ?pbump@?$basic_streambuf@DU?$char_traits@D@std@@@std@@IAEXH@Z 1000a460 f i ServerStage.obj
 0001:000094a0       ?_Init@?$basic_streambuf@DU?$char_traits@D@std@@@std@@IAEXXZ 1000a4a0 f i ServerStage.obj
 0001:00009510       ?opfx@?$basic_ostream@DU?$char_traits@D@std@@@std@@QAE_NXZ 1000a510 f i ServerStage.obj
 0001:00009580       ?good@ios_base@std@@QBE_NXZ 1000a580 f i ServerStage.obj
 0001:000095a0       ?flush@?$basic_ostream@DU?$char_traits@D@std@@@std@@QAEAAV12@XZ 1000a5a0 f i ServerStage.obj
 0001:00009610       ?fail@ios_base@std@@QBE_NXZ 1000a610 f i ServerStage.obj
 0001:00009630       ?pubsync@?$basic_streambuf@DU?$char_traits@D@std@@@std@@QAEHXZ 1000a630 f i ServerStage.obj
 0001:00009650       ?osfx@?$basic_ostream@DU?$char_traits@D@std@@@std@@QAEXXZ 1000a650 f i ServerStage.obj
 0001:00009680       ?flags@ios_base@std@@QBEHXZ 1000a680 f i ServerStage.obj
 0001:000096a0       ?tie@?$basic_ios@DU?$char_traits@D@std@@@std@@QBEPAV?$basic_ostream@DU?$char_traits@D@std@@@2@XZ 1000a6a0 f i ServerStage.obj
 0001:000096c0       ?setg@?$basic_streambuf@DU?$char_traits@D@std@@@std@@IAEXPAD00@Z 1000a6c0 f i ServerStage.obj
 0001:00009700       ?setp@?$basic_streambuf@DU?$char_traits@D@std@@@std@@IAEXPAD0@Z 1000a700 f i ServerStage.obj
 0001:00009740       ?_Pninc@?$basic_streambuf@DU?$char_traits@D@std@@@std@@IAEPADXZ 1000a740 f i ServerStage.obj
 0001:00009780       ?ToString@Win32@OnlineGameLib@@YA?AV?$basic_string@DU?$char_traits@D@std@@V?$allocator@D@2@@std@@I@Z 1000a780 f i ServerStage.obj
 0001:00009860       ??8std@@YA_NABV?$allocator@D@0@0@Z 1000a860 f i ServerStage.obj
 0001:00009870       ?_Widen@std@@YADDPAD@Z     1000a870 f i ServerStage.obj
 0001:00009880       ?_Allocate@std@@YAPAIHPAI@Z 1000a880 f i ServerStage.obj
 0001:000098b0       ?OnStartAcceptingConnections@CSocketServer@Win32@OnlineGameLib@@EAEXXZ 1000a8b0 f i ServerStage.obj
 0001:000098c0       ?OnStopAcceptingConnections@CSocketServer@Win32@OnlineGameLib@@EAEXXZ 1000a8c0 f i ServerStage.obj
 0001:000098d0       ?OnShutdownInitiated@CSocketServer@Win32@OnlineGameLib@@EAEXXZ 1000a8d0 f i ServerStage.obj
 0001:000098e0       ?OnShutdownComplete@CSocketServer@Win32@OnlineGameLib@@EAEXXZ 1000a8e0 f i ServerStage.obj
 0001:000098f0       ?OnConnectionCreated@CSocketServer@Win32@OnlineGameLib@@EAEXXZ 1000a8f0 f i ServerStage.obj
 0001:00009900       ?OnConnectionClientClose@CSocketServer@Win32@OnlineGameLib@@EAEXPAVSocket@123@@Z 1000a900 f i ServerStage.obj
 0001:00009910       ?OnConnectionReset@CSocketServer@Win32@OnlineGameLib@@EAEXPAVSocket@123@@Z 1000a910 f i ServerStage.obj
 0001:00009920       ?_Allocate@std@@YAPADHPAD@Z 1000a920 f i ServerStage.obj
 0001:00009940       ?_Construct@std@@YAXPAIABI@Z 1000a940 f i ServerStage.obj
 0001:00009980       ??2@YAPAXIPAX@Z            1000a980 f i ServerStage.obj
 0001:00009990       ?OnConnectionDestroyed@CSocketServer@Win32@OnlineGameLib@@EAEXXZ 1000a990 f i ServerStage.obj
 0001:000099a0       ?OnBufferCreated@CSocketServer@Win32@OnlineGameLib@@EAEXXZ 1000a9a0 f i ServerStage.obj
 0001:000099b0       ?_Destroy@std@@YAXPAI@Z    1000a9b0 f i ServerStage.obj
 0001:000099c0       ?OnBufferAllocated@CSocketServer@Win32@OnlineGameLib@@EAEXXZ 1000a9c0 f i ServerStage.obj
 0001:000099d0       ?swap@std@@YAXAAW4_Redbl@?$_Tree@IU?$pair@$$CBIPAUtagClientNode@CIOCPServer@@@std@@U_Kfn@?$map@IPAUtagClientNode@CIOCPServer@@U?$less@I@std@@V?$allocator@PAUtagClientNode@CIOCPServer@@@4@@2@U?$less@I@2@V?$allocator@PAUtagClientNode@CIOCPServer@@@2@@1@0@Z 1000a9d0 f i ServerStage.obj
 0001:00009a00       ?OnBufferReleased@CSocketServer@Win32@OnlineGameLib@@EAEXXZ 1000aa00 f i ServerStage.obj
 0001:00009a10       ?_Construct@std@@YAXPAPAXABQAX@Z 1000aa10 f i ServerStage.obj
 0001:00009a50       ?OnThreadCreated@CSocketServer@Win32@OnlineGameLib@@EAEXXZ 1000aa50 f i ServerStage.obj
 0001:00009a60       ?OnThreadDestroyed@CSocketServer@Win32@OnlineGameLib@@EAEXXZ 1000aa60 f i ServerStage.obj
 0001:00009a70       ?_Destroy@std@@YAXPAPAX@Z  1000aa70 f i ServerStage.obj
 0001:00009a80       ?SetMessageCallback@Socket@CSocketServer@Win32@OnlineGameLib@@QAEXPAUIMessageProcess@@@Z 1000aa80 f i ServerStage.obj
 0001:00009aa0       ?_Destroy@std@@YAXPAU?$pair@$$CBIPAUtagClientNode@CIOCPServer@@@1@@Z 1000aaa0 f i ServerStage.obj
 0001:00009ab0       ?copy@std@@YAPAPAIPAPAI00@Z 1000aab0 f i ServerStage.obj
 0001:00009ae0       ?GetMessageCallback@Socket@CSocketServer@Win32@OnlineGameLib@@QBEPAUIMessageProcess@@XZ 1000aae0 f i ServerStage.obj
 0001:00009b00       ?copy@std@@YAPAPAPAXPAPAPAX00@Z 1000ab00 f i ServerStage.obj
 0001:00009b30       ?_Allocate@std@@YAPAPAXHPAPAX@Z 1000ab30 f i ServerStage.obj
 0001:00009b60       ?_Construct@std@@YAXPAU?$pair@$$CBIPAUtagClientNode@CIOCPServer@@@1@ABU21@@Z 1000ab60 f i ServerStage.obj
 0001:00009ba0       ??Y?$basic_string@DU?$char_traits@D@std@@V?$allocator@D@2@@std@@QAEAAV01@ABV01@@Z 1000aba0 f i ServerStage.obj
 0001:00009bc0       ??Y?$basic_string@DU?$char_traits@D@std@@V?$allocator@D@2@@std@@QAEAAV01@PBD@Z 1000abc0 f i ServerStage.obj
 0001:00009be0       ??6?$basic_ostream@DU?$char_traits@D@std@@@std@@QAEAAV01@P6AAAV01@AAV01@@Z@Z 1000abe0 f i ServerStage.obj
 0001:00009c00       ??6?$basic_ostream@DU?$char_traits@D@std@@@std@@QAEAAV01@I@Z 1000ac00 f i ServerStage.obj
 0001:00009d90       ?getloc@ios_base@std@@QBE?AVlocale@2@XZ 1000ad90 f i ServerStage.obj
 0001:00009dd0       ??0locale@std@@QAE@ABV01@@Z 1000add0 f i ServerStage.obj
 0001:00009e00       ??6?$basic_ostream@DU?$char_traits@D@std@@@std@@QAEAAV01@K@Z 1000ae00 f i ServerStage.obj
 0001:00009f90       ?append@?$basic_string@DU?$char_traits@D@std@@V?$allocator@D@2@@std@@QAEAAV12@ABV12@@Z 1000af90 f i ServerStage.obj
 0001:00009fb0       ?append@?$basic_string@DU?$char_traits@D@std@@V?$allocator@D@2@@std@@QAEAAV12@PBD@Z 1000afb0 f i ServerStage.obj
 0001:00009fe0       ?fill@?$basic_ios@DU?$char_traits@D@std@@@std@@QBEDXZ 1000afe0 f i ServerStage.obj
 0001:0000a000       ?put@?$num_put@DV?$ostreambuf_iterator@DU?$char_traits@D@std@@@std@@@std@@QBE?AV?$ostreambuf_iterator@DU?$char_traits@D@std@@@2@V32@AAVios_base@2@DK@Z 1000b000 f i ServerStage.obj
 0001:0000a050       ??0?$ostreambuf_iterator@DU?$char_traits@D@std@@@std@@QAE@PAV?$basic_streambuf@DU?$char_traits@D@std@@@1@@Z 1000b050 f i ServerStage.obj
 0001:0000a070       ?failed@?$ostreambuf_iterator@DU?$char_traits@D@std@@@std@@QBE_NXZ 1000b070 f i ServerStage.obj
 0001:0000a080       ?append@?$basic_string@DU?$char_traits@D@std@@V?$allocator@D@2@@std@@QAEAAV12@ABV12@II@Z 1000b080 f i ServerStage.obj
 0001:0000a130       ?append@?$basic_string@DU?$char_traits@D@std@@V?$allocator@D@2@@std@@QAEAAV12@PBDI@Z 1000b130 f i ServerStage.obj
 0001:0000a1b0       ?use_facet@std@@YAABV?$num_put@DV?$ostreambuf_iterator@DU?$char_traits@D@std@@@std@@@1@ABVlocale@1@PBV21@_N@Z 1000b1b0 f i ServerStage.obj
 0001:0000a2d0       ??0bad_cast@std@@QAE@PBD@Z 1000b2d0 f i ServerStage.obj
 0001:0000a300       ??1bad_cast@std@@UAE@XZ    1000b300 f i ServerStage.obj
 0001:0000a320       ?_Doraise@bad_cast@std@@MBEXXZ 1000b320 f i ServerStage.obj
 0001:0000a350       ??_Ebad_cast@std@@UAEPAXI@Z 1000b350 f i ServerStage.obj
 0001:0000a350       ??_Gbad_cast@std@@UAEPAXI@Z 1000b350 f i ServerStage.obj
 0001:0000a380       ??0bad_cast@std@@QAE@ABV01@@Z 1000b380 f i ServerStage.obj
 0001:0000a3b0       ??Bid@locale@std@@QAEIXZ   1000b3b0 f i ServerStage.obj
 0001:0000a400       ?KSG_DecodeBuf@@YAHIPAEPAI@Z 1000b400 f i ServerStage.obj
 0001:0000a430       ?KSG_EncodeBuf@@YAHIPAEPAI@Z 1000b430 f i ServerStage.obj
 0001:0000a460       ?id@?$ctype@G@std@@$D      1000b460 f i ServerStage.obj
 0001:0000a490       ?id@?$ctype@G@std@@$E      1000b490 f i ServerStage.obj
 0001:0000a4a0       ??1CException@Win32@OnlineGameLib@@UAE@XZ 1000b4a0 f i ServerStage.obj
 0001:0000a500       ??0?$num_put@DV?$ostreambuf_iterator@DU?$char_traits@D@std@@@std@@@std@@QAE@I@Z 1000b500 f i ServerStage.obj
 0001:0000a590       ??1facet@locale@std@@UAE@XZ 1000b590 f i ServerStage.obj
 0001:0000a5b0       ??0facet@locale@std@@IAE@I@Z 1000b5b0 f i ServerStage.obj
 0001:0000a5e0       ??_Efacet@locale@std@@UAEPAXI@Z 1000b5e0 f i ServerStage.obj
 0001:0000a5e0       ??_Gfacet@locale@std@@UAEPAXI@Z 1000b5e0 f i ServerStage.obj
 0001:0000a610       ?do_put@?$num_put@DV?$ostreambuf_iterator@DU?$char_traits@D@std@@@std@@@std@@MBE?AV?$ostreambuf_iterator@DU?$char_traits@D@std@@@2@V32@AAVios_base@2@D_N@Z 1000b610 f i ServerStage.obj
 0001:0000a850       ?width@ios_base@std@@QBEHXZ 1000b850 f i ServerStage.obj
 0001:0000a870       ?width@ios_base@std@@QAEHH@Z 1000b870 f i ServerStage.obj
 0001:0000a8a0       ?do_put@?$num_put@DV?$ostreambuf_iterator@DU?$char_traits@D@std@@@std@@@std@@MBE?AV?$ostreambuf_iterator@DU?$char_traits@D@std@@@2@V32@AAVios_base@2@DJ@Z 1000b8a0 f i ServerStage.obj
 0001:0000a910       ?do_put@?$num_put@DV?$ostreambuf_iterator@DU?$char_traits@D@std@@@std@@@std@@MBE?AV?$ostreambuf_iterator@DU?$char_traits@D@std@@@2@V32@AAVios_base@2@DK@Z 1000b910 f i ServerStage.obj
 0001:0000a980       ?do_put@?$num_put@DV?$ostreambuf_iterator@DU?$char_traits@D@std@@@std@@@std@@MBE?AV?$ostreambuf_iterator@DU?$char_traits@D@std@@@2@V32@AAVios_base@2@DN@Z 1000b980 f i ServerStage.obj
 0001:0000aa50       ?precision@ios_base@std@@QBEHXZ 1000ba50 f i ServerStage.obj
 0001:0000aa70       ?do_put@?$num_put@DV?$ostreambuf_iterator@DU?$char_traits@D@std@@@std@@@std@@MBE?AV?$ostreambuf_iterator@DU?$char_traits@D@std@@@2@V32@AAVios_base@2@DO@Z 1000ba70 f i ServerStage.obj
 0001:0000ab40       ?do_put@?$num_put@DV?$ostreambuf_iterator@DU?$char_traits@D@std@@@std@@@std@@MBE?AV?$ostreambuf_iterator@DU?$char_traits@D@std@@@2@V32@AAVios_base@2@DPBX@Z 1000bb40 f i ServerStage.obj
 0001:0000ac50       ??_E?$num_put@DV?$ostreambuf_iterator@DU?$char_traits@D@std@@@std@@@std@@UAEPAXI@Z 1000bc50 f i ServerStage.obj
 0001:0000ac50       ??_G?$num_put@DV?$ostreambuf_iterator@DU?$char_traits@D@std@@@std@@@std@@UAEPAXI@Z 1000bc50 f i ServerStage.obj
 0001:0000ac80       ??1?$num_put@DV?$ostreambuf_iterator@DU?$char_traits@D@std@@@std@@@std@@UAE@XZ 1000bc80 f i ServerStage.obj
 0001:0000aca0       ??0?$basic_string@DU?$char_traits@D@std@@V?$allocator@D@2@@std@@QAE@ABV?$allocator@D@1@@Z 1000bca0 f i ServerStage.obj
 0001:0000acd0       ??4?$basic_string@DU?$char_traits@D@std@@V?$allocator@D@2@@std@@QAEAAV01@ABV01@@Z 1000bcd0 f i ServerStage.obj
 0001:0000acf0       ?append@?$basic_string@DU?$char_traits@D@std@@V?$allocator@D@2@@std@@QAEAAV12@ID@Z 1000bcf0 f i ServerStage.obj
 0001:0000ad70       ?assign@?$char_traits@D@std@@SAPADPADIABD@Z 1000bd70 f i ServerStage.obj
 0001:0000ad90       ?_Ffmt@?$num_put@DV?$ostreambuf_iterator@DU?$char_traits@D@std@@@std@@@std@@KAPADPADDH@Z 1000bd90 f i ServerStage.obj
 0001:0000ae60       ?_Fput@?$num_put@DV?$ostreambuf_iterator@DU?$char_traits@D@std@@@std@@@std@@KA?AV?$ostreambuf_iterator@DU?$char_traits@D@std@@@2@V32@AAVios_base@2@DPBDII@Z 1000be60 f i ServerStage.obj
 0001:0000b210       ?_Ifmt@?$num_put@DV?$ostreambuf_iterator@DU?$char_traits@D@std@@@std@@@std@@KAPADPADDH@Z 1000c210 f i ServerStage.obj
 0001:0000b2d0       ?_Iput@?$num_put@DV?$ostreambuf_iterator@DU?$char_traits@D@std@@@std@@@std@@KA?AV?$ostreambuf_iterator@DU?$char_traits@D@std@@@2@V32@AAVios_base@2@DPADI@Z 1000c2d0 f i ServerStage.obj
 0001:0000b6b0       ?_Put@?$num_put@DV?$ostreambuf_iterator@DU?$char_traits@D@std@@@std@@@std@@KA?AV?$ostreambuf_iterator@DU?$char_traits@D@std@@@2@V32@PBDI@Z 1000c6b0 f i ServerStage.obj
 0001:0000b700       ?_Putc@?$num_put@DV?$ostreambuf_iterator@DU?$char_traits@D@std@@@std@@@std@@KA?AV?$ostreambuf_iterator@DU?$char_traits@D@std@@@2@V32@PBDI@Z 1000c700 f i ServerStage.obj
 0001:0000b760       ?_Rep@?$num_put@DV?$ostreambuf_iterator@DU?$char_traits@D@std@@@std@@@std@@KA?AV?$ostreambuf_iterator@DU?$char_traits@D@std@@@2@V32@DI@Z 1000c760 f i ServerStage.obj
 0001:0000b7b0       ?falsename@?$numpunct@D@std@@QBE?AV?$basic_string@DU?$char_traits@D@std@@V?$allocator@D@2@@2@XZ 1000c7b0 f i ServerStage.obj
 0001:0000b7e0       ?truename@?$numpunct@D@std@@QBE?AV?$basic_string@DU?$char_traits@D@std@@V?$allocator@D@2@@2@XZ 1000c7e0 f i ServerStage.obj
 0001:0000b810       ?assign@?$basic_string@DU?$char_traits@D@std@@V?$allocator@D@2@@std@@QAEAAV12@ABV12@@Z 1000c810 f i ServerStage.obj
 0001:0000b830       ??4?$ostreambuf_iterator@DU?$char_traits@D@std@@@std@@QAEAAV01@D@Z 1000c830 f i ServerStage.obj
 0001:0000b890       ??D?$ostreambuf_iterator@DU?$char_traits@D@std@@@std@@QAEAAV01@XZ 1000c890 f i ServerStage.obj
 0001:0000b8a0       ??E?$ostreambuf_iterator@DU?$char_traits@D@std@@@std@@QAEAAV01@XZ 1000c8a0 f i ServerStage.obj
 0001:0000b8b0       ?decimal_point@?$numpunct@D@std@@QBEDXZ 1000c8b0 f i ServerStage.obj
 0001:0000b8d0       ?thousands_sep@?$numpunct@D@std@@QBEDXZ 1000c8d0 f i ServerStage.obj
 0001:0000b8f0       ?grouping@?$numpunct@D@std@@QBE?AV?$basic_string@DU?$char_traits@D@std@@V?$allocator@D@2@@2@XZ 1000c8f0 f i ServerStage.obj
 0001:0000b920       ?use_facet@std@@YAABV?$numpunct@D@1@ABVlocale@1@PBV21@_N@Z 1000c920 f i ServerStage.obj
 0001:0000ba40       ??_GCException@Win32@OnlineGameLib@@UAEPAXI@Z 1000ca40 f i ServerStage.obj
 0001:0000ba40       ??_ECException@Win32@OnlineGameLib@@UAEPAXI@Z 1000ca40 f i ServerStage.obj
 0001:0000ba70       ??0?$numpunct@D@std@@QAE@I@Z 1000ca70 f i ServerStage.obj
 0001:0000bb00       ?do_decimal_point@?$numpunct@D@std@@MBEDXZ 1000cb00 f i ServerStage.obj
 0001:0000bb20       ?do_thousands_sep@?$numpunct@D@std@@MBEDXZ 1000cb20 f i ServerStage.obj
 0001:0000bb40       ?do_grouping@?$numpunct@D@std@@MBE?AV?$basic_string@DU?$char_traits@D@std@@V?$allocator@D@2@@2@XZ 1000cb40 f i ServerStage.obj
 0001:0000bb80       ?do_falsename@?$numpunct@D@std@@MBE?AV?$basic_string@DU?$char_traits@D@std@@V?$allocator@D@2@@2@XZ 1000cb80 f i ServerStage.obj
 0001:0000bbc0       ?do_truename@?$numpunct@D@std@@MBE?AV?$basic_string@DU?$char_traits@D@std@@V?$allocator@D@2@@2@XZ 1000cbc0 f i ServerStage.obj
 0001:0000bc00       ??_G?$numpunct@D@std@@UAEPAXI@Z 1000cc00 f i ServerStage.obj
 0001:0000bc00       ??_E?$numpunct@D@std@@UAEPAXI@Z 1000cc00 f i ServerStage.obj
 0001:0000bc30       ??1?$numpunct@D@std@@UAE@XZ 1000cc30 f i ServerStage.obj
 0001:0000bc90       ?_Save@?$_Tidyfac@V?$num_put@DV?$ostreambuf_iterator@DU?$char_traits@D@std@@@std@@@std@@@std@@SAPAV?$num_put@DV?$ostreambuf_iterator@DU?$char_traits@D@std@@@std@@@2@PAV32@@Z 1000cc90 f i ServerStage.obj
 0001:0000bd00       ?_Save@?$_Tidyfac@V?$numpunct@D@std@@@std@@SAPAV?$numpunct@D@2@PAV32@@Z 1000cd00 f i ServerStage.obj
 0001:0000bd70       ?_Init@?$num_put@DV?$ostreambuf_iterator@DU?$char_traits@D@std@@@std@@@std@@IAEXABV_Locinfo@2@@Z 1000cd70 f i ServerStage.obj
 0001:0000bd80       ?_Init@?$numpunct@D@std@@IAEXABV_Locinfo@2@@Z 1000cd80 f i ServerStage.obj
 0001:0000be20       ?_Getlconv@_Locinfo@std@@QBEPBUlconv@@XZ 1000ce20 f i ServerStage.obj
 0001:0000be30       ?_Getfalse@_Locinfo@std@@QBEPBDXZ 1000ce30 f i ServerStage.obj
 0001:0000be40       ?_Gettrue@_Locinfo@std@@QBEPBDXZ 1000ce40 f i ServerStage.obj
 0001:0000be50       ?_Tidy@?$_Tidyfac@V?$num_put@DV?$ostreambuf_iterator@DU?$char_traits@D@std@@@std@@@std@@@std@@SAXXZ 1000ce50 f i ServerStage.obj
 0001:0000bee0       ?_Tidy@?$_Tidyfac@V?$numpunct@D@std@@@std@@SAXXZ 1000cee0 f i ServerStage.obj
 0001:0000bf70       ?_Maklocstr@std@@YAPADPBDPAD@Z 1000cf70 f i ServerStage.obj
 0001:0000bff0       ?id@?$num_put@DV?$ostreambuf_iterator@DU?$char_traits@D@std@@@$D 1000cff0 f i ServerStage.obj
 0001:0000c020       ?id@?$numpunct@D@std@@$D   1000d020 f i ServerStage.obj
 0001:0000c050       ?id@?$numpunct@D@std@@$E   1000d050 f i ServerStage.obj
 0001:0000c060       ?id@?$num_put@DV?$ostreambuf_iterator@DU?$char_traits@D@std@@@$E 1000d060 f i ServerStage.obj
 0001:0000c070       ??_ECIOCPServer@@W7AEPAXI@Z 1000d070 f i ServerStage.obj
 0001:0000c078       _GetLastError@0            1000d078 f   kernel32:KERNEL32.dll
 0001:0000c07e       _TerminateThread@8         1000d07e f   kernel32:KERNEL32.dll
 0001:0000c084       _WaitForSingleObject@8     1000d084 f   kernel32:KERNEL32.dll
 0001:0000c08a       _InterlockedIncrement@4    1000d08a f   kernel32:KERNEL32.dll
 0001:0000c090       _InterlockedDecrement@4    1000d090 f   kernel32:KERNEL32.dll
 0001:0000c096       _Sleep@4                   1000d096 f   kernel32:KERNEL32.dll
 0001:0000c09c       _InitializeCriticalSection@4 1000d09c f   kernel32:KERNEL32.dll
 0001:0000c0a2       _DeleteCriticalSection@4   1000d0a2 f   kernel32:KERNEL32.dll
 0001:0000c0a8       _EnterCriticalSection@4    1000d0a8 f   kernel32:KERNEL32.dll
 0001:0000c0ae       _LeaveCriticalSection@4    1000d0ae f   kernel32:KERNEL32.dll
 0001:0000c0b4       _InterlockedExchange@8     1000d0b4 f   kernel32:KERNEL32.dll
 0001:0000c0c0       ??0CSocketServer@Win32@OnlineGameLib@@IAE@IIII_N0@Z 1000d0c0 f   common:SocketServer.obj
 0001:0000c20f       ??1CSocketServer@Win32@OnlineGameLib@@UAE@XZ 1000d20f f   common:SocketServer.obj
 0001:0000c2f0       ?Open@CSocketServer@Win32@OnlineGameLib@@IAEXKG@Z 1000d2f0 f   common:SocketServer.obj
 0001:0000c317       ?ReleaseSockets@CSocketServer@Win32@OnlineGameLib@@AAEXXZ 1000d317 f   common:SocketServer.obj
 0001:0000c416       ?StartAcceptingConnections@CSocketServer@Win32@OnlineGameLib@@QAEXXZ 1000d416 f   common:SocketServer.obj
 0001:0000c46f       ?StopAcceptingConnections@CSocketServer@Win32@OnlineGameLib@@QAEXXZ 1000d46f f   common:SocketServer.obj
 0001:0000c554       ?InitiateShutdown@CSocketServer@Win32@OnlineGameLib@@QAEXXZ 1000d554 f   common:SocketServer.obj
 0001:0000c5fe       ?WaitForShutdownToComplete@CSocketServer@Win32@OnlineGameLib@@QAEXXZ 1000d5fe f   common:SocketServer.obj
 0001:0000c62c       ?CreateListeningSocket@CSocketServer@Win32@OnlineGameLib@@EAEIKG@Z 1000d62c f   common:SocketServer.obj
 0001:0000c705       ?CreateWorkerThread@CSocketServer@Win32@OnlineGameLib@@EAEPAVWorkerThread@123@AAVCIOCompletionPort@23@@Z 1000d705 f   common:SocketServer.obj
 0001:0000c779       ?Run@CSocketServer@Win32@OnlineGameLib@@MAEHXZ 1000d779 f   common:SocketServer.obj
 0001:0000ce23       ?AllocateSocket@CSocketServer@Win32@OnlineGameLib@@AAEPAVSocket@123@I@Z 1000de23 f   common:SocketServer.obj
 0001:0000cf46       ?ReleaseSocket@CSocketServer@Win32@OnlineGameLib@@AAEXPAVSocket@123@@Z 1000df46 f   common:SocketServer.obj
 0001:0000d044       ?DestroySocket@CSocketServer@Win32@OnlineGameLib@@AAEXPAVSocket@123@@Z 1000e044 f   common:SocketServer.obj
 0001:0000d086       ?OnError@CSocketServer@Win32@OnlineGameLib@@EAEXABV?$basic_string@DU?$char_traits@D@std@@V?$allocator@D@2@@std@@@Z 1000e086 f   common:SocketServer.obj
 0001:0000d093       ?WriteCompleted@CSocketServer@Win32@OnlineGameLib@@EAEXPAVSocket@123@PAVCIOBuffer@23@@Z 1000e093 f   common:SocketServer.obj
 0001:0000d10f       ?SetServerDataPtr@CSocketServer@Win32@OnlineGameLib@@KAXPAVSocket@123@PAX@Z 1000e10f f   common:SocketServer.obj
 0001:0000d120       ?GetServerDataPtr@CSocketServer@Win32@OnlineGameLib@@KAPAXPBVSocket@123@@Z 1000e120 f   common:SocketServer.obj
 0001:0000d12d       ?WriteCompleted@CSocketServer@Win32@OnlineGameLib@@KAXPAVSocket@123@@Z 1000e12d f   common:SocketServer.obj
 0001:0000d13a       ?FilterSocketShutdown@CSocketServer@Win32@OnlineGameLib@@EAE_NPAVSocket@123@H@Z 1000e13a f   common:SocketServer.obj
 0001:0000d149       ?FilterSocketClose@CSocketServer@Win32@OnlineGameLib@@EAE_NPAVSocket@123@@Z 1000e149 f   common:SocketServer.obj
 0001:0000d158       ?PostIoOperation@CSocketServer@Win32@OnlineGameLib@@AAEXPAVSocket@123@PAVCIOBuffer@23@W4enumIO_Operation@123@@Z 1000e158 f   common:SocketServer.obj
 0001:0000d199       ?GetServer@CSocketServer@Win32@OnlineGameLib@@KAAAV123@PAVSocket@123@@Z 1000e199 f   common:SocketServer.obj
 0001:0000d1a4       ?OnConnectionError@CSocketServer@Win32@OnlineGameLib@@EAEXW4enumConnectionErrorSource@123@PAVSocket@123@PAVCIOBuffer@23@K@Z 1000e1a4 f   common:SocketServer.obj
 0001:0000d1cb       ??0Socket@CSocketServer@Win32@OnlineGameLib@@AAE@AAV123@I_N@Z 1000e1cb f   common:SocketServer.obj
 0001:0000d352       ??1Socket@CSocketServer@Win32@OnlineGameLib@@AAE@XZ 1000e352 f   common:SocketServer.obj
 0001:0000d46a       ?Attach@Socket@CSocketServer@Win32@OnlineGameLib@@AAEXI@Z 1000e46a f   common:SocketServer.obj
 0001:0000d547       ?AddRef@Socket@CSocketServer@Win32@OnlineGameLib@@QAEXXZ 1000e547 f   common:SocketServer.obj
 0001:0000d55f       ?Release@Socket@CSocketServer@Win32@OnlineGameLib@@QAEXXZ 1000e55f f   common:SocketServer.obj
 0001:0000d5f0       ?Shutdown@Socket@CSocketServer@Win32@OnlineGameLib@@QAEXH@Z 1000e5f0 f   common:SocketServer.obj
 0001:0000d73b       ?IsConnected@Socket@CSocketServer@Win32@OnlineGameLib@@QBE_NH@Z 1000e73b f   common:SocketServer.obj
 0001:0000d7ab       ?Close@Socket@CSocketServer@Win32@OnlineGameLib@@QAEXXZ 1000e7ab f   common:SocketServer.obj
 0001:0000d833       ?WritePending@Socket@CSocketServer@Win32@OnlineGameLib@@AAE_NXZ 1000e833 f   common:SocketServer.obj
 0001:0000d85d       ?WriteCompleted@Socket@CSocketServer@Win32@OnlineGameLib@@AAEXXZ 1000e85d f   common:SocketServer.obj
 0001:0000d88f       ?AbortiveClose@Socket@CSocketServer@Win32@OnlineGameLib@@QAEXXZ 1000e88f f   common:SocketServer.obj
 0001:0000d966       ?OnClientClose@Socket@CSocketServer@Win32@OnlineGameLib@@AAEXXZ 1000e966 f   common:SocketServer.obj
 0001:0000d9a3       ?OnConnectionReset@Socket@CSocketServer@Win32@OnlineGameLib@@AAEXXZ 1000e9a3 f   common:SocketServer.obj
 0001:0000da22       ?InternalClose@Socket@CSocketServer@Win32@OnlineGameLib@@AAEXXZ 1000ea22 f   common:SocketServer.obj
 0001:0000db35       ?Read@Socket@CSocketServer@Win32@OnlineGameLib@@QAE_NPAVCIOBuffer@34@_N@Z 1000eb35 f   common:SocketServer.obj
 0001:0000dc25       ?Write@Socket@CSocketServer@Win32@OnlineGameLib@@QAE_NPBDI_N@Z 1000ec25 f   common:SocketServer.obj
 0001:0000dc46       ?Write@Socket@CSocketServer@Win32@OnlineGameLib@@QAE_NPBEI_N@Z 1000ec46 f   common:SocketServer.obj
 0001:0000ddcc       ?Write@Socket@CSocketServer@Win32@OnlineGameLib@@QAE_NPAVCIOBuffer@34@_N@Z 1000edcc f   common:SocketServer.obj
 0001:0000df26       ?GetSequenceNumber@Socket@CSocketServer@Win32@OnlineGameLib@@AAEJW4enumSequenceType@1234@@Z 1000ef26 f   common:SocketServer.obj
 0001:0000df69       ?GetNextBuffer@Socket@CSocketServer@Win32@OnlineGameLib@@AAEPAVCIOBuffer@34@PAV534@@Z 1000ef69 f   common:SocketServer.obj
 0001:0000dfac       ?IsValid@Socket@CSocketServer@Win32@OnlineGameLib@@AAE_NXZ 1000efac f   common:SocketServer.obj
 0001:0000dfe2       ?OnConnectionError@Socket@CSocketServer@Win32@OnlineGameLib@@AAEXW4enumConnectionErrorSource@234@PAVCIOBuffer@34@K@Z 1000efe2 f   common:SocketServer.obj
 0001:0000e05b       ??0SequenceData@Socket@CSocketServer@Win32@OnlineGameLib@@QAE@AAVCCriticalSection@34@@Z 1000f05b f   common:SocketServer.obj
 0001:0000e08a       ?Reset@SequenceData@Socket@CSocketServer@Win32@OnlineGameLib@@QAEXXZ 1000f08a f   common:SocketServer.obj
 0001:0000e0b0       ??0WorkerThread@CSocketServer@Win32@OnlineGameLib@@QAE@AAV123@AAVCIOCompletionPort@23@@Z 1000f0b0 f   common:SocketServer.obj
 0001:0000e121       ??1WorkerThread@CSocketServer@Win32@OnlineGameLib@@UAE@XZ 1000f121 f   common:SocketServer.obj
 0001:0000e1bc       ?Run@WorkerThread@CSocketServer@Win32@OnlineGameLib@@MAEHXZ 1000f1bc f   common:SocketServer.obj
 0001:0000e47a       ?InitiateShutdown@WorkerThread@CSocketServer@Win32@OnlineGameLib@@QAEXXZ 1000f47a f   common:SocketServer.obj
 0001:0000e496       ?WaitForShutdownToComplete@WorkerThread@CSocketServer@Win32@OnlineGameLib@@QAEXXZ 1000f496 f   common:SocketServer.obj
 0001:0000e4b1       ?HandleOperation@WorkerThread@CSocketServer@Win32@OnlineGameLib@@MAEXPAVSocket@234@PAVCIOBuffer@34@K_N@Z 1000f4b1 f   common:SocketServer.obj
 0001:0000e6a5       ?ZeroByteRead@WorkerThread@CSocketServer@Win32@OnlineGameLib@@ABEXPAVSocket@234@PAVCIOBuffer@34@@Z 1000f6a5 f   common:SocketServer.obj
 0001:0000e743       ?Read@WorkerThread@CSocketServer@Win32@OnlineGameLib@@ABEXPAVSocket@234@PAVCIOBuffer@34@@Z 1000f743 f   common:SocketServer.obj
 0001:0000e838       ?Write@WorkerThread@CSocketServer@Win32@OnlineGameLib@@ABEXPAVSocket@234@PAVCIOBuffer@34@@Z 1000f838 f   common:SocketServer.obj
 0001:0000e970       ?OnConnectionClosing@CSocketServer@Win32@OnlineGameLib@@EAE_NPAVSocket@123@@Z 1000f970 f i common:SocketServer.obj
 0001:0000e980       ?OnConnectionClosed@CSocketServer@Win32@OnlineGameLib@@EAEXPAVSocket@123@@Z 1000f980 f i common:SocketServer.obj
 0001:0000e990       ??0CSystemInfo@Win32@OnlineGameLib@@QAE@XZ 1000f990 f i common:SocketServer.obj
 0001:0000e9b0       ??_ECSocketServer@Win32@OnlineGameLib@@UAEPAXI@Z 1000f9b0 f i common:SocketServer.obj
 0001:0000e9b0       ??_GCSocketServer@Win32@OnlineGameLib@@UAEPAXI@Z 1000f9b0 f i common:SocketServer.obj
 0001:0000e9e0       ??0?$TNodeList@VSocket@CSocketServer@Win32@OnlineGameLib@@@OnlineGameLib@@QAE@XZ 1000f9e0 f i common:SocketServer.obj
 0001:0000ea00       ??1CManualResetEvent@Win32@OnlineGameLib@@UAE@XZ 1000fa00 f i common:SocketServer.obj
 0001:0000ea20       ?Count@CNodeList@OnlineGameLib@@QBEIXZ 1000fa20 f i common:SocketServer.obj
 0001:0000ea40       ?Use@CIOBuffer@Win32@OnlineGameLib@@QAEXI@Z 1000fa40 f i common:SocketServer.obj
 0001:0000ea60       ?GetEvent@CEvent@Win32@OnlineGameLib@@QBEPAXXZ 1000fa60 f i common:SocketServer.obj
 0001:0000ea80       ?Empty@CNodeList@OnlineGameLib@@QBE_NXZ 1000fa80 f i common:SocketServer.obj
 0001:0000eaa0       ??_GSocket@CSocketServer@Win32@OnlineGameLib@@AAEPAXI@Z 1000faa0 f i common:SocketServer.obj
 0001:0000ead0       ?GetWSABUF@CIOBuffer@Win32@OnlineGameLib@@QBEPAU_WSABUF@@XZ 1000fad0 f i common:SocketServer.obj
 0001:0000eaf0       ?SetServerDataPtr@Socket@CSocketServer@Win32@OnlineGameLib@@AAEXPAX@Z 1000faf0 f i common:SocketServer.obj
 0001:0000eb10       ?GetServerDataPtr@Socket@CSocketServer@Win32@OnlineGameLib@@ABEPAXXZ 1000fb10 f i common:SocketServer.obj
 0001:0000eb30       ?AddRef@CIOBuffer@Win32@OnlineGameLib@@QAEXXZ 1000fb30 f i common:SocketServer.obj
 0001:0000eb50       ?SetOperation@CIOBuffer@Win32@OnlineGameLib@@QAEXI@Z 1000fb50 f i common:SocketServer.obj
 0001:0000eb70       ??0UserData@CSocketServer@Win32@OnlineGameLib@@QAE@XZ 1000fb70 f i common:SocketServer.obj
 0001:0000eb90       ??0COpaqueUserData@OnlineGameLib@@IAE@XZ 1000fb90 f i common:SocketServer.obj
 0001:0000ebb0       ??1UserData@CSocketServer@Win32@OnlineGameLib@@QAE@XZ 1000fbb0 f i common:SocketServer.obj
 0001:0000ebd0       ??1COpaqueUserData@OnlineGameLib@@IAE@XZ 1000fbd0 f i common:SocketServer.obj
 0001:0000ebf0       ??0ServerData@CSocketServer@Win32@OnlineGameLib@@QAE@XZ 1000fbf0 f i common:SocketServer.obj
 0001:0000ec10       ??1ServerData@CSocketServer@Win32@OnlineGameLib@@QAE@XZ 1000fc10 f i common:SocketServer.obj
 0001:0000ec30       ??_GSequenceData@Socket@CSocketServer@Win32@OnlineGameLib@@QAEPAXI@Z 1000fc30 f i common:SocketServer.obj
 0001:0000ec60       ??1SequenceData@Socket@CSocketServer@Win32@OnlineGameLib@@QAE@XZ 1000fc60 f i common:SocketServer.obj
 0001:0000ec80       ??1InOrderBufferList@CIOBuffer@Win32@OnlineGameLib@@QAE@XZ 1000fc80 f i common:SocketServer.obj
 0001:0000eca0       ??1?$map@IPAVCIOBuffer@Win32@OnlineGameLib@@U?$less@I@std@@V?$allocator@PAVCIOBuffer@Win32@OnlineGameLib@@@5@@std@@QAE@XZ 1000fca0 f i common:SocketServer.obj
 0001:0000ecc0       ?SetSequenceNumber@CIOBuffer@Win32@OnlineGameLib@@QAEXI@Z 1000fcc0 f i common:SocketServer.obj
 0001:0000ece0       ??_GWorkerThread@CSocketServer@Win32@OnlineGameLib@@UAEPAXI@Z 1000fce0 f i common:SocketServer.obj
 0001:0000ece0       ??_EWorkerThread@CSocketServer@Win32@OnlineGameLib@@UAEPAXI@Z 1000fce0 f i common:SocketServer.obj
 0001:0000ed10       ?GetOperation@CIOBuffer@Win32@OnlineGameLib@@QBEIXZ 1000fd10 f i common:SocketServer.obj
 0001:0000ed30       ?SetupZeroByteRead@CIOBuffer@Win32@OnlineGameLib@@QAEXXZ 1000fd30 f i common:SocketServer.obj
 0001:0000ed60       ?SetupRead@CIOBuffer@Win32@OnlineGameLib@@QAEXXZ 1000fd60 f i common:SocketServer.obj
 0001:0000edc0       ?SetupWrite@CIOBuffer@Win32@OnlineGameLib@@QAEXXZ 1000fdc0 f i common:SocketServer.obj
 0001:0000edf0       ??1?$_Tree@IU?$pair@$$CBIPAVCIOBuffer@Win32@OnlineGameLib@@@std@@U_Kfn@?$map@IPAVCIOBuffer@Win32@OnlineGameLib@@U?$less@I@std@@V?$allocator@PAVCIOBuffer@Win32@OnlineGameLib@@@5@@2@U?$less@I@2@V?$allocator@PAVCIOBuffer@Win32@OnlineGameLib@@@2@@std@@QAE@XZ 1000fdf0 f i common:SocketServer.obj
 0001:0000eec0       ??0?$vector@PAVWorkerThread@CSocketServer@Win32@OnlineGameLib@@V?$allocator@PAVWorkerThread@CSocketServer@Win32@OnlineGameLib@@@std@@@std@@QAE@ABV?$allocator@PAVWorkerThread@CSocketServer@Win32@OnlineGameLib@@@1@@Z 1000fec0 f i common:SocketServer.obj
 0001:0000ef00       ??1?$vector@PAVWorkerThread@CSocketServer@Win32@OnlineGameLib@@V?$allocator@PAVWorkerThread@CSocketServer@Win32@OnlineGameLib@@@std@@@std@@QAE@XZ 1000ff00 f i common:SocketServer.obj
 0001:0000ef60       ?reserve@?$vector@PAVWorkerThread@CSocketServer@Win32@OnlineGameLib@@V?$allocator@PAVWorkerThread@CSocketServer@Win32@OnlineGameLib@@@std@@@std@@QAEXI@Z 1000ff60 f i common:SocketServer.obj
 0001:0000f010       ??A?$vector@PAVWorkerThread@CSocketServer@Win32@OnlineGameLib@@V?$allocator@PAVWorkerThread@CSocketServer@Win32@OnlineGameLib@@@std@@@std@@QAEAAPAVWorkerThread@CSocketServer@Win32@OnlineGameLib@@I@Z 10010010 f i common:SocketServer.obj
 0001:0000f030       ?push_back@?$vector@PAVWorkerThread@CSocketServer@Win32@OnlineGameLib@@V?$allocator@PAVWorkerThread@CSocketServer@Win32@OnlineGameLib@@@std@@@std@@QAEXABQAVWorkerThread@CSocketServer@Win32@OnlineGameLib@@@Z 10010030 f i common:SocketServer.obj
 0001:0000f060       ?begin@?$_Tree@IU?$pair@$$CBIPAVCIOBuffer@Win32@OnlineGameLib@@@std@@U_Kfn@?$map@IPAVCIOBuffer@Win32@OnlineGameLib@@U?$less@I@std@@V?$allocator@PAVCIOBuffer@Win32@OnlineGameLib@@@5@@2@U?$less@I@2@V?$allocator@PAVCIOBuffer@Win32@OnlineGameLib@@@2@@std@@QAE?AViterator@12@XZ 10010060 f i common:SocketServer.obj
 0001:0000f090       ?end@?$_Tree@IU?$pair@$$CBIPAVCIOBuffer@Win32@OnlineGameLib@@@std@@U_Kfn@?$map@IPAVCIOBuffer@Win32@OnlineGameLib@@U?$less@I@std@@V?$allocator@PAVCIOBuffer@Win32@OnlineGameLib@@@5@@2@U?$less@I@2@V?$allocator@PAVCIOBuffer@Win32@OnlineGameLib@@@2@@std@@QAE?AViterator@12@XZ 10010090 f i common:SocketServer.obj
 0001:0000f0c0       ?erase@?$_Tree@IU?$pair@$$CBIPAVCIOBuffer@Win32@OnlineGameLib@@@std@@U_Kfn@?$map@IPAVCIOBuffer@Win32@OnlineGameLib@@U?$less@I@std@@V?$allocator@PAVCIOBuffer@Win32@OnlineGameLib@@@5@@2@U?$less@I@2@V?$allocator@PAVCIOBuffer@Win32@OnlineGameLib@@@2@@std@@QAE?AViterator@12@V312@0@Z 100100c0 f i common:SocketServer.obj
 0001:0000f200       ?_Freenode@?$_Tree@IU?$pair@$$CBIPAVCIOBuffer@Win32@OnlineGameLib@@@std@@U_Kfn@?$map@IPAVCIOBuffer@Win32@OnlineGameLib@@U?$less@I@std@@V?$allocator@PAVCIOBuffer@Win32@OnlineGameLib@@@5@@2@U?$less@I@2@V?$allocator@PAVCIOBuffer@Win32@OnlineGameLib@@@2@@std@@IAEXPAU_Node@12@@Z 10010200 f i common:SocketServer.obj
 0001:0000f220       ?capacity@?$vector@PAVWorkerThread@CSocketServer@Win32@OnlineGameLib@@V?$allocator@PAVWorkerThread@CSocketServer@Win32@OnlineGameLib@@@std@@@std@@QBEIXZ 10010220 f i common:SocketServer.obj
 0001:0000f260       ?begin@?$vector@PAVWorkerThread@CSocketServer@Win32@OnlineGameLib@@V?$allocator@PAVWorkerThread@CSocketServer@Win32@OnlineGameLib@@@std@@@std@@QAEPAPAVWorkerThread@CSocketServer@Win32@OnlineGameLib@@XZ 10010260 f i common:SocketServer.obj
 0001:0000f280       ?end@?$vector@PAVWorkerThread@CSocketServer@Win32@OnlineGameLib@@V?$allocator@PAVWorkerThread@CSocketServer@Win32@OnlineGameLib@@@std@@@std@@QAEPAPAVWorkerThread@CSocketServer@Win32@OnlineGameLib@@XZ 10010280 f i common:SocketServer.obj
[...]
 0001:00012957       _$E18                      10013957 f   common:Exception.obj
 0001:000127b6       _$E21                      100137b6 f   common:Win32Exception.obj
 0001:000127c5       _$E20                      100137c5 f   common:Win32Exception.obj
 0001:00011976       _$E23                      10012976 f   common:IOBuffer.obj
 0001:00011985       _$E22                      10012985 f   common:IOBuffer.obj
 0001:00010815       ?Create@Win32@OnlineGameLib@@YAPAXPAU_SECURITY_ATTRIBUTES@@_N1PBD@Z 10011815 f   common:Event.obj
 0001:00010b82       _$E19                      10011b82 f   common:Event.obj
 0001:00010b91       _$E18                      10011b91 f   common:Event.obj
 0001:0000c1ea       ?CalculateNumberOfThreads@Win32@OnlineGameLib@@YAII@Z 1000d1ea f   common:SocketServer.obj
 0001:0000e94d       _$E25                      1000f94d f   common:SocketServer.obj
 0001:0000e95c       _$E24                      1000f95c f   common:SocketServer.obj
 0001:000325b2       _strtoxl                   100335b2 f   LIBCMT:strtol.obj
 0001:0002363a       _findenv                   1002463a f   LIBCMT:setenv.obj
 0001:00023692       _copy_environ              10024692 f   LIBCMT:setenv.obj
 0001:00023488       _strncnt                   10024488 f   LIBCMT:a_cmp.obj
 0001:0002294b       _xtoa                      1002394b f   LIBCMT:xtoa.obj
 0001:00022a1d       _x64toa@20                 10023a1d f   LIBCMT:xtoa.obj
 0001:00021e84       __expandtime               10022e84 f   LIBCMT:strftime.obj
 0001:00022273       __store_str                10023273 f   LIBCMT:strftime.obj
 0001:0002229a       __store_num                1002329a f   LIBCMT:strftime.obj
 0001:00022309       __store_number             10023309 f   LIBCMT:strftime.obj
 0001:00022352       __store_winword            10023352 f   LIBCMT:strftime.obj
 0001:00020e07       _ctrlevent_capture@4       10021e07 f   LIBCMT:winsig.obj
 0001:00020feb       _siglookup                 10021feb f   LIBCMT:winsig.obj
 0001:0001fc97       _TranslateName             10020c97 f   LIBCMT:getqloc.obj
 0001:0001fcef       _GetLcidFromLangCountry    10020cef f   LIBCMT:getqloc.obj
 0001:0001fd76       _LangCountryEnumProc@4     10020d76 f   LIBCMT:getqloc.obj
 0001:0001ff7a       _GetLcidFromLanguage       10020f7a f   LIBCMT:getqloc.obj
 0001:0001ffd0       _LanguageEnumProc@4        10020fd0 f   LIBCMT:getqloc.obj
 0001:0002008d       _GetLcidFromCountry        1002108d f   LIBCMT:getqloc.obj
 0001:000200c4       _CountryEnumProc@4         100210c4 f   LIBCMT:getqloc.obj
 0001:0002014a       _GetLcidFromDefault        1002114a f   LIBCMT:getqloc.obj
 0001:00020164       _ProcessCodePage           10021164 f   LIBCMT:getqloc.obj
 0001:000201ca       _TestDefaultCountry        100211ca f   LIBCMT:getqloc.obj
 0001:000201e9       _TestDefaultLanguage       100211e9 f   LIBCMT:getqloc.obj
 0001:0002024b       _IsThisWindowsNT           1002124b f   LIBCMT:getqloc.obj
 0001:00020281       _crtGetLocaleInfoA@16      10021281 f   LIBCMT:getqloc.obj
 0001:00020367       _LcidFromHexString         10021367 f   LIBCMT:getqloc.obj
 0001:000203a0       _GetPrimaryLen             100213a0 f   LIBCMT:getqloc.obj
 0001:0001f6a4       __get_lc_lconv             100206a4 f   LIBCMT:initmon.obj
 0001:0001f7c6       _fix_grouping              100207c6 f   LIBCMT:initmon.obj
 0001:0001f7fd       __free_lc_lconv            100207fd f   LIBCMT:initmon.obj
 0001:0001f5a2       _fix_grouping              100205a2 f   LIBCMT:initnum.obj
 0001:0001eeef       __get_lc_time              1001feef f   LIBCMT:inittime.obj
 0001:0001f23d       __free_lc_time             1002023d f   LIBCMT:inittime.obj
 0001:0001ea77       _getSystemCP               1001fa77 f   LIBCMT:mbctype.obj
 0001:0001eac1       _CPtoLCID                  1001fac1 f   LIBCMT:mbctype.obj
 0001:0001eaf4       _setSBCS                   1001faf4 f   LIBCMT:mbctype.obj
 0001:0001eb1d       _setSBUpLow                1001fb1d f   LIBCMT:mbctype.obj
 0001:0001e012       __abstract_cw              1001f012 f   LIBCMT:ieee87.obj
 0001:0001e0a4       __hw_cw                    1001f0a4 f   LIBCMT:ieee87.obj
 0001:0001e12d       __abstract_sw              1001f12d f   LIBCMT:ieee87.obj
 0001:0001d811       __tzset_lk                 1001e811 f   LIBCMT:tzset.obj
 0001:0001dab9       __isindst_lk               1001eab9 f   LIBCMT:tzset.obj
 0001:0001dc65       _cvtdate                   1001ec65 f   LIBCMT:tzset.obj
 0001:0001bc01       _strncnt                   1001cc01 f   LIBCMT:a_map.obj
 0001:0001b5aa       __setlocale_set_cat        1001c5aa f   LIBCMT:setlocal.obj
 0001:0001b6c5       __setlocale_get_all        1001c6c5 f   LIBCMT:setlocal.obj
 0001:0001ae10       _parse_cmdline             1001be10 f   LIBCMT:stdargv.obj
 0001:0001a7e7       __cftoe2                   1001b7e7 f   LIBCMT:cvt.obj
 0001:0001a8fe       __cftof2                   1001b8fe f   LIBCMT:cvt.obj
 0001:0001aa89       __shift                    1001ba89 f   LIBCMT:cvt.obj
 0001:0001a546       _write_char                1001b546 f   LIBCMT:output.obj
 0001:0001a57b       _write_multi_char          1001b57b f   LIBCMT:output.obj
 0001:0001a5ac       _write_string              1001b5ac f   LIBCMT:output.obj
 0001:0001a5e4       _get_int_arg               1001b5e4 f   LIBCMT:output.obj
 0001:0001a5f1       _get_int64_arg             1001b5f1 f   LIBCMT:output.obj
 0001:0001a601       _get_short_arg             1001b601 f   LIBCMT:output.obj
 0001:000199f2       _xcptlookup                1001a9f2 f   LIBCMT:winxfltr.obj
 0001:000197e3       _doexit                    1001a7e3 f   LIBCMT:crt0dat.obj
 0001:0001989a       __initterm                 1001a89a f   LIBCMT:crt0dat.obj
 0001:00018983       ?FindHandler@@YAXPAUEHExceptionRecord@@PAUEHRegistrationNode@@PAU_CONTEXT@@PAXPBU_s_FuncInfo@@EH1@Z 10019983 f   LIBCMT:frame.obj
 0001:00018b36       ?FindHandlerForForeignException@@YAXPAUEHExceptionRecord@@PAUEHRegistrationNode@@PAU_CONTEXT@@PAXPBU_s_FuncInfo@@HH1@Z 10019b36 f   LIBCMT:frame.obj
 0001:00018be0       ?TypeMatch@@YAHPBU_s_HandlerType@@PBU_s_CatchableType@@PBU_s_ThrowInfo@@@Z 10019be0 f   LIBCMT:frame.obj
 0001:00018cdb       ?FrameUnwindFilter@@YAHPAU_EXCEPTION_POINTERS@@@Z 10019cdb f   LIBCMT:frame.obj
 0001:00018cf1       ?CatchIt@@YAXPAUEHExceptionRecord@@PAUEHRegistrationNode@@PAU_CONTEXT@@PAXPBU_s_FuncInfo@@PBU_s_HandlerType@@PBU_s_CatchableType@@PBU_s_TryBlockMapEntry@@H1E@Z 10019cf1 f   LIBCMT:frame.obj
 0001:00018d6c       ?CallCatchBlock@@YAPAXPAUEHExceptionRecord@@PAUEHRegistrationNode@@PAU_CONTEXT@@PBU_s_FuncInfo@@PAXHK@Z 10019d6c f   LIBCMT:frame.obj
 0001:00018e87       ?ExFilterRethrow@@YAHPAU_EXCEPTION_POINTERS@@@Z 10019e87 f   LIBCMT:frame.obj
 0001:00018eb1       ?BuildCatchObject@@YAXPAUEHExceptionRecord@@PAUEHRegistrationNode@@PBU_s_HandlerType@@PBU_s_CatchableType@@@Z 10019eb1 f   LIBCMT:frame.obj
 0001:000190dc       ?AdjustPointer@@YAPAXPAXABUPMD@@@Z 1001a0dc f   LIBCMT:frame.obj
 0001:0001873b       _flsall                    1001973b f   LIBCMT:fflush.obj
 0001:000173c0       LeadUp1                    100183c0 f   LIBCMT:memmove.obj
 0001:000173ec       LeadUp2                    100183ec f   LIBCMT:memmove.obj
 0001:00017410       LeadUp3                    10018410 f   LIBCMT:memmove.obj
 0001:0001748f       UnwindUp0                  1001848f f   LIBCMT:memmove.obj
 0001:0001747c       UnwindUp1                  1001847c f   LIBCMT:memmove.obj
 0001:00017474       UnwindUp2                  10018474 f   LIBCMT:memmove.obj
 0001:0001746c       UnwindUp3                  1001846c f   LIBCMT:memmove.obj
 0001:00017464       UnwindUp4                  10018464 f   LIBCMT:memmove.obj
 0001:0001745c       UnwindUp5                  1001845c f   LIBCMT:memmove.obj
 0001:00017454       UnwindUp6                  10018454 f   LIBCMT:memmove.obj
 0001:0001744c       UnwindUp7                  1001844c f   LIBCMT:memmove.obj
 0001:000174a8       TrailUp0                   100184a8 f   LIBCMT:memmove.obj
 0001:000174b0       TrailUp1                   100184b0 f   LIBCMT:memmove.obj
 0001:000174bc       TrailUp2                   100184bc f   LIBCMT:memmove.obj
 0001:000174d0       TrailUp3                   100184d0 f   LIBCMT:memmove.obj
 0001:00017548       LeadDown1                  10018548 f   LIBCMT:memmove.obj
 0001:00017568       LeadDown2                  10018568 f   LIBCMT:memmove.obj
 0001:00017590       LeadDown3                  10018590 f   LIBCMT:memmove.obj
 0001:000175e4       UnwindDown7                100185e4 f   LIBCMT:memmove.obj
 0001:000175ec       UnwindDown6                100185ec f   LIBCMT:memmove.obj
 0001:000175f4       UnwindDown5                100185f4 f   LIBCMT:memmove.obj
 0001:000175fc       UnwindDown4                100185fc f   LIBCMT:memmove.obj
 0001:00017604       UnwindDown3                10018604 f   LIBCMT:memmove.obj
 0001:0001760c       UnwindDown2                1001860c f   LIBCMT:memmove.obj
 0001:00017614       UnwindDown1                10018614 f   LIBCMT:memmove.obj
 0001:00017627       UnwindDown0                10018627 f   LIBCMT:memmove.obj
 0001:00017640       TrailDown0                 10018640 f   LIBCMT:memmove.obj
 0001:00017648       TrailDown1                 10018648 f   LIBCMT:memmove.obj
 0001:00017658       TrailDown2                 10018658 f   LIBCMT:memmove.obj
 0001:0001766c       TrailDown3                 1001866c f   LIBCMT:memmove.obj
 0001:00017000       LeadUp1                    10018000 f   LIBCMT:memcpy.obj
 0001:0001702c       LeadUp2                    1001802c f   LIBCMT:memcpy.obj
 0001:00017050       LeadUp3                    10018050 f   LIBCMT:memcpy.obj
 0001:000170cf       UnwindUp0                  100180cf f   LIBCMT:memcpy.obj
 0001:000170bc       UnwindUp1                  100180bc f   LIBCMT:memcpy.obj
 0001:000170b4       UnwindUp2                  100180b4 f   LIBCMT:memcpy.obj
 0001:000170ac       UnwindUp3                  100180ac f   LIBCMT:memcpy.obj
 0001:000170a4       UnwindUp4                  100180a4 f   LIBCMT:memcpy.obj
 0001:0001709c       UnwindUp5                  1001809c f   LIBCMT:memcpy.obj
 0001:00017094       UnwindUp6                  10018094 f   LIBCMT:memcpy.obj
 0001:0001708c       UnwindUp7                  1001808c f   LIBCMT:memcpy.obj
 0001:000170e8       TrailUp0                   100180e8 f   LIBCMT:memcpy.obj
 0001:000170f0       TrailUp1                   100180f0 f   LIBCMT:memcpy.obj
 0001:000170fc       TrailUp2                   100180fc f   LIBCMT:memcpy.obj
 0001:00017110       TrailUp3                   10018110 f   LIBCMT:memcpy.obj
 0001:00017188       LeadDown1                  10018188 f   LIBCMT:memcpy.obj
 0001:000171a8       LeadDown2                  100181a8 f   LIBCMT:memcpy.obj
 0001:000171d0       LeadDown3                  100181d0 f   LIBCMT:memcpy.obj
 0001:00017224       UnwindDown7                10018224 f   LIBCMT:memcpy.obj
 0001:0001722c       UnwindDown6                1001822c f   LIBCMT:memcpy.obj
 0001:00017234       UnwindDown5                10018234 f   LIBCMT:memcpy.obj
 0001:0001723c       UnwindDown4                1001823c f   LIBCMT:memcpy.obj
 0001:00017244       UnwindDown3                10018244 f   LIBCMT:memcpy.obj
 0001:0001724c       UnwindDown2                1001824c f   LIBCMT:memcpy.obj
 0001:00017254       UnwindDown1                10018254 f   LIBCMT:memcpy.obj
 0001:00017267       UnwindDown0                10018267 f   LIBCMT:memcpy.obj
 0001:00017280       TrailDown0                 10018280 f   LIBCMT:memcpy.obj
 0001:00017288       TrailDown1                 10018288 f   LIBCMT:memcpy.obj
 0001:00017298       TrailDown2                 10018298 f   LIBCMT:memcpy.obj
 0001:000172ac       TrailDown3                 100182ac f   LIBCMT:memcpy.obj
 0001:00016dc3       __threadstartex@4          10017dc3 f   LIBCMT:threadex.obj
 0001:00016aec       _gu_return                 10017aec f   LIBCMT:exsup.obj
 0001:00016af4       __unwind_handler           10017af4 f   LIBCMT:exsup.obj
 0001:00016908       ?CatchGuardHandler@@YA?AW4_EXCEPTION_DISPOSITION@@PAUEHExceptionRecord@@PAUCatchGuardRN@@PAX2@Z 10017908 f   LIBCMT:trnsctrl.obj
 0001:000169e3       ?TranslatorGuardHandler@@YA?AW4_EXCEPTION_DISPOSITION@@PAUEHExceptionRecord@@PAUTranslatorGuardRN@@PAX2@Z 100179e3 f   LIBCMT:trnsctrl.obj
 0001:00031ecb       __Mbrtowc_lk               10032ecb f   libcpmt:xmbtowc.obj
 0001:00031797       _$E37                      10032797 f   libcpmt:xlocale.obj
 0001:000317ac       _$E36                      100327ac f   libcpmt:xlocale.obj
 0001:0002e8ce       _$E47                      1002f8ce f   libcpmt:wlocale.obj
 0001:0002e8e3       _$E46                      1002f8e3 f   libcpmt:wlocale.obj
 0001:000286e0       _$E2                       100296e0 f   libcpmt:nomemory.obj
 0001:00027759       _$E18                      10028759 f   libcpmt:wiostrea.obj
 0001:00027763       _$E15                      10028763 f   libcpmt:wiostrea.obj
 0001:0002776d       _$E17                      1002876d f   libcpmt:wiostrea.obj
 0001:00027779       _$E16                      10028779 f   libcpmt:wiostrea.obj
 0001:00027783       _$E24                      10028783 f   libcpmt:wiostrea.obj
 0001:0002778d       _$E21                      1002878d f   libcpmt:wiostrea.obj
 0001:00027797       _$E23                      10028797 f   libcpmt:wiostrea.obj
 0001:000277a3       _$E22                      100287a3 f   libcpmt:wiostrea.obj
 0001:000277ad       _$E29                      100287ad f   libcpmt:wiostrea.obj
 0001:000277b7       _$E26                      100287b7 f   libcpmt:wiostrea.obj
 0001:000277c4       _$E28                      100287c4 f   libcpmt:wiostrea.obj
 0001:000277d0       _$E27                      100287d0 f   libcpmt:wiostrea.obj
 0001:000277da       _$E34                      100287da f   libcpmt:wiostrea.obj
 0001:000277e4       _$E31                      100287e4 f   libcpmt:wiostrea.obj
 0001:000277f1       _$E33                      100287f1 f   libcpmt:wiostrea.obj
 0001:000277fd       _$E32                      100287fd f   libcpmt:wiostrea.obj
 0001:00027807       _$E39                      10028807 f   libcpmt:wiostrea.obj
 0001:00027811       _$E36                      10028811 f   libcpmt:wiostrea.obj
 0001:0002781e       _$E38                      1002881e f   libcpmt:wiostrea.obj
 0001:0002782a       _$E37                      1002882a f   libcpmt:wiostrea.obj
 0001:00027834       _$E44                      10028834 f   libcpmt:wiostrea.obj
 0001:0002783e       _$E41                      1002883e f   libcpmt:wiostrea.obj
 0001:0002784d       _$E43                      1002884d f   libcpmt:wiostrea.obj
 0001:00027859       _$E42                      10028859 f   libcpmt:wiostrea.obj
 0001:00027878       _$E49                      10028878 f   libcpmt:wiostrea.obj
 0001:00027882       _$E46                      10028882 f   libcpmt:wiostrea.obj
 0001:00027891       _$E48                      10028891 f   libcpmt:wiostrea.obj
 0001:0002789d       _$E47                      1002889d f   libcpmt:wiostrea.obj
 0001:000278bc       _$E54                      100288bc f   libcpmt:wiostrea.obj
 0001:000278c6       _$E51                      100288c6 f   libcpmt:wiostrea.obj
 0001:000278d5       _$E53                      100288d5 f   libcpmt:wiostrea.obj
 0001:000278e1       _$E52                      100288e1 f   libcpmt:wiostrea.obj
 0001:000278eb       _$E59                      100288eb f   libcpmt:wiostrea.obj
 0001:000278f5       _$E56                      100288f5 f   libcpmt:wiostrea.obj
 0001:00027904       _$E58                      10028904 f   libcpmt:wiostrea.obj
 0001:00027910       _$E57                      10028910 f   libcpmt:wiostrea.obj
 0001:000285de       _$E70                      100295de f   libcpmt:wiostrea.obj
 0001:00028608       _$E66                      10029608 f   libcpmt:wiostrea.obj
 0001:00028614       _$E69                      10029614 f   libcpmt:wiostrea.obj
 0001:00027348       _$E18                      10028348 f   libcpmt:iostream.obj
 0001:00027352       _$E15                      10028352 f   libcpmt:iostream.obj
 0001:0002735f       _$E17                      1002835f f   libcpmt:iostream.obj
 0001:0002736b       _$E16                      1002836b f   libcpmt:iostream.obj
 0001:00027375       _$E23                      10028375 f   libcpmt:iostream.obj
 0001:0002737f       _$E20                      1002837f f   libcpmt:iostream.obj
 0001:0002738c       _$E22                      1002838c f   libcpmt:iostream.obj
 0001:00027398       _$E21                      10028398 f   libcpmt:iostream.obj
 0001:000273a2       _$E28                      100283a2 f   libcpmt:iostream.obj
 0001:000273ac       _$E25                      100283ac f   libcpmt:iostream.obj
 0001:000273bb       _$E27                      100283bb f   libcpmt:iostream.obj
 0001:000273c7       _$E26                      100283c7 f   libcpmt:iostream.obj
 0001:000273d1       _$E33                      100283d1 f   libcpmt:iostream.obj
 0001:000273db       _$E30                      100283db f   libcpmt:iostream.obj
 0001:000273ea       _$E32                      100283ea f   libcpmt:iostream.obj
 0001:000273f6       _$E31                      100283f6 f   libcpmt:iostream.obj
 0001:00027400       _$E38                      10028400 f   libcpmt:iostream.obj
 0001:0002740a       _$E35                      1002840a f   libcpmt:iostream.obj
 0001:00027417       _$E37                      10028417 f   libcpmt:iostream.obj
 0001:00027423       _$E36                      10028423 f   libcpmt:iostream.obj
 0001:0002742d       _$E43                      1002842d f   libcpmt:iostream.obj
 0001:00027437       _$E40                      10028437 f   libcpmt:iostream.obj
 0001:00027446       _$E42                      10028446 f   libcpmt:iostream.obj
 0001:00027452       _$E41                      10028452 f   libcpmt:iostream.obj
 0001:0002745c       _$E48                      1002845c f   libcpmt:iostream.obj
 0001:00027466       _$E45                      10028466 f   libcpmt:iostream.obj
 0001:00027475       _$E47                      10028475 f   libcpmt:iostream.obj
 0001:00027481       _$E46                      10028481 f   libcpmt:iostream.obj
 0001:00027717       _$E60                      10028717 f   libcpmt:iostream.obj
 0001:00027741       _$E56                      10028741 f   libcpmt:iostream.obj
 0001:0002774d       _$E59                      1002874d f   libcpmt:iostream.obj
 0001:00027306       _$E32                      10028306 f   libcpmt:locale.obj
 0001:00027330       _$E28                      10028330 f   libcpmt:locale.obj
 0001:0002733c       _$E31                      1002833c f   libcpmt:locale.obj
 0001:00024b29       _$E18                      10025b29 f   libcpmt:locale0.obj
 0001:00024b33       _$E15                      10025b33 f   libcpmt:locale0.obj
 0001:00024b34       _$E17                      10025b34 f   libcpmt:locale0.obj
 0001:00024b40       _$E16                      10025b40 f   libcpmt:locale0.obj
 0001:00024ff7       _$E29                      10025ff7 f   libcpmt:locale0.obj
 0001:00025021       _$E25                      10026021 f   libcpmt:locale0.obj
 0001:0002502d       _$E28                      1002602d f   libcpmt:locale0.obj
 0001:00024ae7       _$E24                      10025ae7 f   libcpmt:strstrea.obj
 0001:00024b11       _$E20                      10025b11 f   libcpmt:strstrea.obj
 0001:00024b1d       _$E23                      10025b1d f   libcpmt:strstrea.obj
 0001:00023cc3       _$E24                      10024cc3 f   libcpmt:string.obj
 0001:00023ced       _$E20                      10024ced f   libcpmt:string.obj
 0001:00023cf9       _$E23                      10024cf9 f   libcpmt:string.obj
 0001:0002397c       ?_CleanUp@std@@YAXXZ       1002497c f   libcpmt:xlock.obj
