 Rainbow

 Timestamp is 653baeed (Fri Oct 27 19:37:01 2023)

 Preferred load address is 10000000

 Start         Length     Name                   Class
 0001:00000000 00019be8H .text                   CODE
 0001:00019bf0 00001175H .text$x                 CODE
 0002:00000000 000001f4H .idata$5                DATA
 0002:000001f8 000011daH .rdata                  DATA
 0002:000013d8 000006a4H .rdata$r                DATA
 0002:00001a80 00001cf0H .xdata$x                DATA
 0002:00003770 00000064H .idata$2                DATA
 0002:000037d4 00000014H .idata$3                DATA
 0002:000037e8 000001f4H .idata$4                DATA
 0002:000039dc 00000782H .idata$6                DATA
 0002:00004160 0000004eH .edata                  DATA
 0003:00000000 00000004H .CRT$XCA                DATA
 0003:00000004 00000098H .CRT$XCU                DATA
 0003:0000009c 00000004H .CRT$XCZ                DATA
 0003:000000a0 00000004H .CRT$XIA                DATA
 0003:000000a4 0000000cH .CRT$XIC                DATA
 0003:000000b0 00000004H .CRT$XIY                DATA
 0003:000000b4 00000004H .CRT$XIZ                DATA
 0003:000000b8 00000004H .CRT$XPA                DATA
 0003:000000bc 00000004H .CRT$XPX                DATA
 0003:000000c0 00000004H .CRT$XPZ                DATA
 0003:000000c4 00000004H .CRT$XTA                DATA
 0003:000000c8 00000004H .CRT$XTB                DATA
 0003:000000cc 00000004H .CRT$XTZ                DATA
 0003:000000d0 0000225cH .data                   DATA
 0003:00002330 00001d5dH .bss                    DATA

  Address         Publics by Value              Rva+Base     Lib:Object

 0001:00000000       _DllMain@12                10001000 f   Rainbow.obj
 0001:00000010       _CreateInterface@8         10001010 f   ClientStage.obj
 0001:000000c2       ??0CGameClient@@QAE@IIII@Z 100010c2 f   ClientStage.obj
 0001:000001ab       ??1CGameClient@@UAE@XZ     100011ab f   ClientStage.obj
 0001:00000263       ?Startup@CGameClient@@UAGJXZ 10001263 f   ClientStage.obj
 0001:0000041e       ?Cleanup@CGameClient@@UAGJXZ 1000141e f   ClientStage.obj
 0001:000005e4       ?ConnectTo@CGameClient@@UAGJABQBDG@Z 100015e4 f   ClientStage.obj
 0001:00000803       ?RegisterMsgFilter@CGameClient@@UAGJPAXP6GX0ABK@Z@Z 10001803 f   ClientStage.obj
 0001:00000824       ?SendPackToServer@CGameClient@@UAGJQBXABI@Z 10001824 f   ClientStage.obj
 0001:000008c9       ?GetPackFromServer@CGameClient@@UAGPBXAAI@Z 100018c9 f   ClientStage.obj
 0001:00000971       ?Shutdown@CGameClient@@UAGJXZ 10001971 f   ClientStage.obj
 0001:00000985       ?QueryInterface@CGameClient@@UAGJABU_GUID@@PAPAX@Z 10001985 f   ClientStage.obj
 0001:000009f4       ?AddRef@CGameClient@@UAGKXZ 100019f4 f   ClientStage.obj
 0001:00000a0a       ?Release@CGameClient@@UAGKXZ 10001a0a f   ClientStage.obj
 0001:00000a64       ?ProcessCommand@CGameClient@@IAEXPBVCIOBuffer@Win32@OnlineGameLib@@@Z 10001a64 f   ClientStage.obj
 0001:00000acc       ?GetMinimumMessageSize@CGameClient@@IBEIXZ 10001acc f   ClientStage.obj
 0001:00000adc       ?GetMessageSize@CGameClient@@IBEIPBVCIOBuffer@Win32@OnlineGameLib@@@Z 10001adc f   ClientStage.obj
 0001:00000b13       ?ProcessDataStream@CGameClient@@IAEPAVCIOBuffer@Win32@OnlineGameLib@@PAV234@@Z 10001b13 f   ClientStage.obj
 0001:00000cb7       ?OnStartConnections@CGameClient@@EAEXXZ 10001cb7 f   ClientStage.obj
 0001:00000cee       ?OnStopConnections@CGameClient@@EAEXXZ 10001cee f   ClientStage.obj
 0001:00000d25       ?ReadCompleted@CGameClient@@EAEXPAVCIOBuffer@Win32@OnlineGameLib@@@Z 10001d25 f   ClientStage.obj
 0001:00000f69       ??0CClientFactory@@QAE@XZ  10001f69 f   ClientStage.obj
 0001:00000f9c       ??1CClientFactory@@UAE@XZ  10001f9c f   ClientStage.obj
 0001:00000fb0       ?SetEnvironment@CClientFactory@@UAGJABI@Z 10001fb0 f   ClientStage.obj
 0001:00000fc4       ?CreateClientInterface@CClientFactory@@UAGJABU_GUID@@PAPAX@Z 10001fc4 f   ClientStage.obj
 0001:000010ba       ?QueryInterface@CClientFactory@@UAGJABU_GUID@@PAPAX@Z 100020ba f   ClientStage.obj
 0001:00001129       ?AddRef@CClientFactory@@UAGKXZ 10002129 f   ClientStage.obj
 0001:0000113d       ?Release@CClientFactory@@UAGKXZ 1000213d f   ClientStage.obj
 0001:000011b0       ??_GCGameClient@@UAEPAXI@Z 100021b0 f i ClientStage.obj
 0001:000011b0       ??_ECGameClient@@UAEPAXI@Z 100021b0 f i ClientStage.obj
 0001:000011f0       ??0IClient@@QAE@XZ         100021f0 f i ClientStage.obj
 0001:00001210       ??0IUnknown@@QAE@XZ        10002210 f i ClientStage.obj
 0001:00001220       ??_GCClientFactory@@UAEPAXI@Z 10002220 f i ClientStage.obj
 0001:00001220       ??_ECClientFactory@@UAEPAXI@Z 10002220 f i ClientStage.obj
 0001:00001250       ??0IClientFactory@@QAE@XZ  10002250 f i ClientStage.obj
 0001:00001270       ??0?$basic_string@DU?$char_traits@D@std@@V?$allocator@D@2@@std@@QAE@PBDABV?$allocator@D@1@@Z 10002270 f i ClientStage.obj
 0001:000012a0       ??1?$basic_string@DU?$char_traits@D@std@@V?$allocator@D@2@@std@@QAE@XZ 100022a0 f i ClientStage.obj
 0001:000012c0       ?assign@?$basic_string@DU?$char_traits@D@std@@V?$allocator@D@2@@std@@QAEAAV12@PBD@Z 100022c0 f i ClientStage.obj
 0001:000012f0       ?length@?$char_traits@D@std@@SAIPBD@Z 100022f0 f i ClientStage.obj
 0001:00001310       ?_Tidy@?$basic_string@DU?$char_traits@D@std@@V?$allocator@D@2@@std@@AAEX_N@Z 10002310 f i ClientStage.obj
 0001:000013d0       ?assign@?$basic_string@DU?$char_traits@D@std@@V?$allocator@D@2@@std@@QAEAAV12@PBDI@Z 100023d0 f i ClientStage.obj
 0001:00001420       ?copy@?$char_traits@D@std@@SAPADPADPBDI@Z 10002420 f i ClientStage.obj
 0001:00001440       ?_Eos@?$basic_string@DU?$char_traits@D@std@@V?$allocator@D@2@@std@@AAEXI@Z 10002440 f i ClientStage.obj
 0001:00001480       ?assign@?$char_traits@D@std@@SAXAADABD@Z 10002480 f i ClientStage.obj
 0001:00001490       ?_Grow@?$basic_string@DU?$char_traits@D@std@@V?$allocator@D@2@@std@@AAE_NI_N@Z 10002490 f i ClientStage.obj
 0001:000015d0       ?_Refcnt@?$basic_string@DU?$char_traits@D@std@@V?$allocator@D@2@@std@@AAEAAEPBD@Z 100025d0 f i ClientStage.obj
 0001:000015f0       ?deallocate@?$allocator@D@std@@QAEXPAXI@Z 100025f0 f i ClientStage.obj
 0001:00001610       ?max_size@?$basic_string@DU?$char_traits@D@std@@V?$allocator@D@2@@std@@QBEIXZ 10002610 f i ClientStage.obj
 0001:00001650       ?_Copy@?$basic_string@DU?$char_traits@D@std@@V?$allocator@D@2@@std@@AAEXI@Z 10002650 f i ClientStage.obj
 0001:00001790       ??8@YAHABU_GUID@@0@Z       10002790 f i ClientStage.obj
 0001:000017b0       ?allocate@?$allocator@D@std@@QAEPADIPBX@Z 100027b0 f i ClientStage.obj
 0001:000017d0       ?max_size@?$allocator@D@std@@QBEIXZ 100027d0 f i ClientStage.obj
 0001:00001800       ??Hstd@@YA?AV?$basic_string@DU?$char_traits@D@std@@V?$allocator@D@2@@0@PBDABV10@@Z 10002800 f i ClientStage.obj
 0001:00001880       ??0?$basic_string@DU?$char_traits@D@std@@V?$allocator@D@2@@std@@QAE@ABV01@@Z 10002880 f i ClientStage.obj
 0001:000018c0       ?assign@?$basic_string@DU?$char_traits@D@std@@V?$allocator@D@2@@std@@QAEAAV12@ABV12@II@Z 100028c0 f i ClientStage.obj
 0001:00001a20       ?c_str@?$basic_string@DU?$char_traits@D@std@@V?$allocator@D@2@@std@@QBEPBDXZ 10002a20 f i ClientStage.obj
 0001:00001a50       ?size@?$basic_string@DU?$char_traits@D@std@@V?$allocator@D@2@@std@@QBEIXZ 10002a50 f i ClientStage.obj
 0001:00001a70       ?_Nullstr@?$basic_string@DU?$char_traits@D@std@@V?$allocator@D@2@@std@@CAPBDXZ 10002a70 f i ClientStage.obj
 0001:00001a80       ?erase@?$basic_string@DU?$char_traits@D@std@@V?$allocator@D@2@@std@@QAEAAV12@II@Z 10002a80 f i ClientStage.obj
 0001:00001b30       ?move@?$char_traits@D@std@@SAPADPADPBDI@Z 10002b30 f i ClientStage.obj
 0001:00001b50       ?capacity@?$basic_string@DU?$char_traits@D@std@@V?$allocator@D@2@@std@@QBEIXZ 10002b50 f i ClientStage.obj
 0001:00001b70       ?_Split@?$basic_string@DU?$char_traits@D@std@@V?$allocator@D@2@@std@@AAEXXZ 10002b70 f i ClientStage.obj
 0001:00001be0       ??Hstd@@YA?AV?$basic_string@DU?$char_traits@D@std@@V?$allocator@D@2@@0@ABV10@PBD@Z 10002be0 f i ClientStage.obj
 0001:00001c60       ??Hstd@@YA?AV?$basic_string@DU?$char_traits@D@std@@V?$allocator@D@2@@0@ABV10@0@Z 10002c60 f i ClientStage.obj
 0001:00001ce0       ??8std@@YA_NABV?$allocator@D@0@0@Z 10002ce0 f i ClientStage.obj
 0001:00001cf0       ?_Allocate@std@@YAPADHPAD@Z 10002cf0 f i ClientStage.obj
 0001:00001d10       ??Y?$basic_string@DU?$char_traits@D@std@@V?$allocator@D@2@@std@@QAEAAV01@ABV01@@Z 10002d10 f i ClientStage.obj
 0001:00001d30       ??Y?$basic_string@DU?$char_traits@D@std@@V?$allocator@D@2@@std@@QAEAAV01@PBD@Z 10002d30 f i ClientStage.obj
 0001:00001d50       ?append@?$basic_string@DU?$char_traits@D@std@@V?$allocator@D@2@@std@@QAEAAV12@ABV12@@Z 10002d50 f i ClientStage.obj
 0001:00001d70       ?append@?$basic_string@DU?$char_traits@D@std@@V?$allocator@D@2@@std@@QAEAAV12@PBD@Z 10002d70 f i ClientStage.obj
 0001:00001da0       ?append@?$basic_string@DU?$char_traits@D@std@@V?$allocator@D@2@@std@@QAEAAV12@ABV12@II@Z 10002da0 f i ClientStage.obj
 0001:00001e50       ?append@?$basic_string@DU?$char_traits@D@std@@V?$allocator@D@2@@std@@QAEAAV12@PBDI@Z 10002e50 f i ClientStage.obj
 0001:00001ed0       ?id@?$ctype@G@std@@$D      10002ed0 f i ClientStage.obj
 0001:00001f00       ?id@?$ctype@G@std@@$E      10002f00 f i ClientStage.obj
 0001:00001f10       ??_ECGameClient@@W7AEPAXI@Z 10002f10 f i ClientStage.obj
 0001:00001f20       ??0CCriticalSection@Win32@OnlineGameLib@@QAE@XZ 10002f20 f i ClientStage.obj
 0001:00001f40       ??1CCriticalSection@Win32@OnlineGameLib@@QAE@XZ 10002f40 f i ClientStage.obj
 0001:00001f60       ??0Owner@CCriticalSection@Win32@OnlineGameLib@@QAE@AAV123@@Z 10002f60 f i ClientStage.obj
 0001:00001f90       ?Enter@CCriticalSection@Win32@OnlineGameLib@@QAEXXZ 10002f90 f i ClientStage.obj
 0001:00001fb0       ??1Owner@CCriticalSection@Win32@OnlineGameLib@@QAE@XZ 10002fb0 f i ClientStage.obj
 0001:00001fd0       ?Leave@CCriticalSection@Win32@OnlineGameLib@@QAEXXZ 10002fd0 f i ClientStage.obj
 0001:00001ff0       ?GetUsed@CIOBuffer@Win32@OnlineGameLib@@QBEIXZ 10002ff0 f i ClientStage.obj
 0001:00002010       ?GetSize@CIOBuffer@Win32@OnlineGameLib@@QBEIXZ 10003010 f i ClientStage.obj
 0001:00002030       ?GetBuffer@CIOBuffer@Win32@OnlineGameLib@@QBEPBEXZ 10003030 f i ClientStage.obj
 0001:00002050       ?OnBufferCreated@Allocator@CIOBuffer@Win32@OnlineGameLib@@EAEXXZ 10003050 f i ClientStage.obj
 0001:00002060       ?OnBufferAllocated@Allocator@CIOBuffer@Win32@OnlineGameLib@@EAEXXZ 10003060 f i ClientStage.obj
 0001:00002070       ?OnBufferReleased@Allocator@CIOBuffer@Win32@OnlineGameLib@@EAEXXZ 10003070 f i ClientStage.obj
 0001:00002080       ?OnShutdownInitiated@CSocketClient@Win32@OnlineGameLib@@EAEXXZ 10003080 f i ClientStage.obj
 0001:00002090       ?OnShutdownComplete@CSocketClient@Win32@OnlineGameLib@@EAEXXZ 10003090 f i ClientStage.obj
 0001:000020a0       ?OnConnect@CSocketClient@Win32@OnlineGameLib@@EAEXXZ 100030a0 f i ClientStage.obj
 0001:000020b0       ?OnClose@CSocketClient@Win32@OnlineGameLib@@EAEXXZ 100030b0 f i ClientStage.obj
 0001:000020c0       ?OnWrite@CSocketClient@Win32@OnlineGameLib@@EAEXXZ 100030c0 f i ClientStage.obj
 0001:000020d0       ?KSG_DecodeBuf@@YAHIPAEPAI@Z 100030d0 f i ClientStage.obj
 0001:00002100       ?KSG_EncodeBuf@@YAHIPAEPAI@Z 10003100 f i ClientStage.obj
 0001:00002124       _InterlockedIncrement@4    10003124 f   kernel32:KERNEL32.dll
 0001:0000212a       _InterlockedDecrement@4    1000312a f   kernel32:KERNEL32.dll
 0001:00002130       _InitializeCriticalSection@4 10003130 f   kernel32:KERNEL32.dll
 0001:00002136       _DeleteCriticalSection@4   10003136 f   kernel32:KERNEL32.dll
 0001:0000213c       _EnterCriticalSection@4    1000313c f   kernel32:KERNEL32.dll
 0001:00002142       _LeaveCriticalSection@4    10003142 f   kernel32:KERNEL32.dll
 0001:00002150       ??0CSocketClient@Win32@OnlineGameLib@@IAE@ABV?$basic_string@DU?$char_traits@D@std@@V?$allocator@D@2@@std@@GII@Z 10003150 f   common:SocketClient.obj
 0001:00002247       ??0CSocketClient@Win32@OnlineGameLib@@IAE@II@Z 10003247 f   common:SocketClient.obj
 0001:0000233e       ?Connect@CSocketClient@Win32@OnlineGameLib@@QAEXABV?$basic_string@DU?$char_traits@D@std@@V?$allocator@D@2@@std@@G@Z 1000333e f   common:SocketClient.obj
 0001:0000236b       ??1CSocketClient@Win32@OnlineGameLib@@UAE@XZ 1000336b f   common:SocketClient.obj
 0001:000024a9       ?StartConnections@CSocketClient@Win32@OnlineGameLib@@QAE_NXZ 100034a9 f   common:SocketClient.obj
 0001:000025a5       ?StopConnections@CSocketClient@Win32@OnlineGameLib@@QAEXXZ 100035a5 f   common:SocketClient.obj
 0001:00002753       ?CreateConnectionSocket@CSocketClient@Win32@OnlineGameLib@@EAEIABV?$basic_string@DU?$char_traits@D@std@@V?$allocator@D@2@@std@@G@Z 10003753 f   common:SocketClient.obj
 0001:00002822       ?InitiateShutdown@CSocketClient@Win32@OnlineGameLib@@QAEXXZ 10003822 f   common:SocketClient.obj
 0001:0000284e       ?WaitForShutdownToComplete@CSocketClient@Win32@OnlineGameLib@@QAEXXZ 1000384e f   common:SocketClient.obj
 0001:00002869       ?Run@CSocketClient@Win32@OnlineGameLib@@MAEHXZ 10003869 f   common:SocketClient.obj
 0001:00002d37       ?ReleaseBuffers@CSocketClient@Win32@OnlineGameLib@@IAEXXZ 10003d37 f   common:SocketClient.obj
 0001:00002d4d       ?OnError@CSocketClient@Win32@OnlineGameLib@@EAEXABV?$basic_string@DU?$char_traits@D@std@@V?$allocator@D@2@@std@@@Z 10003d4d f   common:SocketClient.obj
 0001:00002d66       ?OnRead@CSocketClient@Win32@OnlineGameLib@@AAEXPAVCIOBuffer@23@@Z 10003d66 f   common:SocketClient.obj
 0001:00002e90       ?Write@CSocketClient@Win32@OnlineGameLib@@QAEXPBDI@Z 10003e90 f   common:SocketClient.obj
 0001:00002ee9       ?Write@CSocketClient@Win32@OnlineGameLib@@QAEXPAVCIOBuffer@23@@Z 10003ee9 f   common:SocketClient.obj
 0001:0000325b       ?WaitAndVerifyCipher@CSocketClient@Win32@OnlineGameLib@@IAE_NXZ 1000425b f   common:SocketClient.obj
 0001:000035d0       ?OnStartConnections@CSocketClient@Win32@OnlineGameLib@@EAEXXZ 100045d0 f i common:SocketClient.obj
 0001:000035e0       ?OnStopConnections@CSocketClient@Win32@OnlineGameLib@@EAEXXZ 100045e0 f i common:SocketClient.obj
 0001:000035f0       ??_ECSocketClient@Win32@OnlineGameLib@@UAEPAXI@Z 100045f0 f i common:SocketClient.obj
 0001:000035f0       ??_GCSocketClient@Win32@OnlineGameLib@@UAEPAXI@Z 100045f0 f i common:SocketClient.obj
 0001:00003620       ??1CManualResetEvent@Win32@OnlineGameLib@@UAE@XZ 10004620 f i common:SocketClient.obj
 0001:00003640       ?_trace@@YAXPBDZZ          10004640 f i common:SocketClient.obj
 0001:00003650       ??1CWin32Exception@Win32@OnlineGameLib@@UAE@XZ 10004650 f i common:SocketClient.obj
 0001:00003670       ??1CException@Win32@OnlineGameLib@@UAE@XZ 10004670 f i common:SocketClient.obj
 0001:000036d0       ??_GCException@Win32@OnlineGameLib@@UAEPAXI@Z 100046d0 f i common:SocketClient.obj
 0001:000036d0       ??_ECException@Win32@OnlineGameLib@@UAEPAXI@Z 100046d0 f i common:SocketClient.obj
 0001:00003700       ??0CWin32Exception@Win32@OnlineGameLib@@QAE@ABV012@@Z 10004700 f i common:SocketClient.obj
 0001:00003740       ??0CException@Win32@OnlineGameLib@@QAE@ABV012@@Z 10004740 f i common:SocketClient.obj
 0001:000037b0       ??_GCWin32Exception@Win32@OnlineGameLib@@UAEPAXI@Z 100047b0 f i common:SocketClient.obj
 0001:000037b0       ??_ECWin32Exception@Win32@OnlineGameLib@@UAEPAXI@Z 100047b0 f i common:SocketClient.obj
 0001:000037e0       ?GetEvent@CEvent@Win32@OnlineGameLib@@QBEPAXXZ 100047e0 f i common:SocketClient.obj
 0001:00003800       ?IsError@CEventSelect@Win32@OnlineGameLib@@QAE_NXZ 10004800 f i common:SocketClient.obj
 0001:00003820       ?WaitForEnumEvent@CEventSelect@Win32@OnlineGameLib@@QAE_NIK@Z 10004820 f i common:SocketClient.obj
 0001:00003890       ?Read@CEventSelect@Win32@OnlineGameLib@@QAEHXZ 10004890 f i common:SocketClient.obj
 0001:000038d0       ?Connect@CEventSelect@Win32@OnlineGameLib@@QAEHXZ 100048d0 f i common:SocketClient.obj
 0001:00003910       ?Close@CEventSelect@Win32@OnlineGameLib@@QAEHXZ 10004910 f i common:SocketClient.obj
 0001:00003950       ?GetWSABUF@CIOBuffer@Win32@OnlineGameLib@@QBEPAU_WSABUF@@XZ 10004950 f i common:SocketClient.obj
 0001:00003970       ?Use@CIOBuffer@Win32@OnlineGameLib@@QAEXI@Z 10004970 f i common:SocketClient.obj
 0001:00003990       ?SetupRead@CIOBuffer@Win32@OnlineGameLib@@QAEXXZ 10004990 f i common:SocketClient.obj
 0001:000039f0       ?SetupWrite@CIOBuffer@Win32@OnlineGameLib@@QAEXXZ 100049f0 f i common:SocketClient.obj
 0001:00003a20       ??0?$basic_string@DU?$char_traits@D@std@@V?$allocator@D@2@@std@@QAE@ABV?$allocator@D@1@@Z 10004a20 f i common:SocketClient.obj
 0001:00003a50       ??4?$basic_string@DU?$char_traits@D@std@@V?$allocator@D@2@@std@@QAEAAV01@ABV01@@Z 10004a50 f i common:SocketClient.obj
 0001:00003a70       ?assign@?$basic_string@DU?$char_traits@D@std@@V?$allocator@D@2@@std@@QAEAAV12@ABV12@@Z 10004a70 f i common:SocketClient.obj
 0001:00003aa0       ??_ECSocketClient@Win32@OnlineGameLib@@W7AEPAXI@Z 10004aa0 f i common:SocketClient.obj
 0001:00003ab0       ??0CIOBuffer@Win32@OnlineGameLib@@AAE@AAVAllocator@012@I@Z 10004ab0 f   common:IOBuffer.obj
 0001:00003b73       ??1CIOBuffer@Win32@OnlineGameLib@@AAE@XZ 10004b73 f   common:IOBuffer.obj
 0001:00003c58       ?Empty@CIOBuffer@Win32@OnlineGameLib@@QAEXXZ 10004c58 f   common:IOBuffer.obj
 0001:00003c85       ??2CIOBuffer@Win32@OnlineGameLib@@CAPAXII@Z 10004c85 f   common:IOBuffer.obj
 0001:00003ca7       ??3CIOBuffer@Win32@OnlineGameLib@@CAXPAXI@Z 10004ca7 f   common:IOBuffer.obj
 0001:00003d31       ?SplitBuffer@CIOBuffer@Win32@OnlineGameLib@@QAEPAV123@I@Z 10004d31 f   common:IOBuffer.obj
 0001:00003d93       ?RemoveBuffer@CIOBuffer@Win32@OnlineGameLib@@QAEXI@Z 10004d93 f   common:IOBuffer.obj
 0001:00003ddc       ?AllocateNewBuffer@CIOBuffer@Win32@OnlineGameLib@@QBEPAV123@XZ 10004ddc f   common:IOBuffer.obj
 0001:00003df2       ?AddData@CIOBuffer@Win32@OnlineGameLib@@QAEXQBDI@Z 10004df2 f   common:IOBuffer.obj
 0001:00003ea8       ?AddData@CIOBuffer@Win32@OnlineGameLib@@QAEXQBEI@Z 10004ea8 f   common:IOBuffer.obj
 0001:00003ec5       ?AddData@CIOBuffer@Win32@OnlineGameLib@@QAEXE@Z 10004ec5 f   common:IOBuffer.obj
 0001:00003ee0       ?Release@CIOBuffer@Win32@OnlineGameLib@@QAEXXZ 10004ee0 f   common:IOBuffer.obj
 0001:00003f9e       ??0Allocator@CIOBuffer@Win32@OnlineGameLib@@QAE@II@Z 10004f9e f   common:IOBuffer.obj
 0001:00003fea       ??1Allocator@CIOBuffer@Win32@OnlineGameLib@@UAE@XZ 10004fea f   common:IOBuffer.obj
 0001:0000407f       ?Allocate@Allocator@CIOBuffer@Win32@OnlineGameLib@@QAEPAV234@XZ 1000507f f   common:IOBuffer.obj
 0001:000041e7       ?Release@Allocator@CIOBuffer@Win32@OnlineGameLib@@AAEXPAV234@@Z 100051e7 f   common:IOBuffer.obj
 0001:000042fa       ?DestroyBuffer@Allocator@CIOBuffer@Win32@OnlineGameLib@@AAEXPAV234@@Z 100052fa f   common:IOBuffer.obj
 0001:000043a5       ?Flush@Allocator@CIOBuffer@Win32@OnlineGameLib@@IAEXXZ 100053a5 f   common:IOBuffer.obj
 0001:00004455       ??0InOrderBufferList@CIOBuffer@Win32@OnlineGameLib@@QAE@AAVCCriticalSection@23@@Z 10005455 f   common:IOBuffer.obj
 0001:0000448c       ?AddBuffer@InOrderBufferList@CIOBuffer@Win32@OnlineGameLib@@QAEXPAV234@@Z 1000548c f   common:IOBuffer.obj
 0001:00004515       ?ProcessAndGetNext@InOrderBufferList@CIOBuffer@Win32@OnlineGameLib@@QAEPAV234@XZ 10005515 f   common:IOBuffer.obj
 0001:000045f2       ?GetNext@InOrderBufferList@CIOBuffer@Win32@OnlineGameLib@@QAEPAV234@XZ 100055f2 f   common:IOBuffer.obj
 0001:000046c2       ?GetNext@InOrderBufferList@CIOBuffer@Win32@OnlineGameLib@@QAEPAV234@PAV234@@Z 100056c2 f   common:IOBuffer.obj
 0001:000047f6       ?ProcessBuffer@InOrderBufferList@CIOBuffer@Win32@OnlineGameLib@@QAEXXZ 100057f6 f   common:IOBuffer.obj
 0001:00004827       ?Reset@InOrderBufferList@CIOBuffer@Win32@OnlineGameLib@@QAEXXZ 10005827 f   common:IOBuffer.obj
 0001:00004870       ??0COpaqueUserData@OnlineGameLib@@IAE@XZ 10005870 f i common:IOBuffer.obj
 0001:00004890       ??1COpaqueUserData@OnlineGameLib@@IAE@XZ 10005890 f i common:IOBuffer.obj
 0001:000048b0       ??_EAllocator@CIOBuffer@Win32@OnlineGameLib@@UAEPAXI@Z 100058b0 f i common:IOBuffer.obj
 0001:000048b0       ??_GAllocator@CIOBuffer@Win32@OnlineGameLib@@UAEPAXI@Z 100058b0 f i common:IOBuffer.obj
 0001:000048e0       ??0?$TNodeList@VCIOBuffer@Win32@OnlineGameLib@@@OnlineGameLib@@QAE@XZ 100058e0 f i common:IOBuffer.obj
 0001:00004900       ?Empty@CNodeList@OnlineGameLib@@QBE_NXZ 10005900 f i common:IOBuffer.obj
 0001:00004920       ?AddRef@CIOBuffer@Win32@OnlineGameLib@@QAEXXZ 10005920 f i common:IOBuffer.obj
 0001:00004940       ?Count@CNodeList@OnlineGameLib@@QBEIXZ 10005940 f i common:IOBuffer.obj
 0001:00004960       ??_GCIOBuffer@Win32@OnlineGameLib@@AAEPAXI@Z 10005960 f i common:IOBuffer.obj
 0001:00004990       ?GetSequenceNumber@CIOBuffer@Win32@OnlineGameLib@@QBEIXZ 10005990 f i common:IOBuffer.obj
 0001:000049b0       ??0?$map@IPAVCIOBuffer@Win32@OnlineGameLib@@U?$less@I@std@@V?$allocator@PAVCIOBuffer@Win32@OnlineGameLib@@@5@@std@@QAE@ABU?$less@I@1@ABV?$allocator@PAVCIOBuffer@Win32@OnlineGameLib@@@1@@Z 100059b0 f i common:IOBuffer.obj
 0001:000049e0       ?begin@?$map@IPAVCIOBuffer@Win32@OnlineGameLib@@U?$less@I@std@@V?$allocator@PAVCIOBuffer@Win32@OnlineGameLib@@@5@@std@@QAE?AViterator@?$_Tree@IU?$pair@$$CBIPAVCIOBuffer@Win32@OnlineGameLib@@@std@@U_Kfn@?$map@IPAVCIOBuffer@Win32@OnlineGameLib@@U?$less@I@std@@V?$allocator@PAVCIOBuffer@Win32@OnlineGameLib@@@5@@2@U?$less@I@2@V?$allocator@PAVCIOBuffer@Win32@OnlineGameLib@@@2@@2@XZ 100059e0 f i common:IOBuffer.obj
 0001:00004a10       ?end@?$map@IPAVCIOBuffer@Win32@OnlineGameLib@@U?$less@I@std@@V?$allocator@PAVCIOBuffer@Win32@OnlineGameLib@@@5@@std@@QAE?AViterator@?$_Tree@IU?$pair@$$CBIPAVCIOBuffer@Win32@OnlineGameLib@@@std@@U_Kfn@?$map@IPAVCIOBuffer@Win32@OnlineGameLib@@U?$less@I@std@@V?$allocator@PAVCIOBuffer@Win32@OnlineGameLib@@@5@@2@U?$less@I@2@V?$allocator@PAVCIOBuffer@Win32@OnlineGameLib@@@2@@2@XZ 10005a10 f i common:IOBuffer.obj
 0001:00004a40       ?empty@?$map@IPAVCIOBuffer@Win32@OnlineGameLib@@U?$less@I@std@@V?$allocator@PAVCIOBuffer@Win32@OnlineGameLib@@@5@@std@@QBE_NXZ 10005a40 f i common:IOBuffer.obj
 0001:00004a60       ?insert@?$map@IPAVCIOBuffer@Win32@OnlineGameLib@@U?$less@I@std@@V?$allocator@PAVCIOBuffer@Win32@OnlineGameLib@@@5@@std@@QAE?AU?$pair@Viterator@?$_Tree@IU?$pair@$$CBIPAVCIOBuffer@Win32@OnlineGameLib@@@std@@U_Kfn@?$map@IPAVCIOBuffer@Win32@OnlineGameLib@@U?$less@I@std@@V?$allocator@PAVCIOBuffer@Win32@OnlineGameLib@@@5@@2@U?$less@I@2@V?$allocator@PAVCIOBuffer@Win32@OnlineGameLib@@@2@@std@@_N@2@ABU?$pair@$$CBIPAVCIOBuffer@Win32@OnlineGameLib@@@2@@Z 10005a60 f i common:IOBuffer.obj
 0001:00004ab0       ?erase@?$map@IPAVCIOBuffer@Win32@OnlineGameLib@@U?$less@I@std@@V?$allocator@PAVCIOBuffer@Win32@OnlineGameLib@@@5@@std@@QAE?AViterator@?$_Tree@IU?$pair@$$CBIPAVCIOBuffer@Win32@OnlineGameLib@@@std@@U_Kfn@?$map@IPAVCIOBuffer@Win32@OnlineGameLib@@U?$less@I@std@@V?$allocator@PAVCIOBuffer@Win32@OnlineGameLib@@@5@@2@U?$less@I@2@V?$allocator@PAVCIOBuffer@Win32@OnlineGameLib@@@2@@2@V342@@Z 10005ab0 f i common:IOBuffer.obj
 0001:00004ae0       ??0?$pair@$$CBIPAVCIOBuffer@Win32@OnlineGameLib@@@std@@QAE@ABIABQAVCIOBuffer@Win32@OnlineGameLib@@@Z 10005ae0 f i common:IOBuffer.obj
 0001:00004b10       ??0iterator@?$_Tree@IU?$pair@$$CBIPAVCIOBuffer@Win32@OnlineGameLib@@@std@@U_Kfn@?$map@IPAVCIOBuffer@Win32@OnlineGameLib@@U?$less@I@std@@V?$allocator@PAVCIOBuffer@Win32@OnlineGameLib@@@5@@2@U?$less@I@2@V?$allocator@PAVCIOBuffer@Win32@OnlineGameLib@@@2@@std@@QAE@XZ 10005b10 f i common:IOBuffer.obj
 0001:00004b30       ??Citerator@?$_Tree@IU?$pair@$$CBIPAVCIOBuffer@Win32@OnlineGameLib@@@std@@U_Kfn@?$map@IPAVCIOBuffer@Win32@OnlineGameLib@@U?$less@I@std@@V?$allocator@PAVCIOBuffer@Win32@OnlineGameLib@@@5@@2@U?$less@I@2@V?$allocator@PAVCIOBuffer@Win32@OnlineGameLib@@@2@@std@@QBEPAU?$pair@$$CBIPAVCIOBuffer@Win32@OnlineGameLib@@@2@XZ 10005b30 f i common:IOBuffer.obj
 0001:00004b50       ??9iterator@?$_Tree@IU?$pair@$$CBIPAVCIOBuffer@Win32@OnlineGameLib@@@std@@U_Kfn@?$map@IPAVCIOBuffer@Win32@OnlineGameLib@@U?$less@I@std@@V?$allocator@PAVCIOBuffer@Win32@OnlineGameLib@@@5@@2@U?$less@I@2@V?$allocator@PAVCIOBuffer@Win32@OnlineGameLib@@@2@@std@@QBE_NABV012@@Z 10005b50 f i common:IOBuffer.obj
 0001:00004b80       ??0?$_Tree@IU?$pair@$$CBIPAVCIOBuffer@Win32@OnlineGameLib@@@std@@U_Kfn@?$map@IPAVCIOBuffer@Win32@OnlineGameLib@@U?$less@I@std@@V?$allocator@PAVCIOBuffer@Win32@OnlineGameLib@@@5@@2@U?$less@I@2@V?$allocator@PAVCIOBuffer@Win32@OnlineGameLib@@@2@@std@@QAE@ABU?$less@I@1@_NABV?$allocator@PAVCIOBuffer@Win32@OnlineGameLib@@@1@@Z 10005b80 f i common:IOBuffer.obj
 0001:00004bc0       ?begin@?$_Tree@IU?$pair@$$CBIPAVCIOBuffer@Win32@OnlineGameLib@@@std@@U_Kfn@?$map@IPAVCIOBuffer@Win32@OnlineGameLib@@U?$less@I@std@@V?$allocator@PAVCIOBuffer@Win32@OnlineGameLib@@@5@@2@U?$less@I@2@V?$allocator@PAVCIOBuffer@Win32@OnlineGameLib@@@2@@std@@QAE?AViterator@12@XZ 10005bc0 f i common:IOBuffer.obj
 0001:00004bf0       ?end@?$_Tree@IU?$pair@$$CBIPAVCIOBuffer@Win32@OnlineGameLib@@@std@@U_Kfn@?$map@IPAVCIOBuffer@Win32@OnlineGameLib@@U?$less@I@std@@V?$allocator@PAVCIOBuffer@Win32@OnlineGameLib@@@5@@2@U?$less@I@2@V?$allocator@PAVCIOBuffer@Win32@OnlineGameLib@@@2@@std@@QAE?AViterator@12@XZ 10005bf0 f i common:IOBuffer.obj
 0001:00004c20       ?empty@?$_Tree@IU?$pair@$$CBIPAVCIOBuffer@Win32@OnlineGameLib@@@std@@U_Kfn@?$map@IPAVCIOBuffer@Win32@OnlineGameLib@@U?$less@I@std@@V?$allocator@PAVCIOBuffer@Win32@OnlineGameLib@@@5@@2@U?$less@I@2@V?$allocator@PAVCIOBuffer@Win32@OnlineGameLib@@@2@@std@@QBE_NXZ 10005c20 f i common:IOBuffer.obj
 0001:00004c40       ?insert@?$_Tree@IU?$pair@$$CBIPAVCIOBuffer@Win32@OnlineGameLib@@@std@@U_Kfn@?$map@IPAVCIOBuffer@Win32@OnlineGameLib@@U?$less@I@std@@V?$allocator@PAVCIOBuffer@Win32@OnlineGameLib@@@5@@2@U?$less@I@2@V?$allocator@PAVCIOBuffer@Win32@OnlineGameLib@@@2@@std@@QAE?AU?$pair@Viterator@?$_Tree@IU?$pair@$$CBIPAVCIOBuffer@Win32@OnlineGameLib@@@std@@U_Kfn@?$map@IPAVCIOBuffer@Win32@OnlineGameLib@@U?$less@I@std@@V?$allocator@PAVCIOBuffer@Win32@OnlineGameLib@@@5@@2@U?$less@I@2@V?$allocator@PAVCIOBuffer@Win32@OnlineGameLib@@@2@@std@@_N@2@ABU?$pair@$$CBIPAVCIOBuffer@Win32@OnlineGameLib@@@2@@Z 10005c40 f i common:IOBuffer.obj
 0001:00004e80       ?erase@?$_Tree@IU?$pair@$$CBIPAVCIOBuffer@Win32@OnlineGameLib@@@std@@U_Kfn@?$map@IPAVCIOBuffer@Win32@OnlineGameLib@@U?$less@I@std@@V?$allocator@PAVCIOBuffer@Win32@OnlineGameLib@@@5@@2@U?$less@I@2@V?$allocator@PAVCIOBuffer@Win32@OnlineGameLib@@@2@@std@@QAE?AViterator@12@V312@@Z 10005e80 f i common:IOBuffer.obj
 0001:000056d0       ?_Freenode@?$_Tree@IU?$pair@$$CBIPAVCIOBuffer@Win32@OnlineGameLib@@@std@@U_Kfn@?$map@IPAVCIOBuffer@Win32@OnlineGameLib@@U?$less@I@std@@V?$allocator@PAVCIOBuffer@Win32@OnlineGameLib@@@5@@2@U?$less@I@2@V?$allocator@PAVCIOBuffer@Win32@OnlineGameLib@@@2@@std@@IAEXPAU_Node@12@@Z 100066d0 f i common:IOBuffer.obj
 0001:000056f0       ??0const_iterator@?$_Tree@IU?$pair@$$CBIPAVCIOBuffer@Win32@OnlineGameLib@@@std@@U_Kfn@?$map@IPAVCIOBuffer@Win32@OnlineGameLib@@U?$less@I@std@@V?$allocator@PAVCIOBuffer@Win32@OnlineGameLib@@@5@@2@U?$less@I@2@V?$allocator@PAVCIOBuffer@Win32@OnlineGameLib@@@2@@std@@QAE@XZ 100066f0 f i common:IOBuffer.obj
 0001:00005700       ??Diterator@?$_Tree@IU?$pair@$$CBIPAVCIOBuffer@Win32@OnlineGameLib@@@std@@U_Kfn@?$map@IPAVCIOBuffer@Win32@OnlineGameLib@@U?$less@I@std@@V?$allocator@PAVCIOBuffer@Win32@OnlineGameLib@@@5@@2@U?$less@I@2@V?$allocator@PAVCIOBuffer@Win32@OnlineGameLib@@@2@@std@@QBEAAU?$pair@$$CBIPAVCIOBuffer@Win32@OnlineGameLib@@@2@XZ 10006700 f i common:IOBuffer.obj
 0001:00005720       ??8iterator@?$_Tree@IU?$pair@$$CBIPAVCIOBuffer@Win32@OnlineGameLib@@@std@@U_Kfn@?$map@IPAVCIOBuffer@Win32@OnlineGameLib@@U?$less@I@std@@V?$allocator@PAVCIOBuffer@Win32@OnlineGameLib@@@5@@2@U?$less@I@2@V?$allocator@PAVCIOBuffer@Win32@OnlineGameLib@@@2@@std@@QBE_NABV012@@Z 10006720 f i common:IOBuffer.obj
 0001:00005740       ??0?$pair@Viterator@?$_Tree@IU?$pair@$$CBIPAVCIOBuffer@Win32@OnlineGameLib@@@std@@U_Kfn@?$map@IPAVCIOBuffer@Win32@OnlineGameLib@@U?$less@I@std@@V?$allocator@PAVCIOBuffer@Win32@OnlineGameLib@@@5@@2@U?$less@I@2@V?$allocator@PAVCIOBuffer@Win32@OnlineGameLib@@@2@@std@@_N@std@@QAE@ABViterator@?$_Tree@IU?$pair@$$CBIPAVCIOBuffer@Win32@OnlineGameLib@@@std@@U_Kfn@?$map@IPAVCIOBuffer@Win32@OnlineGameLib@@U?$less@I@std@@V?$allocator@PAVCIOBuffer@Win32@OnlineGameLib@@@5@@2@U?$less@I@2@V?$allocator@PAVCIOBuffer@Win32@OnlineGameLib@@@2@@1@AB_N@Z 10006740 f i common:IOBuffer.obj
 0001:00005770       ??R_Kfn@?$map@IPAVCIOBuffer@Win32@OnlineGameLib@@U?$less@I@std@@V?$allocator@PAVCIOBuffer@Win32@OnlineGameLib@@@5@@std@@QBEABIABU?$pair@$$CBIPAVCIOBuffer@Win32@OnlineGameLib@@@2@@Z 10006770 f i common:IOBuffer.obj
 0001:00005780       ??R?$less@I@std@@QBE_NABI0@Z 10006780 f i common:IOBuffer.obj
 0001:000057a0       ?deallocate@?$allocator@PAVCIOBuffer@Win32@OnlineGameLib@@@std@@QAEXPAXI@Z 100067a0 f i common:IOBuffer.obj
 0001:000057c0       ?_Color@?$_Tree@IU?$pair@$$CBIPAVCIOBuffer@Win32@OnlineGameLib@@@std@@U_Kfn@?$map@IPAVCIOBuffer@Win32@OnlineGameLib@@U?$less@I@std@@V?$allocator@PAVCIOBuffer@Win32@OnlineGameLib@@@5@@2@U?$less@I@2@V?$allocator@PAVCIOBuffer@Win32@OnlineGameLib@@@2@@std@@KAAAW4_Redbl@12@PAU_Node@12@@Z 100067c0 f i common:IOBuffer.obj
 0001:000057d0       ?_Key@?$_Tree@IU?$pair@$$CBIPAVCIOBuffer@Win32@OnlineGameLib@@@std@@U_Kfn@?$map@IPAVCIOBuffer@Win32@OnlineGameLib@@U?$less@I@std@@V?$allocator@PAVCIOBuffer@Win32@OnlineGameLib@@@5@@2@U?$less@I@2@V?$allocator@PAVCIOBuffer@Win32@OnlineGameLib@@@2@@std@@KAABIPAU_Node@12@@Z 100067d0 f i common:IOBuffer.obj
 0001:000057f0       ?_Left@?$_Tree@IU?$pair@$$CBIPAVCIOBuffer@Win32@OnlineGameLib@@@std@@U_Kfn@?$map@IPAVCIOBuffer@Win32@OnlineGameLib@@U?$less@I@std@@V?$allocator@PAVCIOBuffer@Win32@OnlineGameLib@@@5@@2@U?$less@I@2@V?$allocator@PAVCIOBuffer@Win32@OnlineGameLib@@@2@@std@@KAAAPAU_Node@12@PAU312@@Z 100067f0 f i common:IOBuffer.obj
 0001:00005800       ?_Parent@?$_Tree@IU?$pair@$$CBIPAVCIOBuffer@Win32@OnlineGameLib@@@std@@U_Kfn@?$map@IPAVCIOBuffer@Win32@OnlineGameLib@@U?$less@I@std@@V?$allocator@PAVCIOBuffer@Win32@OnlineGameLib@@@5@@2@U?$less@I@2@V?$allocator@PAVCIOBuffer@Win32@OnlineGameLib@@@2@@std@@KAAAPAU_Node@12@PAU312@@Z 10006800 f i common:IOBuffer.obj
 0001:00005810       ?_Right@?$_Tree@IU?$pair@$$CBIPAVCIOBuffer@Win32@OnlineGameLib@@@std@@U_Kfn@?$map@IPAVCIOBuffer@Win32@OnlineGameLib@@U?$less@I@std@@V?$allocator@PAVCIOBuffer@Win32@OnlineGameLib@@@5@@2@U?$less@I@2@V?$allocator@PAVCIOBuffer@Win32@OnlineGameLib@@@2@@std@@KAAAPAU_Node@12@PAU312@@Z 10006810 f i common:IOBuffer.obj
 0001:00005820       ?_Value@?$_Tree@IU?$pair@$$CBIPAVCIOBuffer@Win32@OnlineGameLib@@@std@@U_Kfn@?$map@IPAVCIOBuffer@Win32@OnlineGameLib@@U?$less@I@std@@V?$allocator@PAVCIOBuffer@Win32@OnlineGameLib@@@5@@2@U?$less@I@2@V?$allocator@PAVCIOBuffer@Win32@OnlineGameLib@@@2@@std@@KAAAU?$pair@$$CBIPAVCIOBuffer@Win32@OnlineGameLib@@@2@PAU_Node@12@@Z 10006820 f i common:IOBuffer.obj
 0001:00005830       ?size@?$_Tree@IU?$pair@$$CBIPAVCIOBuffer@Win32@OnlineGameLib@@@std@@U_Kfn@?$map@IPAVCIOBuffer@Win32@OnlineGameLib@@U?$less@I@std@@V?$allocator@PAVCIOBuffer@Win32@OnlineGameLib@@@5@@2@U?$less@I@2@V?$allocator@PAVCIOBuffer@Win32@OnlineGameLib@@@2@@std@@QBEIXZ 10006830 f i common:IOBuffer.obj
 0001:00005850       ?_Init@?$_Tree@IU?$pair@$$CBIPAVCIOBuffer@Win32@OnlineGameLib@@@std@@U_Kfn@?$map@IPAVCIOBuffer@Win32@OnlineGameLib@@U?$less@I@std@@V?$allocator@PAVCIOBuffer@Win32@OnlineGameLib@@@5@@2@U?$less@I@2@V?$allocator@PAVCIOBuffer@Win32@OnlineGameLib@@@2@@std@@IAEXXZ 10006850 f i common:IOBuffer.obj
 0001:00005930       ?_Insert@?$_Tree@IU?$pair@$$CBIPAVCIOBuffer@Win32@OnlineGameLib@@@std@@U_Kfn@?$map@IPAVCIOBuffer@Win32@OnlineGameLib@@U?$less@I@std@@V?$allocator@PAVCIOBuffer@Win32@OnlineGameLib@@@5@@2@U?$less@I@2@V?$allocator@PAVCIOBuffer@Win32@OnlineGameLib@@@2@@std@@IAE?AViterator@12@PAU_Node@12@0ABU?$pair@$$CBIPAVCIOBuffer@Win32@OnlineGameLib@@@2@@Z 10006930 f i common:IOBuffer.obj
 0001:00005e00       ?_Lmost@?$_Tree@IU?$pair@$$CBIPAVCIOBuffer@Win32@OnlineGameLib@@@std@@U_Kfn@?$map@IPAVCIOBuffer@Win32@OnlineGameLib@@U?$less@I@std@@V?$allocator@PAVCIOBuffer@Win32@OnlineGameLib@@@5@@2@U?$less@I@2@V?$allocator@PAVCIOBuffer@Win32@OnlineGameLib@@@2@@std@@IAEAAPAU_Node@12@XZ 10006e00 f i common:IOBuffer.obj
 0001:00005e20       ?_Lrotate@?$_Tree@IU?$pair@$$CBIPAVCIOBuffer@Win32@OnlineGameLib@@@std@@U_Kfn@?$map@IPAVCIOBuffer@Win32@OnlineGameLib@@U?$less@I@std@@V?$allocator@PAVCIOBuffer@Win32@OnlineGameLib@@@5@@2@U?$less@I@2@V?$allocator@PAVCIOBuffer@Win32@OnlineGameLib@@@2@@std@@IAEXPAU_Node@12@@Z 10006e20 f i common:IOBuffer.obj
 0001:00005f90       ?_Max@?$_Tree@IU?$pair@$$CBIPAVCIOBuffer@Win32@OnlineGameLib@@@std@@U_Kfn@?$map@IPAVCIOBuffer@Win32@OnlineGameLib@@U?$less@I@std@@V?$allocator@PAVCIOBuffer@Win32@OnlineGameLib@@@5@@2@U?$less@I@2@V?$allocator@PAVCIOBuffer@Win32@OnlineGameLib@@@2@@std@@KAPAU_Node@12@PAU312@@Z 10006f90 f i common:IOBuffer.obj
 0001:00006010       ?_Min@?$_Tree@IU?$pair@$$CBIPAVCIOBuffer@Win32@OnlineGameLib@@@std@@U_Kfn@?$map@IPAVCIOBuffer@Win32@OnlineGameLib@@U?$less@I@std@@V?$allocator@PAVCIOBuffer@Win32@OnlineGameLib@@@5@@2@U?$less@I@2@V?$allocator@PAVCIOBuffer@Win32@OnlineGameLib@@@2@@std@@KAPAU_Node@12@PAU312@@Z 10007010 f i common:IOBuffer.obj
 0001:00006090       ?_Rmost@?$_Tree@IU?$pair@$$CBIPAVCIOBuffer@Win32@OnlineGameLib@@@std@@U_Kfn@?$map@IPAVCIOBuffer@Win32@OnlineGameLib@@U?$less@I@std@@V?$allocator@PAVCIOBuffer@Win32@OnlineGameLib@@@5@@2@U?$less@I@2@V?$allocator@PAVCIOBuffer@Win32@OnlineGameLib@@@2@@std@@IAEAAPAU_Node@12@XZ 10007090 f i common:IOBuffer.obj
 0001:000060b0       ?_Root@?$_Tree@IU?$pair@$$CBIPAVCIOBuffer@Win32@OnlineGameLib@@@std@@U_Kfn@?$map@IPAVCIOBuffer@Win32@OnlineGameLib@@U?$less@I@std@@V?$allocator@PAVCIOBuffer@Win32@OnlineGameLib@@@5@@2@U?$less@I@2@V?$allocator@PAVCIOBuffer@Win32@OnlineGameLib@@@2@@std@@IAEAAPAU_Node@12@XZ 100070b0 f i common:IOBuffer.obj
 0001:000060d0       ?_Rrotate@?$_Tree@IU?$pair@$$CBIPAVCIOBuffer@Win32@OnlineGameLib@@@std@@U_Kfn@?$map@IPAVCIOBuffer@Win32@OnlineGameLib@@U?$less@I@std@@V?$allocator@PAVCIOBuffer@Win32@OnlineGameLib@@@5@@2@U?$less@I@2@V?$allocator@PAVCIOBuffer@Win32@OnlineGameLib@@@2@@std@@IAEXPAU_Node@12@@Z 100070d0 f i common:IOBuffer.obj
 0001:00006240       ?_Destval@?$_Tree@IU?$pair@$$CBIPAVCIOBuffer@Win32@OnlineGameLib@@@std@@U_Kfn@?$map@IPAVCIOBuffer@Win32@OnlineGameLib@@U?$less@I@std@@V?$allocator@PAVCIOBuffer@Win32@OnlineGameLib@@@5@@2@U?$less@I@2@V?$allocator@PAVCIOBuffer@Win32@OnlineGameLib@@@2@@std@@IAEXPAU?$pair@$$CBIPAVCIOBuffer@Win32@OnlineGameLib@@@2@@Z 10007240 f i common:IOBuffer.obj
 0001:00006260       ?_Mynode@const_iterator@?$_Tree@IU?$pair@$$CBIPAVCIOBuffer@Win32@OnlineGameLib@@@std@@U_Kfn@?$map@IPAVCIOBuffer@Win32@OnlineGameLib@@U?$less@I@std@@V?$allocator@PAVCIOBuffer@Win32@OnlineGameLib@@@5@@2@U?$less@I@2@V?$allocator@PAVCIOBuffer@Win32@OnlineGameLib@@@2@@std@@QBEPAU_Node@23@XZ 10007260 f i common:IOBuffer.obj
 0001:00006270       ??0iterator@?$_Tree@IU?$pair@$$CBIPAVCIOBuffer@Win32@OnlineGameLib@@@std@@U_Kfn@?$map@IPAVCIOBuffer@Win32@OnlineGameLib@@U?$less@I@std@@V?$allocator@PAVCIOBuffer@Win32@OnlineGameLib@@@5@@2@U?$less@I@2@V?$allocator@PAVCIOBuffer@Win32@OnlineGameLib@@@2@@std@@QAE@PAU_Node@12@@Z 10007270 f i common:IOBuffer.obj
 0001:00006290       ??Eiterator@?$_Tree@IU?$pair@$$CBIPAVCIOBuffer@Win32@OnlineGameLib@@@std@@U_Kfn@?$map@IPAVCIOBuffer@Win32@OnlineGameLib@@U?$less@I@std@@V?$allocator@PAVCIOBuffer@Win32@OnlineGameLib@@@5@@2@U?$less@I@2@V?$allocator@PAVCIOBuffer@Win32@OnlineGameLib@@@2@@std@@QAE?AV012@H@Z 10007290 f i common:IOBuffer.obj
 0001:000062c0       ??Fiterator@?$_Tree@IU?$pair@$$CBIPAVCIOBuffer@Win32@OnlineGameLib@@@std@@U_Kfn@?$map@IPAVCIOBuffer@Win32@OnlineGameLib@@U?$less@I@std@@V?$allocator@PAVCIOBuffer@Win32@OnlineGameLib@@@5@@2@U?$less@I@2@V?$allocator@PAVCIOBuffer@Win32@OnlineGameLib@@@2@@std@@QAEAAV012@XZ 100072c0 f i common:IOBuffer.obj
 0001:000062e0       ?_Buynode@?$_Tree@IU?$pair@$$CBIPAVCIOBuffer@Win32@OnlineGameLib@@@std@@U_Kfn@?$map@IPAVCIOBuffer@Win32@OnlineGameLib@@U?$less@I@std@@V?$allocator@PAVCIOBuffer@Win32@OnlineGameLib@@@5@@2@U?$less@I@2@V?$allocator@PAVCIOBuffer@Win32@OnlineGameLib@@@2@@std@@IAEPAU_Node@12@PAU312@W4_Redbl@12@@Z 100072e0 f i common:IOBuffer.obj
 0001:00006330       ?_Consval@?$_Tree@IU?$pair@$$CBIPAVCIOBuffer@Win32@OnlineGameLib@@@std@@U_Kfn@?$map@IPAVCIOBuffer@Win32@OnlineGameLib@@U?$less@I@std@@V?$allocator@PAVCIOBuffer@Win32@OnlineGameLib@@@5@@2@U?$less@I@2@V?$allocator@PAVCIOBuffer@Win32@OnlineGameLib@@@2@@std@@IAEXPAU?$pair@$$CBIPAVCIOBuffer@Win32@OnlineGameLib@@@2@ABU32@@Z 10007330 f i common:IOBuffer.obj
 0001:00006350       ??0const_iterator@?$_Tree@IU?$pair@$$CBIPAVCIOBuffer@Win32@OnlineGameLib@@@std@@U_Kfn@?$map@IPAVCIOBuffer@Win32@OnlineGameLib@@U?$less@I@std@@V?$allocator@PAVCIOBuffer@Win32@OnlineGameLib@@@5@@2@U?$less@I@2@V?$allocator@PAVCIOBuffer@Win32@OnlineGameLib@@@2@@std@@QAE@PAU_Node@12@@Z 10007350 f i common:IOBuffer.obj
 0001:00006370       ?_Dec@const_iterator@?$_Tree@IU?$pair@$$CBIPAVCIOBuffer@Win32@OnlineGameLib@@@std@@U_Kfn@?$map@IPAVCIOBuffer@Win32@OnlineGameLib@@U?$less@I@std@@V?$allocator@PAVCIOBuffer@Win32@OnlineGameLib@@@5@@2@U?$less@I@2@V?$allocator@PAVCIOBuffer@Win32@OnlineGameLib@@@2@@std@@QAEXXZ 10007370 f i common:IOBuffer.obj
 0001:00006480       ??Eiterator@?$_Tree@IU?$pair@$$CBIPAVCIOBuffer@Win32@OnlineGameLib@@@std@@U_Kfn@?$map@IPAVCIOBuffer@Win32@OnlineGameLib@@U?$less@I@std@@V?$allocator@PAVCIOBuffer@Win32@OnlineGameLib@@@5@@2@U?$less@I@2@V?$allocator@PAVCIOBuffer@Win32@OnlineGameLib@@@2@@std@@QAEAAV012@XZ 10007480 f i common:IOBuffer.obj
 0001:000064a0       ?_Charalloc@?$allocator@PAVCIOBuffer@Win32@OnlineGameLib@@@std@@QAEPADI@Z 100074a0 f i common:IOBuffer.obj
 0001:000064c0       ?_Inc@const_iterator@?$_Tree@IU?$pair@$$CBIPAVCIOBuffer@Win32@OnlineGameLib@@@std@@U_Kfn@?$map@IPAVCIOBuffer@Win32@OnlineGameLib@@U?$less@I@std@@V?$allocator@PAVCIOBuffer@Win32@OnlineGameLib@@@5@@2@U?$less@I@2@V?$allocator@PAVCIOBuffer@Win32@OnlineGameLib@@@2@@std@@QAEXXZ 100074c0 f i common:IOBuffer.obj
 0001:000065a0       ?PopNode@?$TNodeList@VCIOBuffer@Win32@OnlineGameLib@@@OnlineGameLib@@QAEPAVCIOBuffer@Win32@2@XZ 100075a0 f i common:IOBuffer.obj
 0001:000065e0       ?swap@std@@YAXAAW4_Redbl@?$_Tree@IU?$pair@$$CBIPAVCIOBuffer@Win32@OnlineGameLib@@@std@@U_Kfn@?$map@IPAVCIOBuffer@Win32@OnlineGameLib@@U?$less@I@std@@V?$allocator@PAVCIOBuffer@Win32@OnlineGameLib@@@5@@2@U?$less@I@2@V?$allocator@PAVCIOBuffer@Win32@OnlineGameLib@@@2@@1@0@Z 100075e0 f i common:IOBuffer.obj
 0001:00006610       ?_Destroy@std@@YAXPAU?$pair@$$CBIPAVCIOBuffer@Win32@OnlineGameLib@@@1@@Z 10007610 f i common:IOBuffer.obj
 0001:00006620       ?_Construct@std@@YAXPAU?$pair@$$CBIPAVCIOBuffer@Win32@OnlineGameLib@@@1@ABU21@@Z 10007620 f i common:IOBuffer.obj
 0001:00006660       ??2@YAPAXIPAX@Z            10007660 f i common:IOBuffer.obj
 0001:000067b9       ?SetLogFileName@Win32@OnlineGameLib@@YAXABV?$basic_string@DU?$char_traits@D@std@@V?$allocator@D@2@@std@@@Z 100077b9 f   common:Utils.obj
 0001:00006803       ?Message@Win32@OnlineGameLib@@YAXQBD@Z 10007803 f   common:Utils.obj
 0001:00006829       ?Output@Win32@OnlineGameLib@@YAXABV?$basic_string@DU?$char_traits@D@std@@V?$allocator@D@2@@std@@@Z 10007829 f   common:Utils.obj
 0001:0000682e       ?Trace@Win32@OnlineGameLib@@YAXABV?$basic_string@DU?$char_traits@D@std@@V?$allocator@D@2@@std@@0@Z 1000782e f   common:Utils.obj
 0001:00006833       ?GetLastErrorMessage@Win32@OnlineGameLib@@YA?AV?$basic_string@DU?$char_traits@D@std@@V?$allocator@D@2@@std@@K@Z 10007833 f   common:Utils.obj
 0001:000068bc       ?HexToString@Win32@OnlineGameLib@@YA?AV?$basic_string@DU?$char_traits@D@std@@V?$allocator@D@2@@std@@PBEI@Z 100078bc f   common:Utils.obj
 0001:000069d8       ?StringToHex@Win32@OnlineGameLib@@YAXABV?$basic_string@DU?$char_traits@D@std@@V?$allocator@D@2@@std@@PAEI@Z 100079d8 f   common:Utils.obj
 0001:00006b27       ?HexStringToDWORD@Win32@OnlineGameLib@@YAKPBD@Z 10007b27 f   common:Utils.obj
 0001:00006be1       ?HashStr2ID@Win32@OnlineGameLib@@YAKQBD@Z 10007be1 f   common:Utils.obj
 0001:00006c4c       ?net_aton@Win32@OnlineGameLib@@YAKPBD@Z 10007c4c f   common:Utils.obj
 0001:00006d31       ?net_ntoa@Win32@OnlineGameLib@@YAPBDK@Z 10007d31 f   common:Utils.obj
 0001:00006d8d       ?GetCurrentDirectoryA@Win32@OnlineGameLib@@YA?AV?$basic_string@DU?$char_traits@D@std@@V?$allocator@D@2@@std@@XZ 10007d8d f   common:Utils.obj
 0001:00006e77       ?GetAppFullPath@Win32@OnlineGameLib@@YA?AV?$basic_string@DU?$char_traits@D@std@@V?$allocator@D@2@@std@@PAUHINSTANCE__@@@Z 10007e77 f   common:Utils.obj
 0001:00006f91       ?GetDateStamp@Win32@OnlineGameLib@@YA?AV?$basic_string@DU?$char_traits@D@std@@V?$allocator@D@2@@std@@XZ 10007f91 f   common:Utils.obj
 0001:00007004       ?GetTimeStamp@Win32@OnlineGameLib@@YA?AV?$basic_string@DU?$char_traits@D@std@@V?$allocator@D@2@@std@@XZ 10008004 f   common:Utils.obj
 0001:0000706b       ?ToHex@Win32@OnlineGameLib@@YA?AV?$basic_string@DU?$char_traits@D@std@@V?$allocator@D@2@@std@@E@Z 1000806b f   common:Utils.obj
 0001:000070b8       ?DumpData@Win32@OnlineGameLib@@YA?AV?$basic_string@DU?$char_traits@D@std@@V?$allocator@D@2@@std@@QBEII@Z 100080b8 f   common:Utils.obj
 0001:000073b8       ?GetComputerNameA@Win32@OnlineGameLib@@YA?AV?$basic_string@DU?$char_traits@D@std@@V?$allocator@D@2@@std@@XZ 100083b8 f   common:Utils.obj
 0001:00007467       ?GetModuleFileNameA@Win32@OnlineGameLib@@YA?AV?$basic_string@DU?$char_traits@D@std@@V?$allocator@D@2@@std@@PAUHINSTANCE__@@@Z 10008467 f   common:Utils.obj
 0001:0000752f       ?GetUserNameA@Win32@OnlineGameLib@@YA?AV?$basic_string@DU?$char_traits@D@std@@V?$allocator@D@2@@std@@XZ 1000852f f   common:Utils.obj
 0001:000075f9       ?StripLeading@Win32@OnlineGameLib@@YA?AV?$basic_string@DU?$char_traits@D@std@@V?$allocator@D@2@@std@@ABV34@D@Z 100085f9 f   common:Utils.obj
 0001:0000764f       ?StripTrailing@Win32@OnlineGameLib@@YA?AV?$basic_string@DU?$char_traits@D@std@@V?$allocator@D@2@@std@@ABV34@D@Z 1000864f f   common:Utils.obj
 0001:000076c8       ?GetFileVersion@Win32@OnlineGameLib@@YA?AV?$basic_string@DU?$char_traits@D@std@@V?$allocator@D@2@@std@@XZ 100086c8 f   common:Utils.obj
 0001:00007935       ?GetLocalName@Win32@OnlineGameLib@@YA_NPADI@Z 10008935 f   common:Utils.obj
 0001:000079ff       ?GetLocalAddress@Win32@OnlineGameLib@@YA_NPADIH@Z 100089ff f   common:Utils.obj
 0001:00007b80       ??_D?$basic_fstream@DU?$char_traits@D@std@@@std@@QAEXXZ 10008b80 f i common:Utils.obj
 0001:00007bb0       ?T2A@@YAPADPAD@Z           10008bb0 f i common:Utils.obj
 0001:00007bc0       ??4?$basic_string@DU?$char_traits@D@std@@V?$allocator@D@2@@std@@QAEAAV01@PBD@Z 10008bc0 f i common:Utils.obj
 0001:00007be0       ??Y?$basic_string@DU?$char_traits@D@std@@V?$allocator@D@2@@std@@QAEAAV01@D@Z 10008be0 f i common:Utils.obj
 0001:00007c00       ??A?$basic_string@DU?$char_traits@D@std@@V?$allocator@D@2@@std@@QBEABDI@Z 10008c00 f i common:Utils.obj
 0001:00007c30       ?length@?$basic_string@DU?$char_traits@D@std@@V?$allocator@D@2@@std@@QBEIXZ 10008c30 f i common:Utils.obj
 0001:00007c50       ?substr@?$basic_string@DU?$char_traits@D@std@@V?$allocator@D@2@@std@@QBE?AV12@II@Z 10008c50 f i common:Utils.obj
 0001:00007c90       ??1?$basic_ios@DU?$char_traits@D@std@@@std@@UAE@XZ 10008c90 f i common:Utils.obj
 0001:00007cb0       ??0?$basic_fstream@DU?$char_traits@D@std@@@std@@QAE@XZ 10008cb0 f i common:Utils.obj
 0001:00007d60       ??0?$basic_ios@DU?$char_traits@D@std@@@std@@IAE@XZ 10008d60 f i common:Utils.obj
 0001:00007d80       ??0ios_base@std@@IAE@XZ    10008d80 f i common:Utils.obj
 0001:00007db0       ??0locale@std@@QAE@W4_Uninitialized@1@@Z 10008db0 f i common:Utils.obj
 0001:00007dc0       ??_Gios_base@std@@UAEPAXI@Z 10008dc0 f i common:Utils.obj
 0001:00007dc0       ??_Eios_base@std@@UAEPAXI@Z 10008dc0 f i common:Utils.obj
 0001:00007df0       ??0?$basic_iostream@DU?$char_traits@D@std@@@std@@QAE@PAV?$basic_streambuf@DU?$char_traits@D@std@@@1@@Z 10008df0 f i common:Utils.obj
 0001:00007eb0       ??0?$basic_ostream@DU?$char_traits@D@std@@@std@@QAE@PAV?$basic_streambuf@DU?$char_traits@D@std@@@1@_N1@Z 10008eb0 f i common:Utils.obj
 0001:00007f60       ??0?$basic_istream@DU?$char_traits@D@std@@@std@@QAE@PAV?$basic_streambuf@DU?$char_traits@D@std@@@1@_N@Z 10008f60 f i common:Utils.obj
 0001:00008000       ??1?$basic_istream@DU?$char_traits@D@std@@@std@@UAE@XZ 10009000 f i common:Utils.obj
 0001:00008020       ??1?$basic_iostream@DU?$char_traits@D@std@@@std@@UAE@XZ 10009020 f i common:Utils.obj
 0001:000080a0       ??1?$basic_ostream@DU?$char_traits@D@std@@@std@@UAE@XZ 100090a0 f i common:Utils.obj
 0001:000080c0       ??1?$basic_fstream@DU?$char_traits@D@std@@@std@@UAE@XZ 100090c0 f i common:Utils.obj
 0001:00008130       ?is_open@?$basic_fstream@DU?$char_traits@D@std@@@std@@QBE_NXZ 10009130 f i common:Utils.obj
 0001:00008150       ?close@?$basic_fstream@DU?$char_traits@D@std@@@std@@QAEXXZ 10009150 f i common:Utils.obj
 0001:00008180       ?setstate@?$basic_ios@DU?$char_traits@D@std@@@std@@QAEXH_N@Z 10009180 f i common:Utils.obj
 0001:000081b0       ?rdstate@ios_base@std@@QBEHXZ 100091b0 f i common:Utils.obj
 0001:000081d0       ??1?$basic_filebuf@DU?$char_traits@D@std@@@std@@UAE@XZ 100091d0 f i common:Utils.obj
 0001:00008270       ??1locale@std@@QAE@XZ      10009270 f i common:Utils.obj
 0001:000082c0       ?_Decref@facet@locale@std@@QAEPAV123@XZ 100092c0 f i common:Utils.obj
 0001:00008320       ??1?$basic_streambuf@DU?$char_traits@D@std@@@std@@UAE@XZ 10009320 f i common:Utils.obj
 0001:00008340       ?overflow@?$basic_streambuf@DU?$char_traits@D@std@@@std@@MAEHH@Z 10009340 f i common:Utils.obj
 0001:00008360       ?eof@?$char_traits@D@std@@SAHXZ 10009360 f i common:Utils.obj
 0001:00008370       ?pbackfail@?$basic_streambuf@DU?$char_traits@D@std@@@std@@MAEHH@Z 10009370 f i common:Utils.obj
 0001:00008390       ?showmanyc@?$basic_streambuf@DU?$char_traits@D@std@@@std@@MAEHXZ 10009390 f i common:Utils.obj
 0001:000083a0       ?underflow@?$basic_streambuf@DU?$char_traits@D@std@@@std@@MAEHXZ 100093a0 f i common:Utils.obj
 0001:000083b0       ?uflow@?$basic_streambuf@DU?$char_traits@D@std@@@std@@MAEHXZ 100093b0 f i common:Utils.obj
 0001:00008410       ?to_int_type@?$char_traits@D@std@@SAHABD@Z 10009410 f i common:Utils.obj
 0001:00008420       ?eq_int_type@?$char_traits@D@std@@SA_NABH0@Z 10009420 f i common:Utils.obj
 0001:00008440       ?xsgetn@?$basic_streambuf@DU?$char_traits@D@std@@@std@@MAEHPADH@Z 10009440 f i common:Utils.obj
 0001:00008540       ?to_char_type@?$char_traits@D@std@@SADABH@Z 10009540 f i common:Utils.obj
 0001:00008550       ?gptr@?$basic_streambuf@DU?$char_traits@D@std@@@std@@IBEPADXZ 10009550 f i common:Utils.obj
 0001:00008570       ?xsputn@?$basic_streambuf@DU?$char_traits@D@std@@@std@@MAEHPBDH@Z 10009570 f i common:Utils.obj
 0001:00008670       ?pptr@?$basic_streambuf@DU?$char_traits@D@std@@@std@@IBEPADXZ 10009670 f i common:Utils.obj
 0001:00008690       ?seekoff@?$basic_streambuf@DU?$char_traits@D@std@@@std@@MAE?AV?$fpos@H@2@JW4seekdir@ios_base@2@H@Z 10009690 f i common:Utils.obj
 0001:000086c0       ?seekpos@?$basic_streambuf@DU?$char_traits@D@std@@@std@@MAE?AV?$fpos@H@2@V32@H@Z 100096c0 f i common:Utils.obj
 0001:000086f0       ?setbuf@?$basic_streambuf@DU?$char_traits@D@std@@@std@@MAEPAV12@PADH@Z 100096f0 f i common:Utils.obj
 0001:00008700       ?sync@?$basic_streambuf@DU?$char_traits@D@std@@@std@@MAEHXZ 10009700 f i common:Utils.obj
 0001:00008710       ?imbue@?$basic_streambuf@DU?$char_traits@D@std@@@std@@MAEXABVlocale@2@@Z 10009710 f i common:Utils.obj
 0001:00008720       ?overflow@?$basic_filebuf@DU?$char_traits@D@std@@@std@@MAEHH@Z 10009720 f i common:Utils.obj
 0001:00008930       ?not_eof@?$char_traits@D@std@@SAHABH@Z 10009930 f i common:Utils.obj
 0001:00008960       ?_Fputc@std@@YA_NDPAU_iobuf@@@Z 10009960 f i common:Utils.obj
 0001:00008980       ?pbackfail@?$basic_filebuf@DU?$char_traits@D@std@@@std@@MAEHH@Z 10009980 f i common:Utils.obj
 0001:00008b00       ?_Ungetc@std@@YA_NDPAU_iobuf@@@Z 10009b00 f i common:Utils.obj
 0001:00008b30       ?underflow@?$basic_filebuf@DU?$char_traits@D@std@@@std@@MAEHXZ 10009b30 f i common:Utils.obj
 0001:00008b90       ?uflow@?$basic_filebuf@DU?$char_traits@D@std@@@std@@MAEHXZ 10009b90 f i common:Utils.obj
 0001:00008d30       ?_Fgetc@std@@YA_NAADPAU_iobuf@@@Z 10009d30 f i common:Utils.obj
 0001:00008d60       ?seekoff@?$basic_filebuf@DU?$char_traits@D@std@@@std@@MAE?AV?$fpos@H@2@JW4seekdir@ios_base@2@H@Z 10009d60 f i common:Utils.obj
 0001:00008df0       ?seekpos@?$basic_filebuf@DU?$char_traits@D@std@@@std@@MAE?AV?$fpos@H@2@V32@H@Z 10009df0 f i common:Utils.obj
 0001:00008ef0       ?setbuf@?$basic_filebuf@DU?$char_traits@D@std@@@std@@MAEPAV?$basic_streambuf@DU?$char_traits@D@std@@@2@PADH@Z 10009ef0 f i common:Utils.obj
 0001:00008f40       ?sync@?$basic_filebuf@DU?$char_traits@D@std@@@std@@MAEHXZ 10009f40 f i common:Utils.obj
 0001:00008f80       ??0?$auto_ptr@D@std@@QAE@PAD@Z 10009f80 f i common:Utils.obj
 0001:00008fb0       ??1?$auto_ptr@D@std@@QAE@XZ 10009fb0 f i common:Utils.obj
 0001:00008fe0       ?get@?$auto_ptr@D@std@@QBEPADXZ 10009fe0 f i common:Utils.obj
 0001:00009000       ??0?$auto_ptr@E@std@@QAE@PAE@Z 1000a000 f i common:Utils.obj
 0001:00009030       ??1?$auto_ptr@E@std@@QAE@XZ 1000a030 f i common:Utils.obj
 0001:00009060       ?get@?$auto_ptr@E@std@@QBEPAEXZ 1000a060 f i common:Utils.obj
 0001:00009080       ??_E?$basic_ostream@DU?$char_traits@D@std@@@std@@UAEPAXI@Z 1000a080 f i common:Utils.obj
 0001:00009080       ??_G?$basic_ostream@DU?$char_traits@D@std@@@std@@UAEPAXI@Z 1000a080 f i common:Utils.obj
 0001:000090c0       ??_E?$basic_ios@DU?$char_traits@D@std@@@std@@UAEPAXI@Z 1000a0c0 f i common:Utils.obj
 0001:000090c0       ??_G?$basic_ios@DU?$char_traits@D@std@@@std@@UAEPAXI@Z 1000a0c0 f i common:Utils.obj
 0001:000090f0       ??_G?$basic_istream@DU?$char_traits@D@std@@@std@@UAEPAXI@Z 1000a0f0 f i common:Utils.obj
 0001:000090f0       ??_E?$basic_istream@DU?$char_traits@D@std@@@std@@UAEPAXI@Z 1000a0f0 f i common:Utils.obj
 0001:00009130       ??_E?$basic_streambuf@DU?$char_traits@D@std@@@std@@UAEPAXI@Z 1000a130 f i common:Utils.obj
 0001:00009130       ??_G?$basic_streambuf@DU?$char_traits@D@std@@@std@@UAEPAXI@Z 1000a130 f i common:Utils.obj
 0001:00009160       ??_G?$basic_iostream@DU?$char_traits@D@std@@@std@@UAEPAXI@Z 1000a160 f i common:Utils.obj
 0001:00009160       ??_E?$basic_iostream@DU?$char_traits@D@std@@@std@@UAEPAXI@Z 1000a160 f i common:Utils.obj
 0001:000091a0       ??_E?$basic_fstream@DU?$char_traits@D@std@@@std@@UAEPAXI@Z 1000a1a0 f i common:Utils.obj
 0001:000091a0       ??_G?$basic_fstream@DU?$char_traits@D@std@@@std@@UAEPAXI@Z 1000a1a0 f i common:Utils.obj
 0001:000091e0       ??_E?$basic_filebuf@DU?$char_traits@D@std@@@std@@UAEPAXI@Z 1000a1e0 f i common:Utils.obj
 0001:000091e0       ??_G?$basic_filebuf@DU?$char_traits@D@std@@@std@@UAEPAXI@Z 1000a1e0 f i common:Utils.obj
 0001:00009210       ??_G?$basic_string@DU?$char_traits@D@std@@V?$allocator@D@2@@std@@QAEPAXI@Z 1000a210 f i common:Utils.obj
 0001:00009240       ??_D?$basic_ostream@DU?$char_traits@D@std@@@std@@QAEXXZ 1000a240 f i common:Utils.obj
 0001:00009270       ??_D?$basic_istream@DU?$char_traits@D@std@@@std@@QAEXXZ 1000a270 f i common:Utils.obj
 0001:000092a0       ??_D?$basic_iostream@DU?$char_traits@D@std@@@std@@QAEXXZ 1000a2a0 f i common:Utils.obj
 0001:000092d0       ??0?$basic_string@DU?$char_traits@D@std@@V?$allocator@D@2@@std@@QAE@ABV01@IIABV?$allocator@D@1@@Z 1000a2d0 f i common:Utils.obj
 0001:00009310       ?append@?$basic_string@DU?$char_traits@D@std@@V?$allocator@D@2@@std@@QAEAAV12@ID@Z 1000a310 f i common:Utils.obj
 0001:00009390       ?assign@?$char_traits@D@std@@SAPADPADIABD@Z 1000a390 f i common:Utils.obj
 0001:000093b0       ?begin@?$basic_string@DU?$char_traits@D@std@@V?$allocator@D@2@@std@@QAEPADXZ 1000a3b0 f i common:Utils.obj
 0001:000093d0       ?end@?$basic_string@DU?$char_traits@D@std@@V?$allocator@D@2@@std@@QAEPADXZ 1000a3d0 f i common:Utils.obj
 0001:00009400       ?clear@?$basic_ios@DU?$char_traits@D@std@@@std@@QAEXH_N@Z 1000a400 f i common:Utils.obj
 0001:00009440       ?init@?$basic_ios@DU?$char_traits@D@std@@@std@@IAEXPAV?$basic_streambuf@DU?$char_traits@D@std@@@2@_N@Z 1000a440 f i common:Utils.obj
 0001:000094b0       ??0?$fpos@H@std@@QAE@J@Z   1000a4b0 f i common:Utils.obj
 0001:00009500       ??0?$fpos@H@std@@QAE@H_J@Z 1000a500 f i common:Utils.obj
 0001:00009540       ?state@?$fpos@H@std@@QBEHXZ 1000a540 f i common:Utils.obj
 0001:00009560       ?get_fpos_t@?$fpos@H@std@@QBE_JXZ 1000a560 f i common:Utils.obj
 0001:00009580       ??B?$fpos@H@std@@QBEJXZ    1000a580 f i common:Utils.obj
 0001:000095a0       ?eback@?$basic_streambuf@DU?$char_traits@D@std@@@std@@IBEPADXZ 1000a5a0 f i common:Utils.obj
 0001:000095c0       ?egptr@?$basic_streambuf@DU?$char_traits@D@std@@@std@@IBEPADXZ 1000a5c0 f i common:Utils.obj
 0001:000095e0       ?gbump@?$basic_streambuf@DU?$char_traits@D@std@@@std@@IAEXH@Z 1000a5e0 f i common:Utils.obj
 0001:00009620       ?epptr@?$basic_streambuf@DU?$char_traits@D@std@@@std@@IBEPADXZ 1000a620 f i common:Utils.obj
 0001:00009640       ?_Gndec@?$basic_streambuf@DU?$char_traits@D@std@@@std@@IAEPADXZ 1000a640 f i common:Utils.obj
 0001:00009680       ?_Gninc@?$basic_streambuf@DU?$char_traits@D@std@@@std@@IAEPADXZ 1000a680 f i common:Utils.obj
 0001:000096c0       ?pbump@?$basic_streambuf@DU?$char_traits@D@std@@@std@@IAEXH@Z 1000a6c0 f i common:Utils.obj
 0001:00009700       ?_Pninc@?$basic_streambuf@DU?$char_traits@D@std@@@std@@IAEPADXZ 1000a700 f i common:Utils.obj
 0001:00009740       ??0?$basic_filebuf@DU?$char_traits@D@std@@@std@@QAE@PAU_iobuf@@@Z 1000a740 f i common:Utils.obj
 0001:000097b0       ??0locale@std@@QAE@XZ      1000a7b0 f i common:Utils.obj
 0001:000097f0       ?_Incref@facet@locale@std@@QAEXXZ 1000a7f0 f i common:Utils.obj
 0001:00009830       ??0?$basic_streambuf@DU?$char_traits@D@std@@@std@@IAE@XZ 1000a830 f i common:Utils.obj
 0001:00009890       ?_Init@?$basic_streambuf@DU?$char_traits@D@std@@@std@@IAEXXZ 1000a890 f i common:Utils.obj
 0001:00009900       ?is_open@?$basic_filebuf@DU?$char_traits@D@std@@@std@@QBE_NXZ 1000a900 f i common:Utils.obj
 0001:00009920       ?close@?$basic_filebuf@DU?$char_traits@D@std@@@std@@QAEPAV12@XZ 1000a920 f i common:Utils.obj
 0001:00009960       ?in@?$codecvt@DDH@std@@QBEHAAHPBD1AAPBDPAD3AAPAD@Z 1000a960 f i common:Utils.obj
 0001:000099a0       ?out@?$codecvt@DDH@std@@QBEHAAHPBD1AAPBDPAD3AAPAD@Z 1000a9a0 f i common:Utils.obj
 0001:000099e0       ?_Freeze@?$basic_string@DU?$char_traits@D@std@@V?$allocator@D@2@@std@@AAEXXZ 1000a9e0 f i common:Utils.obj
 0001:00009a60       ?_Psum@?$basic_string@DU?$char_traits@D@std@@V?$allocator@D@2@@std@@CAPADPADI@Z 1000aa60 f i common:Utils.obj
 0001:00009a90       ?setg@?$basic_streambuf@DU?$char_traits@D@std@@@std@@IAEXPAD00@Z 1000aa90 f i common:Utils.obj
 0001:00009ad0       ?setp@?$basic_streambuf@DU?$char_traits@D@std@@@std@@IAEXPAD0@Z 1000aad0 f i common:Utils.obj
 0001:00009b10       ?_Init@?$basic_filebuf@DU?$char_traits@D@std@@@std@@IAEXPAU_iobuf@@W4_Initfl@12@@Z 1000ab10 f i common:Utils.obj
 0001:00009bf0       ?_Init@?$basic_streambuf@DU?$char_traits@D@std@@@std@@IAEXPAPAD0PAH001@Z 1000abf0 f i common:Utils.obj
 0001:00009c40       ?_Ungetc@std@@YA_NABDPAU_iobuf@@I@Z 1000ac40 f i common:Utils.obj
 0001:00009cc0       ?_Widen@std@@YADDPAD@Z     1000acc0 f i common:Utils.obj
 0001:00009cd0       ??0CThread@Win32@OnlineGameLib@@QAE@XZ 1000acd0 f   common:Thread.obj
 0001:00009cf1       ??1CThread@Win32@OnlineGameLib@@UAE@XZ 1000acf1 f   common:Thread.obj
 0001:00009d88       ?GetHandle@CThread@Win32@OnlineGameLib@@QBEPAXXZ 1000ad88 f   common:Thread.obj
 0001:00009d99       ?Start@CThread@Win32@OnlineGameLib@@QAEXXZ 1000ad99 f   common:Thread.obj
 0001:00009ea3       ?Wait@CThread@Win32@OnlineGameLib@@QBEXXZ 1000aea3 f   common:Thread.obj
 0001:00009f2d       ?Wait@CThread@Win32@OnlineGameLib@@QBE_NK@Z 1000af2d f   common:Thread.obj
 0001:00009fd3       ?ThreadFunction@CThread@Win32@OnlineGameLib@@CGIPAX@Z 1000afd3 f   common:Thread.obj
 0001:0000a06a       ?Terminate@CThread@Win32@OnlineGameLib@@QAEXK@Z 1000b06a f   common:Thread.obj
 0001:0000a160       ??_ECThread@Win32@OnlineGameLib@@UAEPAXI@Z 1000b160 f i common:Thread.obj
 0001:0000a160       ??_GCThread@Win32@OnlineGameLib@@UAEPAXI@Z 1000b160 f i common:Thread.obj
 0001:0000a190       ?KSG_DecodeEncode@@YAHIPAEPAI@Z 1000b190 f   common:KSG_EncodeDecode.obj
 0001:0000a23e       ?KSG_DecodeEncode_ASM@@YAHIPAEPAI@Z 1000b23e f   common:KSG_EncodeDecode.obj
 0001:0000a2a0       ??0CEventSelect@Win32@OnlineGameLib@@QAE@XZ 1000b2a0 f   common:EventSelect.obj
 0001:0000a2d4       ??1CEventSelect@Win32@OnlineGameLib@@QAE@XZ 1000b2d4 f   common:EventSelect.obj
 0001:0000a2fc       ?AssociateEvent@CEventSelect@Win32@OnlineGameLib@@QAEXIJ@Z 1000b2fc f   common:EventSelect.obj
 0001:0000a3d7       ?DissociateEvent@CEventSelect@Win32@OnlineGameLib@@QAEXXZ 1000b3d7 f   common:EventSelect.obj
 0001:0000a420       ??0CUsesWinsock@Win32@OnlineGameLib@@QAE@XZ 1000b420 f   common:UsesWinsock.obj
 0001:0000a4a1       ??1CUsesWinsock@Win32@OnlineGameLib@@QAE@XZ 1000b4a1 f   common:UsesWinsock.obj
 0001:0000a4e0       ??0CManualResetEvent@Win32@OnlineGameLib@@QAE@_N@Z 1000b4e0 f   common:ManualResetEvent.obj
 0001:0000a509       ??0CManualResetEvent@Win32@OnlineGameLib@@QAE@PBD_N@Z 1000b509 f   common:ManualResetEvent.obj
 0001:0000a540       ??_ECManualResetEvent@Win32@OnlineGameLib@@UAEPAXI@Z 1000b540 f i common:ManualResetEvent.obj
 0001:0000a540       ??_GCManualResetEvent@Win32@OnlineGameLib@@UAEPAXI@Z 1000b540 f i common:ManualResetEvent.obj
 0001:0000a570       ??0CEvent@Win32@OnlineGameLib@@QAE@PAU_SECURITY_ATTRIBUTES@@_N1@Z 1000b570 f   common:Event.obj
 0001:0000a635       ??0CEvent@Win32@OnlineGameLib@@QAE@PAU_SECURITY_ATTRIBUTES@@_N1PBD@Z 1000b635 f   common:Event.obj
 0001:0000a66c       ??1CEvent@Win32@OnlineGameLib@@UAE@XZ 1000b66c f   common:Event.obj
 0001:0000a68d       ?Wait@CEvent@Win32@OnlineGameLib@@QBEXXZ 1000b68d f   common:Event.obj
 0001:0000a717       ?Wait@CEvent@Win32@OnlineGameLib@@QBE_NK@Z 1000b717 f   common:Event.obj
 0001:0000a7b0       ?Reset@CEvent@Win32@OnlineGameLib@@QAEXXZ 1000b7b0 f   common:Event.obj
 0001:0000a826       ?Set@CEvent@Win32@OnlineGameLib@@QAEXXZ 1000b826 f   common:Event.obj
 0001:0000a89c       ?Pulse@CEvent@Win32@OnlineGameLib@@QAEXXZ 1000b89c f   common:Event.obj
 0001:0000a940       ??_ECEvent@Win32@OnlineGameLib@@UAEPAXI@Z 1000b940 f i common:Event.obj
 0001:0000a940       ??_GCEvent@Win32@OnlineGameLib@@UAEPAXI@Z 1000b940 f i common:Event.obj
 0001:0000a970       ??0CSocket@Win32@OnlineGameLib@@QAE@XZ 1000b970 f   common:Socket.obj
 0001:0000a987       ??0CSocket@Win32@OnlineGameLib@@QAE@I@Z 1000b987 f   common:Socket.obj
 0001:0000a9ff       ??1CSocket@Win32@OnlineGameLib@@QAE@XZ 1000b9ff f   common:Socket.obj
 0001:0000aa7d       ?Attach@CSocket@Win32@OnlineGameLib@@QAEXI@Z 1000ba7d f   common:Socket.obj
 0001:0000aa9a       ?Detatch@CSocket@Win32@OnlineGameLib@@QAEIXZ 1000ba9a f   common:Socket.obj
 0001:0000aabb       ?Close@CSocket@Win32@OnlineGameLib@@QAEXXZ 1000babb f   common:Socket.obj
 0001:0000ab30       ?AbortiveClose@CSocket@Win32@OnlineGameLib@@QAEXXZ 1000bb30 f   common:Socket.obj
 0001:0000abca       ?Shutdown@CSocket@Win32@OnlineGameLib@@QAEXH@Z 1000bbca f   common:Socket.obj
 0001:0000ac45       ?Listen@CSocket@Win32@OnlineGameLib@@QAEXH@Z 1000bc45 f   common:Socket.obj
 0001:0000acc1       ?Bind@CSocket@Win32@OnlineGameLib@@QAEXABUsockaddr_in@@@Z 1000bcc1 f   common:Socket.obj
 0001:0000ad3f       ?Bind@CSocket@Win32@OnlineGameLib@@QAEXABUsockaddr@@I@Z 1000bd3f f   common:Socket.obj
 0001:0000adbf       ?Connect@CSocket@Win32@OnlineGameLib@@QAEXABUsockaddr_in@@@Z 1000bdbf f   common:Socket.obj
 0001:0000ae3d       ?Connect@CSocket@Win32@OnlineGameLib@@QAEXABUsockaddr@@I@Z 1000be3d f   common:Socket.obj
 0001:0000aebd       ??0InternetAddress@CSocket@Win32@OnlineGameLib@@QAE@KG@Z 1000bebd f   common:Socket.obj
 0001:0000aef7       ??0InternetAddress@CSocket@Win32@OnlineGameLib@@QAE@ABV?$basic_string@DU?$char_traits@D@std@@V?$allocator@D@2@@std@@G@Z 1000bef7 f   common:Socket.obj
 0001:0000af36       ??0Exception@CSocket@Win32@OnlineGameLib@@AAE@ABV?$basic_string@DU?$char_traits@D@std@@V?$allocator@D@2@@std@@K@Z 1000bf36 f   common:Socket.obj
 0001:0000af80       ??1Exception@CSocket@Win32@OnlineGameLib@@UAE@XZ 1000bf80 f i common:Socket.obj
 0001:0000afa0       ??0Exception@CSocket@Win32@OnlineGameLib@@QAE@ABV0123@@Z 1000bfa0 f i common:Socket.obj
 0001:0000afd0       ??_GException@CSocket@Win32@OnlineGameLib@@UAEPAXI@Z 1000bfd0 f i common:Socket.obj
 0001:0000afd0       ??_EException@CSocket@Win32@OnlineGameLib@@UAEPAXI@Z 1000bfd0 f i common:Socket.obj
 0001:0000b000       ??0CWin32Exception@Win32@OnlineGameLib@@QAE@ABV?$basic_string@DU?$char_traits@D@std@@V?$allocator@D@2@@std@@K@Z 1000c000 f   common:Win32Exception.obj
 0001:0000b0b0       ??0CException@Win32@OnlineGameLib@@QAE@ABV?$basic_string@DU?$char_traits@D@std@@V?$allocator@D@2@@std@@0@Z 1000c0b0 f   common:Exception.obj
 0001:0000b114       ?GetWhere@CException@Win32@OnlineGameLib@@UBE?AV?$basic_string@DU?$char_traits@D@std@@V?$allocator@D@2@@std@@XZ 1000c114 f   common:Exception.obj
 0001:0000b145       ?GetMessageA@CException@Win32@OnlineGameLib@@UBE?AV?$basic_string@DU?$char_traits@D@std@@V?$allocator@D@2@@std@@XZ 1000c145 f   common:Exception.obj
 0001:0000b176       ?MessageBoxA@CException@Win32@OnlineGameLib@@QBEXPAUHWND__@@@Z 1000c176 f   common:Exception.obj
 0001:0000b240       ??0CNodeList@OnlineGameLib@@QAE@XZ 1000c240 f   common:NodeList.obj
 0001:0000b261       ?PushNode@CNodeList@OnlineGameLib@@QAEXPAVNode@12@@Z 1000c261 f   common:NodeList.obj
 0001:0000b29f       ?PopNode@CNodeList@OnlineGameLib@@QAEPAVNode@12@XZ 1000c29f f   common:NodeList.obj
 0001:0000b2c9       ?RemoveNode@CNodeList@OnlineGameLib@@AAEXPAVNode@12@@Z 1000c2c9 f   common:NodeList.obj
 0001:0000b304       ??0Node@CNodeList@OnlineGameLib@@IAE@XZ 1000c304 f   common:NodeList.obj
 0001:0000b32f       ??1Node@CNodeList@OnlineGameLib@@IAE@XZ 1000c32f f   common:NodeList.obj
 0001:0000b3c2       ?AddToList@Node@CNodeList@OnlineGameLib@@QAEXPAV23@@Z 1000c3c2 f   common:NodeList.obj
 0001:0000b3d8       ?RemoveFromList@Node@CNodeList@OnlineGameLib@@QAEXXZ 1000c3d8 f   common:NodeList.obj
 0001:0000b3fb       ?Unlink@Node@CNodeList@OnlineGameLib@@AAEXXZ 1000c3fb f   common:NodeList.obj
 0001:0000b450       ?Next@Node@CNodeList@OnlineGameLib@@QAEXPAV123@@Z 1000c450 f i common:NodeList.obj
 0001:0000b480       ?Next@Node@CNodeList@OnlineGameLib@@QBEPAV123@XZ 1000c480 f i common:NodeList.obj
 0001:0000b490       ??2@YAPAXI@Z               1000c490 f   LIBCMT:new.obj
 0001:0000b49e       _time                      1000c49e f   LIBCMT:time.obj
 0001:0000b57a       ?_JumpToContinuation@@YGXPAXPAUEHRegistrationNode@@@Z 1000c57a f   LIBCMT:trnsctrl.obj
 0001:0000b5ae       ?_CallMemberFunction0@@YGXPAX0@Z 1000c5ae f   LIBCMT:trnsctrl.obj
 0001:0000b5b5       ?_CallMemberFunction1@@YGXPAX00@Z 1000c5b5 f   LIBCMT:trnsctrl.obj
 0001:0000b5bc       ?_CallMemberFunction2@@YGXPAX00H@Z 1000c5bc f   LIBCMT:trnsctrl.obj
 0001:0000b5c3       ?_UnwindNestedFrames@@YGXPAUEHRegistrationNode@@PAUEHExceptionRecord@@@Z 1000c5c3 f   LIBCMT:trnsctrl.obj
 0001:0000b612       ___CxxFrameHandler         1000c612 f   LIBCMT:trnsctrl.obj
 0001:0000b648       ___CxxLongjmpUnwind@4      1000c648 f   LIBCMT:trnsctrl.obj
 0001:0000b662       ?_CallCatchBlock2@@YAPAXPAUEHRegistrationNode@@PBU_s_FuncInfo@@PAXHK@Z 1000c662 f   LIBCMT:trnsctrl.obj
 0001:0000b6db       ?_CallSETranslator@@YAHPAUEHExceptionRecord@@PAUEHRegistrationNode@@PAX2PBU_s_FuncInfo@@H1@Z 1000c6db f   LIBCMT:trnsctrl.obj
 0001:0000b806       ?_GetRangeOfTrysToCheck@@YAPBU_s_TryBlockMapEntry@@PBU_s_FuncInfo@@HHPAI1@Z 1000c806 f   LIBCMT:trnsctrl.obj
 0001:0000b884       __global_unwind2           1000c884 f   LIBCMT:exsup.obj
 0001:0000b8c6       __local_unwind2            1000c8c6 f   LIBCMT:exsup.obj
 0001:0000b91e       __NLG_Return2              1000c91e f   LIBCMT:exsup.obj
 0001:0000b92e       __abnormal_termination     1000c92e f   LIBCMT:exsup.obj
 0001:0000b951       __NLG_Notify1              1000c951 f   LIBCMT:exsup.obj
 0001:0000b95a       __NLG_Notify               1000c95a f   LIBCMT:exsup.obj
 0001:0000b96d       __NLG_Dispatch             1000c96d f   LIBCMT:exsup.obj
 0001:0000b972       ??3@YAXPAX@Z               1000c972 f   LIBCMT:delete.obj
 0001:0000b97d       __purecall                 1000c97d f   LIBCMT:purevirt.obj
 0001:0000b986       ??1type_info@@UAE@XZ       1000c986 f   LIBCMT:typinfo.obj
 0001:0000b9af       ??_Etype_info@@UAEPAXI@Z   1000c9af f i LIBCMT:typinfo.obj
 0001:0000b9af       ??_Gtype_info@@UAEPAXI@Z   1000c9af f i LIBCMT:typinfo.obj
 0001:0000b9cb       ??8type_info@@QBEHABV0@@Z  1000c9cb f   LIBCMT:typinfo.obj
 0001:0000b9e6       ??9type_info@@QBEHABV0@@Z  1000c9e6 f   LIBCMT:typinfo.obj
 0001:0000ba02       ?before@type_info@@QBEHABV1@@Z 1000ca02 f   LIBCMT:typinfo.obj
 0001:0000ba21       ?raw_name@type_info@@QBEPBDXZ 1000ca21 f   LIBCMT:typinfo.obj
 0001:0000ba25       ??0type_info@@AAE@ABV0@@Z  1000ca25 f   LIBCMT:typinfo.obj
 0001:0000ba30       ??4type_info@@AAEAAV0@ABV0@@Z 1000ca30 f   LIBCMT:typinfo.obj
 0001:0000ba40       _strlen                    1000ca40 f   LIBCMT:strlen.obj
 0001:0000bac0       _memcpy                    1000cac0 f   LIBCMT:memcpy.obj
 0001:0000be00       _memcmp                    1000ce00 f   LIBCMT:memcmp.obj
 0001:0000beb0       _memmove                   1000ceb0 f   LIBCMT:memmove.obj
 0001:0000c1e5       __onexit                   1000d1e5 f   LIBCMT:onexit.obj
 0001:0000c263       _atexit                    1000d263 f   LIBCMT:onexit.obj
 0001:0000c275       ___onexitinit              1000d275 f   LIBCMT:onexit.obj
 0001:0000c2a4       __CRT_INIT@12              1000d2a4 f   LIBCMT:dllcrt0.obj
 0001:0000c37d       __DllMainCRTStartup@12     1000d37d f   LIBCMT:dllcrt0.obj
 0001:0000c41a       __amsg_exit                1000d41a f   LIBCMT:dllcrt0.obj
 0001:0000c44d       __CxxThrowException@8      1000d44d f   LIBCMT:throw.obj
 0001:0000c490       _memset                    1000d490 f   LIBCMT:memset.obj
 0001:0000c4e8       __toupper                  1000d4e8 f   LIBCMT:toupper.obj
 0001:0000c4f0       _toupper                   1000d4f0 f   LIBCMT:toupper.obj
 0001:0000c55f       __toupper_lk               1000d55f f   LIBCMT:toupper.obj
 0001:0000c62b       _isalpha                   1000d62b f   LIBCMT:_ctype.obj
 0001:0000c659       _isupper                   1000d659 f   LIBCMT:_ctype.obj
 0001:0000c681       _islower                   1000d681 f   LIBCMT:_ctype.obj
 0001:0000c6a9       _isdigit                   1000d6a9 f   LIBCMT:_ctype.obj
 0001:0000c6d1       _isxdigit                  1000d6d1 f   LIBCMT:_ctype.obj
 0001:0000c6fe       _isspace                   1000d6fe f   LIBCMT:_ctype.obj
 0001:0000c726       _ispunct                   1000d726 f   LIBCMT:_ctype.obj
 0001:0000c74e       _isalnum                   1000d74e f   LIBCMT:_ctype.obj
 0001:0000c77c       _isprint                   1000d77c f   LIBCMT:_ctype.obj
 0001:0000c7aa       _isgraph                   1000d7aa f   LIBCMT:_ctype.obj
 0001:0000c7d8       _iscntrl                   1000d7d8 f   LIBCMT:_ctype.obj
 0001:0000c800       ___isascii                 1000d800 f   LIBCMT:_ctype.obj
 0001:0000c80d       ___toascii                 1000d80d f   LIBCMT:_ctype.obj
 0001:0000c815       ___iscsymf                 1000d815 f   LIBCMT:_ctype.obj
 0001:0000c852       ___iscsym                  1000d852 f   LIBCMT:_ctype.obj
 0001:0000c88f       _atol                      1000d88f f   LIBCMT:atox.obj
 0001:0000c91a       _atoi                      1000d91a f   LIBCMT:atox.obj
 0001:0000c925       __atoi64                   1000d925 f   LIBCMT:atox.obj
 0001:0000c9df       _strtok                    1000d9df f   LIBCMT:strtok.obj
 0001:0000ca83       _sprintf                   1000da83 f   LIBCMT:sprintf.obj
 0001:0000cae0       _strcpy                    1000dae0 f   LIBCMT:strcat.obj
 0001:0000caf0       _strcat                    1000daf0 f   LIBCMT:strcat.obj
 0001:0000cbd0       _fwrite                    1000dbd0 f   LIBCMT:fwrite.obj
 0001:0000cbff       __fwrite_lk                1000dbff f   LIBCMT:fwrite.obj
 0001:0000cd09       _fputc                     1000dd09 f   LIBCMT:fputc.obj
 0001:0000cd44       _putc                      1000dd44 f   LIBCMT:fputc.obj
 0001:0000cd54       _ungetc                    1000dd54 f   LIBCMT:ungetc.obj
 0001:0000cd7d       __ungetc_lk                1000dd7d f   LIBCMT:ungetc.obj
 0001:0000cdeb       _fgetc                     1000ddeb f   LIBCMT:fgetc.obj
 0001:0000ce1c       _getc                      1000de1c f   LIBCMT:fgetc.obj
 0001:0000ce27       _fgetpos                   1000de27 f   LIBCMT:fgetpos.obj
 0001:0000ce49       _fseek                     1000de49 f   LIBCMT:fseek.obj
 0001:0000ce75       __fseek_lk                 1000de75 f   LIBCMT:fseek.obj
 0001:0000cf02       _fsetpos                   1000df02 f   LIBCMT:fsetpos.obj
 0001:0000cf1a       _setvbuf                   1000df1a f   LIBCMT:setvbuf.obj
 0001:0000cfc9       _fflush                    1000dfc9 f   LIBCMT:fflush.obj
 0001:0000cff8       __fflush_lk                1000dff8 f   LIBCMT:fflush.obj
 0001:0000d026       __flush                    1000e026 f   LIBCMT:fflush.obj
 0001:0000d082       __flushall                 1000e082 f   LIBCMT:fflush.obj
 0001:0000d12f       _fclose                    1000e12f f   LIBCMT:fclose.obj
 0001:0000d160       __fclose_lk                1000e160 f   LIBCMT:fclose.obj
 0001:0000d1ac       __beginthreadex            1000e1ac f   LIBCMT:threadex.obj
 0001:0000d2b3       __endthreadex              1000e2b3 f   LIBCMT:threadex.obj
 0001:0000d2e5       _malloc                    1000e2e5 f   LIBCMT:malloc.obj
 0001:0000d2f7       __nh_malloc                1000e2f7 f   LIBCMT:malloc.obj
 0001:0000d323       __heap_alloc               1000e323 f   LIBCMT:malloc.obj
 0001:0000d371       ___loctotime_t             1000e371 f   LIBCMT:dtoxtime.obj
 0001:0000d433       ___InternalCxxFrameHandler 1000e433 f   LIBCMT:frame.obj
 0001:0000d788       ___FrameUnwindToState      1000e788 f   LIBCMT:frame.obj
 0001:0000dbc0       ?_DestructExceptionObject@@YAXPAUEHExceptionRecord@@E@Z 1000ebc0 f   LIBCMT:frame.obj
 0001:0000dc50       __CallSettingFrame@12      1000ec50 f   LIBCMT:lowhelpr.obj
 0001:0000dc77       __NLG_Return               1000ec77 f   LIBCMT:lowhelpr.obj
 0001:0000dc9c       __mtinit                   1000ec9c f   LIBCMT:tidtable.obj
 0001:0000dcf0       __mtterm                   1000ecf0 f   LIBCMT:tidtable.obj
 0001:0000dd0e       __initptd                  1000ed0e f   LIBCMT:tidtable.obj
 0001:0000dd21       __getptd                   1000ed21 f   LIBCMT:tidtable.obj
 0001:0000dd88       __freeptd                  1000ed88 f   LIBCMT:tidtable.obj
 0001:0000de28       ___threadid                1000ee28 f   LIBCMT:tidtable.obj
 0001:0000de2e       ___threadhandle            1000ee2e f   LIBCMT:tidtable.obj
 0001:0000de34       ?terminate@@YAXXZ          1000ee34 f   LIBCMT:hooks.obj
 0001:0000de95       ?unexpected@@YAXXZ         1000ee95 f   LIBCMT:hooks.obj
 0001:0000dead       ?_inconsistency@@YAXXZ     1000eead f   LIBCMT:hooks.obj
 0001:0000df03       _free                      1000ef03 f   LIBCMT:free.obj
 0001:0000df4b       __mtinitlocks              1000ef4b f   LIBCMT:mlock.obj
 0001:0000df74       __mtdeletelocks            1000ef74 f   LIBCMT:mlock.obj
 0001:0000dfe0       __lock                     1000efe0 f   LIBCMT:mlock.obj
 0001:0000e041       __unlock                   1000f041 f   LIBCMT:mlock.obj
 0001:0000e056       __lockerr_exit             1000f056 f   LIBCMT:mlock.obj
 0001:0000e070       _strcmp                    1000f070 f   LIBCMT:strcmp.obj
 0001:0000e0f4       __cinit                    1000f0f4 f   LIBCMT:crt0dat.obj
 0001:0000e121       _exit                      1000f121 f   LIBCMT:crt0dat.obj
 0001:0000e132       __exit                     1000f132 f   LIBCMT:crt0dat.obj
 0001:0000e143       __cexit                    1000f143 f   LIBCMT:crt0dat.obj
 0001:0000e152       __c_exit                   1000f152 f   LIBCMT:crt0dat.obj
 0001:0000e206       __lockexit                 1000f206 f   LIBCMT:crt0dat.obj
 0001:0000e20f       __unlockexit               1000f20f f   LIBCMT:crt0dat.obj
 0001:0000e232       _realloc                   1000f232 f   LIBCMT:realloc.obj
 0001:0000e36a       __msize                    1000f36a f   LIBCMT:msize.obj
 0001:0000e3af       __ioinit                   1000f3af f   LIBCMT:ioinit.obj
 0001:0000e56b       __ioterm                   1000f56b f   LIBCMT:ioinit.obj
 0001:0000e5bf       __setenvp                  1000f5bf f   LIBCMT:stdenvp.obj
 0001:0000e678       __setargv                  1000f678 f   LIBCMT:stdargv.obj
 0001:0000e8c5       ___crtGetEnvironmentStringsA 1000f8c5 f   LIBCMT:a_env.obj
 0001:0000e9f7       __heap_init                1000f9f7 f   LIBCMT:heapinit.obj
 0001:0000ea33       __heap_term                1000fa33 f   LIBCMT:heapinit.obj
 0001:0000eaa8       __FF_MSGBANNER             1000faa8 f   LIBCMT:crt0msg.obj
 0001:0000eae1       __NMSG_WRITE               1000fae1 f   LIBCMT:crt0msg.obj
 0001:0000ec34       __GET_RTERRMSG             1000fc34 f   LIBCMT:crt0msg.obj
 0001:0000ec65       ?__CxxUnhandledExceptionFilter@@YGJPAU_EXCEPTION_POINTERS@@@Z 1000fc65 f   LIBCMT:unhandld.obj
 0001:0000ecab       ?__CxxSetUnhandledExceptionFilter@@YAXXZ 1000fcab f   LIBCMT:unhandld.obj
 0001:0000ecbc       ?__CxxRestoreUnhandledExceptionFilter@@YAXXZ 1000fcbc f   LIBCMT:unhandld.obj
 0001:0000ecc9       _setlocale                 1000fcc9 f   LIBCMT:setlocal.obj
 0001:0000f0e3       __expandlocale             100100e3 f   LIBCMT:setlocal.obj
 0001:0000f1fb       ___init_dummy              100101fb f   LIBCMT:setlocal.obj
 0001:0000f1fe       __strcats                  100101fe f   LIBCMT:setlocal.obj
 0001:0000f223       ___lc_strtolc              10010223 f   LIBCMT:setlocal.obj
 0001:0000f2ef       ___lc_lctostr              100102ef f   LIBCMT:setlocal.obj
 0001:0000f342       ___crtLCMapStringA         10010342 f   LIBCMT:a_map.obj
 0001:0000f591       __isctype                  10010591 f   LIBCMT:isctype.obj
 0001:0000f610       __allmul                   10010610 f   LIBCMT:llmul.obj
 0001:0000f644       __flsbuf                   10010644 f   LIBCMT:_flsbuf.obj
 0001:0000f75c       __output                   1001075c f   LIBCMT:output.obj
 0001:0000ff66       ___initstdio               10010f66 f   LIBCMT:_file.obj
 0001:0001000e       ___endstdio                1001100e f   LIBCMT:_file.obj
 0001:00010022       __lock_file                10011022 f   LIBCMT:_file.obj
 0001:00010051       __lock_file2               10011051 f   LIBCMT:_file.obj
 0001:00010074       __unlock_file              10011074 f   LIBCMT:_file.obj
 0001:000100a3       __unlock_file2             100110a3 f   LIBCMT:_file.obj
 0001:000100c6       __write                    100110c6 f   LIBCMT:write.obj
 0001:0001012b       __write_lk                 1001112b f   LIBCMT:write.obj
 0001:000102b6       __getbuf                   100112b6 f   LIBCMT:_getbuf.obj
 0001:000102fa       __filbuf                   100112fa f   LIBCMT:_filbuf.obj
 0001:000103d6       __ftelli64                 100113d6 f   LIBCMT:ftelli64.obj
 0001:000103fe       __ftelli64_lk              100113fe f   LIBCMT:ftelli64.obj
 0001:0001058e       __dosmaperr                1001158e f   LIBCMT:dosmap.obj
 0001:00010601       __errno                    10011601 f   LIBCMT:dosmap.obj
 0001:0001060a       ___doserrno                1001160a f   LIBCMT:dosmap.obj
 0001:00010613       __lseek                    10011613 f   LIBCMT:lseek.obj
 0001:00010678       __lseek_lk                 10011678 f   LIBCMT:lseek.obj
 0001:000106eb       _ftell                     100116eb f   LIBCMT:ftell.obj
 0001:0001070d       __ftell_lk                 1001170d f   LIBCMT:ftell.obj
 0001:0001086e       __fseeki64                 1001186e f   LIBCMT:fseeki64.obj
 0001:0001089d       __fseeki64_lk              1001189d f   LIBCMT:fseeki64.obj
 0001:0001092e       __freebuf                  1001192e f   LIBCMT:_freebuf.obj
 0001:00010959       __commit                   10011959 f   LIBCMT:commit.obj
 0001:000109ec       __close                    100119ec f   LIBCMT:close.obj
 0001:00010a49       __close_lk                 10011a49 f   LIBCMT:close.obj
 0001:00010acc       _calloc                    10011acc f   LIBCMT:calloc.obj
 0001:00010b59       __XcptFilter               10011b59 f   LIBCMT:winxfltr.obj
 0001:00010cdc       __except_handler3          10011cdc f   LIBCMT:exsup3.obj
 0001:00010d99       __seh_longjmp_unwind@4     10011d99 f   LIBCMT:exsup3.obj
 0001:00010db4       ?_set_new_handler@@YAP6AHI@ZP6AHI@Z@Z 10011db4 f   LIBCMT:handler.obj
 0001:00010dd8       ?_query_new_handler@@YAP6AHI@ZXZ 10011dd8 f   LIBCMT:handler.obj
 0001:00010dde       __callnewh                 10011dde f   LIBCMT:handler.obj
 0001:00010df9       __get_sbh_threshold        10011df9 f   LIBCMT:sbheap.obj
 0001:00010dff       __set_sbh_threshold        10011dff f   LIBCMT:sbheap.obj
 0001:00010e16       ___sbh_heap_init           10011e16 f   LIBCMT:sbheap.obj
 0001:00010e54       ___sbh_find_block          10011e54 f   LIBCMT:sbheap.obj
 0001:00010e7f       ___sbh_free_block          10011e7f f   LIBCMT:sbheap.obj
 0001:000111aa       ___sbh_alloc_block         100121aa f   LIBCMT:sbheap.obj
 0001:000114b3       ___sbh_alloc_new_region    100124b3 f   LIBCMT:sbheap.obj
 0001:00011564       ___sbh_alloc_new_group     10012564 f   LIBCMT:sbheap.obj
 0001:0001165f       ___sbh_resize_block        1001265f f   LIBCMT:sbheap.obj
 0001:00011955       ___sbh_heapmin             10012955 f   LIBCMT:sbheap.obj
 0001:00011a26       ___sbh_heap_check          10012a26 f   LIBCMT:sbheap.obj
 0001:00011d55       ___tzset                   10012d55 f   LIBCMT:tzset.obj
 0001:00011d83       __tzset                    10012d83 f   LIBCMT:tzset.obj
 0001:00012020       __isindst                  10013020 f   LIBCMT:tzset.obj
 0001:0001232d       ?_ValidateRead@@YAHPBXI@Z  1001332d f   LIBCMT:validate.obj
 0001:00012349       ?_ValidateWrite@@YAHPAXI@Z 10013349 f   LIBCMT:validate.obj
 0001:00012365       ?_ValidateExecute@@YAHP6GHXZ@Z 10013365 f   LIBCMT:validate.obj
 0001:0001237d       _abort                     1001337d f   LIBCMT:abort.obj
 0001:00012394       __setmbcp                  10013394 f   LIBCMT:mbctype.obj
 0001:0001276c       __getmbcp                  1001376c f   LIBCMT:mbctype.obj
 0001:0001277c       ___initmbctable            1001377c f   LIBCMT:mbctype.obj
 0001:00012798       ___crtMessageBoxA          10013798 f   LIBCMT:crtmbox.obj
 0001:00012830       _strncpy                   10013830 f   LIBCMT:strncpy.obj
 0001:0001292e       ___init_time               1001392e f   LIBCMT:inittime.obj
 0001:00012e9d       ___init_numeric            10013e9d f   LIBCMT:initnum.obj
 0001:000130a9       ___init_monetary           100140a9 f   LIBCMT:initmon.obj
 0001:0001331b       ___init_ctype              1001431b f   LIBCMT:initctyp.obj
 0001:00013560       ___init_collate            10014560 f   LIBCMT:initcoll.obj
 0001:00013570       _strcspn                   10014570 f   LIBCMT:strcspn.obj
 0001:000135b0       _strncmp                   100145b0 f   LIBCMT:strncmp.obj
 0001:000135f0       _strpbrk                   100145f0 f   LIBCMT:strpbrk.obj
[...]
 0001:0000668e       _$E18                      1000768e f   common:Utils.obj
 0001:000066a0       _$E17                      100076a0 f   common:Utils.obj
 0001:000066af       _$E25                      100076af f   common:Utils.obj
 0001:000066be       _$E22                      100076be f   common:Utils.obj
 0001:000066cd       _$E24                      100076cd f   common:Utils.obj
 0001:000066df       _$E23                      100076df f   common:Utils.obj
 0001:000066ee       _$E30                      100076ee f   common:Utils.obj
 0001:000066fd       _$E27                      100076fd f   common:Utils.obj
 0001:0000670c       _$E29                      1000770c f   common:Utils.obj
 0001:0000671e       _$E28                      1000771e f   common:Utils.obj
 0001:0000672d       _$E35                      1000772d f   common:Utils.obj
 0001:0000673c       _$E32                      1000773c f   common:Utils.obj
 0001:0000674d       _$E34                      1000774d f   common:Utils.obj
 0001:0000675f       _$E33                      1000775f f   common:Utils.obj
 0001:0000676e       _$E40                      1000776e f   common:Utils.obj
 0001:0000677d       _$E37                      1000777d f   common:Utils.obj
 0001:00006798       _$E39                      10007798 f   common:Utils.obj
 0001:000067aa       _$E38                      100077aa f   common:Utils.obj
 0001:00006f82       _$E43                      10007f82 f   common:Utils.obj
 0001:00007458       _$E45                      10008458 f   common:Utils.obj
 0001:00007520       _$E47                      10008520 f   common:Utils.obj
 0001:000075ea       _$E49                      100085ea f   common:Utils.obj
 0001:00007926       _$E51                      10008926 f   common:Utils.obj
 0001:00007b53       _$E58                      10008b53 f   common:Utils.obj
 0001:00007b62       _$E57                      10008b62 f   common:Utils.obj
 0001:00004846       _$E23                      10005846 f   common:IOBuffer.obj
 0001:00004855       _$E22                      10005855 f   common:IOBuffer.obj
 0001:000035aa       _$E23                      100045aa f   common:SocketClient.obj
 0001:000035b9       _$E22                      100045b9 f   common:SocketClient.obj
 0001:00016899       _findenv                   10017899 f   LIBCMT:setenv.obj
 0001:000168f1       _copy_environ              100178f1 f   LIBCMT:setenv.obj
 0001:000166e7       _strncnt                   100176e7 f   LIBCMT:a_cmp.obj
 0001:00015cfd       _xtoa                      10016cfd f   LIBCMT:xtoa.obj
 0001:00015dcf       _x64toa@20                 10016dcf f   LIBCMT:xtoa.obj
 0001:00015230       __expandtime               10016230 f   LIBCMT:strftime.obj
 0001:0001561f       __store_str                1001661f f   LIBCMT:strftime.obj
 0001:00015646       __store_num                10016646 f   LIBCMT:strftime.obj
 0001:000156b5       __store_number             100166b5 f   LIBCMT:strftime.obj
 0001:000156fe       __store_winword            100166fe f   LIBCMT:strftime.obj
 0001:00014b92       _ctrlevent_capture@4       10015b92 f   LIBCMT:winsig.obj
 0001:00014d76       _siglookup                 10015d76 f   LIBCMT:winsig.obj
 0001:000137a7       _TranslateName             100147a7 f   LIBCMT:getqloc.obj
 0001:000137ff       _GetLcidFromLangCountry    100147ff f   LIBCMT:getqloc.obj
 0001:00013886       _LangCountryEnumProc@4     10014886 f   LIBCMT:getqloc.obj
 0001:00013a8a       _GetLcidFromLanguage       10014a8a f   LIBCMT:getqloc.obj
 0001:00013ae0       _LanguageEnumProc@4        10014ae0 f   LIBCMT:getqloc.obj
 0001:00013b9d       _GetLcidFromCountry        10014b9d f   LIBCMT:getqloc.obj
 0001:00013bd4       _CountryEnumProc@4         10014bd4 f   LIBCMT:getqloc.obj
 0001:00013c5a       _GetLcidFromDefault        10014c5a f   LIBCMT:getqloc.obj
 0001:00013c74       _ProcessCodePage           10014c74 f   LIBCMT:getqloc.obj
 0001:00013cda       _TestDefaultCountry        10014cda f   LIBCMT:getqloc.obj
 0001:00013cf9       _TestDefaultLanguage       10014cf9 f   LIBCMT:getqloc.obj
 0001:00013d5b       _IsThisWindowsNT           10014d5b f   LIBCMT:getqloc.obj
 0001:00013d91       _crtGetLocaleInfoA@16      10014d91 f   LIBCMT:getqloc.obj
 0001:00013e77       _LcidFromHexString         10014e77 f   LIBCMT:getqloc.obj
 0001:00013eb0       _GetPrimaryLen             10014eb0 f   LIBCMT:getqloc.obj
 0001:00013174       __get_lc_lconv             10014174 f   LIBCMT:initmon.obj
 0001:00013296       _fix_grouping              10014296 f   LIBCMT:initmon.obj
 0001:000132cd       __free_lc_lconv            100142cd f   LIBCMT:initmon.obj
 0001:00013072       _fix_grouping              10014072 f   LIBCMT:initnum.obj
 0001:000129bf       __get_lc_time              100139bf f   LIBCMT:inittime.obj
 0001:00012d0d       __free_lc_time             10013d0d f   LIBCMT:inittime.obj
 0001:00012541       _getSystemCP               10013541 f   LIBCMT:mbctype.obj
 0001:0001258b       _CPtoLCID                  1001358b f   LIBCMT:mbctype.obj
 0001:000125be       _setSBCS                   100135be f   LIBCMT:mbctype.obj
 0001:000125e7       _setSBUpLow                100135e7 f   LIBCMT:mbctype.obj
 0001:00011d99       __tzset_lk                 10012d99 f   LIBCMT:tzset.obj
 0001:00012041       __isindst_lk               10013041 f   LIBCMT:tzset.obj
 0001:000121ed       _cvtdate                   100131ed f   LIBCMT:tzset.obj
 0001:00010c97       _xcptlookup                10011c97 f   LIBCMT:winxfltr.obj
 0001:0000fe9d       _write_char                10010e9d f   LIBCMT:output.obj
 0001:0000fed2       _write_multi_char          10010ed2 f   LIBCMT:output.obj
 0001:0000ff03       _write_string              10010f03 f   LIBCMT:output.obj
 0001:0000ff3b       _get_int_arg               10010f3b f   LIBCMT:output.obj
 0001:0000ff48       _get_int64_arg             10010f48 f   LIBCMT:output.obj
 0001:0000ff58       _get_short_arg             10010f58 f   LIBCMT:output.obj
 0001:0000f566       _strncnt                   10010566 f   LIBCMT:a_map.obj
 0001:0000ef0f       __setlocale_set_cat        1000ff0f f   LIBCMT:setlocal.obj
 0001:0000f02a       __setlocale_get_all        1001002a f   LIBCMT:setlocal.obj
 0001:0000e711       _parse_cmdline             1000f711 f   LIBCMT:stdargv.obj
 0001:0000e161       _doexit                    1000f161 f   LIBCMT:crt0dat.obj
 0001:0000e218       __initterm                 1000f218 f   LIBCMT:crt0dat.obj
 0001:0000d4ce       ?FindHandler@@YAXPAUEHExceptionRecord@@PAUEHRegistrationNode@@PAU_CONTEXT@@PAXPBU_s_FuncInfo@@EH1@Z 1000e4ce f   LIBCMT:frame.obj
 0001:0000d681       ?FindHandlerForForeignException@@YAXPAUEHExceptionRecord@@PAUEHRegistrationNode@@PAU_CONTEXT@@PAXPBU_s_FuncInfo@@HH1@Z 1000e681 f   LIBCMT:frame.obj
 0001:0000d72b       ?TypeMatch@@YAHPBU_s_HandlerType@@PBU_s_CatchableType@@PBU_s_ThrowInfo@@@Z 1000e72b f   LIBCMT:frame.obj
 0001:0000d826       ?FrameUnwindFilter@@YAHPAU_EXCEPTION_POINTERS@@@Z 1000e826 f   LIBCMT:frame.obj
 0001:0000d83c       ?CatchIt@@YAXPAUEHExceptionRecord@@PAUEHRegistrationNode@@PAU_CONTEXT@@PAXPBU_s_FuncInfo@@PBU_s_HandlerType@@PBU_s_CatchableType@@PBU_s_TryBlockMapEntry@@H1E@Z 1000e83c f   LIBCMT:frame.obj
 0001:0000d8b7       ?CallCatchBlock@@YAPAXPAUEHExceptionRecord@@PAUEHRegistrationNode@@PAU_CONTEXT@@PBU_s_FuncInfo@@PAXHK@Z 1000e8b7 f   LIBCMT:frame.obj
 0001:0000d9d2       ?ExFilterRethrow@@YAHPAU_EXCEPTION_POINTERS@@@Z 1000e9d2 f   LIBCMT:frame.obj
 0001:0000d9fc       ?BuildCatchObject@@YAXPAUEHExceptionRecord@@PAUEHRegistrationNode@@PBU_s_HandlerType@@PBU_s_CatchableType@@@Z 1000e9fc f   LIBCMT:frame.obj
 0001:0000dc27       ?AdjustPointer@@YAPAXPAXABUPMD@@@Z 1000ec27 f   LIBCMT:frame.obj
 0001:0000d217       __threadstartex@4          1000e217 f   LIBCMT:threadex.obj
 0001:0000d08b       _flsall                    1000e08b f   LIBCMT:fflush.obj
 0001:0000bf20       LeadUp1                    1000cf20 f   LIBCMT:memmove.obj
 0001:0000bf4c       LeadUp2                    1000cf4c f   LIBCMT:memmove.obj
 0001:0000bf70       LeadUp3                    1000cf70 f   LIBCMT:memmove.obj
 0001:0000bfef       UnwindUp0                  1000cfef f   LIBCMT:memmove.obj
 0001:0000bfdc       UnwindUp1                  1000cfdc f   LIBCMT:memmove.obj
 0001:0000bfd4       UnwindUp2                  1000cfd4 f   LIBCMT:memmove.obj
 0001:0000bfcc       UnwindUp3                  1000cfcc f   LIBCMT:memmove.obj
 0001:0000bfc4       UnwindUp4                  1000cfc4 f   LIBCMT:memmove.obj
 0001:0000bfbc       UnwindUp5                  1000cfbc f   LIBCMT:memmove.obj
 0001:0000bfb4       UnwindUp6                  1000cfb4 f   LIBCMT:memmove.obj
 0001:0000bfac       UnwindUp7                  1000cfac f   LIBCMT:memmove.obj
 0001:0000c008       TrailUp0                   1000d008 f   LIBCMT:memmove.obj
 0001:0000c010       TrailUp1                   1000d010 f   LIBCMT:memmove.obj
 0001:0000c01c       TrailUp2                   1000d01c f   LIBCMT:memmove.obj
 0001:0000c030       TrailUp3                   1000d030 f   LIBCMT:memmove.obj
 0001:0000c0a8       LeadDown1                  1000d0a8 f   LIBCMT:memmove.obj
 0001:0000c0c8       LeadDown2                  1000d0c8 f   LIBCMT:memmove.obj
 0001:0000c0f0       LeadDown3                  1000d0f0 f   LIBCMT:memmove.obj
 0001:0000c144       UnwindDown7                1000d144 f   LIBCMT:memmove.obj
 0001:0000c14c       UnwindDown6                1000d14c f   LIBCMT:memmove.obj
 0001:0000c154       UnwindDown5                1000d154 f   LIBCMT:memmove.obj
 0001:0000c15c       UnwindDown4                1000d15c f   LIBCMT:memmove.obj
 0001:0000c164       UnwindDown3                1000d164 f   LIBCMT:memmove.obj
 0001:0000c16c       UnwindDown2                1000d16c f   LIBCMT:memmove.obj
 0001:0000c174       UnwindDown1                1000d174 f   LIBCMT:memmove.obj
 0001:0000c187       UnwindDown0                1000d187 f   LIBCMT:memmove.obj
 0001:0000c1a0       TrailDown0                 1000d1a0 f   LIBCMT:memmove.obj
 0001:0000c1a8       TrailDown1                 1000d1a8 f   LIBCMT:memmove.obj
 0001:0000c1b8       TrailDown2                 1000d1b8 f   LIBCMT:memmove.obj
 0001:0000c1cc       TrailDown3                 1000d1cc f   LIBCMT:memmove.obj
 0001:0000bb30       LeadUp1                    1000cb30 f   LIBCMT:memcpy.obj
 0001:0000bb5c       LeadUp2                    1000cb5c f   LIBCMT:memcpy.obj
 0001:0000bb80       LeadUp3                    1000cb80 f   LIBCMT:memcpy.obj
 0001:0000bbff       UnwindUp0                  1000cbff f   LIBCMT:memcpy.obj
 0001:0000bbec       UnwindUp1                  1000cbec f   LIBCMT:memcpy.obj
 0001:0000bbe4       UnwindUp2                  1000cbe4 f   LIBCMT:memcpy.obj
 0001:0000bbdc       UnwindUp3                  1000cbdc f   LIBCMT:memcpy.obj
 0001:0000bbd4       UnwindUp4                  1000cbd4 f   LIBCMT:memcpy.obj
 0001:0000bbcc       UnwindUp5                  1000cbcc f   LIBCMT:memcpy.obj
 0001:0000bbc4       UnwindUp6                  1000cbc4 f   LIBCMT:memcpy.obj
 0001:0000bbbc       UnwindUp7                  1000cbbc f   LIBCMT:memcpy.obj
 0001:0000bc18       TrailUp0                   1000cc18 f   LIBCMT:memcpy.obj
 0001:0000bc20       TrailUp1                   1000cc20 f   LIBCMT:memcpy.obj
 0001:0000bc2c       TrailUp2                   1000cc2c f   LIBCMT:memcpy.obj
 0001:0000bc40       TrailUp3                   1000cc40 f   LIBCMT:memcpy.obj
 0001:0000bcb8       LeadDown1                  1000ccb8 f   LIBCMT:memcpy.obj
 0001:0000bcd8       LeadDown2                  1000ccd8 f   LIBCMT:memcpy.obj
 0001:0000bd00       LeadDown3                  1000cd00 f   LIBCMT:memcpy.obj
 0001:0000bd54       UnwindDown7                1000cd54 f   LIBCMT:memcpy.obj
 0001:0000bd5c       UnwindDown6                1000cd5c f   LIBCMT:memcpy.obj
 0001:0000bd64       UnwindDown5                1000cd64 f   LIBCMT:memcpy.obj
 0001:0000bd6c       UnwindDown4                1000cd6c f   LIBCMT:memcpy.obj
 0001:0000bd74       UnwindDown3                1000cd74 f   LIBCMT:memcpy.obj
 0001:0000bd7c       UnwindDown2                1000cd7c f   LIBCMT:memcpy.obj
 0001:0000bd84       UnwindDown1                1000cd84 f   LIBCMT:memcpy.obj
 0001:0000bd97       UnwindDown0                1000cd97 f   LIBCMT:memcpy.obj
 0001:0000bdb0       TrailDown0                 1000cdb0 f   LIBCMT:memcpy.obj
 0001:0000bdb8       TrailDown1                 1000cdb8 f   LIBCMT:memcpy.obj
 0001:0000bdc8       TrailDown2                 1000cdc8 f   LIBCMT:memcpy.obj
 0001:0000bddc       TrailDown3                 1000cddc f   LIBCMT:memcpy.obj
 0001:0000b89c       _gu_return                 1000c89c f   LIBCMT:exsup.obj
 0001:0000b8a4       __unwind_handler           1000c8a4 f   LIBCMT:exsup.obj
 0001:0000b6b6       ?CatchGuardHandler@@YA?AW4_EXCEPTION_DISPOSITION@@PAUEHExceptionRecord@@PAUCatchGuardRN@@PAX2@Z 1000c6b6 f   LIBCMT:trnsctrl.obj
 0001:0000b791       ?TranslatorGuardHandler@@YA?AW4_EXCEPTION_DISPOSITION@@PAUEHExceptionRecord@@PAUTranslatorGuardRN@@PAX2@Z 1000c791 f   LIBCMT:trnsctrl.obj
 0001:00019210       _$E2                       1001a210 f   libcpmt:nomemory.obj
 0001:00018e0b       __Mbrtowc_lk               10019e0b f   libcpmt:xmbtowc.obj
 0001:00018874       _$E18                      10019874 f   libcpmt:locale0.obj
 0001:0001887e       _$E15                      1001987e f   libcpmt:locale0.obj
 0001:0001887f       _$E17                      1001987f f   libcpmt:locale0.obj
 0001:0001888b       _$E16                      1001988b f   libcpmt:locale0.obj
 0001:00018d66       _$E29                      10019d66 f   libcpmt:locale0.obj
 0001:00018d90       _$E25                      10019d90 f   libcpmt:locale0.obj
 0001:00018d9c       _$E28                      10019d9c f   libcpmt:locale0.obj
 0001:000173df       _$E18                      100183df f   libcpmt:wiostrea.obj
 0001:000173e9       _$E15                      100183e9 f   libcpmt:wiostrea.obj
 0001:000173f3       _$E17                      100183f3 f   libcpmt:wiostrea.obj
 0001:000173ff       _$E16                      100183ff f   libcpmt:wiostrea.obj
 0001:00017409       _$E24                      10018409 f   libcpmt:wiostrea.obj
 0001:00017413       _$E21                      10018413 f   libcpmt:wiostrea.obj
 0001:0001741d       _$E23                      1001841d f   libcpmt:wiostrea.obj
 0001:00017429       _$E22                      10018429 f   libcpmt:wiostrea.obj
 0001:00017433       _$E29                      10018433 f   libcpmt:wiostrea.obj
 0001:0001743d       _$E26                      1001843d f   libcpmt:wiostrea.obj
 0001:0001744a       _$E28                      1001844a f   libcpmt:wiostrea.obj
 0001:00017456       _$E27                      10018456 f   libcpmt:wiostrea.obj
 0001:00017460       _$E34                      10018460 f   libcpmt:wiostrea.obj
 0001:0001746a       _$E31                      1001846a f   libcpmt:wiostrea.obj
 0001:00017477       _$E33                      10018477 f   libcpmt:wiostrea.obj
 0001:00017483       _$E32                      10018483 f   libcpmt:wiostrea.obj
 0001:0001748d       _$E39                      1001848d f   libcpmt:wiostrea.obj
 0001:00017497       _$E36                      10018497 f   libcpmt:wiostrea.obj
 0001:000174a4       _$E38                      100184a4 f   libcpmt:wiostrea.obj
 0001:000174b0       _$E37                      100184b0 f   libcpmt:wiostrea.obj
 0001:000174ba       _$E44                      100184ba f   libcpmt:wiostrea.obj
 0001:000174c4       _$E41                      100184c4 f   libcpmt:wiostrea.obj
 0001:000174d3       _$E43                      100184d3 f   libcpmt:wiostrea.obj
 0001:000174df       _$E42                      100184df f   libcpmt:wiostrea.obj
 0001:000174fe       _$E49                      100184fe f   libcpmt:wiostrea.obj
 0001:00017508       _$E46                      10018508 f   libcpmt:wiostrea.obj
 0001:00017517       _$E48                      10018517 f   libcpmt:wiostrea.obj
 0001:00017523       _$E47                      10018523 f   libcpmt:wiostrea.obj
 0001:00017542       _$E54                      10018542 f   libcpmt:wiostrea.obj
 0001:0001754c       _$E51                      1001854c f   libcpmt:wiostrea.obj
 0001:0001755b       _$E53                      1001855b f   libcpmt:wiostrea.obj
 0001:00017567       _$E52                      10018567 f   libcpmt:wiostrea.obj
 0001:00017571       _$E59                      10018571 f   libcpmt:wiostrea.obj
 0001:0001757b       _$E56                      1001857b f   libcpmt:wiostrea.obj
 0001:0001758a       _$E58                      1001858a f   libcpmt:wiostrea.obj
 0001:00017596       _$E57                      10018596 f   libcpmt:wiostrea.obj
 0001:00018264       _$E70                      10019264 f   libcpmt:wiostrea.obj
 0001:0001828e       _$E66                      1001928e f   libcpmt:wiostrea.obj
 0001:0001829a       _$E69                      1001929a f   libcpmt:wiostrea.obj
 0001:00016f84       _$E18                      10017f84 f   libcpmt:iostream.obj
 0001:00016f8e       _$E15                      10017f8e f   libcpmt:iostream.obj
 0001:00016f9b       _$E17                      10017f9b f   libcpmt:iostream.obj
 0001:00016fa7       _$E16                      10017fa7 f   libcpmt:iostream.obj
 0001:00016fb1       _$E23                      10017fb1 f   libcpmt:iostream.obj
 0001:00016fbb       _$E20                      10017fbb f   libcpmt:iostream.obj
 0001:00016fc8       _$E22                      10017fc8 f   libcpmt:iostream.obj
 0001:00016fd4       _$E21                      10017fd4 f   libcpmt:iostream.obj
 0001:00016fde       _$E28                      10017fde f   libcpmt:iostream.obj
 0001:00016fe8       _$E25                      10017fe8 f   libcpmt:iostream.obj
 0001:00016ff7       _$E27                      10017ff7 f   libcpmt:iostream.obj
 0001:00017003       _$E26                      10018003 f   libcpmt:iostream.obj
 0001:0001700d       _$E33                      1001800d f   libcpmt:iostream.obj
 0001:00017017       _$E30                      10018017 f   libcpmt:iostream.obj
 0001:00017026       _$E32                      10018026 f   libcpmt:iostream.obj
 0001:00017032       _$E31                      10018032 f   libcpmt:iostream.obj
 0001:0001703c       _$E38                      1001803c f   libcpmt:iostream.obj
 0001:00017046       _$E35                      10018046 f   libcpmt:iostream.obj
 0001:00017053       _$E37                      10018053 f   libcpmt:iostream.obj
 0001:0001705f       _$E36                      1001805f f   libcpmt:iostream.obj
 0001:00017069       _$E43                      10018069 f   libcpmt:iostream.obj
 0001:00017073       _$E40                      10018073 f   libcpmt:iostream.obj
 0001:00017082       _$E42                      10018082 f   libcpmt:iostream.obj
 0001:0001708e       _$E41                      1001808e f   libcpmt:iostream.obj
 0001:00017098       _$E48                      10018098 f   libcpmt:iostream.obj
 0001:000170a2       _$E45                      100180a2 f   libcpmt:iostream.obj
 0001:000170b1       _$E47                      100180b1 f   libcpmt:iostream.obj
 0001:000170bd       _$E46                      100180bd f   libcpmt:iostream.obj
 0001:0001739d       _$E60                      1001839d f   libcpmt:iostream.obj
 0001:000173c7       _$E56                      100183c7 f   libcpmt:iostream.obj
 0001:000173d3       _$E59                      100183d3 f   libcpmt:iostream.obj
 0001:00016f51       ?_CleanUp@std@@YAXXZ       10017f51 f   libcpmt:xlock.obj
 0001:00016e90       _$E24                      10017e90 f   libcpmt:string.obj
 0001:00016eba       _$E20                      10017eba f   libcpmt:string.obj
 0001:00016ec6       _$E23                      10017ec6 f   libcpmt:string.obj
