 Engine

 Timestamp is 653bbb53 (Fri Oct 27 20:29:55 2023)

 Preferred load address is 10000000

 Start         Length     Name                   Class
 0001:00000000 0004b254H .text                   CODE
 0001:0004b260 00001143H .text$x                 CODE
 0002:00000000 000002dcH .idata$5                DATA
 0002:000002e0 00003fb4H .rdata                  DATA
 0002:00004298 000019d0H .xdata$x                DATA
 0002:00005c68 000000dcH .idata$2                DATA
 0002:00005d44 00000014H .idata$3                DATA
 0002:00005d58 000002dcH .idata$4                DATA
 0002:00006034 00000b5cH .idata$6                DATA
 0002:00006b90 0000c6f5H .edata                  DATA
 0003:00000000 00000004H .CRT$XCA                DATA
 0003:00000004 00000010H .CRT$XCU                DATA
 0003:00000014 00000004H .CRT$XCZ                DATA
 0003:00000018 00000004H .CRT$XIA                DATA
 0003:0000001c 00000004H .CRT$XIZ                DATA
 0003:00000020 000081d0H .data                   DATA
 0003:000081f0 00009230H .bss                    DATA

  Address         Publics by Value              Rva+Base     Lib:Object

 0001:00000000       ??0KSG_LogFile@@QAE@ABV0@@Z 10001000 f i KAutoMutex.obj
 0001:00000030       ??4KSG_LogFile@@QAEAAV0@ABV0@@Z 10001030 f i KAutoMutex.obj
 0001:00000050       ??_GKSG_LogFile@@UAEPAXI@Z 10001050 f i KAutoMutex.obj
 0001:00000080       ??_EKSG_LogFile@@UAEPAXI@Z 10001080 f i KAutoMutex.obj
 0001:000000f0       ?GetScreenMode@KDirectDraw@@QAEKXZ 100010f0 f i KAutoMutex.obj
 0001:00000110       ?GetScreenWidth@KDirectDraw@@QAEKXZ 10001110 f i KAutoMutex.obj
 0001:00000130       ?GetScreenHeight@KDirectDraw@@QAEKXZ 10001130 f i KAutoMutex.obj
 0001:00000150       ?GetScreenPitch@KDirectDraw@@QAEKXZ 10001150 f i KAutoMutex.obj
 0001:00000170       ?GetRGBBitCount@KDirectDraw@@QAEKXZ 10001170 f i KAutoMutex.obj
 0001:00000190       ?GetRGBBitMask16@KDirectDraw@@QAEKXZ 10001190 f i KAutoMutex.obj
 0001:000001b0       ?GetRGBBitMask32@KDirectDraw@@QAEKXZ 100011b0 f i KAutoMutex.obj
 0001:000001d0       ??4KDirectDraw@@QAEAAV0@ABV0@@Z 100011d0 f i KAutoMutex.obj
 0001:00000200       ?LockPrimaryBuffer@KDirectDraw@@QAEPAXXZ 10001200 f i KAutoMutex.obj
 0001:00000260       ?UnLockPrimaryBuffer@KDirectDraw@@QAEXXZ 10001260 f i KAutoMutex.obj
 0001:00000290       ?LockBackBuffer@KDirectDraw@@QAEPAXXZ 10001290 f i KAutoMutex.obj
 0001:000002f0       ?UnLockBackBuffer@KDirectDraw@@QAEXXZ 100012f0 f i KAutoMutex.obj
 0001:00000320       ?UpdateScreen@KDirectDraw@@QAEXPAUtagRECT@@@Z 10001320 f i KAutoMutex.obj
 0001:00000360       ?GetDirectSound@KDirectSound@@QAEPAUIDirectSound@@XZ 10001360 f i KAutoMutex.obj
 0001:00000370       ??4KDirectSound@@QAEAAV0@ABV0@@Z 10001370 f i KAutoMutex.obj
 0001:00000390       ??4KDirectInput@@QAEAAV0@ABV0@@Z 10001390 f i KAutoMutex.obj
 0001:000003c0       ??4KFile@@QAEAAV0@ABV0@@Z  100013c0 f i KAutoMutex.obj
 0001:000003f0       ?GetFilePath@KFileDialog@@QAEPADXZ 100013f0 f i KAutoMutex.obj
 0001:00000410       ?GetFileName@KFileDialog@@QAEPADXZ 10001410 f i KAutoMutex.obj
 0001:00000430       ?GetFileTitleA@KFileDialog@@QAEPADXZ 10001430 f i KAutoMutex.obj
 0001:00000450       ??4KFileDialog@@QAEAAV0@ABV0@@Z 10001450 f i KAutoMutex.obj
 0001:00000480       ??4KTimer@@QAEAAV0@ABV0@@Z 10001480 f i KAutoMutex.obj
 0001:000004b0       ?GetMemPtr@KMemClass@@QAEPAXXZ 100014b0 f i KAutoMutex.obj
 0001:000004c0       ?GetMemLen@KMemClass@@QAEKXZ 100014c0 f i KAutoMutex.obj
 0001:000004e0       ??4KMemClass@@QAEAAV0@ABV0@@Z 100014e0 f i KAutoMutex.obj
 0001:00000500       ?GetWidth@KSprite@@QAEHXZ  10001500 f i KAutoMutex.obj
 0001:00000520       ?GetHeight@KSprite@@QAEHXZ 10001520 f i KAutoMutex.obj
 0001:00000540       ?GetCenterX@KSprite@@QAEHXZ 10001540 f i KAutoMutex.obj
 0001:00000560       ?GetCenterY@KSprite@@QAEHXZ 10001560 f i KAutoMutex.obj
 0001:00000580       ?GetFrames@KSprite@@QAEHXZ 10001580 f i KAutoMutex.obj
 0001:000005a0       ?GetDirections@KSprite@@QAEHXZ 100015a0 f i KAutoMutex.obj
 0001:000005c0       ?GetInterval@KSprite@@QAEHXZ 100015c0 f i KAutoMutex.obj
 0001:000005e0       ?GetPalette@KSprite@@QAEPAXXZ 100015e0 f i KAutoMutex.obj
 0001:00000600       ?Get24Palette@KSprite@@QAEPAXXZ 10001600 f i KAutoMutex.obj
 0001:00000620       ??4KSprite@@QAEAAV0@ABV0@@Z 10001620 f i KAutoMutex.obj
 0001:00000650       ??1KSprite@@QAE@XZ         10001650 f i KAutoMutex.obj
 0001:000006a0       ??4KPakFile@@QAEAAV0@ABV0@@Z 100016a0 f i KAutoMutex.obj
 0001:000006d0       ??4KMemStack@@QAEAAV0@ABV0@@Z 100016d0 f i KAutoMutex.obj
 0001:00000700       ??4KIniFile@@QAEAAV0@ABV0@@Z 10001700 f i KAutoMutex.obj
 0001:00000730       ?Changed@KCanvas@@QAEXH@Z  10001730 f i KAutoMutex.obj
 0001:00000750       ?GetWidth@KCanvas@@QAEHXZ  10001750 f i KAutoMutex.obj
 0001:00000770       ?GetHeight@KCanvas@@QAEHXZ 10001770 f i KAutoMutex.obj
 0001:00000790       ?SetClipRect@KCanvas@@QAEXPAUtagRECT@@@Z 10001790 f i KAutoMutex.obj
 0001:000007c0       ?GetClipRect@KCanvas@@QAEXPAUtagRECT@@@Z 100017c0 f i KAutoMutex.obj
 0001:000007f0       ??4KCanvas@@QAEAAV0@ABV0@@Z 100017f0 f i KAutoMutex.obj
 0001:00000820       ?GetBitmap@KBitmap@@QAEPAXXZ 10001820 f i KAutoMutex.obj
 0001:00000840       ?GetPal32@KBitmap@@QAEPAUKPAL32@@XZ 10001840 f i KAutoMutex.obj
 0001:00000860       ?GetPal16@KBitmap@@QAEPAGXZ 10001860 f i KAutoMutex.obj
 0001:00000880       ?GetWidth@KBitmap@@QAEHXZ  10001880 f i KAutoMutex.obj
 0001:000008a0       ?GetHeight@KBitmap@@QAEHXZ 100018a0 f i KAutoMutex.obj
 0001:000008c0       ?GetColors@KBitmap@@QAEHXZ 100018c0 f i KAutoMutex.obj
 0001:000008e0       ??4KBitmap@@QAEAAV0@ABV0@@Z 100018e0 f i KAutoMutex.obj
 0001:00000910       ??1KBitmap@@QAE@XZ         10001910 f i KAutoMutex.obj
 0001:00000930       ?GetWidth@KFont@@QAEHXZ    10001930 f i KAutoMutex.obj
 0001:00000950       ?GetHeight@KFont@@QAEHXZ   10001950 f i KAutoMutex.obj
 0001:00000970       ?SetTextStyle@KFont@@QAEXH@Z 10001970 f i KAutoMutex.obj
 0001:00000990       ??4KFont@@QAEAAV0@ABV0@@Z  10001990 f i KAutoMutex.obj
 0001:000009c0       ?HandleInput@KWin32App@@MAEHIIJ@Z 100019c0 f i KAutoMutex.obj
 0001:000009d0       ??0KWin32App@@QAE@ABV0@@Z  100019d0 f i KAutoMutex.obj
 0001:00000a80       ??4KWin32App@@QAEAAV0@ABV0@@Z 10001a80 f i KAutoMutex.obj
 0001:00000b70       ??4KMutex@@QAEAAV0@ABV0@@Z 10001b70 f i KAutoMutex.obj
 0001:00000ba0       ??4KAutoMutex@@QAEAAV0@ABV0@@Z 10001ba0 f i KAutoMutex.obj
 0001:00000bc0       ??0KAutoMutex@@QAE@PAVKMutex@@@Z 10001bc0 f   KAutoMutex.obj
 0001:00000bea       ??1KAutoMutex@@QAE@XZ      10001bea f   KAutoMutex.obj
 0001:00000c10       ??4KAviFile@@QAEAAV0@ABV0@@Z 10001c10 f i KAviFile.obj
 0001:00000c40       ??0KAviFile@@QAE@XZ        10001c40 f   KAviFile.obj
 0001:00000c9b       ??1KAviFile@@QAE@XZ        10001c9b f   KAviFile.obj
 0001:00000ce9       ?Open@KAviFile@@QAEHPAD@Z  10001ce9 f   KAviFile.obj
 0001:00000da7       ?FillHeader@KAviFile@@QAEHXZ 10001da7 f   KAviFile.obj
 0001:00001491       ?GetAudioIndex@KAviFile@@QAEHXZ 10002491 f   KAviFile.obj
 0001:00001684       ?GetVideoIndex@KAviFile@@QAEHXZ 10002684 f   KAviFile.obj
 0001:0000185f       ?VideoStreams@KAviFile@@QAEHXZ 1000285f f   KAviFile.obj
 0001:00001870       ?AudioStreams@KAviFile@@QAEHXZ 10002870 f   KAviFile.obj
 0001:00001881       ?GetBitmapInfoHeader@KAviFile@@QAEXPAUtagBITMAPINFOHEADER@@@Z 10002881 f   KAviFile.obj
 0001:0000189f       ?GetWaveFormat@KAviFile@@QAEXPAUtWAVEFORMATEX@@@Z 1000289f f   KAviFile.obj
 0001:000018d3       ?GetCompressMethod@KAviFile@@QAEXPAD@Z 100028d3 f   KAviFile.obj
 0001:000018f5       ?NextFrame@KAviFile@@QAEHPAE@Z 100028f5 f   KAviFile.obj
 0001:00001997       ?ReadAudio@KAviFile@@QAEHPAEH@Z 10002997 f   KAviFile.obj
 0001:00001aae       ?FrameRate@KAviFile@@QAEHXZ 10002aae f   KAviFile.obj
 0001:00001ae5       ?CurrentFrame@KAviFile@@QAEHXZ 10002ae5 f   KAviFile.obj
 0001:00001af6       ?TotalFrames@KAviFile@@QAEHXZ 10002af6 f   KAviFile.obj
 0001:00001b07       ?VideoSeek@KAviFile@@QAEHH@Z 10002b07 f   KAviFile.obj
 0001:00001b7a       ?AudioSeek@KAviFile@@QAEHH@Z 10002b7a f   KAviFile.obj
 0001:00001ca3       ?IsKeyframe@KAviFile@@QAEHH@Z 10002ca3 f   KAviFile.obj
 0001:00001ce0       ?NextKeyFrame@KAviFile@@QAEHXZ 10002ce0 f   KAviFile.obj
 0001:00001d31       ?PreviousKeyFrame@KAviFile@@QAEHXZ 10002d31 f   KAviFile.obj
 0001:00001d8c       ?Rewind@KAviFile@@QAEHXZ   10002d8c f   KAviFile.obj
 0001:00001dba       ?Close@KAviFile@@QAEXXZ    10002dba f   KAviFile.obj
 0001:00001e20       ??0KBitmap@@QAE@XZ         10002e20 f   KBitmap.obj
 0001:00001e5d       ?Init@KBitmap@@QAEHHHH@Z   10002e5d f   KBitmap.obj
 0001:00001eb8       ?Draw@KBitmap@@QAEXHH@Z    10002eb8 f   KBitmap.obj
 0001:00001f0c       ?Clear@KBitmap@@QAEXE@Z    10002f0c f   KBitmap.obj
 0001:00001f25       ?MakePalette@KBitmap@@QAEXXZ 10002f25 f   KBitmap.obj
 0001:00001f53       ?PutPixel@KBitmap@@QAEXHHE@Z 10002f53 f   KBitmap.obj
 0001:00001f86       ?GetPixel@KBitmap@@QAEEHH@Z 10002f86 f   KBitmap.obj
 0001:00001fb6       ?Load@KBitmap@@QAEHPAD@Z   10002fb6 f   KBitmap.obj
 0001:000020cf       ?Save@KBitmap@@QAEHPAD@Z   100030cf f   KBitmap.obj
 0001:000021d0       ?GetBitmap@KBitmap16@@QAEPAXXZ 100031d0 f i KBitmap16.obj
 0001:000021f0       ?GetWidth@KBitmap16@@QAEHXZ 100031f0 f i KBitmap16.obj
 0001:00002210       ?GetHeight@KBitmap16@@QAEHXZ 10003210 f i KBitmap16.obj
 0001:00002230       ??4KBitmap16@@QAEAAV0@ABV0@@Z 10003230 f i KBitmap16.obj
 0001:00002260       ??1KBitmap16@@QAE@XZ       10003260 f i KBitmap16.obj
 0001:00002280       ??0KBitmap16@@QAE@XZ       10003280 f   KBitmap16.obj
 0001:000022aa       ?Init@KBitmap16@@QAEHHH@Z  100032aa f   KBitmap16.obj
 0001:000022e7       ?Free@KBitmap16@@QAEXXZ    100032e7 f   KBitmap16.obj
 0001:000022fa       ?Clear@KBitmap16@@QAEXXZ   100032fa f   KBitmap16.obj
 0001:0000230d       ?Draw@KBitmap16@@QAEXHH@Z  1000330d f   KBitmap16.obj
 0001:00002327       ?DrawLum@KBitmap16@@QAEXHHH@Z 10003327 f   KBitmap16.obj
 0001:00002341       ?PutPixel@KBitmap16@@QAEXHHG@Z 10003341 f   KBitmap16.obj
 0001:0000239f       ?GetPixel@KBitmap16@@QAEGHH@Z 1000339f f   KBitmap16.obj
 0001:000023ff       ?GetPointer@KBitmap16@@QAEPAGHH@Z 100033ff f   KBitmap16.obj
 0001:0000242c       ?Load@KBitmap16@@QAEHPAD@Z 1000342c f   KBitmap16.obj
 0001:0000257d       ?Save@KBitmap16@@QAEHPAD@Z 1000357d f   KBitmap16.obj
 0001:00002650       _g_CreateAlphaFromRGB      10003650 f   KBitmapConvert.obj
 0001:000026c0       ?GetSprite@KBmp2Spr@@QAEPAXXZ 100036c0 f i KBmp2Spr.obj
 0001:000026e0       ?GetLength@KBmp2Spr@@QAEJXZ 100036e0 f i KBmp2Spr.obj
 0001:00002700       ??4KBmp2Spr@@QAEAAV0@ABV0@@Z 10003700 f i KBmp2Spr.obj
 0001:00002730       ??1KBmp2Spr@@QAE@XZ        10003730 f i KBmp2Spr.obj
 0001:00002750       ??0KBmp2Spr@@QAE@XZ        10003750 f   KBmp2Spr.obj
 0001:0000279a       ?Convert@KBmp2Spr@@QAEHPAVKBitmap@@H@Z 1000379a f   KBmp2Spr.obj
 0001:00002871       ?ConvertRect@KBmp2Spr@@IAEJPAUtagRECT@@PAE@Z 10003871 f   KBmp2Spr.obj
 0001:00002944       ?ConvertLine@KBmp2Spr@@IAEJHHHPAE@Z 10003944 f   KBmp2Spr.obj
 0001:00002a53       ?GetTransCount@KBmp2Spr@@IAEJHHH@Z 10003a53 f   KBmp2Spr.obj
 0001:00002ad3       ?GetPixelCount@KBmp2Spr@@IAEJHHH@Z 10003ad3 f   KBmp2Spr.obj
 0001:00002b4f       ?GetMiniRect@KBmp2Spr@@IAEXPAUtagRECT@@@Z 10003b4f f   KBmp2Spr.obj
 0001:00002df0       ??4KBmpFile@@QAEAAV0@ABV0@@Z 10003df0 f i KBmpFile.obj
 0001:00002e20       ?Load@KBmpFile@@QAEHPADPAVKBitmap@@@Z 10003e20 f   KBmpFile.obj
 0001:0000313d       ?Save@KBmpFile@@QAEHPADPAVKBitmap@@@Z 1000413d f   KBmpFile.obj
 0001:0000338f       ?Decode@KBmpFile@@AAEXPAX0@Z 1000438f f   KBmpFile.obj
 0001:0000340e       ?Encode@KBmpFile@@AAEXPAX0@Z 1000440e f   KBmpFile.obj
 0001:00003490       ??4KBmpFile24@@QAEAAV0@ABV0@@Z 10004490 f i KBmpFile24.obj
 0001:000034c0       ?Load@KBmpFile24@@QAEHPADPAVKBitmap16@@@Z 100044c0 f   KBmpFile24.obj
 0001:00003791       ?Save@KBmpFile24@@QAEHPADPAVKBitmap16@@@Z 10004791 f   KBmpFile24.obj
 0001:000039b3       ?Decode@KBmpFile24@@AAEHPAX0@Z 100049b3 f   KBmpFile24.obj
 0001:00003aa2       ?Encode@KBmpFile24@@AAEHPAX0@Z 10004aa2 f   KBmpFile24.obj
 0001:00003bae       ?SaveBuffer24@KBmpFile24@@SAHPADPAXHHH@Z 10004bae f   KBmpFile24.obj
 0001:00003bd1       ?SaveBuffer32@KBmpFile24@@SAHPADPAXHHH@Z 10004bd1 f   KBmpFile24.obj
 0001:00003bf4       ?SaveBuffer@KBmpFile24@@CAHPADPAXHHH_N@Z 10004bf4 f   KBmpFile24.obj
 0001:00003f30       ??0KMemManager@@QAE@ABV0@@Z 10004f30 f i KCache.obj
 0001:00003f80       ??4KMemManager@@QAEAAV0@ABV0@@Z 10004f80 f i KCache.obj
 0001:00004000       ??0KList@@QAE@ABV0@@Z      10005000 f i KCache.obj
 0001:00004060       ??1KNode@@UAE@XZ           10005060 f i KCache.obj
 0001:00004080       ??_EKNode@@UAEPAXI@Z       10005080 f i KCache.obj
 0001:00004080       ??_GKNode@@UAEPAXI@Z       10005080 f i KCache.obj
 0001:000040b0       ??4KList@@QAEAAV0@ABV0@@Z  100050b0 f i KCache.obj
 0001:000040e0       ??0KNode@@QAE@ABV0@@Z      100050e0 f i KCache.obj
 0001:00004120       ??4KNode@@QAEAAV0@ABV0@@Z  10005120 f i KCache.obj
 0001:00004150       ?GetName@KStrNode@@UAEPADXZ 10005150 f i KCache.obj
 0001:00004170       ?SetName@KStrNode@@UAEXPAD@Z 10005170 f i KCache.obj
 0001:000041a0       ??0KStrNode@@QAE@ABV0@@Z   100051a0 f i KCache.obj
 0001:000041e0       ??4KStrNode@@QAEAAV0@ABV0@@Z 100051e0 f i KCache.obj
 0001:00004230       ??1KStrNode@@UAE@XZ        10005230 f i KCache.obj
 0001:00004250       ??_GKStrNode@@UAEPAXI@Z    10005250 f i KCache.obj
 0001:00004280       ??_EKStrNode@@UAEPAXI@Z    10005280 f i KCache.obj
 0001:000042f0       ??0KStrList@@QAE@XZ        100052f0 f i KCache.obj
 0001:00004310       ??0KList@@QAE@XZ           10005310 f i KCache.obj
 0001:00004380       ??0KNode@@QAE@XZ           10005380 f i KCache.obj
 0001:000043b0       ??0KStrList@@QAE@ABV0@@Z   100053b0 f i KCache.obj
 0001:000043d0       ??4KStrList@@QAEAAV0@ABV0@@Z 100053d0 f i KCache.obj
 0001:000043f0       ??1KStrList@@QAE@XZ        100053f0 f i KCache.obj
 0001:00004410       ??1KList@@QAE@XZ           10005410 f i KCache.obj
 0001:00004460       ?LoadNode@KCache@@UAEHPAVKCacheNode@@@Z 10005460 f i KCache.obj
 0001:00004470       ?FreeNode@KCache@@UAEXPAVKCacheNode@@@Z 10005470 f i KCache.obj
 0001:00004480       ??0KCache@@QAE@ABV0@@Z     10005480 f i KCache.obj
 0001:000044d0       ??4KCache@@QAEAAV0@ABV0@@Z 100054d0 f i KCache.obj
 0001:00004510       ??0KCache@@QAE@XZ          10005510 f   KCache.obj
 0001:00004546       ?Release@KCache@@UAEXXZ    10005546 f   KCache.obj
 0001:000045a2       ??1KCache@@QAE@XZ          100055a2 f   KCache.obj
 0001:000045c1       ?Init@KCache@@UAEXH@Z      100055c1 f   KCache.obj
 0001:000045e3       ?NewNode@KCache@@UAEPAVKCacheNode@@PAD@Z 100055e3 f   KCache.obj
 0001:000047b7       ?GetNode@KCache@@UAEPAVKCacheNode@@PADPAV2@@Z 100057b7 f   KCache.obj
 0001:0000481b       ?Prepare@KCache@@QAEXXZ    1000581b f   KCache.obj
 0001:000048ac       ?ClearNode@KCache@@QAEXPAD@Z 100058ac f   KCache.obj
 0001:00004930       ?RemoveHead@KList@@QAEPAVKNode@@XZ 10005930 f i KCache.obj
 0001:00004960       ?GetNext@KNode@@QAEPAV1@XZ 10005960 f i KCache.obj
 0001:00004990       ?Remove@KNode@@QAEXXZ      10005990 f i KCache.obj
 0001:000049e0       ?GetTail@KList@@QAEPAVKNode@@XZ 100059e0 f i KCache.obj
 0001:00004a00       ?GetPrev@KNode@@QAEPAV1@XZ 10005a00 f i KCache.obj
 0001:00004a30       ?AddHead@KList@@QAEXPAVKNode@@@Z 10005a30 f i KCache.obj
 0001:00004a50       ?InsertAfter@KNode@@QAEXPAV1@@Z 10005a50 f i KCache.obj
 0001:00004aa0       ?RemoveTail@KList@@QAEPAVKNode@@XZ 10005aa0 f i KCache.obj
 0001:00004ad0       ?GetNodeCount@KList@@QAEJXZ 10005ad0 f i KCache.obj
 0001:00004b10       ?GetHead@KList@@QAEPAVKNode@@XZ 10005b10 f i KCache.obj
 0001:00004b30       ??0KCacheNode@@QAE@XZ      10005b30 f i KCache.obj
 0001:00004b70       ??_GKCacheNode@@UAEPAXI@Z  10005b70 f i KCache.obj
 0001:00004b70       ??_EKCacheNode@@UAEPAXI@Z  10005b70 f i KCache.obj
 0001:00004ba0       ??1KCacheNode@@UAE@XZ      10005ba0 f i KCache.obj
 0001:00004bc0       ??0KCanvas@@QAE@XZ         10005bc0 f   KCanvas.obj
 0001:00004c11       ??1KCanvas@@QAE@XZ         10005c11 f   KCanvas.obj
 0001:00004c24       ?Init@KCanvas@@QAE_NHH@Z   10005c24 f   KCanvas.obj
 0001:00004d2a       ?Terminate@KCanvas@@QAEXXZ 10005d2a f   KCanvas.obj
 0001:00004d56       ?GetUpdateRect@KCanvas@@AAE_NPAUtagRECT@@0@Z 10005d56 f   KCanvas.obj
 0001:00004ec0       ?RectClip@KCanvas@@QAEHPAUtagRECT@@@Z 10005ec0 f   KCanvas.obj
 0001:00004f49       ?MakeClip@KCanvas@@QAEHJJJJPAUKClipper@@@Z 10005f49 f   KCanvas.obj
 0001:000050ac       ?FillCanvas@KCanvas@@QAEXG@Z 100060ac f   KCanvas.obj
 0001:000050f5       ?UpdateCanvas@KCanvas@@QAEXXZ 100060f5 f   KCanvas.obj
 0001:00005100       ?BltSurface@KCanvas@@QAEXPAUIDirectDrawSurface@@PAUtagRECT@@@Z 10006100 f   KCanvas.obj
 0001:00005142       ?UpdateScreen@KCanvas@@QAEXXZ 10006142 f   KCanvas.obj
 0001:00005157       ?DrawPixel@KCanvas@@QAEXHHH@Z 10006157 f   KCanvas.obj
 0001:000051dc       ?DrawPixelAlpha@KCanvas@@QAEXHHHH@Z 100061dc f   KCanvas.obj
 0001:00005267       ?DrawLine@KCanvas@@QAEXHHHHH@Z 10006267 f   KCanvas.obj
 0001:00005354       ?DrawLineAlpha@KCanvas@@QAEXHHHHHH@Z 10006354 f   KCanvas.obj
 0001:00005447       ?DrawSprite@KCanvas@@QAEXHHHHPAX0@Z 10006447 f   KCanvas.obj
 0001:000054de       ?DrawSpriteMixColor@KCanvas@@QAEXHHHHPAX0HH@Z 100064de f   KCanvas.obj
 0001:00005581       ?DrawSpriteWithColor@KCanvas@@QAEXHHHHPAX0HH@Z 10006581 f   KCanvas.obj
 0001:00005624       ?DrawSpriteAlpha@KCanvas@@QAEXHHHHPAX0H@Z 10006624 f   KCanvas.obj
 0001:000056d7       ?DrawSpriteBorder@KCanvas@@QAEXHHHHHPAX@Z 100066d7 f   KCanvas.obj
 0001:00005768       ?DrawSprite3LevelAlpha@KCanvas@@QAEXHHHHPAX0@Z 10006768 f   KCanvas.obj
 0001:000057e8       ?DrawFont@KCanvas@@QAEXHHHHHHPAX@Z 100067e8 f   KCanvas.obj
 0001:00005885       ?DrawFontWithBorder@KCanvas@@QAEXHHHHHHPAXH@Z 10006885 f   KCanvas.obj
 0001:00005922       ?DrawFontSolid@KCanvas@@QAEXHHHHHHPAX@Z 10006922 f   KCanvas.obj
 0001:000059bf       ?DrawBitmap@KCanvas@@QAEXHHHHPAX0@Z 100069bf f   KCanvas.obj
 0001:00005a56       ?DrawFade@KCanvas@@QAEXHHHHH@Z 10006a56 f   KCanvas.obj
 0001:00005ae7       ?DrawBitmap16@KCanvas@@QAEXHHHHPAX@Z 10006ae7 f   KCanvas.obj
 0001:00005b78       ?DrawBitmap16mmx@KCanvas@@QAEXHHHHPAX@Z 10006b78 f   KCanvas.obj
 0001:00005c09       ?DrawBitmap16win@KCanvas@@QAEXHHHHPAX@Z 10006c09 f   KCanvas.obj
 0001:00005c9a       ?Clear@KCanvas@@QAEXHHHHH@Z 10006c9a f   KCanvas.obj
 0001:00005cdd       ?DotClear@KCanvas@@QAEXHHHHH@Z 10006cdd f   KCanvas.obj
 0001:00005d6e       ?ClearAlpha@KCanvas@@QAEXHHHHHH@Z 10006d6e f   KCanvas.obj
 0001:00005e05       ?LockCanvas@KCanvas@@QAEPAXAAH@Z 10006e05 f   KCanvas.obj
 0001:00005e59       ?UnlockCanvas@KCanvas@@QAEXXZ 10006e59 f   KCanvas.obj
 0001:00005e90       ?UpdateBackBuffer@KCanvas@@AAEXPAUtagRECT@@@Z 10006e90 f i KCanvas.obj
 0001:00005f30       ?UpdateFrontBuffer@KCanvas@@AAEXPAUtagRECT@@@Z 10006f30 f i KCanvas.obj
 0001:00005fd0       ??0KDrawNode@@QAE@XZ       10006fd0 f i KCanvas.obj
 0001:00005ff0       ??1KDrawNode@@UAE@XZ       10006ff0 f i KCanvas.obj
 0001:00006010       ??_GKDrawNode@@UAEPAXI@Z   10007010 f i KCanvas.obj
 0001:00006010       ??_EKDrawNode@@UAEPAXI@Z   10007010 f i KCanvas.obj
 0001:00006040       ??0KCodec@@QAE@XZ          10007040 f i KCodec.obj
 0001:00006060       ??0KCodec@@QAE@ABV0@@Z     10007060 f i KCodec.obj
 0001:00006080       ??4KCodec@@QAEAAV0@ABV0@@Z 10007080 f i KCodec.obj
 0001:00006090       ??0KCodecLzo@@QAE@XZ       10007090 f i KCodec.obj
 0001:000060c0       ??0KCodecLzo@@QAE@ABV0@@Z  100070c0 f i KCodec.obj
 0001:00006100       ??4KCodecLzo@@QAEAAV0@ABV0@@Z 10007100 f i KCodec.obj
 0001:00006130       ??1KCodecLzo@@QAE@XZ       10007130 f i KCodec.obj
 0001:00006150       ?GetPackLen@KCodec@@UAEKK@Z 10007150 f   KCodec.obj
 0001:00006173       ?Encode@KCodec@@UAEHPAUTCodeInfo@@@Z 10007173 f   KCodec.obj
 0001:000061ad       ?Decode@KCodec@@UAEHPAUTCodeInfo@@@Z 100071ad f   KCodec.obj
 0001:000061e7       ?g_InitCodec@@YAXPAPAVKCodec@@H@Z 100071e7 f   KCodec.obj
 0001:000062b8       ?g_FreeCodec@@YAXPAPAVKCodec@@H@Z 100072b8 f   KCodec.obj
 0001:00006330       ??_GKCodecLzo@@QAEPAXI@Z   10007330 f i KCodec.obj
 0001:00006360       ?Compress@KCodecLzo@@AAEKPAEK0PAK@Z 10007360 f   KCodecLzo.obj
 0001:000068f9       ?Encode@KCodecLzo@@UAEHPAUTCodeInfo@@@Z 100078f9 f   KCodecLzo.obj
 0001:00006a9f       ?Decode@KCodecLzo@@UAEHPAUTCodeInfo@@@Z 10007a9f f   KCodecLzo.obj
 0001:00007080       ?g_Red@@YAEG@Z             10008080 f   KColors.obj
 0001:0000709c       ?g_Green@@YAEG@Z           1000809c f   KColors.obj
 0001:000070db       ?g_Blue@@YAEG@Z            100080db f   KColors.obj
 0001:00007119       ?g_RGB555@@YAGHHH@Z        10008119 f   KColors.obj
 0001:0000715a       ?g_RGB565@@YAGHHH@Z        1000815a f   KColors.obj
 0001:0000719b       ?g_555To565@@YAXHHPAX@Z    1000819b f   KColors.obj
 0001:000071d0       ?g_565To555@@YAXHHPAX@Z    100081d0 f   KColors.obj
 0001:00007210       ??0KDirectDraw@@QAE@XZ     10008210 f   KDDraw.obj
 0001:00007275       ??1KDirectDraw@@QAE@XZ     10008275 f   KDDraw.obj
 0001:00007288       ?Mode@KDirectDraw@@QAEXHHH@Z 10008288 f   KDDraw.obj
 0001:000072b6       ?Init@KDirectDraw@@QAEHXZ  100082b6 f   KDDraw.obj
 0001:0000738f       ?Exit@KDirectDraw@@QAEXXZ  1000838f f   KDDraw.obj
 0001:00007442       ?CreateDirectDraw@KDirectDraw@@AAEHXZ 10008442 f   KDDraw.obj
 0001:00007508       ?SetDisplayMode@KDirectDraw@@AAEHXZ 10008508 f   KDDraw.obj
 0001:000075b4       ?GetDisplayMode@KDirectDraw@@AAEHXZ 100085b4 f   KDDraw.obj
 0001:00007686       ?CreateSurface@KDirectDraw@@AAEHXZ 10008686 f   KDDraw.obj
 0001:000077ce       ?CreateSurface@KDirectDraw@@QAEPAUIDirectDrawSurface@@HH@Z 100087ce f   KDDraw.obj
 0001:00007845       ?RestoreSurface@KDirectDraw@@QAEHXZ 10008845 f   KDDraw.obj
 0001:000078b7       ?GetSurfaceDesc@KDirectDraw@@AAEHXZ 100088b7 f   KDDraw.obj
 0001:00007a11       ?CreateClipper@KDirectDraw@@AAEHXZ 10008a11 f   KDDraw.obj
 0001:00007ab6       ?SetClipperHWnd@KDirectDraw@@QAEXPAUHWND__@@@Z 10008ab6 f   KDDraw.obj
 0001:00007afb       ?WaitForVerticalBlankBegin@KDirectDraw@@QAEXXZ 10008afb f   KDDraw.obj
 0001:00007b22       ?WaitForVerticalBlankEnd@KDirectDraw@@QAEXXZ 10008b22 f   KDDraw.obj
 0001:00007b49       ?FillBackBuffer@KDirectDraw@@QAEXK@Z 10008b49 f   KDDraw.obj
 0001:00007b91       ?UpdateScreenZoom@KDirectDraw@@QAEXPAUtagRECT@@@Z 10008b91 f   KDDraw.obj
 0001:00007bcd       ?SetWindowStyle@KDirectDraw@@AAEXXZ 10008bcd f   KDDraw.obj
 0001:00007c9a       ?BltToFrontBuffer@KDirectDraw@@QAEXPAUIDirectDrawSurface@@PAUtagRECT@@1@Z 10008c9a f   KDDraw.obj
 0001:00007cdb       ?BltToBackBuffer@KDirectDraw@@QAEXPAUIDirectDrawSurface@@PAUtagRECT@@1@Z 10008cdb f   KDDraw.obj
 0001:00007d20       ?g_FindDebugWindow@@YAPAUHWND__@@PAD0@Z 10008d20 f   KDebug.obj
 0001:00007d3d       ?g_DebugLog@@YAXPADZZ      10008d3d f   KDebug.obj
 0001:00007db4       ?g_MessageBox@@YAXPADZZ    10008db4 f   KDebug.obj
 0001:00007e08       ?g_AssertFailed@@YAXPADH@Z 10008e08 f   KDebug.obj
 0001:00007e58       ??0KSG_LogFile@@QAE@QBD@Z  10008e58 f   KDebug.obj
 0001:00007e91       ??0KSG_LogFile@@QAE@XZ     10008e91 f   KDebug.obj
 0001:00007eb2       ??1KSG_LogFile@@UAE@XZ     10008eb2 f   KDebug.obj
 0001:00007ee9       ?Init@KSG_LogFile@@QAEHQBD@Z 10008ee9 f   KDebug.obj
 0001:00007f4d       ?printf@KSG_LogFile@@QAAXPBDZZ 10008f4d f   KDebug.obj
 0001:00008000       ?Log@KSG_LogFile@@QAAXPBDZZ 10009000 f   KDebug.obj
 0001:000080b3       ?puts@KSG_LogFile@@QAEXPBD@Z 100090b3 f   KDebug.obj
 0001:00008120       ?g_DDError@@YAXH@Z         10009120 f   KDError.obj
 0001:0000817e       ?g_DSError@@YAXH@Z         1000917e f   KDError.obj
 0001:000081dc       ?g_DIError@@YAXH@Z         100091dc f   KDError.obj
 0001:00008240       ??0KDirectInput@@QAE@XZ    10009240 f   KDInput.obj
 0001:00008273       ??1KDirectInput@@QAE@XZ    10009273 f   KDInput.obj
 0001:00008286       ?Init@KDirectInput@@QAEHXZ 10009286 f   KDInput.obj
 0001:0000830a       ?Exit@KDirectInput@@QAEXXZ 1000930a f   KDInput.obj
 0001:000083b1       ?CreateDirectInput@KDirectInput@@AAEHXZ 100093b1 f   KDInput.obj
 0001:000083fa       ?CreateMouseDevice@KDirectInput@@AAEHXZ 100093fa f   KDInput.obj
 0001:000084ec       ?CreateKeyboardDevice@KDirectInput@@AAEHXZ 100094ec f   KDInput.obj
 0001:000085de       ?SetMouseBehavior@KDirectInput@@QAEHH@Z 100095de f   KDInput.obj
 0001:0000863d       ?GetMouseState@KDirectInput@@QAEHPAH0PAE1@Z 1000963d f   KDInput.obj
 0001:000086b7       ?GetKeyboardState@KDirectInput@@QAEHPAE@Z 100096b7 f   KDInput.obj
 0001:00008710       ?g_DrawPixel@@YAXPAX0@Z    10009710 f   KDrawBase.obj
 0001:000087a0       ?g_DrawPixelAlpha@@YAXPAX0@Z 100097a0 f   KDrawBase.obj
 0001:0000887b       ?g_DrawLine@@YAXPAX0@Z     1000987b f   KDrawBase.obj
 0001:00008a41       ?g_DrawLineAlpha@@YAXPAX0@Z 10009a41 f   KDrawBase.obj
 0001:00008c10       ?g_Clear@@YAXPAX0@Z        10009c10 f   KDrawBase.obj
 0001:00008cec       ?g_DotClear@@YAXPAX0@Z     10009cec f   KDrawBase.obj
 0001:00008dc7       ?g_ClearAlpha@@YAXPAX0@Z   10009dc7 f   KDrawBase.obj
 0001:00008f00       ?g_DrawBitmap@@YAXPAX0@Z   10009f00 f   KDrawBitmap.obj
 0001:00008ff0       ?g_DrawBitmap16@@YAXPAX0@Z 10009ff0 f   KDrawBitmap16.obj
 0001:000090f7       ?g_DrawBitmap16mmx@@YAXPAX0@Z 1000a0f7 f   KDrawBitmap16.obj
 0001:000091f8       ?g_DrawBitmap16win@@YAXPAX0@Z 1000a1f8 f   KDrawBitmap16.obj
 0001:00009320       ?g_DrawFade@@YAXPAX0@Z     1000a320 f   KDrawFade.obj
 0001:00009450       ?g_DrawFont@@YAXPAX0@Z     1000a450 f   KDrawFont.obj
 0001:000095ef       ?g_DrawFontWithBorder@@YAXPAX0@Z 1000a5ef f   KDrawFont.obj
 0001:0000973f       ?g_DrawFontSolid@@YAXPAX0@Z 1000a73f f   KDrawFont.obj
 0001:000098c0       ?g_DrawSprite@@YAXPAX0@Z   1000a8c0 f   KDrawSprite.obj
 0001:00009bd9       ?g_DrawSpriteMixColor@@YAXPAX0@Z 1000abd9 f   KDrawSprite.obj
 0001:0000a019       ?g_DrawSpriteWithColor@@YAXPAX0@Z 1000b019 f   KDrawSprite.obj
 0001:0000a48a       ?g_DrawSpriteBorder@@YAXPAX0@Z 1000b48a f   KDrawSprite.obj
 0001:0000a7e0       ?g_DrawSpriteAlpha@@YAXPAX0@Z 1000b7e0 f   KDrawSpriteAlpha.obj
 0001:0000ae50       ?g_DrawSpriteAlpha@@YAXPAX0H@Z 1000be50 f   KDrawSpriteAlpha.obj
 0001:0000b76b       ?g_DrawSprite3LevelAlpha@@YAXPAX0@Z 1000c76b f   KDrawSpriteAlpha.obj
 0001:0000bae0       ??0KDirectSound@@QAE@XZ    1000cae0 f   KDSound.obj
 0001:0000bb09       ??1KDirectSound@@QAE@XZ    1000cb09 f   KDSound.obj
 0001:0000bb1c       ?Init@KDirectSound@@QAEHXZ 1000cb1c f   KDSound.obj
 0001:0000bb69       ?Exit@KDirectSound@@QAEXXZ 1000cb69 f   KDSound.obj
 0001:0000bbba       ?CreateDirectSound@KDirectSound@@AAEHXZ 1000cbba f   KDSound.obj
 0001:0000bc25       ?CreatePrimarySoundBuffer@KDirectSound@@AAEHXZ 1000cc25 f   KDSound.obj
 0001:0000bd20       ??0KScript@@QAE@ABV0@@Z    1000cd20 f i KEicScript.obj
 0001:0000bd40       ??4KScript@@QAEAAV0@ABV0@@Z 1000cd40 f i KEicScript.obj
 0001:0000bd50       ??_GKScript@@UAEPAXI@Z     1000cd50 f i KEicScript.obj
 0001:0000bd80       ??_EKScript@@UAEPAXI@Z     1000cd80 f i KEicScript.obj
 0001:0000bdf0       ??0KEicScript@@QAE@XZ      1000cdf0 f i KEicScript.obj
 0001:0000be10       ??0KEicScript@@QAE@ABV0@@Z 1000ce10 f i KEicScript.obj
 0001:0000be50       ??4KEicScript@@QAEAAV0@ABV0@@Z 1000ce50 f i KEicScript.obj
 0001:0000bea0       ??1KEicScript@@UAE@XZ      1000cea0 f i KEicScript.obj
 0001:0000bec0       ??_GKEicScript@@UAEPAXI@Z  1000cec0 f i KEicScript.obj
 0001:0000bef0       ??_EKEicScript@@UAEPAXI@Z  1000cef0 f i KEicScript.obj
 0001:0000bf60       ?Init@KEicScript@@UAEHXZ   1000cf60 f   KEicScript.obj
 0001:0000c097       ?Exit@KEicScript@@UAEXXZ   1000d097 f   KEicScript.obj
 0001:0000c0a7       ?Load@KEicScript@@UAEHPAD@Z 1000d0a7 f   KEicScript.obj
 0001:0000c0d9       ?Compile@KEicScript@@UAEHPAD@Z 1000d0d9 f   KEicScript.obj
 0001:0000c0f8       ?Execute@KEicScript@@UAEHHPAPAD@Z 1000d0f8 f   KEicScript.obj
 0001:0000c131       ?RegisterFunction@KEicScript@@UAEHPADPAX@Z 1000d131 f   KEicScript.obj
 0001:0000c150       ?Activate@KLuaScript@@QAEHXZ 1000d150 f i KEicScriptSet.obj
 0001:0000c170       ?SetScriptName@KLuaScript@@UAEXPAD@Z 1000d170 f i KEicScriptSet.obj
 0001:0000c190       ?GetUserTag@KLuaScript@@QAEHXZ 1000d190 f i KEicScriptSet.obj
 0001:0000c1b0       ?SetTableMember@KLuaScript@@QAEXHHPBD@Z 1000d1b0 f i KEicScriptSet.obj
 0001:0000c1e0       ?SetTableMember@KLuaScript@@QAEXHHN@Z 1000d1e0 f i KEicScriptSet.obj
 0001:0000c210       ?SetTableMember@KLuaScript@@QAEXHHH@Z 1000d210 f i KEicScriptSet.obj
 0001:0000c240       ?SetTableMember@KLuaScript@@QAEXHPBDP6AHPAUlua_State@@@Z@Z 1000d240 f i KEicScriptSet.obj
 0001:0000c270       ?SetTableMember@KLuaScript@@QAEXHHP6AHPAUlua_State@@@Z@Z 1000d270 f i KEicScriptSet.obj
 0001:0000c2a0       ?SetTableMember@KLuaScript@@QAEXHPBDPAD@Z 1000d2a0 f i KEicScriptSet.obj
 0001:0000c2d0       ?SetTableMember@KLuaScript@@QAEXHPBDH@Z 1000d2d0 f i KEicScriptSet.obj
 0001:0000c300       ?SetTableMember@KLuaScript@@QAEXHPBDN@Z 1000d300 f i KEicScriptSet.obj
 0001:0000c330       ??0KLuaScript@@QAE@ABV0@@Z 1000d330 f i KEicScriptSet.obj
 0001:0000c390       ??4KLuaScript@@QAEAAV0@ABV0@@Z 1000d390 f i KEicScriptSet.obj
 0001:0000c400       ??_GKLuaScript@@UAEPAXI@Z  1000d400 f i KEicScriptSet.obj
 0001:0000c430       ??_EKLuaScript@@UAEPAXI@Z  1000d430 f i KEicScriptSet.obj
 0001:0000c4a0       ?GetCount@KScriptSet@@QAEKXZ 1000d4a0 f i KEicScriptSet.obj
 0001:0000c4c0       ?GetKeyStyle@KScriptSet@@QAEHXZ 1000d4c0 f i KEicScriptSet.obj
 0001:0000c4e0       ?GetScriptFileNameFromKey@KScriptSet@@UAEPADPAD@Z 1000d4e0 f i KEicScriptSet.obj
 0001:0000c4f0       ?GetScriptFileNameFromKey@KScriptSet@@UAEPADK@Z 1000d4f0 f i KEicScriptSet.obj
 0001:0000c500       ??0KScriptSet@@QAE@ABV0@@Z 1000d500 f i KEicScriptSet.obj
 0001:0000c550       ??4KScriptSet@@QAEAAV0@ABV0@@Z 1000d550 f i KEicScriptSet.obj
 0001:0000c590       ??0KEicScriptSet@@QAE@ABV0@@Z 1000d590 f i KEicScriptSet.obj
 0001:0000c5c0       ??4KEicScriptSet@@QAEAAV0@ABV0@@Z 1000d5c0 f i KEicScriptSet.obj
 0001:0000c5e0       ??0KEicScriptSet@@QAE@XZ   1000d5e0 f   KEicScriptSet.obj
 0001:0000c5ff       ??1KEicScriptSet@@QAE@XZ   1000d5ff f   KEicScriptSet.obj
 0001:0000c620       ?g_InitEngine@@YAHXZ       1000d620 f   KEngine.obj
 0001:0000c692       ?g_ExitEngine@@YAXXZ       1000d692 f   KEngine.obj
 0001:0000c6e0       ??4KEvent@@QAEAAV0@ABV0@@Z 1000d6e0 f i KEvent.obj
 0001:0000c700       ??0KEvent@@QAE@XZ          1000d700 f   KEvent.obj
 0001:0000c736       ??1KEvent@@QAE@XZ          1000d736 f   KEvent.obj
 0001:0000c750       ?Signal@KEvent@@QAEXXZ     1000d750 f i KEvent.obj
 0001:0000c770       ?Wait@KEvent@@QAEXXZ       1000d770 f i KEvent.obj
 0001:0000c790       ?TimedWait@KEvent@@QAE_NJ@Z 1000d790 f i KEvent.obj
 0001:0000c7c0       ??0KFile@@QAE@XZ           1000d7c0 f   KFile.obj
 0001:0000c7eb       ??1KFile@@QAE@XZ           1000d7eb f   KFile.obj
 0001:0000c7fe       ?Open@KFile@@QAEHPAD@Z     1000d7fe f   KFile.obj
 0001:0000c86d       ?Create@KFile@@QAEHPAD@Z   1000d86d f   KFile.obj
 0001:0000c8dc       ?Append@KFile@@QAEHPAD@Z   1000d8dc f   KFile.obj
 0001:0000c95a       ?Close@KFile@@QAEXXZ       1000d95a f   KFile.obj
 0001:0000c999       ?Read@KFile@@QAEKPAXK@Z    1000d999 f   KFile.obj
 0001:0000c9e2       ?Write@KFile@@QAEKPAXK@Z   1000d9e2 f   KFile.obj
 0001:0000ca2b       ?Seek@KFile@@QAEKJK@Z      1000da2b f   KFile.obj
 0001:0000ca77       ?Tell@KFile@@QAEKXZ        1000da77 f   KFile.obj
 0001:0000ca95       ?Size@KFile@@QAEKXZ        1000da95 f   KFile.obj
 0001:0000caf0       ?g_DeleteFiles@@YAXPAD0@Z  1000daf0 f   KFileCopy.obj
 0001:0000cc59       ?g_UpdateFiles@@YAXPAD0@Z  1000dc59 f   KFileCopy.obj
 0001:0000ce20       ??0KFileDialog@@QAE@XZ     1000de20 f   KFileDialog.obj
 0001:0000cf31       ?SetTitle@KFileDialog@@QAEXPAD@Z 1000df31 f   KFileDialog.obj
 0001:0000cf54       ?SetFlags@KFileDialog@@QAEXK@Z 1000df54 f   KFileDialog.obj
 0001:0000cf6f       ?SetFilter@KFileDialog@@QAEXPAD@Z 1000df6f f   KFileDialog.obj
 0001:0000cfe5       ?SetDefExt@KFileDialog@@QAEXPAD@Z 1000dfe5 f   KFileDialog.obj
 0001:0000d008       ?SetFilePath@KFileDialog@@QAEXPAD@Z 1000e008 f   KFileDialog.obj
 0001:0000d059       ?SetFileName@KFileDialog@@QAEXPAD@Z 1000e059 f   KFileDialog.obj
 0001:0000d079       ?SetFileTitle@KFileDialog@@QAEXPAD@Z 1000e079 f   KFileDialog.obj
 0001:0000d09c       ?Open@KFileDialog@@QAEHXZ  1000e09c f   KFileDialog.obj
 0001:0000d0ea       ?Save@KFileDialog@@QAEHXZ  1000e0ea f   KFileDialog.obj
 0001:0000d140       ??4KPakList@@QAEAAV0@ABV0@@Z 1000e140 f i KFilePath.obj
 0001:0000d170       ?RemoveTwoPointPath@@YAHPADH@Z 1000e170 f   KFilePath.obj
 0001:0000d21a       ?RemoveOnePointPath@@YAHPADH@Z 1000e21a f   KFilePath.obj
 0001:0000d299       ?RemoveAllPointPath@@YAHPADH@Z 1000e299 f   KFilePath.obj
 0001:0000d2bb       ?g_SetRootPath@@YAXPAD@Z   1000e2bb f   KFilePath.obj
 0001:0000d327       ?g_GetRootPath@@YAXPAD@Z   1000e327 f   KFilePath.obj
 0001:0000d33d       ?g_SetFilePath@@YAXPAD@Z   1000e33d f   KFilePath.obj
 0001:0000d3de       ?g_GetFilePath@@YAXPAD@Z   1000e3de f   KFilePath.obj
 0001:0000d3f4       ?g_GetFullPath@@YAXPAD0@Z  1000e3f4 f   KFilePath.obj
 0001:0000d51b       ?g_GetHalfPath@@YAXPAD0@Z  1000e51b f   KFilePath.obj
 0001:0000d57a       ?g_GetPackPath@@YAXPAD0@Z  1000e57a f   KFilePath.obj
 0001:0000d5fc       ?g_GetDiskPath@@YAXPAD0@Z  1000e5fc f   KFilePath.obj
 0001:0000d696       ?g_CreatePath@@YAXPAD@Z    1000e696 f   KFilePath.obj
 0001:0000d819       ?g_UnitePathAndName@@YAXPAD00@Z 1000e819 f   KFilePath.obj
 0001:0000d8a8       ?g_FileExists@@YAHPAD@Z    1000e8a8 f   KFilePath.obj
 0001:0000d927       ?g_FileName2Id@@YAKPAD@Z   1000e927 f   KFilePath.obj
 0001:0000d991       ?Name2ID@@YAKPAD@Z         1000e991 f   KFilePath.obj
 0001:0000d9a2       ?g_ChangeFileExt@@YAXPAD0@Z 1000e9a2 f   KFilePath.obj
 0001:0000da23       ?g_ExtractFileName@@YAXPAD0@Z 1000ea23 f   KFilePath.obj
 0001:0000da90       ?g_ExtractFilePath@@YAXPAD0@Z 1000ea90 f   KFilePath.obj
 0001:0000db00       ??0KFindBinTreeNode@@QAE@XZ 1000eb00 f i KFindBinTree.obj
 0001:0000db40       ??1KFindBinTreeNode@@QAE@XZ 1000eb40 f i KFindBinTree.obj
 0001:0000dbc0       ?CanInsert@KFindBinTreeNode@@QAEHXZ 1000ebc0 f i KFindBinTree.obj
 0001:0000dbf0       ?GetRef@KFindBinTreeNode@@QBEHXZ 1000ebf0 f i KFindBinTree.obj
 0001:0000dc10       ??4KFindBinTreeNode@@QAEAAV0@ABV0@@Z 1000ec10 f i KFindBinTree.obj
 0001:0000dc40       ??_GKFindBinTreeNode@@QAEPAXI@Z 1000ec40 f i KFindBinTree.obj
 0001:0000dc70       ??0KFindBinTree@@QAE@XZ    1000ec70 f i KFindBinTree.obj
 0001:0000dc90       ??1KFindBinTree@@QAE@XZ    1000ec90 f i KFindBinTree.obj
 0001:0000dce0       ?GetCount@KFindBinTree@@QAEHXZ 1000ece0 f i KFindBinTree.obj
 0001:0000dd00       ??4KFindBinTree@@QAEAAV0@ABV0@@Z 1000ed00 f i KFindBinTree.obj
 0001:0000dd20       ?Init@KFindBinTreeNode@@QAEXH@Z 1000ed20 f   KFindBinTree.obj
 0001:0000de2a       ?Insert@KFindBinTreeNode@@QAEHH@Z 1000ee2a f   KFindBinTree.obj
 0001:0000de97       ?Remove@KFindBinTreeNode@@QAEXHH@Z 1000ee97 f   KFindBinTree.obj
 0001:0000df08       ?Init@KFindBinTree@@QAEXH@Z 1000ef08 f   KFindBinTree.obj
 0001:0000df91       ?FindFree@KFindBinTree@@QAEHXZ 1000ef91 f   KFindBinTree.obj
 0001:0000dfc5       ?Remove@KFindBinTree@@QAEXH@Z 1000efc5 f   KFindBinTree.obj
 0001:0000dff0       ??0KFont@@QAE@XZ           1000eff0 f   KFont.obj
 0001:0000e074       ??1KFont@@QAE@XZ           1000f074 f   KFont.obj
 0001:0000e0bc       ?Clear@KFont@@QAEXXZ       1000f0bc f   KFont.obj
 0001:0000e110       ?SetCharaset@KFont@@QAEXW4CHARASET@@@Z 1000f110 f   KFont.obj
 0001:0000e126       ?Load@KFont@@QAEHPADW4CHARASET@@@Z 1000f126 f   KFont.obj
 0001:0000e2d6       ?Save@KFont@@QAEHPAD@Z     1000f2d6 f   KFont.obj
 0001:0000e3f4       ?DrawFont@KFont@@IAEXHHH@Z 1000f3f4 f   KFont.obj
 0001:0000e4b9       ?DrawFontAlpha@KFont@@IAEXHHHH@Z 1000f4b9 f   KFont.obj
 0001:0000e582       ?DrawWord@KFont@@QAEXHHHH@Z 1000f582 f   KFont.obj
 0001:0000e670       ?DrawTextA@KFont@@QAEXHHPAD@Z 1000f670 f   KFont.obj
 0001:0000e8fb       ?DrawTextAlpha@KFont@@QAEXHHHPAD@Z 1000f8fb f   KFont.obj
 0001:0000eb95       ?SetColor@KFont@@QAEXEEE@Z 1000fb95 f   KFont.obj
 0001:0000ebd3       ?SetLine@KFont@@QAEXHH@Z   1000fbd3 f   KFont.obj
 0001:0000ebf2       ?MakeText@KFont@@QAEXPAD@Z 1000fbf2 f   KFont.obj
 0001:0000ee08       ?MakeFont@KFont@@QAEHPADHH@Z 1000fe08 f   KFont.obj
 0001:0000f09c       ?AddWord@KFont@@IAEHHPAE@Z 1001009c f   KFont.obj
 0001:0000f15e       ?GetFontRect@KFont@@IAEHHHPAVKBitmap@@PAE@Z 1001015e f   KFont.obj
 0001:0000f1d3       ?GetFontLine@KFont@@IAEHHHPAVKBitmap@@PAE@Z 100101d3 f   KFont.obj
 0001:0000f2a0       ??4KGifFile@@QAEAAV0@ABV0@@Z 100102a0 f i KGifFile.obj
 0001:0000f2d0       ??1KGifFile@@QAE@XZ        100102d0 f i KGifFile.obj
 0001:0000f2f0       ??0KGifFile@@QAE@XZ        100102f0 f   KGifFile.obj
 0001:0000f32e       ?read_byte@KGifFile@@AAEEXZ 1001032e f   KGifFile.obj
 0001:0000f366       ?read_word@KGifFile@@AAEGXZ 10010366 f   KGifFile.obj
 0001:0000f3ae       ?read_header@KGifFile@@AAEHXZ 100103ae f   KGifFile.obj
 0001:0000f4d4       ?read_color_table@KGifFile@@AAEHXZ 100104d4 f   KGifFile.obj
 0001:0000f553       ?read_image_desc@KGifFile@@AAEHXZ 10010553 f   KGifFile.obj
 0001:0000f60b       ?read_extension@KGifFile@@AAEHXZ 1001060b f   KGifFile.obj
 0001:0000f6b4       ?Open@KGifFile@@QAEHPADPAVKBitmap@@@Z 100106b4 f   KGifFile.obj
 0001:0000f830       ?FirstImage@KGifFile@@QAEHXZ 10010830 f   KGifFile.obj
 0001:0000f84f       ?NextImage@KGifFile@@QAEHXZ 1001084f f   KGifFile.obj
 0001:0000f952       ?lzw_decode@KGifFile@@AAEXXZ 10010952 f   KGifFile.obj
 0001:0000fd84       ?clear_table@KGifFile@@AAEXXZ 10010d84 f   KGifFile.obj
 0001:0000fdc6       ?get_code@KGifFile@@AAEXXZ 10010dc6 f   KGifFile.obj
 0001:0000fffc       ?get_string@KGifFile@@AAEXH@Z 10010ffc f   KGifFile.obj
 0001:00010096       ?output_string@KGifFile@@AAEXXZ 10011096 f   KGifFile.obj
 0001:00010270       ?g_RemoveSamePixel@@YAHPAVKBitmap@@0@Z 10011270 f   KGraphics.obj
 0001:00010353       ?g_RemoveDiffPixel@@YAHPAVKBitmap@@0@Z 10011353 f   KGraphics.obj
 0001:00010436       ?g_RemoveNoneZeroPixel@@YAHPAVKBitmap@@0@Z 10011436 f   KGraphics.obj
 0001:0001055d       ?g_RemoveZeroPixel@@YAHPAVKBitmap@@0@Z 1001155d f   KGraphics.obj
 0001:00010690       ??0KHashList@@QAE@ABV0@@Z  10011690 f i KHashList.obj
 0001:000106b0       ??4KHashList@@QAEAAV0@ABV0@@Z 100116b0 f i KHashList.obj
 0001:000106d0       ??1KHashList@@QAE@XZ       100116d0 f i KHashList.obj
 0001:000106f0       ??0KHashList@@QAE@XZ       100116f0 f   KHashList.obj
 0001:00010710       ??0KHashTable@@QAE@XZ      10011710 f i KHashNode.obj
 0001:00010770       ??0KHashTable@@QAE@ABV0@@Z 10011770 f i KHashNode.obj
 0001:00010810       ??4KHashTable@@QAEAAV0@ABV0@@Z 10011810 f i KHashNode.obj
 0001:00010870       ??1KHashTable@@QAE@XZ      10011870 f i KHashNode.obj
 0001:000108d0       ?SetHashTable@KHashNode@@QAEXPAVKHashTable@@@Z 100118d0 f i KHashNode.obj
 0001:000108f0       ??0KHashNode@@QAE@ABV0@@Z  100118f0 f i KHashNode.obj
 0001:00010930       ??4KHashNode@@QAEAAV0@ABV0@@Z 10011930 f i KHashNode.obj
 0001:00010960       ??1KHashNode@@UAE@XZ       10011960 f i KHashNode.obj
 0001:00010980       ??_GKHashNode@@UAEPAXI@Z   10011980 f i KHashNode.obj
 0001:000109b0       ??_EKHashNode@@UAEPAXI@Z   100119b0 f i KHashNode.obj
 0001:00010a20       ??0KHashNode@@QAE@XZ       10011a20 f   KHashNode.obj
 0001:00010a49       ?SetName@KHashNode@@UAEXPAD@Z 10011a49 f   KHashNode.obj
 0001:00010aa0       ?IsLinked@KNode@@QAEHXZ    10011aa0 f i KHashNode.obj
 0001:00010ae0       ?g_Hash@@YAKPAD@Z          10011ae0 f   KHashTable.obj
 0001:00010b37       ?Add@KHashTable@@QAEXPAVKStrNode@@@Z 10011b37 f   KHashTable.obj
 0001:00010bea       ?Delete@KHashTable@@QAEXPAD@Z 10011bea f   KHashTable.obj
 0001:00010c40       ?Find@KHashTable@@QAEPAVKStrNode@@PAD@Z 10011c40 f   KHashTable.obj
 0001:00010c80       ??4KIme@@QAEAAV0@ABV0@@Z   10011c80 f i Kime.obj
 0001:00010cb0       ??0KIme@@QAE@XZ            10011cb0 f   Kime.obj
 0001:00010d10       ??1KIme@@QAE@XZ            10011d10 f   Kime.obj
 0001:00010d25       ?ResetIme@KIme@@QAEXXZ     10011d25 f   Kime.obj
 0001:00010d3d       ?IsIme@KIme@@QAEHXZ        10011d3d f   Kime.obj
 0001:00010d83       ?OpenIME@KIme@@QAEXXZ      10011d83 f   Kime.obj
 0001:00010e98       ?CloseIME@KIme@@QAEXXZ     10011e98 f   Kime.obj
 0001:00010f36       ?TurnOff@KIme@@QAEXXZ      10011f36 f   Kime.obj
 0001:00010f48       ?TurnOn@KIme@@QAEXXZ       10011f48 f   Kime.obj
 0001:00010f5a       ?EnableLanguageChange@KIme@@QAEXXZ 10011f5a f   Kime.obj
 0001:00010f72       ?DisableLanguageChange@KIme@@QAEXXZ 10011f72 f   Kime.obj
 0001:00010f83       ?SetCaretPos@KIme@@QAEXHH@Z 10011f83 f   Kime.obj
 0001:00010ff4       ?WndMsg@KIme@@QAEHPAUHWND__@@IIJ@Z 10011ff4 f   Kime.obj
 0001:00011110       ?g_SetIniCodec@@YAXH@Z     10012110 f   KIniFile.obj
 0001:0001111d       ??0KIniFile@@QAE@XZ        1001211d f   KIniFile.obj
 0001:00011171       ??1KIniFile@@QAE@XZ        10012171 f   KIniFile.obj
 0001:000111bc       ?Load@KIniFile@@QAEHPBD@Z  100121bc f   KIniFile.obj
 0001:00011306       ?LoadPack@KIniFile@@QAEHPBD@Z 10012306 f   KIniFile.obj
 0001:000114e5       ?Save@KIniFile@@QAEHPBD@Z  100124e5 f   KIniFile.obj
 0001:000116af       ?SavePack@KIniFile@@QAEHPBD@Z 100126af f   KIniFile.obj
 0001:000118f8       ?Clear@KIniFile@@QAEXXZ    100128f8 f   KIniFile.obj
 0001:0001190b       ?ReadLine@KIniFile@@AAEHPADJ@Z 1001290b f   KIniFile.obj
 0001:000119c3       ?IsKeyChar@KIniFile@@AAEHD@Z 100129c3 f   KIniFile.obj
 0001:00011a1d       ?CreateIniLink@KIniFile@@AAEXPAXJ@Z 10012a1d f   KIniFile.obj
 0001:00011af9       ?ReleaseIniLink@KIniFile@@AAEXXZ 10012af9 f   KIniFile.obj
 0001:00011bd3       ?SplitKeyValue@KIniFile@@AAEPADPAD@Z 10012bd3 f   KIniFile.obj
 0001:00011c16       ?String2Id@KIniFile@@AAEKPBD@Z 10012c16 f   KIniFile.obj
 0001:00011c7b       ?IsSectionExist@KIniFile@@QAEHPBD@Z 10012c7b f   KIniFile.obj
 0001:00011d1e       ?EraseSection@KIniFile@@QAEXPBD@Z 10012d1e f   KIniFile.obj
 0001:00011e28       ?EraseKey@KIniFile@@QAEXPBD0@Z 10012e28 f   KIniFile.obj
 0001:00011f52       ?SetKeyValue@KIniFile@@AAEHPBD00@Z 10012f52 f   KIniFile.obj
 0001:000121bf       ?GetKeyValue@KIniFile@@AAEHPBD0PADK@Z 100131bf f   KIniFile.obj
 0001:000122c0       ?GetString@KIniFile@@QAEHPBD00PADK@Z 100132c0 f   KIniFile.obj
 0001:00012306       ?GetInteger@KIniFile@@QAEHPBD0HPAH@Z 10013306 f   KIniFile.obj
 0001:00012352       ?GetInteger2@KIniFile@@QAEXPBD0PAH1@Z 10013352 f   KIniFile.obj
 0001:000123d6       ?GetInteger3@KIniFile@@QAEXPBD0PAH11@Z 100133d6 f   KIniFile.obj
 0001:000124c7       ?GetFloat@KIniFile@@QAEHPBD0MPAM@Z 100134c7 f   KIniFile.obj
 0001:00012513       ?GetFloat2@KIniFile@@QAEXPBD0PAM1@Z 10013513 f   KIniFile.obj
 0001:00012597       ?GetStruct@KIniFile@@QAEXPBD0PAXK@Z 10013597 f   KIniFile.obj
 0001:0001272b       ?WriteString@KIniFile@@QAEXPBD00@Z 1001372b f   KIniFile.obj
 0001:0001274c       ?WriteInteger@KIniFile@@QAEXPBD0H@Z 1001374c f   KIniFile.obj
 0001:00012785       ?WriteInteger2@KIniFile@@QAEXPBD0HH@Z 10013785 f   KIniFile.obj
 0001:000127c2       ?WriteInteger3@KIniFile@@QAEXPBD0HHH@Z 100137c2 f   KIniFile.obj
 0001:00012803       ?WriteDword@KIniFile@@QAEXPBD0K@Z 10013803 f   KIniFile.obj
 0001:0001283c       ?WriteFloat@KIniFile@@QAEXPBD0M@Z 1001383c f   KIniFile.obj
 0001:0001287a       ?WriteFloat2@KIniFile@@QAEXPBD0MM@Z 1001387a f   KIniFile.obj
 0001:000128c1       ?WriteStruct@KIniFile@@QAEXPBD0PAXK@Z 100138c1 f   KIniFile.obj
 0001:00012989       ?GetNextSection@KIniFile@@QAEHPBDPAD@Z 10013989 f   KIniFile.obj
 0001:00012a9e       ?GetNextKey@KIniFile@@QAEHPBD0PAD@Z 10013a9e f   KIniFile.obj
 0001:00012bfa       ?GetSectionCount@KIniFile@@QAEHXZ 10013bfa f   KIniFile.obj
 0001:00012c91       ?GetRect@KIniFile@@QAEXPBD0PAUtagRECT@@@Z 10013c91 f   KIniFile.obj
 0001:00012d67       ?GetFloat3@KIniFile@@QAEXPBD0PAM@Z 10013d67 f   KIniFile.obj
 0001:00012dc6       ?GetFloat4@KIniFile@@QAEXPBD0PAM@Z 10013dc6 f   KIniFile.obj
 0001:00012e2c       ?GetBool@KIniFile@@QAEXPBD0PAH@Z 10013e2c f   KIniFile.obj
 0001:00012e80       ??0KJpgFile@@QAE@XZ        10013e80 f i KJpgFile.obj
 0001:00012ea0       ??4KJpgFile@@QAEAAV0@ABV0@@Z 10013ea0 f i KJpgFile.obj
 0001:00012ec0       ??1KJpgFile@@QAE@XZ        10013ec0 f i KJpgFile.obj
 0001:00012ee0       ?Load@KJpgFile@@QAEHPADPAVKBitmap16@@I@Z 10013ee0 f   KJpgFile.obj
 0001:000130b0       ?GetFuncKey@KKeyboard@@QAEEXZ 100140b0 f i KKeyboard.obj
 0001:000130d0       ??4KKeyboard@@QAEAAV0@ABV0@@Z 100140d0 f i KKeyboard.obj
 0001:00013100       ??0KKeyboard@@QAE@XZ       10014100 f   KKeyboard.obj
 0001:0001313e       ?UpdateState@KKeyboard@@QAEXXZ 1001413e f   KKeyboard.obj
 0001:000131b7       ?IsDown@KKeyboard@@QAEHE@Z 100141b7 f   KKeyboard.obj
 0001:000131e1       ?MakeFuncKey@KKeyboard@@IAEXXZ 100141e1 f   KKeyboard.obj
 0001:0001327c       ?MakeMessage@KKeyboard@@IAEXH@Z 1001427c f   KKeyboard.obj
 0001:00013340       ??0KLinkArray@@QAE@XZ      10014340 f i KLinkArray.obj
 0001:00013370       ?GetCount@KLinkArray@@QAEHXZ 10014370 f i KLinkArray.obj
 0001:00013390       ?GetNode@KLinkArray@@QAEPAVKLinkNode@@H@Z 10014390 f i KLinkArray.obj
 0001:000133b0       ?GetNext@KLinkArray@@QBEHH@Z 100143b0 f i KLinkArray.obj
 0001:000133e0       ?GetPrev@KLinkArray@@QBEHH@Z 100143e0 f i KLinkArray.obj
 0001:00013410       ??4KLinkArray@@QAEAAV0@ABV0@@Z 10014410 f i KLinkArray.obj
 0001:00013430       ??1KLinkArray@@QAE@XZ      10014430 f   KLinkArray.obj
 0001:00013462       ?Init@KLinkArray@@QAEXH@Z  10014462 f   KLinkArray.obj
 0001:0001351c       ?Remove@KLinkArray@@QAEXH@Z 1001451c f   KLinkArray.obj
 0001:000135db       ?Insert@KLinkArray@@QAEXH@Z 100145db f   KLinkArray.obj
 0001:00013660       ??0KLinkNode@@QAE@XZ       10014660 f i KLinkArray.obj
 0001:00013690       ??_H@YGXPAXIHP6EX0@Z@Z     10014690 f i KLinkArray.obj
 0001:000136c0       ??0KLuaScript@@QAE@XZ      100146c0 f   KLuaScript.obj
 0001:0001374d       ??0KLuaScript@@QAE@H@Z     1001474d f   KLuaScript.obj
 0001:000137de       ??1KLuaScript@@UAE@XZ      100147de f   KLuaScript.obj
 0001:0001382f       ?LoadBuffer@KLuaScript@@QAEHPAEK@Z 1001482f f   KLuaScript.obj
 0001:00013881       ?Load@KLuaScript@@UAEHPAD@Z 10014881 f   KLuaScript.obj
 0001:00013b05       ?Execute@KLuaScript@@UAEHXZ 10014b05 f   KLuaScript.obj
 0001:00013b41       ?ExecuteCode@KLuaScript@@QAEHXZ 10014b41 f   KLuaScript.obj
 0001:00013ba4       ?CallFunction@KLuaScript@@AAEHPADH00@Z 10014ba4 f   KLuaScript.obj
 0001:00013e44       ?CallFunction@KLuaScript@@UAAHPADH0ZZ 10014e44 f   KLuaScript.obj
 0001:00013e80       ?GetValuesFromStack@KLuaScript@@QAAHPADZZ 10014e80 f   KLuaScript.obj
 0001:000140cb       ?Init@KLuaScript@@UAEHXZ   100150cb f   KLuaScript.obj
 0001:00014145       ?RegisterFunction@KLuaScript@@UAEHPADPAX@Z 10015145 f   KLuaScript.obj
 0001:0001418e       ?Compile@KLuaScript@@UAEHPAD@Z 1001518e f   KLuaScript.obj
 0001:000141a0       ?RegisterFunctions@KLuaScript@@QAEHQAUTLua_Funcs@@H@Z 100151a0 f   KLuaScript.obj
 0001:00014221       ?RegisterStandardFunctions@KLuaScript@@QAEXXZ 10015221 f   KLuaScript.obj
 0001:00014277       ?Exit@KLuaScript@@UAEXXZ   10015277 f   KLuaScript.obj
 0001:000142b1       ?ScriptError@KLuaScript@@QAEXH@Z 100152b1 f   KLuaScript.obj
 0001:000142f9       ?ScriptError@KLuaScript@@QAEXHH@Z 100152f9 f   KLuaScript.obj
 0001:00014345       ?SafeCallBegin@KLuaScript@@QAEXPAH@Z 10015345 f   KLuaScript.obj
 0001:00014371       ?SafeCallEnd@KLuaScript@@QAEXH@Z 10015371 f   KLuaScript.obj
 0001:0001439d       ?Stop@KLuaScript@@QAEHXZ   1001539d f   KLuaScript.obj
 0001:000143d4       ?Resume@KLuaScript@@QAEHXZ 100153d4 f   KLuaScript.obj
 0001:00014404       ?CreateTable@KLuaScript@@QAEKXZ 10015404 f   KLuaScript.obj
 0001:00014461       ?SetGlobalName@KLuaScript@@QAEXPAD@Z 10015461 f   KLuaScript.obj
 0001:0001448a       ?ModifyTable@KLuaScript@@QAEKPAD@Z 1001548a f   KLuaScript.obj
 0001:00014500       ?GetMemPtr@KMemClass1@@QAEPAXXZ 10015500 f i KLubCmpl_Blocker.obj
 0001:00014520       ?GetMemLen@KMemClass1@@QAEKXZ 10015520 f i KLubCmpl_Blocker.obj
 0001:00014530       ??4KMemClass1@@QAEAAV0@ABV0@@Z 10015530 f i KLubCmpl_Blocker.obj
 0001:00014550       ?ScanIf@KLubCmpl_Blocker@@QAEXPAVKLineNode@@@Z 10015550 f   KLubCmpl_Blocker.obj
 0001:000149be       ?ExchangeCurLines@KLubCmpl_Blocker@@QAEHXZ 100159be f   KLubCmpl_Blocker.obj
 0001:000158f1       ?Load@KLubCmpl_Blocker@@QAEPAVKLineNode@@PAD@Z 100168f1 f   KLubCmpl_Blocker.obj
 0001:00015ba7       ?PushKey@KLubCmpl_Blocker@@QAEXPAVKStackNode@@@Z 10016ba7 f   KLubCmpl_Blocker.obj
 0001:00015be3       ?PopKey@KLubCmpl_Blocker@@QAEPAVKStackNode@@XZ 10016be3 f   KLubCmpl_Blocker.obj
 0001:00015c23       ?GetBuffer@KLubCmpl_Blocker@@QAEHAAPAVKMemClass1@@@Z 10016c23 f   KLubCmpl_Blocker.obj
 0001:00015d9e       ?Write@KLubCmpl_Blocker@@QAEHPAD@Z 10016d9e f   KLubCmpl_Blocker.obj
 0001:00015ead       ?Print@KLubCmpl_Blocker@@QAEXXZ 10016ead f   KLubCmpl_Blocker.obj
 0001:00015f20       ??0KStackNode@@QAE@XZ      10016f20 f i KLubCmpl_Blocker.obj
 0001:00015f40       ??_GKStackNode@@UAEPAXI@Z  10016f40 f i KLubCmpl_Blocker.obj
 0001:00015f40       ??_EKStackNode@@UAEPAXI@Z  10016f40 f i KLubCmpl_Blocker.obj
 0001:00015f70       ??1KStackNode@@UAE@XZ      10016f70 f i KLubCmpl_Blocker.obj
 0001:00015f90       ?InsertBefore@KNode@@QAEXPAV1@@Z 10016f90 f i KLubCmpl_Blocker.obj
 0001:00015fe0       ?AddTail@KList@@QAEXPAVKNode@@@Z 10016fe0 f i KLubCmpl_Blocker.obj
 0001:00016000       ??0KLineNode@@QAE@XZ       10017000 f i KLubCmpl_Blocker.obj
 0001:00016020       ??_GKLineNode@@UAEPAXI@Z   10017020 f i KLubCmpl_Blocker.obj
 0001:00016020       ??_EKLineNode@@UAEPAXI@Z   10017020 f i KLubCmpl_Blocker.obj
 0001:00016050       ??1KLineNode@@UAE@XZ       10017050 f i KLubCmpl_Blocker.obj
 0001:000160af       ?g_MemInfo@@YAXXZ          100170af f   KMemBase.obj
 0001:000160b4       ?g_MemAlloc@@YAPAXK@Z      100170b4 f   KMemBase.obj
 0001:0001613f       ?g_MemFree@@YAXPAX@Z       1001713f f   KMemBase.obj
 0001:0001619c       ?g_MemCopy@@YAXPAX0K@Z     1001719c f   KMemBase.obj
 0001:000161be       ?g_MemCopyMmx@@YAXPAX0K@Z  100171be f   KMemBase.obj
 0001:000161f2       ?g_MemComp@@YAHPAX0K@Z     100171f2 f   KMemBase.obj
 0001:00016221       ?g_MemFill@@YAXPAXKE@Z     10017221 f   KMemBase.obj
 0001:0001624e       ?g_MemFill@@YAXPAXKG@Z     1001724e f   KMemBase.obj
 0001:0001627a       ?g_MemFill@@YAXPAXKK@Z     1001727a f   KMemBase.obj
 0001:00016290       ?g_MemZero@@YAXPAXK@Z      10017290 f   KMemBase.obj
 0001:000162b1       ?g_MemXore@@YAXPAXKK@Z     100172b1 f   KMemBase.obj
 0001:000162e0       ??1KMemList@@QAE@XZ        100172e0 f i KMemBase.obj
 0001:00016340       ??0KMemList@@QAE@XZ        10017340 f i KMemBase.obj
 0001:00016360       ??0KMemClass@@QAE@XZ       10017360 f   KMemClass.obj
 0001:00016381       ??1KMemClass@@QAE@XZ       10017381 f   KMemClass.obj
 0001:00016394       ?Alloc@KMemClass@@QAEPAXK@Z 10017394 f   KMemClass.obj
 0001:000163ea       ?Free@KMemClass@@QAEXXZ    100173ea f   KMemClass.obj
 0001:0001641e       ?Zero@KMemClass@@QAEXXZ    1001741e f   KMemClass.obj
 0001:00016446       ?Fill@KMemClass@@QAEXE@Z   10017446 f   KMemClass.obj
 0001:00016474       ?Fill@KMemClass@@QAEXG@Z   10017474 f   KMemClass.obj
 0001:000164a3       ?Fill@KMemClass@@QAEXK@Z   100174a3 f   KMemClass.obj
 0001:000164e0       ?Alloc@KMemClass1@@QAEPAXK@Z 100174e0 f   KMemClass1.obj
 0001:00016515       ?Free@KMemClass1@@QAEXXZ   10017515 f   KMemClass1.obj
 0001:0001657f       ??0KMemManager@@QAE@XZ     1001757f f   KMemManager.obj
 0001:00016606       ??1KMemManager@@QAE@XZ     10017606 f   KMemManager.obj
 0001:000166be       ?NewChunk@KMemManager@@AAEPAXHH@Z 100176be f   KMemManager.obj
 0001:0001678f       ?FreeChunk@KMemManager@@AAEXPAUKChunkHeader@1@@Z 1001778f f   KMemManager.obj
 0001:000167b0       ?Malloc@KMemManager@@QAEPAXH@Z 100177b0 f   KMemManager.obj
 0001:00016900       ?Calloc@KMemManager@@QAEPAXH@Z 10017900 f   KMemManager.obj
 0001:00016931       ?Free@KMemManager@@QAEXPAX@Z 10017931 f   KMemManager.obj
 0001:00016a00       ??0KMemStack@@QAE@XZ       10017a00 f   KMemStack.obj
 0001:00016a44       ??1KMemStack@@QAE@XZ       10017a44 f   KMemStack.obj
 0001:00016a57       ?Init@KMemStack@@QAEXH@Z   10017a57 f   KMemStack.obj
 0001:00016a75       ?Push@KMemStack@@QAEPAXH@Z 10017a75 f   KMemStack.obj
 0001:00016ae7       ?Free@KMemStack@@QAEXPAX@Z 10017ae7 f   KMemStack.obj
 0001:00016af4       ?AllocNewChunk@KMemStack@@QAEHXZ 10017af4 f   KMemStack.obj
 0001:00016b71       ?FreeAllChunks@KMemStack@@QAEXXZ 10017b71 f   KMemStack.obj
 0001:00016bda       ?GetChunkSize@KMemStack@@QAEHXZ 10017bda f   KMemStack.obj
 0001:00016beb       ?GetStackSize@KMemStack@@QAEHXZ 10017beb f   KMemStack.obj
 0001:00016c4f       ?g_SendMessage@@YAXHHHH@Z  10017c4f f   KMessage.obj
 0001:00016cc4       ?g_PeekMessage@@YAHPAUKMessage@@@Z 10017cc4 f   KMessage.obj
 0001:00016d20       ?g_GetMessage@@YAHPAUKMessage@@@Z 10017d20 f   KMessage.obj
 0001:00016da1       ?g_ClearMessage@@YAXXZ     10017da1 f   KMessage.obj
 0001:00016dc0       ?SetWorkingMode@KMouse@@QAEXE@Z 10017dc0 f i KMouse.obj
 0001:00016de0       ?SetKeyState@KMouse@@QAEXE@Z 10017de0 f i KMouse.obj
 0001:00016e00       ??4KMouse@@QAEAAV0@ABV0@@Z 10017e00 f i KMouse.obj
 0001:00016e30       ??0KMouse@@QAE@XZ          10017e30 f   KMouse.obj
 0001:00016eb2       ?SetWorkingRect@KMouse@@QAEXPAUtagRECT@@@Z 10017eb2 f   KMouse.obj
 0001:00016edb       ?SetPos@KMouse@@QAEXPAUtagPOINT@@@Z 10017edb f   KMouse.obj
 0001:00016eff       ?GetPos@KMouse@@QAEXPAUtagPOINT@@@Z 10017eff f   KMouse.obj
 0001:00016f23       ?UpdateState@KMouse@@QAEXXZ 10017f23 f   KMouse.obj
 0001:0001703a       ?MakeMessage@KMouse@@IAEXHHEE@Z 1001803a f   KMouse.obj
 0001:00017240       ??4KThread@@QAEAAV0@ABV0@@Z 10018240 f i KMp3Music.obj
 0001:00017270       ??0KMusic@@QAE@ABV0@@Z     10018270 f i KMp3Music.obj
 0001:00017340       ??4KMusic@@QAEAAV0@ABV0@@Z 10018340 f i KMp3Music.obj
 0001:00017440       ??_GKMusic@@UAEPAXI@Z      10018440 f i KMp3Music.obj
 0001:00017470       ??_EKMusic@@UAEPAXI@Z      10018470 f i KMp3Music.obj
 0001:000174e0       ??0KMp3Music@@QAE@XZ       100184e0 f i KMp3Music.obj
 0001:00017550       ??0KMp3Music@@QAE@ABV0@@Z  10018550 f i KMp3Music.obj
 0001:00017600       ??4KMp3Music@@QAEAAV0@ABV0@@Z 10018600 f i KMp3Music.obj
 0001:000176a0       ??1KMp3Music@@UAE@XZ       100186a0 f i KMp3Music.obj
 0001:00017700       ??_GKMp3Music@@UAEPAXI@Z   10018700 f i KMp3Music.obj
 0001:00017730       ??_EKMp3Music@@UAEPAXI@Z   10018730 f i KMp3Music.obj
 0001:000177b0       ?Open@KMp3Music@@UAEHPAD@Z 100187b0 f   KMp3Music.obj
 0001:00017806       ?InitSoundFormat@KMp3Music@@MAEXXZ 10018806 f   KMp3Music.obj
 0001:0001784b       ?ReadWaveData@KMp3Music@@MAEKPAEK@Z 1001884b f   KMp3Music.obj
 0001:0001786b       ?Seek@KMp3Music@@UAEXH@Z   1001886b f   KMp3Music.obj
 0001:00017878       ?Rewind@KMp3Music@@UAEXXZ  10018878 f   KMp3Music.obj
 0001:0001789d       ?Mp3FileOpen@KMp3Music@@MAEHPAD@Z 1001889d f   KMp3Music.obj
 0001:000178b9       ?Mp3FileRead@KMp3Music@@MAEKPAEK@Z 100188b9 f   KMp3Music.obj
 0001:000178d9       ?Mp3FileSeek@KMp3Music@@MAEKJ@Z 100188d9 f   KMp3Music.obj
 0001:000178f7       ?Mp3Init@KMp3Music@@MAEHXZ 100188f7 f   KMp3Music.obj
 0001:00017a8a       ?Mp3Decode@KMp3Music@@MAEKPAEK@Z 10018a8a f   KMp3Music.obj
 0001:00017b8d       ?Mp3FillBuffer@KMp3Music@@MAEHXZ 10018b8d f   KMp3Music.obj
 0001:00017c50       ??0KMp4Audio@@QAE@XZ       10018c50 f i KMp4Audio.obj
 0001:00017cb0       ??0KMp4Audio@@QAE@ABV0@@Z  10018cb0 f i KMp4Audio.obj
 0001:00017d00       ??4KMp4Audio@@QAEAAV0@ABV0@@Z 10018d00 f i KMp4Audio.obj
 0001:00017d40       ??1KMp4Audio@@UAE@XZ       10018d40 f i KMp4Audio.obj
 0001:00017d90       ??_GKMp4Audio@@UAEPAXI@Z   10018d90 f i KMp4Audio.obj
 0001:00017dc0       ??_EKMp4Audio@@UAEPAXI@Z   10018dc0 f i KMp4Audio.obj
 0001:00017e40       ?Seek@KMp4Audio@@UAEXH@Z   10018e40 f   KMp4Audio.obj
 0001:00017e6c       ?Rewind@KMp4Audio@@UAEXXZ  10018e6c f   KMp4Audio.obj
 0001:00017e92       ?Mp3FileOpen@KMp4Audio@@MAEHPAD@Z 10018e92 f   KMp4Audio.obj
 0001:00017efb       ?Mp3FileRead@KMp4Audio@@MAEKPAEK@Z 10018efb f   KMp4Audio.obj
 0001:00017f1e       ?Mp3FileSeek@KMp4Audio@@MAEKJ@Z 10018f1e f   KMp4Audio.obj
 0001:00017f40       ??0KVideo@@QAE@ABV0@@Z     10018f40 f i KMp4Movie.obj
 0001:00018050       ??4KVideo@@QAEAAV0@ABV0@@Z 10019050 f i KMp4Movie.obj
 0001:00018180       ??0KMp4Video@@QAE@ABV0@@Z  10019180 f i KMp4Movie.obj
 0001:000181e0       ??4KMp4Video@@QAEAAV0@ABV0@@Z 100191e0 f i KMp4Movie.obj
 0001:00018230       ??0KMp4Movie@@QAE@XZ       10019230 f i KMp4Movie.obj
 0001:00018290       ??0KMp4Movie@@QAE@ABV0@@Z  10019290 f i KMp4Movie.obj
 0001:00018300       ??4KMp4Movie@@QAEAAV0@ABV0@@Z 10019300 f i KMp4Movie.obj
 0001:00018340       ??1KMp4Movie@@QAE@XZ       10019340 f i KMp4Movie.obj
 0001:00018390       ?Open@KMp4Movie@@QAEHPAD@Z 10019390 f   KMp4Movie.obj
 0001:000183c9       ?Close@KMp4Movie@@QAEXXZ   100193c9 f   KMp4Movie.obj
 0001:000183f4       ?Play@KMp4Movie@@QAEXHHH@Z 100193f4 f   KMp4Movie.obj
 0001:0001843a       ?Stop@KMp4Movie@@QAEXXZ    1001943a f   KMp4Movie.obj
 0001:00018465       ?Seek@KMp4Movie@@QAEXH@Z   10019465 f   KMp4Movie.obj
 0001:0001849a       ?Rewind@KMp4Movie@@QAEXXZ  1001949a f   KMp4Movie.obj
 0001:000184c5       ?WaitForEnd@KMp4Movie@@QAEXXZ 100194c5 f   KMp4Movie.obj
 0001:00018550       ??0KMp4Video@@QAE@XZ       10019550 f   KMp4Video.obj
 0001:000185b7       ??1KMp4Video@@QAE@XZ       100195b7 f   KMp4Video.obj
 0001:0001861a       ?Open@KMp4Video@@UAEHPAD@Z 1001961a f   KMp4Video.obj
 0001:0001869a       ?Close@KMp4Video@@UAEXXZ   1001969a f   KMp4Video.obj
 0001:000186db       ?Seek@KMp4Video@@UAEXH@Z   100196db f   KMp4Video.obj
 0001:000186fa       ?Rewind@KMp4Video@@UAEXXZ  100196fa f   KMp4Video.obj
 0001:00018713       ?NextFrame@KMp4Video@@MAEHXZ 10019713 f   KMp4Video.obj
 0001:000187c5       ?DrawFrame@KMp4Video@@IAEXXZ 100197c5 f   KMp4Video.obj
 0001:00018863       ?DivXInit@KMp4Video@@AAEHXZ 10019863 f   KMp4Video.obj
 0001:00018afe       ?DivXDecode@KMp4Video@@AAEXH@Z 10019afe f   KMp4Video.obj
 0001:00018b55       ?DivXExit@KMp4Video@@AAEXXZ 10019b55 f   KMp4Video.obj
 0001:00018ba0       ??0KMpgMusic@@QAE@XZ       10019ba0 f i KMpgMusic.obj
 0001:00018c20       ??0KMpgMusic@@QAE@ABV0@@Z  10019c20 f i KMpgMusic.obj
 0001:00018cd0       ??4KMpgMusic@@QAEAAV0@ABV0@@Z 10019cd0 f i KMpgMusic.obj
 0001:00018d80       ??1KMpgMusic@@UAE@XZ       10019d80 f i KMpgMusic.obj
 0001:00018df0       ??_GKMpgMusic@@UAEPAXI@Z   10019df0 f i KMpgMusic.obj
 0001:00018e20       ??_EKMpgMusic@@UAEPAXI@Z   10019e20 f i KMpgMusic.obj
 0001:00018ea0       ?Open@KMpgMusic@@UAEHPAD@Z 10019ea0 f   KMpgMusic.obj
 0001:00018ef3       ?InitSoundFormat@KMpgMusic@@MAEXXZ 10019ef3 f   KMpgMusic.obj
 0001:00018f38       ?ReadWaveData@KMpgMusic@@MAEKPAEK@Z 10019f38 f   KMpgMusic.obj
 0001:00018f55       ?Seek@KMpgMusic@@UAEXH@Z   10019f55 f   KMpgMusic.obj
 0001:00018f62       ?Rewind@KMpgMusic@@UAEXXZ  10019f62 f   KMpgMusic.obj
 0001:00018f87       ?Mp3FileOpen@KMpgMusic@@MAEHPAD@Z 10019f87 f   KMpgMusic.obj
 0001:00018fa3       ?Mp3FileRead@KMpgMusic@@MAEKPAEK@Z 10019fa3 f   KMpgMusic.obj
 0001:00018fc3       ?Mp3FileSeek@KMpgMusic@@MAEKJ@Z 10019fc3 f   KMpgMusic.obj
 0001:00018fe1       ?Mp3Init@KMpgMusic@@AAEHXZ 10019fe1 f   KMpgMusic.obj
 0001:0001926b       ?Mp3Decode@KMpgMusic@@AAEKPAEK@Z 1001a26b f   KMpgMusic.obj
 0001:00019360       ?Mp3FillBuffer@KMpgMusic@@AAEHXZ 1001a360 f   KMpgMusic.obj
 0001:00019430       ?GetMsgBuf@KMsgNode@@QAEPAXXZ 1001a430 f i KMsgNode.obj
 0001:00019450       ?GetMsgLen@KMsgNode@@QAEKXZ 1001a450 f i KMsgNode.obj
 0001:00019470       ?SetPtr@KMsgNode@@QAEXPAX@Z 1001a470 f i KMsgNode.obj
 0001:00019490       ?GetPtr@KMsgNode@@QAEPAXXZ 1001a490 f i KMsgNode.obj
 0001:000194b0       ??0KMsgNode@@QAE@ABV0@@Z   1001a4b0 f i KMsgNode.obj
 0001:00019500       ??4KMsgNode@@QAEAAV0@ABV0@@Z 1001a500 f i KMsgNode.obj
 0001:00019540       ??_GKMsgNode@@UAEPAXI@Z    1001a540 f i KMsgNode.obj
 0001:00019570       ??_EKMsgNode@@UAEPAXI@Z    1001a570 f i KMsgNode.obj
 0001:000195e0       ??0KMsgNode@@QAE@XZ        1001a5e0 f   KMsgNode.obj
 0001:00019613       ??1KMsgNode@@UAE@XZ        1001a613 f   KMsgNode.obj
 0001:00019676       ?SetMsg@KMsgNode@@QAEXPAXK@Z 1001a676 f   KMsgNode.obj
 0001:000196e0       ??0KMusic@@QAE@XZ          1001a6e0 f   KMusic.obj
 0001:00019748       ??1KMusic@@UAE@XZ          1001a748 f   KMusic.obj
 0001:0001979c       ?ThreadFunction@KMusic@@KAXPAX@Z 1001a79c f   KMusic.obj
 0001:000197c6       ?Open@KMusic@@UAEHPAD@Z    1001a7c6 f   KMusic.obj
 0001:000197d5       ?Init@KMusic@@MAEHXZ       1001a7d5 f   KMusic.obj
 0001:0001985c       ?Close@KMusic@@UAEXXZ      1001a85c f   KMusic.obj
 0001:000198ab       ?InitSoundFormat@KMusic@@MAEXXZ 1001a8ab f   KMusic.obj
 0001:000198b6       ?InitSoundBuffer@KMusic@@MAEHXZ 1001a8b6 f   KMusic.obj
 0001:00019955       ?FreeSoundBuffer@KMusic@@MAEXXZ 1001a955 f   KMusic.obj
 0001:00019996       ?InitEventHandle@KMusic@@MAEHXZ 1001a996 f   KMusic.obj
 0001:00019a05       ?FreeEventHandle@KMusic@@MAEXXZ 1001aa05 f   KMusic.obj
 0001:00019a58       ?InitSoundNotify@KMusic@@MAEHXZ 1001aa58 f   KMusic.obj
 0001:00019b16       ?FreeSoundNotify@KMusic@@MAEXXZ 1001ab16 f   KMusic.obj
 0001:00019b57       ?HandleNotify@KMusic@@UAEHXZ 1001ab57 f   KMusic.obj
 0001:00019ba4       ?FillBufferWithSound@KMusic@@MAEHK@Z 1001aba4 f   KMusic.obj
 0001:00019ca8       ?FillBufferWithSilence@KMusic@@MAEHXZ 1001aca8 f   KMusic.obj
 0001:00019d35       ?ReadWaveData@KMusic@@MAEKPAEK@Z 1001ad35 f   KMusic.obj
 0001:00019d44       ?Play@KMusic@@UAEXH@Z      1001ad44 f   KMusic.obj
 0001:00019d7b       ?Stop@KMusic@@UAEXXZ       1001ad7b f   KMusic.obj
 0001:00019da1       ?IsPlaying@KMusic@@UAEHXZ  1001ada1 f   KMusic.obj
 0001:00019df9       ?SetVolume@KMusic@@UAEXJ@Z 1001adf9 f   KMusic.obj
 0001:00019e25       ?Rewind@KMusic@@UAEXXZ     1001ae25 f   KMusic.obj
 0001:00019e30       ??0KMutex@@QAE@XZ          1001ae30 f   KMutex.obj
 0001:00019e48       ??1KMutex@@QAE@XZ          1001ae48 f   KMutex.obj
 0001:00019e5d       ?Lock@KMutex@@QAEXXZ       1001ae5d f   KMutex.obj
 0001:00019e72       ?Unlock@KMutex@@QAEXXZ     1001ae72 f   KMutex.obj
 0001:00019e90       ??0KOctreeNode@@QAE@ABV0@@Z 1001ae90 f i KOctree.obj
 0001:00019f00       ??4KOctreeNode@@QAEAAV0@ABV0@@Z 1001af00 f i KOctree.obj
 0001:00019f80       ??_GKOctreeNode@@UAEPAXI@Z 1001af80 f i KOctree.obj
 0001:00019fb0       ??_EKOctreeNode@@UAEPAXI@Z 1001afb0 f i KOctree.obj
 0001:0001a020       ??0KOctree@@QAE@ABV0@@Z    1001b020 f i KOctree.obj
 0001:0001a090       ??4KOctree@@QAEAAV0@ABV0@@Z 1001b090 f i KOctree.obj
 0001:0001a0f0       ??_GKOctree@@UAEPAXI@Z     1001b0f0 f i KOctree.obj
 0001:0001a120       ??_EKOctree@@UAEPAXI@Z     1001b120 f i KOctree.obj
 0001:0001a190       ??0KOctree@@QAE@XZ         1001b190 f   KOctree.obj
 0001:0001a1da       ??1KOctree@@UAE@XZ         1001b1da f   KOctree.obj
 0001:0001a24a       ?Insert@KOctree@@QAEXEEE@Z 1001b24a f   KOctree.obj
 0001:0001a285       ?ReduceNode@KOctree@@QAEXXZ 1001b285 f   KOctree.obj
 0001:0001a2d0       ?GetMinSumNode@KOctree@@QAEXPAVKOctreeNode@@@Z 1001b2d0 f   KOctree.obj
 0001:0001a35e       ?InitPalette@KOctree@@QAEXXZ 1001b35e f   KOctree.obj
 0001:0001a391       ?MakePalette@KOctree@@QAEXPAVKOctreeNode@@@Z 1001b391 f   KOctree.obj
 0001:0001a465       ?QueryIndex@KOctree@@QAEHEEE@Z 1001b465 f   KOctree.obj
 0001:0001a490       ??0KOctreeNode@@QAE@XZ     1001b490 f   KOctreeNode.obj
 0001:0001a503       ??1KOctreeNode@@UAE@XZ     1001b503 f   KOctreeNode.obj
 0001:0001a51f       ?Free@KOctreeNode@@QAEXXZ  1001b51f f   KOctreeNode.obj
 0001:0001a592       ?Insert@KOctreeNode@@QAEHEEEHH@Z 1001b592 f   KOctreeNode.obj
 0001:0001a754       ?QueryIndex@KOctreeNode@@QAEHEEEH@Z 1001b754 f   KOctreeNode.obj
 0001:0001a833       ?Merge@KOctreeNode@@QAEHXZ 1001b833 f   KOctreeNode.obj
 0001:0001a92b       ?IsLeaf@KOctreeNode@@QAEHXZ 1001b92b f   KOctreeNode.obj
 0001:0001a968       ?IsFather@KOctreeNode@@QAEHXZ 1001b968 f   KOctreeNode.obj
 0001:0001a9d6       ?RefenceSum@KOctreeNode@@QAEHXZ 1001b9d6 f   KOctreeNode.obj
 0001:0001aa30       ??4KPakData@@QAEAAV0@ABV0@@Z 1001ba30 f i KPakData.obj
 0001:0001aa60       ??0KPakData@@QAE@XZ        1001ba60 f   KPakData.obj
 0001:0001aacc       ??1KPakData@@QAE@XZ        1001bacc f   KPakData.obj
 0001:0001ab23       ?Open@KPakData@@QAEHPAD@Z  1001bb23 f   KPakData.obj
 0001:0001abeb       ?Read@KPakData@@QAEKPAXK@Z 1001bbeb f   KPakData.obj
 0001:0001ac08       ?Seek@KPakData@@QAEKJK@Z   1001bc08 f   KPakData.obj
 0001:0001ac25       ?Tell@KPakData@@QAEKXZ     1001bc25 f   KPakData.obj
 0001:0001ac38       ?Close@KPakData@@QAEXXZ    1001bc38 f   KPakData.obj
 0001:0001ac80       ?Search@KPakData@@QAEHPADPAK1@Z 1001bc80 f   KPakData.obj
 0001:0001ada6       ?Decode@KPakData@@QAEHPAUTCodeInfo@@@Z 1001bda6 f   KPakData.obj
 0001:0001add0       ?g_SetPakFileMode@@YAXH@Z  1001bdd0 f   KPakFile.obj
 0001:0001addd       ?SprGetHeader@@YAPAUSPRHEAD@@PBDAAPAUSPROFFS@@@Z 1001bddd f   KPakFile.obj
 0001:0001afb9       ?SprReleaseHeader@@YAXPAUSPRHEAD@@@Z 1001bfb9 f   KPakFile.obj
 0001:0001afd1       ?SprGetFrame@@YAPAUSPRFRAME@@PAUSPRHEAD@@H@Z 1001bfd1 f   KPakFile.obj
 0001:0001b01e       ?SprReleaseFrame@@YAXPAUSPRFRAME@@@Z 1001c01e f   KPakFile.obj
 0001:0001b036       ?get_jpg_image@@YAPAUKSGImageContent@@QBDI@Z 1001c036 f   KPakFile.obj
 0001:0001b20a       ?release_image@@YAXPAUKSGImageContent@@@Z 1001c20a f   KPakFile.obj
 0001:0001b222       ??0KPakFile@@QAE@XZ        1001c222 f   KPakFile.obj
 0001:0001b24c       ??1KPakFile@@QAE@XZ        1001c24c f   KPakFile.obj
 0001:0001b294       ?IsFileInPak@KPakFile@@QAE_NXZ 1001c294 f   KPakFile.obj
 0001:0001b2c6       ?Open@KPakFile@@QAEHPBD@Z  1001c2c6 f   KPakFile.obj
 0001:0001b392       ?Read@KPakFile@@QAEKPAXI@Z 1001c392 f   KPakFile.obj
 0001:0001b3e5       ?Seek@KPakFile@@QAEKHI@Z   1001c3e5 f   KPakFile.obj
 0001:0001b482       ?Tell@KPakFile@@QAEKXZ     1001c482 f   KPakFile.obj
 0001:0001b4b1       ?Size@KPakFile@@QAEKXZ     1001c4b1 f   KPakFile.obj
 0001:0001b4e0       ?Close@KPakFile@@QAEXXZ    1001c4e0 f   KPakFile.obj
 0001:0001b512       ?Save@KPakFile@@QAEHPBD@Z  1001c512 f   KPakFile.obj
 0001:0001b530       ??0KPakList@@QAE@XZ        1001c530 f   KPakList.obj
 0001:0001b553       ??1KPakList@@QAE@XZ        1001c553 f   KPakList.obj
 0001:0001b566       ?Close@KPakList@@QAEXXZ    1001c566 f   KPakList.obj
 0001:0001b5d0       ?FindElemFile@KPakList@@QAE_NKAAUXPackElemFileRef@@@Z 1001c5d0 f   KPakList.obj
 0001:0001b62d       ?FileNameToId@KPakList@@AAEKPBD@Z 1001c62d f   KPakList.obj
 0001:0001b6dd       ?FindElemFile@KPakList@@QAE_NPBDAAUXPackElemFileRef@@@Z 1001c6dd f   KPakList.obj
 0001:0001b74e       ?Open@KPakList@@QAE_NPBD@Z 1001c74e f   KPakList.obj
 0001:0001ba50       ?ElemFileRead@KPakList@@QAEHAAUXPackElemFileRef@@PAXI@Z 1001ca50 f   KPakList.obj
 0001:0001ba98       ?GetSprHeader@KPakList@@QAEPAUSPRHEAD@@AAUXPackElemFileRef@@AAPAUSPROFFS@@@Z 1001ca98 f   KPakList.obj
 0001:0001badc       ?GetSprFrame@KPakList@@QAEPAUSPRFRAME@@HPAUSPRHEAD@@H@Z 1001cadc f   KPakList.obj
 0001:0001bb20       ??_GXPackFile@@QAEPAXI@Z   1001cb20 f i KPakList.obj
 0001:0001bb50       ??4KPakTool@@QAEAAV0@ABV0@@Z 1001cb50 f i KPakTool.obj
 0001:0001bb70       ??0KPakTool@@QAE@XZ        1001cb70 f   KPakTool.obj
 0001:0001bb91       ??1KPakTool@@QAE@XZ        1001cb91 f   KPakTool.obj
 0001:0001bbaf       ?Pack@KPakTool@@QAEHPAD0H@Z 1001cbaf f   KPakTool.obj
 0001:0001bf5d       ?UnPack@KPakTool@@QAEHPAD0@Z 1001cf5d f   KPakTool.obj
 0001:0001c300       ?g_SetColorStyle@@YAXEEE@Z 1001d300 f   KPalette.obj
 0001:0001c31f       ?g_Pal24ToPal16@@YAXPAUKPAL24@@PAGH@Z 1001d31f f   KPalette.obj
 0001:0001c3c8       ?g_Pal16ToPal24@@YAXPAGPAUKPAL24@@H@Z 1001d3c8 f   KPalette.obj
 0001:0001c467       ?g_Pal32ToPal16@@YAXPAUKPAL32@@PAGH@Z 1001d467 f   KPalette.obj
 0001:0001c4b9       ?g_Pal24ToPal16Style@@YAXPAUKPAL24@@PAGH@Z 1001d4b9 f   KPalette.obj
 0001:0001c547       ?g_Pal32ToPal16Style@@YAXPAUKPAL32@@PAGH@Z 1001d547 f   KPalette.obj
 0001:0001c5d5       ?g_Pal24ToPal16Gray@@YAXPAUKPAL24@@PAGH@Z 1001d5d5 f   KPalette.obj
 0001:0001c64b       ?g_Pal32ToPal16Gray@@YAXPAUKPAL32@@PAGH@Z 1001d64b f   KPalette.obj
 0001:0001c6c1       ?g_Pal24ToPal16Lum@@YAXPAUKPAL24@@PAGH@Z 1001d6c1 f   KPalette.obj
 0001:0001c788       ?g_Pal32ToPal16Lum@@YAXPAUKPAL32@@PAGH@Z 1001d788 f   KPalette.obj
 0001:0001c843       ?g_Pal24ToPal32@@YAXPAUKPAL24@@PAUKPAL32@@H@Z 1001d843 f   KPalette.obj
 0001:0001c8b7       ?g_Pal32ToPal24@@YAXPAUKPAL32@@PAUKPAL24@@H@Z 1001d8b7 f   KPalette.obj
 0001:0001c920       ??4KPcxFile@@QAEAAV0@ABV0@@Z 1001d920 f i KPcxFile.obj
 0001:0001c940       ?Load@KPcxFile@@QAEHPADPAVKBitmap@@@Z 1001d940 f   KPcxFile.obj
 0001:0001cc40       ?Save@KPcxFile@@QAEHPADPAVKBitmap@@@Z 1001dc40 f   KPcxFile.obj
 0001:0001cc52       ?Decode@KPcxFile@@AAEXPAX0@Z 1001dc52 f   KPcxFile.obj
 0001:0001cd34       ?Encode@KPcxFile@@AAEXPAX0@Z 1001dd34 f   KPcxFile.obj
 0001:0001cd50       ?GetVertexNumber@KPolygon@@QAEHXZ 1001dd50 f i KPolygon.obj
 0001:0001cd60       ?GetPolygonPtr@KPolygon@@QAEPAUTPolygon@@XZ 1001dd60 f i KPolygon.obj
 0001:0001cd70       ??4KPolygon@@QAEAAV0@ABV0@@Z 1001dd70 f i KPolygon.obj
 0001:0001cda0       ??0KPolygon@@QAE@XZ        1001dda0 f   KPolygon.obj
 0001:0001cdca       ?IsPointInPolygon@KPolygon@@QAEHUtagPOINT@@@Z 1001ddca f   KPolygon.obj
 0001:0001ceea       ?IsPointInPolygon@KPolygon@@QAEHHH@Z 1001deea f   KPolygon.obj
 0001:0001d00a       ?GetNearVertex@KPolygon@@QAEHUtagPOINT@@@Z 1001e00a f   KPolygon.obj
 0001:0001d0d0       ?GetIndexVertex@KPolygon@@QAEHHPAUtagPOINT@@@Z 1001e0d0 f   KPolygon.obj
 0001:0001d10f       ?RemoveIndexVertex@KPolygon@@QAEHH@Z 1001e10f f   KPolygon.obj
 0001:0001d173       ?AddPointToVertex@KPolygon@@QAEHUtagPOINT@@@Z 1001e173 f   KPolygon.obj
 0001:0001d31f       ?AddPointToVertex@KPolygon@@QAEHHH@Z 1001e31f f   KPolygon.obj
 0001:0001d4db       ?LoopVertex@KPolygon@@QAEXH@Z 1001e4db f   KPolygon.obj
 0001:0001d573       ?Clear@KPolygon@@QAEXXZ    1001e573 f   KPolygon.obj
 0001:0001d59a       ?GetCenterPos@KPolygon@@QAEXPAUtagPOINT@@@Z 1001e59a f   KPolygon.obj
 0001:0001d626       ?ShiftVertex@KPolygon@@QAEHHH@Z 1001e626 f   KPolygon.obj
 0001:0001d89e       ?GetLeftVertex@KPolygon@@QAEHXZ 1001e89e f   KPolygon.obj
 0001:0001d8fe       ?GetRightVertex@KPolygon@@QAEHXZ 1001e8fe f   KPolygon.obj
 0001:0001d960       ?g_ColliSion@@YAHVKPolygon@@0@Z 1001e960 f   KPolyRelation.obj
 0001:0001d9b8       ?g_SpaceRelation@@YAHVKPolygon@@0@Z 1001e9b8 f   KPolyRelation.obj
 0001:0001db94       ?IntersectionX2Y@@YAHUtagPOINT@@0HPAH@Z 1001eb94 f   KPolyRelation.obj
 0001:0001dbf0       ?g_RandomSeed@@YAXI@Z      1001ebf0 f   KRandom.obj
 0001:0001dbfd       ?g_Random@@YAII@Z          1001ebfd f   KRandom.obj
 0001:0001dc2d       ?g_GetRandomSeed@@YAIXZ    1001ec2d f   KRandom.obj
 0001:0001dc40       ?SignalEvent@KSafeList@@QAEXXZ 1001ec40 f i KSafeList.obj
 0001:0001dc60       ?WaitEvent@KSafeList@@QAEXXZ 1001ec60 f i KSafeList.obj
 0001:0001dc80       ?TimedWaitEvent@KSafeList@@QAEXJ@Z 1001ec80 f i KSafeList.obj
 0001:0001dca0       ?Lock@KSafeList@@QAEXXZ    1001eca0 f i KSafeList.obj
 0001:0001dcc0       ?Unlock@KSafeList@@QAEXXZ  1001ecc0 f i KSafeList.obj
 0001:0001dce0       ??0KSafeList@@QAE@XZ       1001ece0 f i KSafeList.obj
 0001:0001dd40       ??0KSafeList@@QAE@ABV0@@Z  1001ed40 f i KSafeList.obj
 0001:0001dd80       ??4KSafeList@@QAEAAV0@ABV0@@Z 1001ed80 f i KSafeList.obj
 0001:0001ddc0       ??1KSafeList@@QAE@XZ       1001edc0 f i KSafeList.obj
 0001:0001de20       ??4KScanFile@@QAEAAV0@ABV0@@Z 1001ee20 f i KScanDir.obj
 0001:0001de50       ??0KScanFile@@QAE@XZ       1001ee50 f   KScanDir.obj
 0001:0001de6f       ?DiscardFileExt@KScanFile@@QAEXPAD@Z 1001ee6f f   KScanDir.obj
 0001:0001de91       ?RunSearch@KScanFile@@QAEHPAD00@Z 1001ee91 f   KScanDir.obj
 0001:0001df33       ?SearchDirectory@KScanFile@@AAEXXZ 1001ef33 f   KScanDir.obj
 0001:0001e05a       ?CheckFileExt@KScanFile@@AAEHPAD@Z 1001f05a f   KScanDir.obj
 0001:0001e099       ?OutputFileName@KScanFile@@AAEXPAD@Z 1001f099 f   KScanDir.obj
 0001:0001e130       ??0KScript@@QAE@XZ         1001f130 f   KScript.obj
 0001:0001e147       ??1KScript@@UAE@XZ         1001f147 f   KScript.obj
 0001:0001e15b       ?Init@KScript@@UAEHXZ      1001f15b f   KScript.obj
 0001:0001e16b       ?Exit@KScript@@UAEXXZ      1001f16b f   KScript.obj
 0001:0001e176       ?Load@KScript@@UAEHPAD@Z   1001f176 f   KScript.obj
 0001:0001e188       ?Compile@KScript@@UAEHPAD@Z 1001f188 f   KScript.obj
 0001:0001e19a       ?Execute@KScript@@UAEHXZ   1001f19a f   KScript.obj
 0001:0001e1aa       ?CallFunction@KScript@@UAAHPADH0ZZ 1001f1aa f   KScript.obj
 0001:0001e1b4       ?RegisterFunction@KScript@@UAEHPADPAX@Z 1001f1b4 f   KScript.obj
 0001:0001e1d0       ??0KScriptCache@@QAE@ABV0@@Z 1001f1d0 f i KScriptCache.obj
 0001:0001e200       ??4KScriptCache@@QAEAAV0@ABV0@@Z 1001f200 f i KScriptCache.obj
 0001:0001e220       ??0KScriptCache@@QAE@XZ    1001f220 f   KScriptCache.obj
 0001:0001e23f       ??1KScriptCache@@QAE@XZ    1001f23f f   KScriptCache.obj
 0001:0001e290       ?LoadNode@KScriptCache@@UAEHPAVKCacheNode@@@Z 1001f290 f   KScriptCache.obj
 0001:0001e348       ?FreeNode@KScriptCache@@UAEXPAVKCacheNode@@@Z 1001f348 f   KScriptCache.obj
 0001:0001e3b0       ?SeekBegin@KStepLuaScript@@QAEXXZ 1001f3b0 f i KScriptList.obj
 0001:0001e3d0       ?SeekToExeBegin@KStepLuaScript@@QAEXXZ 1001f3d0 f i KScriptList.obj
 0001:0001e3f0       ?RunMain@KStepLuaScript@@QAEXXZ 1001f3f0 f i KScriptList.obj
 0001:0001e410       ?RunFunc@KStepLuaScript@@QAEXXZ 1001f410 f i KScriptList.obj
 0001:0001e430       ?RunIdle@KStepLuaScript@@QAEXXZ 1001f430 f i KScriptList.obj
 0001:0001e450       ?RunResume@KStepLuaScript@@QAEXXZ 1001f450 f i KScriptList.obj
 0001:0001e470       ?RunWaitMsg@KStepLuaScript@@QAEXXZ 1001f470 f i KScriptList.obj
 0001:0001e490       ?IsRunMain@KStepLuaScript@@QAEHXZ 1001f490 f i KScriptList.obj
 0001:0001e4b0       ?IsRunFunc@KStepLuaScript@@QAEHXZ 1001f4b0 f i KScriptList.obj
 0001:0001e4d0       ?IsRunIdle@KStepLuaScript@@QAEHXZ 1001f4d0 f i KScriptList.obj
 0001:0001e4f0       ?IsRunResume@KStepLuaScript@@QAEHXZ 1001f4f0 f i KScriptList.obj
 0001:0001e510       ?IsRunWaitMsg@KStepLuaScript@@QAEHXZ 1001f510 f i KScriptList.obj
 0001:0001e530       ?GetWaitingMsg@KStepLuaScript@@QAEPADXZ 1001f530 f i KScriptList.obj
 0001:0001e550       ?GetStatus@KStepLuaScript@@QAEHXZ 1001f550 f i KScriptList.obj
 0001:0001e570       ??0KStepLuaScript@@QAE@ABV0@@Z 1001f570 f i KScriptList.obj
 0001:0001e670       ??4KStepLuaScript@@QAEAAV0@ABV0@@Z 1001f670 f i KScriptList.obj
 0001:0001e790       ??_GKStepLuaScript@@UAEPAXI@Z 1001f790 f i KScriptList.obj
 0001:0001e7c0       ??_EKStepLuaScript@@UAEPAXI@Z 1001f7c0 f i KScriptList.obj
 0001:0001e840       ??1KScriptNode@@UAE@XZ     1001f840 f i KScriptList.obj
 0001:0001e8c0       ??0KScriptNode@@QAE@XZ     1001f8c0 f i KScriptList.obj
 0001:0001e8e0       ??0KScriptNode@@QAE@ABV0@@Z 1001f8e0 f i KScriptList.obj
 0001:0001e920       ??4KScriptNode@@QAEAAV0@ABV0@@Z 1001f920 f i KScriptList.obj
 0001:0001e960       ??_GKScriptNode@@UAEPAXI@Z 1001f960 f i KScriptList.obj
 0001:0001e990       ??_EKScriptNode@@UAEPAXI@Z 1001f990 f i KScriptList.obj
 0001:0001ea00       ??0KScriptList@@QAE@XZ     1001fa00 f i KScriptList.obj
 0001:0001ea20       ??0KScriptList@@QAE@ABV0@@Z 1001fa20 f i KScriptList.obj
 0001:0001ea40       ??4KScriptList@@QAEAAV0@ABV0@@Z 1001fa40 f i KScriptList.obj
 0001:0001ea60       ??1KScriptList@@QAE@XZ     1001fa60 f i KScriptList.obj
 0001:0001ea80       ?GetScript@KScriptList@@QAEPAVKLuaScript@@PAUlua_State@@@Z 1001fa80 f   KScriptList.obj
 0001:0001eae1       ?Activate@KScriptList@@QAEXXZ 1001fae1 f   KScriptList.obj
 0001:0001ebb3       ?SendMessageA@KScriptList@@QAEXPAD0@Z 1001fbb3 f   KScriptList.obj
 0001:0001ec10       ?IsEmpty@KList@@QAEHXZ     1001fc10 f i KScriptList.obj
 0001:0001ec30       ??0KScriptSet@@QAE@XZ      1001fc30 f   KScriptSet.obj
 0001:0001ec6f       ??0KScriptSet@@QAE@H@Z     1001fc6f f   KScriptSet.obj
 0001:0001ecd9       ??1KScriptSet@@QAE@XZ      1001fcd9 f   KScriptSet.obj
 0001:0001ed29       ?GetScript@KScriptSet@@QAEPAVKScript@@PADHH@Z 1001fd29 f   KScriptSet.obj
 0001:0001ef00       ?GetScript@KScriptSet@@QAEPAVKScript@@KHH@Z 1001ff00 f   KScriptSet.obj
 0001:0001f0d4       ?UpdateRecent@KScriptSet@@QAEXHPAUTScript@@@Z 100200d4 f   KScriptSet.obj
 0001:0001f205       ?SearchScript@KScriptSet@@QAEPAUTScript@@PADPAH@Z 10020205 f   KScriptSet.obj
 0001:0001f245       ?SearchScript@KScriptSet@@QAEPAUTScript@@KPAH@Z 10020245 f   KScriptSet.obj
 0001:0001f285       ?CreateScript@KScriptSet@@UAEPAVKScript@@PADH@Z 10020285 f   KScriptSet.obj
 0001:0001f294       ?CreateScript@KScriptSet@@UAEPAVKScript@@KH@Z 10020294 f   KScriptSet.obj
 0001:0001f2a3       ?DeleteScript@KScriptSet@@QAEHPAD@Z 100202a3 f   KScriptSet.obj
 0001:0001f400       ?DeleteScript@KScriptSet@@QAEHK@Z 10020400 f   KScriptSet.obj
 0001:0001f55d       ?DeleteScript@KScriptSet@@QAEHPAUTScript@@@Z 1002055d f   KScriptSet.obj
 0001:0001f598       ?InsertScript@KScriptSet@@QAEPAUTScript@@PAD@Z 10020598 f   KScriptSet.obj
 0001:0001f608       ?InsertScript@KScriptSet@@QAEPAUTScript@@K@Z 10020608 f   KScriptSet.obj
 0001:0001f678       ?GetInitStackSize@KScriptSet@@UAEHPAD@Z 10020678 f   KScriptSet.obj
 0001:0001f687       ?GetInitStackSize@KScriptSet@@UAEHK@Z 10020687 f   KScriptSet.obj
 0001:0001f696       ?ListScriptsKey@KScriptSet@@QAEKXZ 10020696 f   KScriptSet.obj
 0001:0001f6b0       ?ListRecent@KScriptSet@@QAEKH@Z 100206b0 f   KScriptSet.obj
 0001:0001f71a       ?Run@KScriptSet@@UAEHPAD@Z 1002071a f   KScriptSet.obj
 0001:0001f72c       ?Run@KScriptSet@@UAEHK@Z   1002072c f   KScriptSet.obj
 0001:0001f73e       ?RunFunction@KScriptSet@@UAAHPAD00ZZ 1002073e f   KScriptSet.obj
 0001:0001f748       ?RunFunction@KScriptSet@@UAAHKPAD0ZZ 10020748 f   KScriptSet.obj
 0001:0001f752       ?BTSearch@@YAPAUTScript@@PAU1@0PADPAH@Z 10020752 f   KScriptSet.obj
 0001:0001f7d9       ?BTSearch@@YAPAUTScript@@PAU1@0KPAH@Z 100207d9 f   KScriptSet.obj
 0001:0001f854       ?BTInsert@@YAPAUTScript@@PAU1@PAD@Z 10020854 f   KScriptSet.obj
 0001:0001f8fc       ?BTInsert@@YAPAUTScript@@PAU1@K@Z 100208fc f   KScriptSet.obj
 0001:0001f994       ?BTDelete@@YAPAUTScript@@PAU1@PAPAU1@H@Z 10020994 f   KScriptSet.obj
 0001:0001fd2e       ?BTFindLess@@YAPAUTScript@@PAU1@@Z 10020d2e f   KScriptSet.obj
 0001:0001fd5a       ?BTPreorder@@YAKPAUTScript@@@Z 10020d5a f   KScriptSet.obj
 0001:0001fda0       ?KSG_StringToMD5String@@YAHQADQBD@Z 10020da0 f   KSG_MD5_String.obj
 0001:0001fee0       ?KSG_StringGetInt@@YAHPAPBDH@Z 10020ee0 f   KSG_StringProcess.obj
 0001:00020036       ?KSG_StringSkipSymbol@@YA_NPAPBDH@Z 10021036 f   KSG_StringProcess.obj
 0001:000200bb       ?KSG_GetCurSec@@YAHXZ      100210bb f   KSG_StringProcess.obj
 0001:000200d8       ?KSG_StringSetValue@@YAHHHHH@Z 100210d8 f   KSG_StringProcess.obj
 0001:00020274       ?KSG_StringGetValue@@YAHHHH@Z 10021274 f   KSG_StringProcess.obj
 0001:00020390       ??0TBinTreeNode@@AAE@XZ    10021390 f i KSortBinTree.obj
[...]
 0002:00003428       _GUID_UserModeDriverInfo   10051428     dxguid:dxguid.obj
 0002:00003438       _GUID_OptSurfaceUmodeInfo  10051438     dxguid:dxguid.obj
 0002:00003448       _GUID_OptSurfaceKmodeInfo  10051448     dxguid:dxguid.obj
 0002:00003458       _GUID_DDStereoMode         10051458     dxguid:dxguid.obj
 0002:00003468       _GUID_DDMoreSurfaceCaps    10051468     dxguid:dxguid.obj
 0002:00003478       _GUID_ZPixelFormats        10051478     dxguid:dxguid.obj
 0002:00003488       _GUID_D3DExtendedCaps      10051488     dxguid:dxguid.obj
 0002:00003498       _GUID_KernelCaps           10051498     dxguid:dxguid.obj
 0002:000034a8       _GUID_KernelCallbacks      100514a8     dxguid:dxguid.obj
 0002:000034b8       _GUID_NonLocalVidMemCaps   100514b8     dxguid:dxguid.obj
 0002:000034c8       _GUID_D3DCallbacks3        100514c8     dxguid:dxguid.obj
 0002:000034d8       _GUID_D3DCallbacks2        100514d8     dxguid:dxguid.obj
 0002:000034e8       _GUID_VideoPortCaps        100514e8     dxguid:dxguid.obj
 0002:000034f8       _GUID_ColorControlCallbacks 100514f8     dxguid:dxguid.obj
 0002:00003508       _GUID_VideoPortCallbacks   10051508     dxguid:dxguid.obj
 0002:00003518       _GUID_MiscellaneousCallbacks 10051518     dxguid:dxguid.obj
 0002:00003528       _IID_IDirectDrawGammaControl 10051528     dxguid:dxguid.obj
 0002:00003538       _IID_IDirectDrawColorControl 10051538     dxguid:dxguid.obj
 0002:00003548       _IID_IDirectDrawClipper    10051548     dxguid:dxguid.obj
 0002:00003558       _IID_IDirectDrawPalette    10051558     dxguid:dxguid.obj
 0002:00003568       _IID_IDirectDrawPalette2   10051568     dxguid:dxguid.obj
 0002:00003578       _IID_IDirectDrawOptSurface 10051578     dxguid:dxguid.obj
 0002:00003588       _GUID_DirectDrawPaletteStream 10051588     dxguid:dxguid.obj
 0002:00003598       _GUID_DirectDrawSurfaceStream 10051598     dxguid:dxguid.obj
 0002:000035a8       _IID_IDirectDrawFactory2   100515a8     dxguid:dxguid.obj
 0002:000035b8       _CLSID_DirectDrawFactory2  100515b8     dxguid:dxguid.obj
 0002:000035c8       _IID_IDirectDrawSurfaceNew 100515c8     dxguid:dxguid.obj
 0002:000035d8       _IID_IDirectDrawSurface7   100515d8     dxguid:dxguid.obj
 0002:000035e8       _IID_IDirectDrawSurface4   100515e8     dxguid:dxguid.obj
 0002:000035f8       _IID_IDirectDrawSurface3   100515f8     dxguid:dxguid.obj
 0002:00003608       _IID_IDirectDrawSurface2   10051608     dxguid:dxguid.obj
 0002:00003618       _IID_IDirectDrawSurface    10051618     dxguid:dxguid.obj
 0002:00003628       _IID_IDirectDraw7          10051628     dxguid:dxguid.obj
 0002:00003638       _IID_IDirectDraw4          10051638     dxguid:dxguid.obj
 0002:00003648       _IID_IDirectDraw2          10051648     dxguid:dxguid.obj
 0002:00003658       _IID_IDirectDraw           10051658     dxguid:dxguid.obj
 0002:00003668       _CLSID_DirectDrawClipper   10051668     dxguid:dxguid.obj
 0002:00003678       _CLSID_DirectDraw7         10051678     dxguid:dxguid.obj
 0002:00003688       _CLSID_DirectDraw          10051688     dxguid:dxguid.obj
 0002:00003884       _c_dfDIMouse               10051884     dinput8:dilib1.obj
 0002:00003a8c       _c_dfDIKeyboard            10051a8c     dinput8:dilib2.obj
 0002:00003aa8       __real@8@3fffe2d0e56041893800 10051aa8     JpgLib:KJpegColor.obj
 0002:00003ab0       __real@8@3ffeb6d1e108c3f3e000 10051ab0     JpgLib:KJpegColor.obj
 0002:00003ab8       __real@8@3ffdb0331e3a7daa5000 10051ab8     JpgLib:KJpegColor.obj
 0002:00003ac0       __real@8@3fff8000000000000000 10051ac0     JpgLib:KJpegColor.obj
 0002:00003ac8       __real@8@3fffb374bc6a7ef9d800 10051ac8     JpgLib:KJpegColor.obj
 0002:00004028       __real@8@3ffe8000000000000000 10052028     mp3lib:KMp3Sbt.obj
 0002:00004030       __real@8@40018000000000000000 10052030     mp3lib:KMp3Sbt.obj
 0002:00004038       __real@8@3ffdaaaaab0000000000 10052038     mp3lib:KMp3Quant.obj
 0002:00004200       __real@8@c0008000000000000000 10052200     mp3lib:KMp3Init.obj
 0002:00004208       __real@8@3ffdaaaaaaaaaaaaa800 10052208     mp3lib:KMp3Init.obj
 0002:00004210       __real@8@bffe8000000000000000 10052210     mp3lib:KMp3Init.obj
 0002:00004218       __real@8@3ffd8000000000000000 10052218     mp3lib:KMp3Init.obj
 0002:00004220       __real@8@40008000000000000000 10052220     mp3lib:KMp3Init.obj
 0002:00004228       __real@8@4001c000000000000000 10052228     mp3lib:KMp3Init.obj
 0002:00004230       __real@8@3ffbaaaaaaaaaaaaa800 10052230     mp3lib:KMp3Init.obj
 0002:00004238       __real@8@40039000000000000000 10052238     mp3lib:KMp3Init.obj
 0002:00004240       __real@8@3ff9e38e38e38e38e000 10052240     mp3lib:KMp3Init.obj
 0002:00004248       __real@4@3ffe8000000000000000 10052248     mp3lib:KMp3Init.obj
 0002:00004250       __real@8@3ffaaaaaaaaaaaaaa800 10052250     mp3lib:KMp3Init.obj
 0002:00004258       __real@8@3ff8e38e38e38e38e000 10052258     mp3lib:KMp3Init.obj
 0002:00004260       __real@8@bffd8000000000000000 10052260     mp3lib:KMp3Init.obj
 0002:00005c68       __IMPORT_DESCRIPTOR_KERNEL32 10053c68     kernel32:KERNEL32.dll
 0002:00005c7c       __IMPORT_DESCRIPTOR_USER32 10053c7c     user32:USER32.dll
 0002:00005c90       __IMPORT_DESCRIPTOR_GDI32  10053c90     gdi32:GDI32.dll
 0002:00005ca4       __IMPORT_DESCRIPTOR_comdlg32 10053ca4     comdlg32:comdlg32.dll
 0002:00005cb8       __IMPORT_DESCRIPTOR_DDRAW  10053cb8     ddraw:DDRAW.dll
 0002:00005ccc       __IMPORT_DESCRIPTOR_DSOUND 10053ccc     dsound:DSOUND.dll
 0002:00005ce0       __IMPORT_DESCRIPTOR_WINMM  10053ce0     winmm:WINMM.dll
 0002:00005cf4       __IMPORT_DESCRIPTOR_DINPUT8 10053cf4     dinput8:DINPUT8.dll
 0002:00005d08       __IMPORT_DESCRIPTOR_LuaLibDll 10053d08     LuaLibDll:LuaLibDll.dll
 0002:00005d1c       __IMPORT_DESCRIPTOR_MSVCRT 10053d1c     MSVCRT:MSVCRT.dll
 0002:00005d30       __IMPORT_DESCRIPTOR_IMM32  10053d30     imm32:IMM32.dll
 0002:00005d44       __NULL_IMPORT_DESCRIPTOR   10053d44     kernel32:KERNEL32.dll
 0003:00000000       ___xc_a                    10062000     MSVCRT:cinitexe.obj
 0003:00000014       ___xc_z                    10062014     MSVCRT:cinitexe.obj
 0003:00000018       ___xi_a                    10062018     MSVCRT:cinitexe.obj
 0003:0000001c       ___xi_z                    1006201c     MSVCRT:cinitexe.obj
 0003:00000098       ?g_RGB@@3P6AGHHH@ZA        10062098     KColors.obj
 0003:00001e94       ?s_NotAllowAtLineHeadA1Characters@@3PAEA 10063e94     Text.obj
 0003:00001ea0       ?s_NotAllowAtLineHeadA3Characters@@3PAEA 10063ea0     Text.obj
 0003:00001eac       ?s_NotAllowAtLineHead00Characters@@3PAEA 10063eac     Text.obj
 0003:00001eb4       _ucl_alloc_hook            10063eb4     alloc.obj
 0003:00001eb8       _ucl_free_hook             10063eb8     alloc.obj
 0003:00001f00       _jpeg_zigzag               10063f00     JpgLib:KJpegDecode.obj
 0003:00002230       _band_limit_nsb            10064230     mp3lib:KMp3Decode.obj
 0003:000067b8       _wincoef                   100687b8     mp3lib:KMp3Win.obj
 0003:000081f0       ?g_pCanvas@@3PAVKCanvas@@A 1006a1f0     KCanvas.obj
 0003:000081f8       ?g_pDirectDraw@@3PAVKDirectDraw@@A 1006a1f8     KDDraw.obj
 0003:00008200       ?g_pDirectInput@@3PAVKDirectInput@@A 1006a200     KDInput.obj
 0003:00008210       ?g_pDirectSound@@3PAVKDirectSound@@A 1006a210     KDSound.obj
 0003:00008224       ?g_pIme@@3PAVKIme@@A       1006a224     Kime.obj
 0003:00008234       ?g_pKeyboard@@3PAVKKeyboard@@A 1006a234     KKeyboard.obj
 0003:00008260       ?g_MemManager@@3VKMemManager@@A 1006a260     KMemManager.obj
 0003:000082cc       ?g_pMouse@@3PAVKMouse@@A   1006a2cc     KMouse.obj
 0003:000082ec       ?g_pPakList@@3PAVKPakList@@A 1006a2ec     KPakList.obj
 0003:00008670       ?sout@@3PAU_iobuf@@A       1006a670     KWin32App.obj
 0003:00008674       ?serr@@3PAU_iobuf@@A       1006a674     KWin32App.obj
 0003:00008688       ?g_pZipList@@3PAVKZipList@@A 1006a688     KZipList.obj
 0003:00008698       ?ms_ElemFileCache@XPackFile@@0PAUXPackElemFileCache@1@A 1006a698     XPackFile.obj
 0003:00008788       ?ms_nNumElemFileCache@XPackFile@@0HA 1006a788     XPackFile.obj
 0003:000087a4       ?g_pIInlinePicSink@@3PAUIInlinePicEngineSink@@A 1006a7a4     Text.obj
 0003:000087b8       ___ucl_init_done           1006a7b8     ucl_init.obj
 0003:000087bc       _jpeg_stream               1006a7bc     JpgLib:KJpegLib.obj
 0003:000087c0       _jpeg_IDCT                 1006a7c0     JpgLib:KJpegLib.obj
 0003:000087c4       _jpeg_Y2RGB                1006a7c4     JpgLib:KJpegLib.obj
 0003:000087c8       _jpeg_YCbCr411             1006a7c8     JpgLib:KJpegLib.obj
 0003:000087cc       _jpeg_YCbCr111             1006a7cc     JpgLib:KJpegLib.obj
 0003:00010a80       _jpeg_qtable               10072a80     <common>
 0003:00010aa0       _jpeg_ybuf                 10072aa0     <common>
 0003:00010ca0       _jpeg_crbuf                10072ca0     <common>
 0003:00010d20       _jpeg_htable               10072d20     <common>
 0003:00010d60       _jpeg_cbbuf                10072d60     <common>
 0003:00010de0       _jpeg_head                 10072de0     <common>
 0003:00010df8       _jpeg_DC                   10072df8     <common>
 0003:00010dfe       _jpeg_bit                  10072dfe     <common>
 0003:00010e00       _mdct6_3v                  10072e00     <common>
 0003:00010e20       _mdct6_3v2                 10072e20     <common>
 0003:00010e40       _mdct18w                   10072e40     <common>
 0003:00010ea0       _mdct18w2                  10072ea0     <common>
 0003:00010ee0       _coef                      10072ee0     <common>
 0003:00010f70       _coef87                    10072f70     <common>
 0003:00010f80       _coef32                    10072f80     <common>
 0003:00011000       _csa                       10073000     <common>
 0003:00011040       _win                       10073040     <common>
 0003:00011280       _sfBandIndex               10073280     <common>
 0003:00011340       _bitdat                    10073340     <common>
 0003:00011360       _nBand                     10073360     <common>
 0003:00011410       __adjust_fdiv              10073410     <common>
 0003:00011414       __pRawDllMain              10073414     <common>
 0003:00011418       ___onexitend               10073418     <common>
 0003:0001141c       ___onexitbegin             1007341c     <common>

 entry point at        0001:0004b11f

 Static symbols

 0001:0003d74e       _basic_integral_check      1003e74e f   ucl_init.obj
 0001:0003d859       _basic_ptr_check           1003e859 f   ucl_init.obj
 0001:0003d8ef       _ptr_check                 1003e8ef f   ucl_init.obj
 0001:0003dbee       _schedule_insns_bug        1003ebee f   ucl_init.obj
 0001:0003dc1e       _strength_reduce_bug       1003ec1e f   ucl_init.obj
 0001:00038d7f       _swd_exit                  10039d7f f   n2e_99.obj
 0001:00038e1a       _init_match                10039e1a f   n2e_99.obj
 0001:00038edc       _swd_init                  10039edc f   n2e_99.obj
 0001:0003921c       _swd_initdict              1003a21c f   n2e_99.obj
 0001:000392ad       _swd_insertdict            1003a2ad f   n2e_99.obj
 0001:000393b2       _find_match                1003a3b2 f   n2e_99.obj
 0001:000394d1       _swd_getbyte               1003a4d1 f   n2e_99.obj
 0001:000395ea       _swd_accept                1003a5ea f   n2e_99.obj
 0001:0003970a       _swd_remove_node           1003a70a f   n2e_99.obj
 0001:000397c8       _swd_findbest              1003a7c8 f   n2e_99.obj
 0001:000399db       _swd_search                1003a9db f   n2e_99.obj
 0001:00039b6b       _swd_search2               1003ab6b f   n2e_99.obj
 0001:00039bbc       _bbConfig                  1003abbc f   n2e_99.obj
 0001:00039c3d       _bbPutBit                  1003ac3d f   n2e_99.obj
 0001:00039cd7       _bbWriteBits               1003acd7 f   n2e_99.obj
 0001:00039d31       _bbPutByte                 1003ad31 f   n2e_99.obj
 0001:00039d50       _bbFlushBits               1003ad50 f   n2e_99.obj
 0001:00039d9e       _code_prefix_ss12          1003ad9e f   n2e_99.obj
 0001:00039e44       _code_match                1003ae44 f   n2e_99.obj
 0001:00039fed       _code_prefix_ss11          1003afed f   n2e_99.obj
 0001:0003a079       _code_run                  1003b079 f   n2e_99.obj
 0001:0003a0f8       _len_of_coded_match        1003b0f8 f   n2e_99.obj
 0001:000348bf       _swd_exit                  100358bf f   n2d_99.obj
 0001:0003495a       _init_match                1003595a f   n2d_99.obj
 0001:00034a1c       _swd_init                  10035a1c f   n2d_99.obj
 0001:00034d5c       _swd_initdict              10035d5c f   n2d_99.obj
 0001:00034ded       _swd_insertdict            10035ded f   n2d_99.obj
 0001:00034ef2       _find_match                10035ef2 f   n2d_99.obj
 0001:00035011       _swd_getbyte               10036011 f   n2d_99.obj
 0001:0003512a       _swd_accept                1003612a f   n2d_99.obj
 0001:0003524a       _swd_remove_node           1003624a f   n2d_99.obj
 0001:00035308       _swd_findbest              10036308 f   n2d_99.obj
 0001:0003551b       _swd_search                1003651b f   n2d_99.obj
 0001:000356ab       _swd_search2               100366ab f   n2d_99.obj
 0001:000356fc       _bbConfig                  100366fc f   n2d_99.obj
 0001:0003577d       _bbPutBit                  1003677d f   n2d_99.obj
 0001:00035817       _bbWriteBits               10036817 f   n2d_99.obj
 0001:00035871       _bbPutByte                 10036871 f   n2d_99.obj
 0001:00035890       _bbFlushBits               10036890 f   n2d_99.obj
 0001:000358de       _code_prefix_ss12          100368de f   n2d_99.obj
 0001:00035984       _code_match                10036984 f   n2d_99.obj
 0001:00035b13       _code_prefix_ss11          10036b13 f   n2d_99.obj
 0001:00035b9f       _code_run                  10036b9f f   n2d_99.obj
 0001:00035c1e       _len_of_coded_match        10036c1e f   n2d_99.obj
 0001:0003087f       _swd_exit                  1003187f f   n2b_99.obj
 0001:0003091a       _init_match                1003191a f   n2b_99.obj
 0001:000309dc       _swd_init                  100319dc f   n2b_99.obj
 0001:00030d1c       _swd_initdict              10031d1c f   n2b_99.obj
 0001:00030dad       _swd_insertdict            10031dad f   n2b_99.obj
 0001:00030eb2       _find_match                10031eb2 f   n2b_99.obj
 0001:00030fd1       _swd_getbyte               10031fd1 f   n2b_99.obj
 0001:000310ea       _swd_accept                100320ea f   n2b_99.obj
 0001:0003120a       _swd_remove_node           1003220a f   n2b_99.obj
 0001:000312c8       _swd_findbest              100322c8 f   n2b_99.obj
 0001:000314db       _swd_search                100324db f   n2b_99.obj
 0001:0003166b       _swd_search2               1003266b f   n2b_99.obj
 0001:000316bc       _bbConfig                  100326bc f   n2b_99.obj
 0001:0003173d       _bbPutBit                  1003273d f   n2b_99.obj
 0001:000317d7       _bbWriteBits               100327d7 f   n2b_99.obj
 0001:00031831       _bbPutByte                 10032831 f   n2b_99.obj
 0001:00031850       _bbFlushBits               10032850 f   n2b_99.obj
 0001:0003189e       _code_prefix_ss11          1003289e f   n2b_99.obj
 0001:0003192a       _code_match                1003292a f   n2b_99.obj
 0001:00031aa6       _code_run                  10032aa6 f   n2b_99.obj
 0001:00031b25       _len_of_coded_match        10032b25 f   n2b_99.obj
 0001:00030100       _ucl_alloc_internal        10031100 f   alloc.obj
 0001:00030154       _ucl_free_internal         10031154 f   alloc.obj
 0001:0002e69c       ?TEncodeCtrl@@YA_NPADHAAH1@Z 1002f69c f   Text.obj
 0001:0002e877       ?TEncodeCtrl@@YAHHPADH0@Z  1002f877 f   Text.obj
 0001:0002bc12       ?md5_process@@YAXPAUmd5_state_s@@PBE@Z 1002cc12 f   md5.obj
 0001:00029067       ?WndProc@@YGJPAUHWND__@@IIJ@Z 1002a067 f   KWin32App.obj
 0001:00027f9a       ?ImaInitTable@@YAXXZ       10028f9a f   KWavCodec.obj
 0001:0002803e       ?ImaDecodeBlock@@YAXPAEPAFH@Z 1002903e f   KWavCodec.obj
 0001:00028080       ?ImaDecodeSample@@YAXHHPAEPAFHH@Z 10029080 f   KWavCodec.obj
 0001:0001915d       ?LoadMpgLib@@YAHXZ         1001a15d f   KMpgMusic.obj
 0001:00019247       ?FreeMpgLib@@YAXXZ         1001a247 f   KMpgMusic.obj
 0001:00018a32       ?LoadMp4Lib@@YAHXZ         10019a32 f   KMp4Video.obj
 0001:00018ada       ?FreeMp4Lib@@YAXXZ         10019ada f   KMp4Video.obj
 0001:00016c10       _$E6                       10017c10 f   KMessage.obj
 0001:00016c1f       _$E3                       10017c1f f   KMessage.obj
 0001:00016c2e       _$E5                       10017c2e f   KMessage.obj
 0001:00016c40       _$E4                       10017c40 f   KMessage.obj
 0001:00016540       _$E6                       10017540 f   KMemManager.obj
 0001:0001654f       _$E3                       1001754f f   KMemManager.obj
 0001:0001655e       _$E5                       1001755e f   KMemManager.obj
 0001:00016570       _$E4                       10017570 f   KMemManager.obj
 0001:00016070       _$E4                       10017070 f   KMemBase.obj
 0001:0001607f       _$E1                       1001707f f   KMemBase.obj
 0001:0001608e       _$E3                       1001708e f   KMemBase.obj
 0001:000160a0       _$E2                       100170a0 f   KMemBase.obj
 0001:0000bf89       ?LoadEicLib@@YAHXZ         1000cf89 f   KEicScript.obj
 0001:0000c073       ?FreeEicLib@@YAXXZ         1000d073 f   KEicScript.obj
 0001:0000a44b       _$E4                       1000b44b f   KDrawSprite.obj
 0001:0000a45a       _$E1                       1000b45a f   KDrawSprite.obj
 0001:0000a469       _$E3                       1000b469 f   KDrawSprite.obj
 0001:0000a47b       _$E2                       1000b47b f   KDrawSprite.obj
 0001:00001444       ?str2ulong@@YAKPAD@Z       10002444 f   KAviFile.obj
 0001:0003fbb0       _Y2RGB                     10040bb0 f   JpgLib:KJpegColor.obj
 0001:0003fc00       _YCbCr411_565              10040c00 f   JpgLib:KJpegColor.obj
 0001:0003feb0       _YCbCr411_555              10040eb0 f   JpgLib:KJpegColor.obj
 0001:00040150       _RGB16_555                 10041150 f   JpgLib:KJpegColor.obj
 0001:000401e0       _RGB16_565                 100411e0 f   JpgLib:KJpegColor.obj
 0001:00040270       _YCbCr411_nommx            10041270 f   JpgLib:KJpegColor.obj
 0001:00040420       _YCbCr111                  10041420 f   JpgLib:KJpegColor.obj
 0001:00045ac0       _forward_bf                10046ac0 f   mp3lib:KMp3Fdct.obj
 0001:00045b80       _back_bf                   10046b80 f   mp3lib:KMp3Fdct.obj
 0001:00044550       _bitget_lb                 10045550 f   mp3lib:KMp3Huf.obj
 0001:000445c0       _bitget2                   100455c0 f   mp3lib:KMp3Huf.obj
 0001:00042df0       _gencoef                   10043df0 f   mp3lib:KMp3Sbt.obj
 0001:00041710       _Xform_mono                10042710 f   mp3lib:KMp3Decode.obj
 0001:000417c0       _Xform_dual_right          100427c0 f   mp3lib:KMp3Decode.obj
 0001:00041870       _Xform_dual                10042870 f   mp3lib:KMp3Decode.obj
 0001:00041990       _Xform_dual_mono           10042990 f   mp3lib:KMp3Decode.obj
 0001:00041b50       _L3audio_decode_MPEG1      10042b50 f   mp3lib:KMp3Decode.obj
 0001:00041cd0       _bitget_init               10042cd0 f   mp3lib:KMp3Decode.obj
 0001:00041cf0       _unpack_side_MPEG1         10042cf0 f   mp3lib:KMp3Decode.obj
 0001:00041fc0       _unpack_main               10042fc0 f   mp3lib:KMp3Decode.obj
 0001:00042510       _bitget_init_end           10043510 f   mp3lib:KMp3Decode.obj
 0001:00042520       _bitget_bits_used          10043520 f   mp3lib:KMp3Decode.obj
 0001:00042910       _L3audio_decode_MPEG2      10043910 f   mp3lib:KMp3Decode.obj
 0001:00042aa0       _unpack_side_MPEG2         10043aa0 f   mp3lib:KMp3Decode.obj
 0001:0004ada0       ?ArrayUnwindFilter@@YAHPAU_EXCEPTION_POINTERS@@@Z 1004bda0 f   MSVCRT:ehvecdtr.obj
